[3.378s] Invoking command in '/home/orangepi/scuderiaferrari/src/track_perception': PYTHONPATH=/home/orangepi/scuderiaferrari/build/track_perception/prefix_override:/usr/lib/python3/dist-packages/colcon_core/task/python/colcon_distutils_commands:/home/orangepi/scuderiaferrari/install/track_perception/lib/python3.10/site-packages:${PYTHONPATH} /usr/bin/python3 -W ignore:setup.py install is deprecated -W ignore:easy_install command is deprecated setup.py egg_info --egg-base ../../build/track_perception build --build-base /home/orangepi/scuderiaferrari/build/track_perception/build install --record /home/orangepi/scuderiaferrari/build/track_perception/install.log --single-version-externally-managed install_data
[3.815s] running egg_info
[3.820s] writing ../../build/track_perception/track_perception.egg-info/PKG-INFO
[3.881s] writing dependency_links to ../../build/track_perception/track_perception.egg-info/dependency_links.txt
[3.939s] writing entry points to ../../build/track_perception/track_perception.egg-info/entry_points.txt
[3.962s] writing requirements to ../../build/track_perception/track_perception.egg-info/requires.txt
[3.972s] writing top-level names to ../../build/track_perception/track_perception.egg-info/top_level.txt
[3.982s] reading manifest file '../../build/track_perception/track_perception.egg-info/SOURCES.txt'
[3.983s] writing manifest file '../../build/track_perception/track_perception.egg-info/SOURCES.txt'
[3.992s] running build
[3.993s] running build_py
[3.994s] running install
[3.994s] running install_lib
[4.004s] running install_data
[4.005s] running install_egg_info
[4.005s] removing '/home/orangepi/scuderiaferrari/install/track_perception/lib/python3.10/site-packages/track_perception-2.0.0-py3.10.egg-info' (and everything under it)
[4.091s] Copying ../../build/track_perception/track_perception.egg-info to /home/orangepi/scuderiaferrari/install/track_perception/lib/python3.10/site-packages/track_perception-2.0.0-py3.10.egg-info
[4.092s] running install_scripts
[4.136s] Installing object_detection_node script to /home/orangepi/scuderiaferrari/install/track_perception/bin
[4.139s] Installing perception_decision_node script to /home/orangepi/scuderiaferrari/install/track_perception/bin
[4.148s] writing list of installed files to '/home/orangepi/scuderiaferrari/build/track_perception/install.log'
[4.361s] Invoked command in '/home/orangepi/scuderiaferrari/src/track_perception' returned '0': PYTHONPATH=/home/orangepi/scuderiaferrari/build/track_perception/prefix_override:/usr/lib/python3/dist-packages/colcon_core/task/python/colcon_distutils_commands:/home/orangepi/scuderiaferrari/install/track_perception/lib/python3.10/site-packages:${PYTHONPATH} /usr/bin/python3 -W ignore:setup.py install is deprecated -W ignore:easy_install command is deprecated setup.py egg_info --egg-base ../../build/track_perception build --build-base /home/orangepi/scuderiaferrari/build/track_perception/build install --record /home/orangepi/scuderiaferrari/build/track_perception/install.log --single-version-externally-managed install_data
