[4.405s] Invoking command in '/home/orangepi/scuderiaferrari/src/chassis_controller': PYTHONPATH=/home/orangepi/scuderiaferrari/build/chassis_controller/prefix_override:/usr/lib/python3/dist-packages/colcon_core/task/python/colcon_distutils_commands:/home/orangepi/scuderiaferrari/install/chassis_controller/lib/python3.10/site-packages:${PYTHONPATH} /usr/bin/python3 -W ignore:setup.py install is deprecated -W ignore:easy_install command is deprecated setup.py egg_info --egg-base ../../build/chassis_controller build --build-base /home/orangepi/scuderiaferrari/build/chassis_controller/build install --record /home/orangepi/scuderiaferrari/build/chassis_controller/install.log --single-version-externally-managed install_data
[5.013s] running egg_info
[5.015s] writing ../../build/chassis_controller/chassis_controller.egg-info/PKG-INFO
[5.021s] writing dependency_links to ../../build/chassis_controller/chassis_controller.egg-info/dependency_links.txt
[5.027s] writing entry points to ../../build/chassis_controller/chassis_controller.egg-info/entry_points.txt
[5.037s] writing requirements to ../../build/chassis_controller/chassis_controller.egg-info/requires.txt
[5.042s] writing top-level names to ../../build/chassis_controller/chassis_controller.egg-info/top_level.txt
[5.049s] reading manifest file '../../build/chassis_controller/chassis_controller.egg-info/SOURCES.txt'
[5.051s] writing manifest file '../../build/chassis_controller/chassis_controller.egg-info/SOURCES.txt'
[5.055s] running build
[5.055s] running build_py
[5.055s] running install
[5.056s] running install_lib
[5.059s] running install_data
[5.062s] running install_egg_info
[5.067s] removing '/home/orangepi/scuderiaferrari/install/chassis_controller/lib/python3.10/site-packages/chassis_controller-0.0.0-py3.10.egg-info' (and everything under it)
[5.518s] Copying ../../build/chassis_controller/chassis_controller.egg-info to /home/orangepi/scuderiaferrari/install/chassis_controller/lib/python3.10/site-packages/chassis_controller-0.0.0-py3.10.egg-info
[5.524s] running install_scripts
[5.560s] Installing chassis_controller_node script to /home/orangepi/scuderiaferrari/install/chassis_controller/lib/chassis_controller
[5.575s] writing list of installed files to '/home/orangepi/scuderiaferrari/build/chassis_controller/install.log'
[5.707s] Invoked command in '/home/orangepi/scuderiaferrari/src/chassis_controller' returned '0': PYTHONPATH=/home/orangepi/scuderiaferrari/build/chassis_controller/prefix_override:/usr/lib/python3/dist-packages/colcon_core/task/python/colcon_distutils_commands:/home/orangepi/scuderiaferrari/install/chassis_controller/lib/python3.10/site-packages:${PYTHONPATH} /usr/bin/python3 -W ignore:setup.py install is deprecated -W ignore:easy_install command is deprecated setup.py egg_info --egg-base ../../build/chassis_controller build --build-base /home/orangepi/scuderiaferrari/build/chassis_controller/build install --record /home/orangepi/scuderiaferrari/build/chassis_controller/install.log --single-version-externally-managed install_data
