[7.841s] Invoking command in '/home/orangepi/scuderiaferrari/src/track_perception': PYTHONPATH=/home/orangepi/scuderiaferrari/build/track_perception/prefix_override:/usr/lib/python3/dist-packages/colcon_core/task/python/colcon_distutils_commands:/home/orangepi/scuderiaferrari/install/track_perception/lib/python3.10/site-packages:${PYTHONPATH} /usr/bin/python3 -W ignore:setup.py install is deprecated -W ignore:easy_install command is deprecated setup.py egg_info --egg-base ../../build/track_perception build --build-base /home/orangepi/scuderiaferrari/build/track_perception/build install --record /home/orangepi/scuderiaferrari/build/track_perception/install.log --single-version-externally-managed install_data
[8.662s] running egg_info
[8.664s] writing ../../build/track_perception/track_perception.egg-info/PKG-INFO
[8.756s] writing dependency_links to ../../build/track_perception/track_perception.egg-info/dependency_links.txt
[8.858s] writing entry points to ../../build/track_perception/track_perception.egg-info/entry_points.txt
[9.027s] writing requirements to ../../build/track_perception/track_perception.egg-info/requires.txt
[9.090s] writing top-level names to ../../build/track_perception/track_perception.egg-info/top_level.txt
[9.108s] reading manifest file '../../build/track_perception/track_perception.egg-info/SOURCES.txt'
[9.113s] writing manifest file '../../build/track_perception/track_perception.egg-info/SOURCES.txt'
[9.115s] running build
[9.116s] running build_py
[9.117s] running install
[9.120s] running install_lib
[9.157s] running install_data
[9.158s] running install_egg_info
[9.168s] removing '/home/orangepi/scuderiaferrari/install/track_perception/lib/python3.10/site-packages/track_perception-2.0.0-py3.10.egg-info' (and everything under it)
[9.244s] Copying ../../build/track_perception/track_perception.egg-info to /home/orangepi/scuderiaferrari/install/track_perception/lib/python3.10/site-packages/track_perception-2.0.0-py3.10.egg-info
[9.245s] running install_scripts
[9.321s] Installing object_detection_node script to /home/orangepi/scuderiaferrari/install/track_perception/bin
[9.324s] Installing perception_decision_node script to /home/orangepi/scuderiaferrari/install/track_perception/bin
[9.377s] writing list of installed files to '/home/orangepi/scuderiaferrari/build/track_perception/install.log'
[9.744s] Invoked command in '/home/orangepi/scuderiaferrari/src/track_perception' returned '0': PYTHONPATH=/home/orangepi/scuderiaferrari/build/track_perception/prefix_override:/usr/lib/python3/dist-packages/colcon_core/task/python/colcon_distutils_commands:/home/orangepi/scuderiaferrari/install/track_perception/lib/python3.10/site-packages:${PYTHONPATH} /usr/bin/python3 -W ignore:setup.py install is deprecated -W ignore:easy_install command is deprecated setup.py egg_info --egg-base ../../build/track_perception build --build-base /home/orangepi/scuderiaferrari/build/track_perception/build install --record /home/orangepi/scuderiaferrari/build/track_perception/install.log --single-version-externally-managed install_data
