[3.200s] Invoking command in '/home/orangepi/scuderiaferrari/src/position_udp_bridge': PYTHONPATH=/home/orangepi/scuderiaferrari/build/position_udp_bridge/prefix_override:/usr/lib/python3/dist-packages/colcon_core/task/python/colcon_distutils_commands:/home/orangepi/scuderiaferrari/install/position_udp_bridge/lib/python3.10/site-packages:${PYTHONPATH} /usr/bin/python3 -W ignore:setup.py install is deprecated -W ignore:easy_install command is deprecated setup.py egg_info --egg-base ../../build/position_udp_bridge build --build-base /home/orangepi/scuderiaferrari/build/position_udp_bridge/build install --record /home/orangepi/scuderiaferrari/build/position_udp_bridge/install.log --single-version-externally-managed install_data
[3.754s] running egg_info
[3.760s] writing ../../build/position_udp_bridge/position_udp_bridge.egg-info/PKG-INFO
[3.770s] writing dependency_links to ../../build/position_udp_bridge/position_udp_bridge.egg-info/dependency_links.txt
[3.782s] writing entry points to ../../build/position_udp_bridge/position_udp_bridge.egg-info/entry_points.txt
[3.792s] writing requirements to ../../build/position_udp_bridge/position_udp_bridge.egg-info/requires.txt
[3.800s] writing top-level names to ../../build/position_udp_bridge/position_udp_bridge.egg-info/top_level.txt
[3.806s] reading manifest file '../../build/position_udp_bridge/position_udp_bridge.egg-info/SOURCES.txt'
[3.808s] writing manifest file '../../build/position_udp_bridge/position_udp_bridge.egg-info/SOURCES.txt'
[3.812s] running build
[3.813s] running build_py
[3.814s] running install
[3.816s] running install_lib
[3.820s] running install_data
[3.820s] running install_egg_info
[3.823s] removing '/home/orangepi/scuderiaferrari/install/position_udp_bridge/lib/python3.10/site-packages/position_udp_bridge-1.0.0-py3.10.egg-info' (and everything under it)
[3.854s] Copying ../../build/position_udp_bridge/position_udp_bridge.egg-info to /home/orangepi/scuderiaferrari/install/position_udp_bridge/lib/python3.10/site-packages/position_udp_bridge-1.0.0-py3.10.egg-info
[3.857s] running install_scripts
[3.891s] Installing udp_sender_node script to /home/orangepi/scuderiaferrari/install/position_udp_bridge/lib/position_udp_bridge
[3.899s] writing list of installed files to '/home/orangepi/scuderiaferrari/build/position_udp_bridge/install.log'
[4.077s] Invoked command in '/home/orangepi/scuderiaferrari/src/position_udp_bridge' returned '0': PYTHONPATH=/home/orangepi/scuderiaferrari/build/position_udp_bridge/prefix_override:/usr/lib/python3/dist-packages/colcon_core/task/python/colcon_distutils_commands:/home/orangepi/scuderiaferrari/install/position_udp_bridge/lib/python3.10/site-packages:${PYTHONPATH} /usr/bin/python3 -W ignore:setup.py install is deprecated -W ignore:easy_install command is deprecated setup.py egg_info --egg-base ../../build/position_udp_bridge build --build-base /home/orangepi/scuderiaferrari/build/position_udp_bridge/build install --record /home/orangepi/scuderiaferrari/build/position_udp_bridge/install.log --single-version-externally-managed install_data
