[3.947s] Invoking command in '/home/orangepi/scuderiaferrari/src/uwb_locator': PYTHONPATH=/home/orangepi/scuderiaferrari/build/uwb_locator/prefix_override:/usr/lib/python3/dist-packages/colcon_core/task/python/colcon_distutils_commands:/home/orangepi/scuderiaferrari/install/uwb_locator/lib/python3.10/site-packages:${PYTHONPATH} /usr/bin/python3 -W ignore:setup.py install is deprecated -W ignore:easy_install command is deprecated setup.py egg_info --egg-base ../../build/uwb_locator build --build-base /home/orangepi/scuderiaferrari/build/uwb_locator/build install --record /home/orangepi/scuderiaferrari/build/uwb_locator/install.log --single-version-externally-managed install_data
[4.269s] running egg_info
[4.270s] writing ../../build/uwb_locator/uwb_locator.egg-info/PKG-INFO
[13.692s] writing dependency_links to ../../build/uwb_locator/uwb_locator.egg-info/dependency_links.txt
[13.738s] writing entry points to ../../build/uwb_locator/uwb_locator.egg-info/entry_points.txt
[13.831s] writing requirements to ../../build/uwb_locator/uwb_locator.egg-info/requires.txt
[13.996s] writing top-level names to ../../build/uwb_locator/uwb_locator.egg-info/top_level.txt
[14.076s] reading manifest file '../../build/uwb_locator/uwb_locator.egg-info/SOURCES.txt'
[14.078s] writing manifest file '../../build/uwb_locator/uwb_locator.egg-info/SOURCES.txt'
[14.178s] running build
[14.178s] running build_py
[14.179s] running install
[14.181s] running install_lib
[14.187s] running install_data
[14.187s] running install_egg_info
[14.194s] removing '/home/orangepi/scuderiaferrari/install/uwb_locator/lib/python3.10/site-packages/uwb_locator-1.0.0-py3.10.egg-info' (and everything under it)
[14.684s] Copying ../../build/uwb_locator/uwb_locator.egg-info to /home/orangepi/scuderiaferrari/install/uwb_locator/lib/python3.10/site-packages/uwb_locator-1.0.0-py3.10.egg-info
[14.686s] running install_scripts
[14.732s] Installing uwb_tag_node script to /home/orangepi/scuderiaferrari/install/uwb_locator/bin
[14.895s] writing list of installed files to '/home/orangepi/scuderiaferrari/build/uwb_locator/install.log'
[15.111s] Invoked command in '/home/orangepi/scuderiaferrari/src/uwb_locator' returned '0': PYTHONPATH=/home/orangepi/scuderiaferrari/build/uwb_locator/prefix_override:/usr/lib/python3/dist-packages/colcon_core/task/python/colcon_distutils_commands:/home/orangepi/scuderiaferrari/install/uwb_locator/lib/python3.10/site-packages:${PYTHONPATH} /usr/bin/python3 -W ignore:setup.py install is deprecated -W ignore:easy_install command is deprecated setup.py egg_info --egg-base ../../build/uwb_locator build --build-base /home/orangepi/scuderiaferrari/build/uwb_locator/build install --record /home/orangepi/scuderiaferrari/build/uwb_locator/install.log --single-version-externally-managed install_data
