[4.532s] Invoking command in '/home/orangepi/scuderiaferrari/src/uwb_locator': PYTHONPATH=/home/orangepi/scuderiaferrari/build/uwb_locator/prefix_override:/usr/lib/python3/dist-packages/colcon_core/task/python/colcon_distutils_commands:/home/orangepi/scuderiaferrari/install/uwb_locator/lib/python3.10/site-packages:${PYTHONPATH} /usr/bin/python3 -W ignore:setup.py install is deprecated -W ignore:easy_install command is deprecated setup.py egg_info --egg-base ../../build/uwb_locator build --build-base /home/orangepi/scuderiaferrari/build/uwb_locator/build install --record /home/orangepi/scuderiaferrari/build/uwb_locator/install.log --single-version-externally-managed install_data
[5.358s] running egg_info
[5.360s] writing ../../build/uwb_locator/uwb_locator.egg-info/PKG-INFO
[5.385s] writing dependency_links to ../../build/uwb_locator/uwb_locator.egg-info/dependency_links.txt
[5.409s] writing entry points to ../../build/uwb_locator/uwb_locator.egg-info/entry_points.txt
[5.412s] writing requirements to ../../build/uwb_locator/uwb_locator.egg-info/requires.txt
[5.412s] writing top-level names to ../../build/uwb_locator/uwb_locator.egg-info/top_level.txt
[5.425s] reading manifest file '../../build/uwb_locator/uwb_locator.egg-info/SOURCES.txt'
[5.426s] writing manifest file '../../build/uwb_locator/uwb_locator.egg-info/SOURCES.txt'
[5.426s] running build
[5.426s] running build_py
[5.426s] running install
[5.426s] running install_lib
[5.426s] running install_data
[5.427s] running install_egg_info
[5.427s] removing '/home/orangepi/scuderiaferrari/install/uwb_locator/lib/python3.10/site-packages/uwb_locator-1.0.0-py3.10.egg-info' (and everything under it)
[5.579s] Copying ../../build/uwb_locator/uwb_locator.egg-info to /home/orangepi/scuderiaferrari/install/uwb_locator/lib/python3.10/site-packages/uwb_locator-1.0.0-py3.10.egg-info
[5.581s] running install_scripts
[5.647s] Installing uwb_tag_node script to /home/orangepi/scuderiaferrari/install/uwb_locator/bin
[5.680s] writing list of installed files to '/home/orangepi/scuderiaferrari/build/uwb_locator/install.log'
[5.846s] Invoked command in '/home/orangepi/scuderiaferrari/src/uwb_locator' returned '0': PYTHONPATH=/home/orangepi/scuderiaferrari/build/uwb_locator/prefix_override:/usr/lib/python3/dist-packages/colcon_core/task/python/colcon_distutils_commands:/home/orangepi/scuderiaferrari/install/uwb_locator/lib/python3.10/site-packages:${PYTHONPATH} /usr/bin/python3 -W ignore:setup.py install is deprecated -W ignore:easy_install command is deprecated setup.py egg_info --egg-base ../../build/uwb_locator build --build-base /home/orangepi/scuderiaferrari/build/uwb_locator/build install --record /home/orangepi/scuderiaferrari/build/uwb_locator/install.log --single-version-externally-managed install_data
