[1.296s] Invoking command in '/home/orangepi/scuderiaferrari/src/line_follower_control': PYTHONPATH=/home/orangepi/scuderiaferrari/build/line_follower_control/prefix_override:/usr/lib/python3/dist-packages/colcon_core/task/python/colcon_distutils_commands:/home/orangepi/scuderiaferrari/install/line_follower_control/lib/python3.10/site-packages:${PYTHONPATH} /usr/bin/python3 -W ignore:setup.py install is deprecated -W ignore:easy_install command is deprecated setup.py egg_info --egg-base ../../build/line_follower_control build --build-base /home/orangepi/scuderiaferrari/build/line_follower_control/build install --record /home/orangepi/scuderiaferrari/build/line_follower_control/install.log --single-version-externally-managed install_data
[1.736s] running egg_info
[1.739s] writing ../../build/line_follower_control/line_follower_control.egg-info/PKG-INFO
[1.746s] writing dependency_links to ../../build/line_follower_control/line_follower_control.egg-info/dependency_links.txt
[1.751s] writing entry points to ../../build/line_follower_control/line_follower_control.egg-info/entry_points.txt
[1.758s] writing requirements to ../../build/line_follower_control/line_follower_control.egg-info/requires.txt
[1.763s] writing top-level names to ../../build/line_follower_control/line_follower_control.egg-info/top_level.txt
[1.772s] reading manifest file '../../build/line_follower_control/line_follower_control.egg-info/SOURCES.txt'
[1.774s] writing manifest file '../../build/line_follower_control/line_follower_control.egg-info/SOURCES.txt'
[1.784s] running build
[1.785s] running build_py
[1.785s] running install
[1.786s] running install_lib
[1.789s] running install_data
[1.791s] running install_egg_info
[1.804s] removing '/home/orangepi/scuderiaferrari/install/line_follower_control/lib/python3.10/site-packages/line_follower_control-1.0.0-py3.10.egg-info' (and everything under it)
[1.827s] Copying ../../build/line_follower_control/line_follower_control.egg-info to /home/orangepi/scuderiaferrari/install/line_follower_control/lib/python3.10/site-packages/line_follower_control-1.0.0-py3.10.egg-info
[1.829s] running install_scripts
[1.887s] Installing controller_node script to /home/orangepi/scuderiaferrari/install/line_follower_control/lib/line_follower_control
[1.894s] writing list of installed files to '/home/orangepi/scuderiaferrari/build/line_follower_control/install.log'
[2.001s] Invoked command in '/home/orangepi/scuderiaferrari/src/line_follower_control' returned '0': PYTHONPATH=/home/orangepi/scuderiaferrari/build/line_follower_control/prefix_override:/usr/lib/python3/dist-packages/colcon_core/task/python/colcon_distutils_commands:/home/orangepi/scuderiaferrari/install/line_follower_control/lib/python3.10/site-packages:${PYTHONPATH} /usr/bin/python3 -W ignore:setup.py install is deprecated -W ignore:easy_install command is deprecated setup.py egg_info --egg-base ../../build/line_follower_control build --build-base /home/orangepi/scuderiaferrari/build/line_follower_control/build install --record /home/orangepi/scuderiaferrari/build/line_follower_control/install.log --single-version-externally-managed install_data
