/home/orangepi/scuderiaferrari/install/track_perception/lib/python3.10/site-packages/track_perception/rknnpool.py
/home/orangepi/scuderiaferrari/install/track_perception/lib/python3.10/site-packages/track_perception/ppseg_infer.py
/home/orangepi/scuderiaferrari/install/track_perception/lib/python3.10/site-packages/track_perception/rknn_pool.py
/home/orangepi/scuderiaferrari/install/track_perception/lib/python3.10/site-packages/track_perception/object_detection_node.py
/home/orangepi/scuderiaferrari/install/track_perception/lib/python3.10/site-packages/track_perception/__init__.py
/home/orangepi/scuderiaferrari/install/track_perception/lib/python3.10/site-packages/track_perception/perception_decision_node.py
/home/orangepi/scuderiaferrari/install/track_perception/lib/python3.10/site-packages/track_perception/object_detection_infer.py
/home/orangepi/scuderiaferrari/install/track_perception/lib/python3.10/site-packages/track_perception/__pycache__/rknnpool.cpython-310.pyc
/home/orangepi/scuderiaferrari/install/track_perception/lib/python3.10/site-packages/track_perception/__pycache__/ppseg_infer.cpython-310.pyc
/home/orangepi/scuderiaferrari/install/track_perception/lib/python3.10/site-packages/track_perception/__pycache__/rknn_pool.cpython-310.pyc
/home/orangepi/scuderiaferrari/install/track_perception/lib/python3.10/site-packages/track_perception/__pycache__/object_detection_node.cpython-310.pyc
/home/orangepi/scuderiaferrari/install/track_perception/lib/python3.10/site-packages/track_perception/__pycache__/__init__.cpython-310.pyc
/home/orangepi/scuderiaferrari/install/track_perception/lib/python3.10/site-packages/track_perception/__pycache__/perception_decision_node.cpython-310.pyc
/home/orangepi/scuderiaferrari/install/track_perception/lib/python3.10/site-packages/track_perception/__pycache__/object_detection_infer.cpython-310.pyc
/home/orangepi/scuderiaferrari/install/track_perception/share/ament_index/resource_index/packages/track_perception
/home/orangepi/scuderiaferrari/install/track_perception/share/track_perception/package.xml
/home/orangepi/scuderiaferrari/install/track_perception/share/track_perception/launch/perception.launch.py
/home/orangepi/scuderiaferrari/install/track_perception/share/track_perception/config/intersection_params.yaml
/home/orangepi/scuderiaferrari/install/track_perception/share/track_perception/model/yolov8_n_custom_int8_from_ipynb.rknn
/home/orangepi/scuderiaferrari/install/track_perception/share/track_perception/model/yolov8_seg_n_int8.rknn
/home/orangepi/scuderiaferrari/install/track_perception/share/track_perception/model/pp_liteseg_v2.rknn
/home/orangepi/scuderiaferrari/install/track_perception/share/track_perception/model/pp_liteseg_v3.rknn
/home/orangepi/scuderiaferrari/install/track_perception/share/track_perception/model/rknn_lt_v2.rknn
/home/orangepi/scuderiaferrari/install/track_perception/share/track_perception/model/yolov8_seg_n_384x160_int8.rknn
/home/orangepi/scuderiaferrari/install/track_perception/share/track_perception/model/yolov8_n_det_split_int8_v2.rknn
/home/orangepi/scuderiaferrari/install/track_perception/share/track_perception/model/rknn_lt.rknn
/home/orangepi/scuderiaferrari/install/track_perception/share/track_perception/model/pp_liteseg.rknn
/home/orangepi/scuderiaferrari/install/track_perception/share/track_perception/model/yolov8_n_det_split_int8(1).rknn
/home/orangepi/scuderiaferrari/install/track_perception/share/track_perception/model/yolov8_n_det_split_int8.rknn
/home/orangepi/scuderiaferrari/install/track_perception/share/track_perception/model/yolov8_n_custom_int8.rknn
/home/orangepi/scuderiaferrari/install/track_perception/share/track_perception/model/label_list.txt
/home/orangepi/scuderiaferrari/install/track_perception/share/track_perception/model/新建 文本文档.txt
/home/orangepi/scuderiaferrari/install/track_perception/lib/python3.10/site-packages/track_perception-2.0.0-py3.10.egg-info/zip-safe
/home/orangepi/scuderiaferrari/install/track_perception/lib/python3.10/site-packages/track_perception-2.0.0-py3.10.egg-info/PKG-INFO
/home/orangepi/scuderiaferrari/install/track_perception/lib/python3.10/site-packages/track_perception-2.0.0-py3.10.egg-info/requires.txt
/home/orangepi/scuderiaferrari/install/track_perception/lib/python3.10/site-packages/track_perception-2.0.0-py3.10.egg-info/entry_points.txt
/home/orangepi/scuderiaferrari/install/track_perception/lib/python3.10/site-packages/track_perception-2.0.0-py3.10.egg-info/dependency_links.txt
/home/orangepi/scuderiaferrari/install/track_perception/lib/python3.10/site-packages/track_perception-2.0.0-py3.10.egg-info/SOURCES.txt
/home/orangepi/scuderiaferrari/install/track_perception/lib/python3.10/site-packages/track_perception-2.0.0-py3.10.egg-info/top_level.txt
/home/orangepi/scuderiaferrari/install/track_perception/lib/track_perception/object_detection_node
/home/orangepi/scuderiaferrari/install/track_perception/lib/track_perception/perception_decision_node
