[0.357s] DEBUG:colcon:Command line arguments: ['/usr/bin/colcon', 'build', '--packages-select', 'track_perception']
[0.357s] DEBUG:colcon:Parsed command line arguments: Namespace(log_base=None, log_level=None, verb_name='build', build_base='build', install_base='install', merge_install=False, symlink_install=False, test_result_base=None, continue_on_error=False, executor='parallel', parallel_workers=8, event_handlers=None, ignore_user_meta=False, metas=['./colcon.meta'], base_paths=['.'], packages_ignore=None, packages_ignore_regex=None, paths=None, packages_up_to=None, packages_up_to_regex=None, packages_above=None, packages_above_and_dependencies=None, packages_above_depth=None, packages_select_by_dep=None, packages_skip_by_dep=None, packages_skip_up_to=None, packages_select_build_failed=False, packages_skip_build_finished=False, packages_select_test_failures=False, packages_skip_test_passed=False, packages_select=['track_perception'], packages_skip=None, packages_select_regex=None, packages_skip_regex=None, packages_start=None, packages_end=None, cmake_args=None, cmake_target=None, cmake_target_skip_unavailable=False, cmake_clean_cache=False, cmake_clean_first=False, cmake_force_configure=False, ament_cmake_args=None, catkin_cmake_args=None, catkin_skip_building_tests=False, verb_parser=<colcon_defaults.argument_parser.defaults.DefaultArgumentsDecorator object at 0x7fbab0ea10>, verb_extension=<colcon_core.verb.build.BuildVerb object at 0x7fbacaff70>, main=<bound method BuildVerb.main of <colcon_core.verb.build.BuildVerb object at 0x7fbacaff70>>)
[0.651s] Level 1:colcon.colcon_core.package_discovery:discover_packages(colcon_meta) check parameters
[0.663s] Level 1:colcon.colcon_core.package_discovery:discover_packages(recursive) check parameters
[0.668s] Level 1:colcon.colcon_core.package_discovery:discover_packages(ignore) check parameters
[0.668s] Level 1:colcon.colcon_core.package_discovery:discover_packages(path) check parameters
[0.669s] Level 1:colcon.colcon_core.package_discovery:discover_packages(colcon_meta) discover
[0.669s] Level 1:colcon.colcon_core.package_discovery:discover_packages(recursive) discover
[0.670s] INFO:colcon.colcon_core.package_discovery:Crawling recursively for packages in '/home/orangepi/scuderiaferrari'
[0.670s] Level 1:colcon.colcon_core.package_identification:_identify(.) by extensions ['ignore', 'ignore_ament_install']
[0.672s] Level 1:colcon.colcon_core.package_identification:_identify(.) by extension 'ignore'
[0.672s] Level 1:colcon.colcon_core.package_identification:_identify(.) by extension 'ignore_ament_install'
[0.673s] Level 1:colcon.colcon_core.package_identification:_identify(.) by extensions ['colcon_pkg']
[0.673s] Level 1:colcon.colcon_core.package_identification:_identify(.) by extension 'colcon_pkg'
[0.673s] Level 1:colcon.colcon_core.package_identification:_identify(.) by extensions ['colcon_meta']
[0.673s] Level 1:colcon.colcon_core.package_identification:_identify(.) by extension 'colcon_meta'
[0.673s] Level 1:colcon.colcon_core.package_identification:_identify(.) by extensions ['ros']
[0.673s] Level 1:colcon.colcon_core.package_identification:_identify(.) by extension 'ros'
[0.704s] Level 1:colcon.colcon_core.package_identification:_identify(.) by extensions ['cmake', 'python']
[0.705s] Level 1:colcon.colcon_core.package_identification:_identify(.) by extension 'cmake'
[0.706s] Level 1:colcon.colcon_core.package_identification:_identify(.) by extension 'python'
[0.707s] Level 1:colcon.colcon_core.package_identification:_identify(.) by extensions ['python_setup_py']
[0.708s] Level 1:colcon.colcon_core.package_identification:_identify(.) by extension 'python_setup_py'
[0.709s] Level 1:colcon.colcon_core.package_identification:_identify(build) by extensions ['ignore', 'ignore_ament_install']
[0.710s] Level 1:colcon.colcon_core.package_identification:_identify(build) by extension 'ignore'
[0.711s] Level 1:colcon.colcon_core.package_identification:_identify(build) ignored
[0.713s] Level 1:colcon.colcon_core.package_identification:_identify(install) by extensions ['ignore', 'ignore_ament_install']
[0.713s] Level 1:colcon.colcon_core.package_identification:_identify(install) by extension 'ignore'
[0.714s] Level 1:colcon.colcon_core.package_identification:_identify(install) ignored
[0.715s] Level 1:colcon.colcon_core.package_identification:_identify(log) by extensions ['ignore', 'ignore_ament_install']
[0.715s] Level 1:colcon.colcon_core.package_identification:_identify(log) by extension 'ignore'
[0.716s] Level 1:colcon.colcon_core.package_identification:_identify(log) ignored
[0.717s] Level 1:colcon.colcon_core.package_identification:_identify(setupUI) by extensions ['ignore', 'ignore_ament_install']
[0.718s] Level 1:colcon.colcon_core.package_identification:_identify(setupUI) by extension 'ignore'
[0.719s] Level 1:colcon.colcon_core.package_identification:_identify(setupUI) by extension 'ignore_ament_install'
[0.720s] Level 1:colcon.colcon_core.package_identification:_identify(setupUI) by extensions ['colcon_pkg']
[0.720s] Level 1:colcon.colcon_core.package_identification:_identify(setupUI) by extension 'colcon_pkg'
[0.720s] Level 1:colcon.colcon_core.package_identification:_identify(setupUI) by extensions ['colcon_meta']
[0.720s] Level 1:colcon.colcon_core.package_identification:_identify(setupUI) by extension 'colcon_meta'
[0.720s] Level 1:colcon.colcon_core.package_identification:_identify(setupUI) by extensions ['ros']
[0.720s] Level 1:colcon.colcon_core.package_identification:_identify(setupUI) by extension 'ros'
[0.720s] Level 1:colcon.colcon_core.package_identification:_identify(setupUI) by extensions ['cmake', 'python']
[0.720s] Level 1:colcon.colcon_core.package_identification:_identify(setupUI) by extension 'cmake'
[0.720s] Level 1:colcon.colcon_core.package_identification:_identify(setupUI) by extension 'python'
[0.720s] Level 1:colcon.colcon_core.package_identification:_identify(setupUI) by extensions ['python_setup_py']
[0.720s] Level 1:colcon.colcon_core.package_identification:_identify(setupUI) by extension 'python_setup_py'
[0.721s] Level 1:colcon.colcon_core.package_identification:_identify(setupUI/__pycache__) by extensions ['ignore', 'ignore_ament_install']
[0.721s] Level 1:colcon.colcon_core.package_identification:_identify(setupUI/__pycache__) by extension 'ignore'
[0.722s] Level 1:colcon.colcon_core.package_identification:_identify(setupUI/__pycache__) by extension 'ignore_ament_install'
[0.722s] Level 1:colcon.colcon_core.package_identification:_identify(setupUI/__pycache__) by extensions ['colcon_pkg']
[0.722s] Level 1:colcon.colcon_core.package_identification:_identify(setupUI/__pycache__) by extension 'colcon_pkg'
[0.722s] Level 1:colcon.colcon_core.package_identification:_identify(setupUI/__pycache__) by extensions ['colcon_meta']
[0.723s] Level 1:colcon.colcon_core.package_identification:_identify(setupUI/__pycache__) by extension 'colcon_meta'
[0.723s] Level 1:colcon.colcon_core.package_identification:_identify(setupUI/__pycache__) by extensions ['ros']
[0.723s] Level 1:colcon.colcon_core.package_identification:_identify(setupUI/__pycache__) by extension 'ros'
[0.723s] Level 1:colcon.colcon_core.package_identification:_identify(setupUI/__pycache__) by extensions ['cmake', 'python']
[0.723s] Level 1:colcon.colcon_core.package_identification:_identify(setupUI/__pycache__) by extension 'cmake'
[0.723s] Level 1:colcon.colcon_core.package_identification:_identify(setupUI/__pycache__) by extension 'python'
[0.723s] Level 1:colcon.colcon_core.package_identification:_identify(setupUI/__pycache__) by extensions ['python_setup_py']
[0.723s] Level 1:colcon.colcon_core.package_identification:_identify(setupUI/__pycache__) by extension 'python_setup_py'
[0.724s] Level 1:colcon.colcon_core.package_identification:_identify(setupUI/build) by extensions ['ignore', 'ignore_ament_install']
[0.724s] Level 1:colcon.colcon_core.package_identification:_identify(setupUI/build) by extension 'ignore'
[0.724s] Level 1:colcon.colcon_core.package_identification:_identify(setupUI/build) by extension 'ignore_ament_install'
[0.724s] Level 1:colcon.colcon_core.package_identification:_identify(setupUI/build) by extensions ['colcon_pkg']
[0.724s] Level 1:colcon.colcon_core.package_identification:_identify(setupUI/build) by extension 'colcon_pkg'
[0.725s] Level 1:colcon.colcon_core.package_identification:_identify(setupUI/build) by extensions ['colcon_meta']
[0.725s] Level 1:colcon.colcon_core.package_identification:_identify(setupUI/build) by extension 'colcon_meta'
[0.725s] Level 1:colcon.colcon_core.package_identification:_identify(setupUI/build) by extensions ['ros']
[0.725s] Level 1:colcon.colcon_core.package_identification:_identify(setupUI/build) by extension 'ros'
[0.725s] Level 1:colcon.colcon_core.package_identification:_identify(setupUI/build) by extensions ['cmake', 'python']
[0.726s] Level 1:colcon.colcon_core.package_identification:_identify(setupUI/build) by extension 'cmake'
[0.727s] Level 1:colcon.colcon_core.package_identification:_identify(setupUI/build) by extension 'python'
[0.727s] Level 1:colcon.colcon_core.package_identification:_identify(setupUI/build) by extensions ['python_setup_py']
[0.727s] Level 1:colcon.colcon_core.package_identification:_identify(setupUI/build) by extension 'python_setup_py'
[0.727s] Level 1:colcon.colcon_core.package_identification:_identify(setupUI/build/setup_webui) by extensions ['ignore', 'ignore_ament_install']
[0.727s] Level 1:colcon.colcon_core.package_identification:_identify(setupUI/build/setup_webui) by extension 'ignore'
[0.727s] Level 1:colcon.colcon_core.package_identification:_identify(setupUI/build/setup_webui) by extension 'ignore_ament_install'
[0.727s] Level 1:colcon.colcon_core.package_identification:_identify(setupUI/build/setup_webui) by extensions ['colcon_pkg']
[0.727s] Level 1:colcon.colcon_core.package_identification:_identify(setupUI/build/setup_webui) by extension 'colcon_pkg'
[0.727s] Level 1:colcon.colcon_core.package_identification:_identify(setupUI/build/setup_webui) by extensions ['colcon_meta']
[0.727s] Level 1:colcon.colcon_core.package_identification:_identify(setupUI/build/setup_webui) by extension 'colcon_meta'
[0.727s] Level 1:colcon.colcon_core.package_identification:_identify(setupUI/build/setup_webui) by extensions ['ros']
[0.727s] Level 1:colcon.colcon_core.package_identification:_identify(setupUI/build/setup_webui) by extension 'ros'
[0.727s] Level 1:colcon.colcon_core.package_identification:_identify(setupUI/build/setup_webui) by extensions ['cmake', 'python']
[0.728s] Level 1:colcon.colcon_core.package_identification:_identify(setupUI/build/setup_webui) by extension 'cmake'
[0.728s] Level 1:colcon.colcon_core.package_identification:_identify(setupUI/build/setup_webui) by extension 'python'
[0.728s] Level 1:colcon.colcon_core.package_identification:_identify(setupUI/build/setup_webui) by extensions ['python_setup_py']
[0.728s] Level 1:colcon.colcon_core.package_identification:_identify(setupUI/build/setup_webui) by extension 'python_setup_py'
[0.728s] Level 1:colcon.colcon_core.package_identification:_identify(setupUI/build/setup_webui/_pyi_gschema_compilation) by extensions ['ignore', 'ignore_ament_install']
[0.728s] Level 1:colcon.colcon_core.package_identification:_identify(setupUI/build/setup_webui/_pyi_gschema_compilation) by extension 'ignore'
[0.728s] Level 1:colcon.colcon_core.package_identification:_identify(setupUI/build/setup_webui/_pyi_gschema_compilation) by extension 'ignore_ament_install'
[0.728s] Level 1:colcon.colcon_core.package_identification:_identify(setupUI/build/setup_webui/_pyi_gschema_compilation) by extensions ['colcon_pkg']
[0.728s] Level 1:colcon.colcon_core.package_identification:_identify(setupUI/build/setup_webui/_pyi_gschema_compilation) by extension 'colcon_pkg'
[0.728s] Level 1:colcon.colcon_core.package_identification:_identify(setupUI/build/setup_webui/_pyi_gschema_compilation) by extensions ['colcon_meta']
[0.728s] Level 1:colcon.colcon_core.package_identification:_identify(setupUI/build/setup_webui/_pyi_gschema_compilation) by extension 'colcon_meta'
[0.728s] Level 1:colcon.colcon_core.package_identification:_identify(setupUI/build/setup_webui/_pyi_gschema_compilation) by extensions ['ros']
[0.728s] Level 1:colcon.colcon_core.package_identification:_identify(setupUI/build/setup_webui/_pyi_gschema_compilation) by extension 'ros'
[0.728s] Level 1:colcon.colcon_core.package_identification:_identify(setupUI/build/setup_webui/_pyi_gschema_compilation) by extensions ['cmake', 'python']
[0.728s] Level 1:colcon.colcon_core.package_identification:_identify(setupUI/build/setup_webui/_pyi_gschema_compilation) by extension 'cmake'
[0.728s] Level 1:colcon.colcon_core.package_identification:_identify(setupUI/build/setup_webui/_pyi_gschema_compilation) by extension 'python'
[0.729s] Level 1:colcon.colcon_core.package_identification:_identify(setupUI/build/setup_webui/_pyi_gschema_compilation) by extensions ['python_setup_py']
[0.729s] Level 1:colcon.colcon_core.package_identification:_identify(setupUI/build/setup_webui/_pyi_gschema_compilation) by extension 'python_setup_py'
[0.729s] Level 1:colcon.colcon_core.package_identification:_identify(setupUI/build/setup_webui/localpycs) by extensions ['ignore', 'ignore_ament_install']
[0.729s] Level 1:colcon.colcon_core.package_identification:_identify(setupUI/build/setup_webui/localpycs) by extension 'ignore'
[0.729s] Level 1:colcon.colcon_core.package_identification:_identify(setupUI/build/setup_webui/localpycs) by extension 'ignore_ament_install'
[0.729s] Level 1:colcon.colcon_core.package_identification:_identify(setupUI/build/setup_webui/localpycs) by extensions ['colcon_pkg']
[0.729s] Level 1:colcon.colcon_core.package_identification:_identify(setupUI/build/setup_webui/localpycs) by extension 'colcon_pkg'
[0.729s] Level 1:colcon.colcon_core.package_identification:_identify(setupUI/build/setup_webui/localpycs) by extensions ['colcon_meta']
[0.729s] Level 1:colcon.colcon_core.package_identification:_identify(setupUI/build/setup_webui/localpycs) by extension 'colcon_meta'
[0.729s] Level 1:colcon.colcon_core.package_identification:_identify(setupUI/build/setup_webui/localpycs) by extensions ['ros']
[0.729s] Level 1:colcon.colcon_core.package_identification:_identify(setupUI/build/setup_webui/localpycs) by extension 'ros'
[0.729s] Level 1:colcon.colcon_core.package_identification:_identify(setupUI/build/setup_webui/localpycs) by extensions ['cmake', 'python']
[0.729s] Level 1:colcon.colcon_core.package_identification:_identify(setupUI/build/setup_webui/localpycs) by extension 'cmake'
[0.729s] Level 1:colcon.colcon_core.package_identification:_identify(setupUI/build/setup_webui/localpycs) by extension 'python'
[0.729s] Level 1:colcon.colcon_core.package_identification:_identify(setupUI/build/setup_webui/localpycs) by extensions ['python_setup_py']
[0.730s] Level 1:colcon.colcon_core.package_identification:_identify(setupUI/build/setup_webui/localpycs) by extension 'python_setup_py'
[0.731s] Level 1:colcon.colcon_core.package_identification:_identify(setupUI/dist) by extensions ['ignore', 'ignore_ament_install']
[0.733s] Level 1:colcon.colcon_core.package_identification:_identify(setupUI/dist) by extension 'ignore'
[0.733s] Level 1:colcon.colcon_core.package_identification:_identify(setupUI/dist) by extension 'ignore_ament_install'
[0.733s] Level 1:colcon.colcon_core.package_identification:_identify(setupUI/dist) by extensions ['colcon_pkg']
[0.733s] Level 1:colcon.colcon_core.package_identification:_identify(setupUI/dist) by extension 'colcon_pkg'
[0.733s] Level 1:colcon.colcon_core.package_identification:_identify(setupUI/dist) by extensions ['colcon_meta']
[0.733s] Level 1:colcon.colcon_core.package_identification:_identify(setupUI/dist) by extension 'colcon_meta'
[0.733s] Level 1:colcon.colcon_core.package_identification:_identify(setupUI/dist) by extensions ['ros']
[0.733s] Level 1:colcon.colcon_core.package_identification:_identify(setupUI/dist) by extension 'ros'
[0.733s] Level 1:colcon.colcon_core.package_identification:_identify(setupUI/dist) by extensions ['cmake', 'python']
[0.733s] Level 1:colcon.colcon_core.package_identification:_identify(setupUI/dist) by extension 'cmake'
[0.733s] Level 1:colcon.colcon_core.package_identification:_identify(setupUI/dist) by extension 'python'
[0.734s] Level 1:colcon.colcon_core.package_identification:_identify(setupUI/dist) by extensions ['python_setup_py']
[0.734s] Level 1:colcon.colcon_core.package_identification:_identify(setupUI/dist) by extension 'python_setup_py'
[0.734s] Level 1:colcon.colcon_core.package_identification:_identify(setupUI/dist/models) by extensions ['ignore', 'ignore_ament_install']
[0.734s] Level 1:colcon.colcon_core.package_identification:_identify(setupUI/dist/models) by extension 'ignore'
[0.734s] Level 1:colcon.colcon_core.package_identification:_identify(setupUI/dist/models) by extension 'ignore_ament_install'
[0.734s] Level 1:colcon.colcon_core.package_identification:_identify(setupUI/dist/models) by extensions ['colcon_pkg']
[0.734s] Level 1:colcon.colcon_core.package_identification:_identify(setupUI/dist/models) by extension 'colcon_pkg'
[0.734s] Level 1:colcon.colcon_core.package_identification:_identify(setupUI/dist/models) by extensions ['colcon_meta']
[0.734s] Level 1:colcon.colcon_core.package_identification:_identify(setupUI/dist/models) by extension 'colcon_meta'
[0.734s] Level 1:colcon.colcon_core.package_identification:_identify(setupUI/dist/models) by extensions ['ros']
[0.734s] Level 1:colcon.colcon_core.package_identification:_identify(setupUI/dist/models) by extension 'ros'
[0.735s] Level 1:colcon.colcon_core.package_identification:_identify(setupUI/dist/models) by extensions ['cmake', 'python']
[0.738s] Level 1:colcon.colcon_core.package_identification:_identify(setupUI/dist/models) by extension 'cmake'
[0.738s] Level 1:colcon.colcon_core.package_identification:_identify(setupUI/dist/models) by extension 'python'
[0.738s] Level 1:colcon.colcon_core.package_identification:_identify(setupUI/dist/models) by extensions ['python_setup_py']
[0.738s] Level 1:colcon.colcon_core.package_identification:_identify(setupUI/dist/models) by extension 'python_setup_py'
[0.739s] Level 1:colcon.colcon_core.package_identification:_identify(setupUI/infer_wrap) by extensions ['ignore', 'ignore_ament_install']
[0.739s] Level 1:colcon.colcon_core.package_identification:_identify(setupUI/infer_wrap) by extension 'ignore'
[0.739s] Level 1:colcon.colcon_core.package_identification:_identify(setupUI/infer_wrap) by extension 'ignore_ament_install'
[0.739s] Level 1:colcon.colcon_core.package_identification:_identify(setupUI/infer_wrap) by extensions ['colcon_pkg']
[0.739s] Level 1:colcon.colcon_core.package_identification:_identify(setupUI/infer_wrap) by extension 'colcon_pkg'
[0.739s] Level 1:colcon.colcon_core.package_identification:_identify(setupUI/infer_wrap) by extensions ['colcon_meta']
[0.739s] Level 1:colcon.colcon_core.package_identification:_identify(setupUI/infer_wrap) by extension 'colcon_meta'
[0.739s] Level 1:colcon.colcon_core.package_identification:_identify(setupUI/infer_wrap) by extensions ['ros']
[0.739s] Level 1:colcon.colcon_core.package_identification:_identify(setupUI/infer_wrap) by extension 'ros'
[0.739s] Level 1:colcon.colcon_core.package_identification:_identify(setupUI/infer_wrap) by extensions ['cmake', 'python']
[0.739s] Level 1:colcon.colcon_core.package_identification:_identify(setupUI/infer_wrap) by extension 'cmake'
[0.739s] Level 1:colcon.colcon_core.package_identification:_identify(setupUI/infer_wrap) by extension 'python'
[0.739s] Level 1:colcon.colcon_core.package_identification:_identify(setupUI/infer_wrap) by extensions ['python_setup_py']
[0.740s] Level 1:colcon.colcon_core.package_identification:_identify(setupUI/infer_wrap) by extension 'python_setup_py'
[0.740s] Level 1:colcon.colcon_core.package_identification:_identify(setupUI/infer_wrap/__pycache__) by extensions ['ignore', 'ignore_ament_install']
[0.740s] Level 1:colcon.colcon_core.package_identification:_identify(setupUI/infer_wrap/__pycache__) by extension 'ignore'
[0.740s] Level 1:colcon.colcon_core.package_identification:_identify(setupUI/infer_wrap/__pycache__) by extension 'ignore_ament_install'
[0.740s] Level 1:colcon.colcon_core.package_identification:_identify(setupUI/infer_wrap/__pycache__) by extensions ['colcon_pkg']
[0.740s] Level 1:colcon.colcon_core.package_identification:_identify(setupUI/infer_wrap/__pycache__) by extension 'colcon_pkg'
[0.740s] Level 1:colcon.colcon_core.package_identification:_identify(setupUI/infer_wrap/__pycache__) by extensions ['colcon_meta']
[0.740s] Level 1:colcon.colcon_core.package_identification:_identify(setupUI/infer_wrap/__pycache__) by extension 'colcon_meta'
[0.740s] Level 1:colcon.colcon_core.package_identification:_identify(setupUI/infer_wrap/__pycache__) by extensions ['ros']
[0.740s] Level 1:colcon.colcon_core.package_identification:_identify(setupUI/infer_wrap/__pycache__) by extension 'ros'
[0.740s] Level 1:colcon.colcon_core.package_identification:_identify(setupUI/infer_wrap/__pycache__) by extensions ['cmake', 'python']
[0.740s] Level 1:colcon.colcon_core.package_identification:_identify(setupUI/infer_wrap/__pycache__) by extension 'cmake'
[0.740s] Level 1:colcon.colcon_core.package_identification:_identify(setupUI/infer_wrap/__pycache__) by extension 'python'
[0.740s] Level 1:colcon.colcon_core.package_identification:_identify(setupUI/infer_wrap/__pycache__) by extensions ['python_setup_py']
[0.740s] Level 1:colcon.colcon_core.package_identification:_identify(setupUI/infer_wrap/__pycache__) by extension 'python_setup_py'
[0.741s] Level 1:colcon.colcon_core.package_identification:_identify(setupUI/infer_wrap/base) by extensions ['ignore', 'ignore_ament_install']
[0.741s] Level 1:colcon.colcon_core.package_identification:_identify(setupUI/infer_wrap/base) by extension 'ignore'
[0.741s] Level 1:colcon.colcon_core.package_identification:_identify(setupUI/infer_wrap/base) by extension 'ignore_ament_install'
[0.741s] Level 1:colcon.colcon_core.package_identification:_identify(setupUI/infer_wrap/base) by extensions ['colcon_pkg']
[0.741s] Level 1:colcon.colcon_core.package_identification:_identify(setupUI/infer_wrap/base) by extension 'colcon_pkg'
[0.741s] Level 1:colcon.colcon_core.package_identification:_identify(setupUI/infer_wrap/base) by extensions ['colcon_meta']
[0.741s] Level 1:colcon.colcon_core.package_identification:_identify(setupUI/infer_wrap/base) by extension 'colcon_meta'
[0.741s] Level 1:colcon.colcon_core.package_identification:_identify(setupUI/infer_wrap/base) by extensions ['ros']
[0.741s] Level 1:colcon.colcon_core.package_identification:_identify(setupUI/infer_wrap/base) by extension 'ros'
[0.741s] Level 1:colcon.colcon_core.package_identification:_identify(setupUI/infer_wrap/base) by extensions ['cmake', 'python']
[0.741s] Level 1:colcon.colcon_core.package_identification:_identify(setupUI/infer_wrap/base) by extension 'cmake'
[0.741s] Level 1:colcon.colcon_core.package_identification:_identify(setupUI/infer_wrap/base) by extension 'python'
[0.741s] Level 1:colcon.colcon_core.package_identification:_identify(setupUI/infer_wrap/base) by extensions ['python_setup_py']
[0.741s] Level 1:colcon.colcon_core.package_identification:_identify(setupUI/infer_wrap/base) by extension 'python_setup_py'
[0.741s] Level 1:colcon.colcon_core.package_identification:_identify(setupUI/infer_wrap/base/__pycache__) by extensions ['ignore', 'ignore_ament_install']
[0.741s] Level 1:colcon.colcon_core.package_identification:_identify(setupUI/infer_wrap/base/__pycache__) by extension 'ignore'
[0.742s] Level 1:colcon.colcon_core.package_identification:_identify(setupUI/infer_wrap/base/__pycache__) by extension 'ignore_ament_install'
[0.742s] Level 1:colcon.colcon_core.package_identification:_identify(setupUI/infer_wrap/base/__pycache__) by extensions ['colcon_pkg']
[0.742s] Level 1:colcon.colcon_core.package_identification:_identify(setupUI/infer_wrap/base/__pycache__) by extension 'colcon_pkg'
[0.742s] Level 1:colcon.colcon_core.package_identification:_identify(setupUI/infer_wrap/base/__pycache__) by extensions ['colcon_meta']
[0.742s] Level 1:colcon.colcon_core.package_identification:_identify(setupUI/infer_wrap/base/__pycache__) by extension 'colcon_meta'
[0.742s] Level 1:colcon.colcon_core.package_identification:_identify(setupUI/infer_wrap/base/__pycache__) by extensions ['ros']
[0.742s] Level 1:colcon.colcon_core.package_identification:_identify(setupUI/infer_wrap/base/__pycache__) by extension 'ros'
[0.742s] Level 1:colcon.colcon_core.package_identification:_identify(setupUI/infer_wrap/base/__pycache__) by extensions ['cmake', 'python']
[0.742s] Level 1:colcon.colcon_core.package_identification:_identify(setupUI/infer_wrap/base/__pycache__) by extension 'cmake'
[0.742s] Level 1:colcon.colcon_core.package_identification:_identify(setupUI/infer_wrap/base/__pycache__) by extension 'python'
[0.742s] Level 1:colcon.colcon_core.package_identification:_identify(setupUI/infer_wrap/base/__pycache__) by extensions ['python_setup_py']
[0.742s] Level 1:colcon.colcon_core.package_identification:_identify(setupUI/infer_wrap/base/__pycache__) by extension 'python_setup_py'
[0.742s] Level 1:colcon.colcon_core.package_identification:_identify(setupUI/infer_wrap/base/model) by extensions ['ignore', 'ignore_ament_install']
[0.742s] Level 1:colcon.colcon_core.package_identification:_identify(setupUI/infer_wrap/base/model) by extension 'ignore'
[0.742s] Level 1:colcon.colcon_core.package_identification:_identify(setupUI/infer_wrap/base/model) by extension 'ignore_ament_install'
[0.743s] Level 1:colcon.colcon_core.package_identification:_identify(setupUI/infer_wrap/base/model) by extensions ['colcon_pkg']
[0.743s] Level 1:colcon.colcon_core.package_identification:_identify(setupUI/infer_wrap/base/model) by extension 'colcon_pkg'
[0.743s] Level 1:colcon.colcon_core.package_identification:_identify(setupUI/infer_wrap/base/model) by extensions ['colcon_meta']
[0.743s] Level 1:colcon.colcon_core.package_identification:_identify(setupUI/infer_wrap/base/model) by extension 'colcon_meta'
[0.743s] Level 1:colcon.colcon_core.package_identification:_identify(setupUI/infer_wrap/base/model) by extensions ['ros']
[0.743s] Level 1:colcon.colcon_core.package_identification:_identify(setupUI/infer_wrap/base/model) by extension 'ros'
[0.743s] Level 1:colcon.colcon_core.package_identification:_identify(setupUI/infer_wrap/base/model) by extensions ['cmake', 'python']
[0.743s] Level 1:colcon.colcon_core.package_identification:_identify(setupUI/infer_wrap/base/model) by extension 'cmake'
[0.743s] Level 1:colcon.colcon_core.package_identification:_identify(setupUI/infer_wrap/base/model) by extension 'python'
[0.743s] Level 1:colcon.colcon_core.package_identification:_identify(setupUI/infer_wrap/base/model) by extensions ['python_setup_py']
[0.743s] Level 1:colcon.colcon_core.package_identification:_identify(setupUI/infer_wrap/base/model) by extension 'python_setup_py'
[0.743s] Level 1:colcon.colcon_core.package_identification:_identify(setupUI/templates) by extensions ['ignore', 'ignore_ament_install']
[0.743s] Level 1:colcon.colcon_core.package_identification:_identify(setupUI/templates) by extension 'ignore'
[0.743s] Level 1:colcon.colcon_core.package_identification:_identify(setupUI/templates) by extension 'ignore_ament_install'
[0.743s] Level 1:colcon.colcon_core.package_identification:_identify(setupUI/templates) by extensions ['colcon_pkg']
[0.743s] Level 1:colcon.colcon_core.package_identification:_identify(setupUI/templates) by extension 'colcon_pkg'
[0.743s] Level 1:colcon.colcon_core.package_identification:_identify(setupUI/templates) by extensions ['colcon_meta']
[0.743s] Level 1:colcon.colcon_core.package_identification:_identify(setupUI/templates) by extension 'colcon_meta'
[0.744s] Level 1:colcon.colcon_core.package_identification:_identify(setupUI/templates) by extensions ['ros']
[0.744s] Level 1:colcon.colcon_core.package_identification:_identify(setupUI/templates) by extension 'ros'
[0.744s] Level 1:colcon.colcon_core.package_identification:_identify(setupUI/templates) by extensions ['cmake', 'python']
[0.744s] Level 1:colcon.colcon_core.package_identification:_identify(setupUI/templates) by extension 'cmake'
[0.744s] Level 1:colcon.colcon_core.package_identification:_identify(setupUI/templates) by extension 'python'
[0.744s] Level 1:colcon.colcon_core.package_identification:_identify(setupUI/templates) by extensions ['python_setup_py']
[0.744s] Level 1:colcon.colcon_core.package_identification:_identify(setupUI/templates) by extension 'python_setup_py'
[0.744s] Level 1:colcon.colcon_core.package_identification:_identify(src) by extensions ['ignore', 'ignore_ament_install']
[0.744s] Level 1:colcon.colcon_core.package_identification:_identify(src) by extension 'ignore'
[0.744s] Level 1:colcon.colcon_core.package_identification:_identify(src) by extension 'ignore_ament_install'
[0.744s] Level 1:colcon.colcon_core.package_identification:_identify(src) by extensions ['colcon_pkg']
[0.744s] Level 1:colcon.colcon_core.package_identification:_identify(src) by extension 'colcon_pkg'
[0.744s] Level 1:colcon.colcon_core.package_identification:_identify(src) by extensions ['colcon_meta']
[0.744s] Level 1:colcon.colcon_core.package_identification:_identify(src) by extension 'colcon_meta'
[0.744s] Level 1:colcon.colcon_core.package_identification:_identify(src) by extensions ['ros']
[0.744s] Level 1:colcon.colcon_core.package_identification:_identify(src) by extension 'ros'
[0.745s] Level 1:colcon.colcon_core.package_identification:_identify(src) by extensions ['cmake', 'python']
[0.745s] Level 1:colcon.colcon_core.package_identification:_identify(src) by extension 'cmake'
[0.745s] Level 1:colcon.colcon_core.package_identification:_identify(src) by extension 'python'
[0.745s] Level 1:colcon.colcon_core.package_identification:_identify(src) by extensions ['python_setup_py']
[0.745s] Level 1:colcon.colcon_core.package_identification:_identify(src) by extension 'python_setup_py'
[0.745s] Level 1:colcon.colcon_core.package_identification:_identify(src/chassis_controller) by extensions ['ignore', 'ignore_ament_install']
[0.745s] Level 1:colcon.colcon_core.package_identification:_identify(src/chassis_controller) by extension 'ignore'
[0.745s] Level 1:colcon.colcon_core.package_identification:_identify(src/chassis_controller) by extension 'ignore_ament_install'
[0.745s] Level 1:colcon.colcon_core.package_identification:_identify(src/chassis_controller) by extensions ['colcon_pkg']
[0.745s] Level 1:colcon.colcon_core.package_identification:_identify(src/chassis_controller) by extension 'colcon_pkg'
[0.745s] Level 1:colcon.colcon_core.package_identification:_identify(src/chassis_controller) by extensions ['colcon_meta']
[0.745s] Level 1:colcon.colcon_core.package_identification:_identify(src/chassis_controller) by extension 'colcon_meta'
[0.745s] Level 1:colcon.colcon_core.package_identification:_identify(src/chassis_controller) by extensions ['ros']
[0.745s] Level 1:colcon.colcon_core.package_identification:_identify(src/chassis_controller) by extension 'ros'
[0.750s] DEBUG:colcon.colcon_core.package_identification:Package 'src/chassis_controller' with type 'ros.ament_python' and name 'chassis_controller'
[0.750s] Level 1:colcon.colcon_core.package_identification:_identify(src/keyboard_controller) by extensions ['ignore', 'ignore_ament_install']
[0.750s] Level 1:colcon.colcon_core.package_identification:_identify(src/keyboard_controller) by extension 'ignore'
[0.750s] Level 1:colcon.colcon_core.package_identification:_identify(src/keyboard_controller) by extension 'ignore_ament_install'
[0.751s] Level 1:colcon.colcon_core.package_identification:_identify(src/keyboard_controller) by extensions ['colcon_pkg']
[0.751s] Level 1:colcon.colcon_core.package_identification:_identify(src/keyboard_controller) by extension 'colcon_pkg'
[0.751s] Level 1:colcon.colcon_core.package_identification:_identify(src/keyboard_controller) by extensions ['colcon_meta']
[0.751s] Level 1:colcon.colcon_core.package_identification:_identify(src/keyboard_controller) by extension 'colcon_meta'
[0.751s] Level 1:colcon.colcon_core.package_identification:_identify(src/keyboard_controller) by extensions ['ros']
[0.751s] Level 1:colcon.colcon_core.package_identification:_identify(src/keyboard_controller) by extension 'ros'
[0.752s] DEBUG:colcon.colcon_core.package_identification:Package 'src/keyboard_controller' with type 'ros.ament_python' and name 'keyboard_controller'
[0.752s] Level 1:colcon.colcon_core.package_identification:_identify(src/line_follower_control) by extensions ['ignore', 'ignore_ament_install']
[0.753s] Level 1:colcon.colcon_core.package_identification:_identify(src/line_follower_control) by extension 'ignore'
[0.753s] Level 1:colcon.colcon_core.package_identification:_identify(src/line_follower_control) by extension 'ignore_ament_install'
[0.753s] Level 1:colcon.colcon_core.package_identification:_identify(src/line_follower_control) by extensions ['colcon_pkg']
[0.754s] Level 1:colcon.colcon_core.package_identification:_identify(src/line_follower_control) by extension 'colcon_pkg'
[0.754s] Level 1:colcon.colcon_core.package_identification:_identify(src/line_follower_control) by extensions ['colcon_meta']
[0.754s] Level 1:colcon.colcon_core.package_identification:_identify(src/line_follower_control) by extension 'colcon_meta'
[0.754s] Level 1:colcon.colcon_core.package_identification:_identify(src/line_follower_control) by extensions ['ros']
[0.754s] Level 1:colcon.colcon_core.package_identification:_identify(src/line_follower_control) by extension 'ros'
[0.758s] DEBUG:colcon.colcon_core.package_identification:Package 'src/line_follower_control' with type 'ros.ament_python' and name 'line_follower_control'
[0.758s] Level 1:colcon.colcon_core.package_identification:_identify(src/position_udp_bridge) by extensions ['ignore', 'ignore_ament_install']
[0.759s] Level 1:colcon.colcon_core.package_identification:_identify(src/position_udp_bridge) by extension 'ignore'
[0.759s] Level 1:colcon.colcon_core.package_identification:_identify(src/position_udp_bridge) by extension 'ignore_ament_install'
[0.759s] Level 1:colcon.colcon_core.package_identification:_identify(src/position_udp_bridge) by extensions ['colcon_pkg']
[0.759s] Level 1:colcon.colcon_core.package_identification:_identify(src/position_udp_bridge) by extension 'colcon_pkg'
[0.759s] Level 1:colcon.colcon_core.package_identification:_identify(src/position_udp_bridge) by extensions ['colcon_meta']
[0.759s] Level 1:colcon.colcon_core.package_identification:_identify(src/position_udp_bridge) by extension 'colcon_meta'
[0.759s] Level 1:colcon.colcon_core.package_identification:_identify(src/position_udp_bridge) by extensions ['ros']
[0.759s] Level 1:colcon.colcon_core.package_identification:_identify(src/position_udp_bridge) by extension 'ros'
[0.761s] DEBUG:colcon.colcon_core.package_identification:Package 'src/position_udp_bridge' with type 'ros.ament_python' and name 'position_udp_bridge'
[0.761s] Level 1:colcon.colcon_core.package_identification:_identify(src/track_perception) by extensions ['ignore', 'ignore_ament_install']
[0.761s] Level 1:colcon.colcon_core.package_identification:_identify(src/track_perception) by extension 'ignore'
[0.761s] Level 1:colcon.colcon_core.package_identification:_identify(src/track_perception) by extension 'ignore_ament_install'
[0.762s] Level 1:colcon.colcon_core.package_identification:_identify(src/track_perception) by extensions ['colcon_pkg']
[0.762s] Level 1:colcon.colcon_core.package_identification:_identify(src/track_perception) by extension 'colcon_pkg'
[0.762s] Level 1:colcon.colcon_core.package_identification:_identify(src/track_perception) by extensions ['colcon_meta']
[0.762s] Level 1:colcon.colcon_core.package_identification:_identify(src/track_perception) by extension 'colcon_meta'
[0.762s] Level 1:colcon.colcon_core.package_identification:_identify(src/track_perception) by extensions ['ros']
[0.763s] Level 1:colcon.colcon_core.package_identification:_identify(src/track_perception) by extension 'ros'
[0.774s] DEBUG:colcon.colcon_core.package_identification:Package 'src/track_perception' with type 'ros.ament_python' and name 'track_perception'
[0.775s] Level 1:colcon.colcon_core.package_identification:_identify(src/uwb_locator) by extensions ['ignore', 'ignore_ament_install']
[0.775s] Level 1:colcon.colcon_core.package_identification:_identify(src/uwb_locator) by extension 'ignore'
[0.788s] Level 1:colcon.colcon_core.package_identification:_identify(src/uwb_locator) by extension 'ignore_ament_install'
[0.789s] Level 1:colcon.colcon_core.package_identification:_identify(src/uwb_locator) by extensions ['colcon_pkg']
[0.789s] Level 1:colcon.colcon_core.package_identification:_identify(src/uwb_locator) by extension 'colcon_pkg'
[0.790s] Level 1:colcon.colcon_core.package_identification:_identify(src/uwb_locator) by extensions ['colcon_meta']
[0.790s] Level 1:colcon.colcon_core.package_identification:_identify(src/uwb_locator) by extension 'colcon_meta'
[0.790s] Level 1:colcon.colcon_core.package_identification:_identify(src/uwb_locator) by extensions ['ros']
[0.791s] Level 1:colcon.colcon_core.package_identification:_identify(src/uwb_locator) by extension 'ros'
[0.792s] DEBUG:colcon.colcon_core.package_identification:Package 'src/uwb_locator' with type 'ros.ament_python' and name 'uwb_locator'
[0.792s] Level 1:colcon.colcon_core.package_discovery:discover_packages(recursive) using defaults
[0.793s] Level 1:colcon.colcon_core.package_discovery:discover_packages(ignore) discover
[0.793s] Level 1:colcon.colcon_core.package_discovery:discover_packages(ignore) using defaults
[0.793s] Level 1:colcon.colcon_core.package_discovery:discover_packages(path) discover
[0.793s] Level 1:colcon.colcon_core.package_discovery:discover_packages(path) using defaults
[0.864s] INFO:colcon.colcon_core.package_selection:Skipping not selected package 'chassis_controller' in 'src/chassis_controller'
[0.865s] INFO:colcon.colcon_core.package_selection:Skipping not selected package 'keyboard_controller' in 'src/keyboard_controller'
[0.865s] INFO:colcon.colcon_core.package_selection:Skipping not selected package 'line_follower_control' in 'src/line_follower_control'
[0.865s] INFO:colcon.colcon_core.package_selection:Skipping not selected package 'position_udp_bridge' in 'src/position_udp_bridge'
[0.865s] INFO:colcon.colcon_core.package_selection:Skipping not selected package 'uwb_locator' in 'src/uwb_locator'
[0.865s] Level 5:colcon.colcon_core.verb:set package 'track_perception' build argument 'cmake_args' from command line to 'None'
[0.865s] Level 5:colcon.colcon_core.verb:set package 'track_perception' build argument 'cmake_target' from command line to 'None'
[0.865s] Level 5:colcon.colcon_core.verb:set package 'track_perception' build argument 'cmake_target_skip_unavailable' from command line to 'False'
[0.865s] Level 5:colcon.colcon_core.verb:set package 'track_perception' build argument 'cmake_clean_cache' from command line to 'False'
[0.865s] Level 5:colcon.colcon_core.verb:set package 'track_perception' build argument 'cmake_clean_first' from command line to 'False'
[0.865s] Level 5:colcon.colcon_core.verb:set package 'track_perception' build argument 'cmake_force_configure' from command line to 'False'
[0.866s] Level 5:colcon.colcon_core.verb:set package 'track_perception' build argument 'ament_cmake_args' from command line to 'None'
[0.866s] Level 5:colcon.colcon_core.verb:set package 'track_perception' build argument 'catkin_cmake_args' from command line to 'None'
[0.866s] Level 5:colcon.colcon_core.verb:set package 'track_perception' build argument 'catkin_skip_building_tests' from command line to 'False'
[0.866s] DEBUG:colcon.colcon_core.verb:Building package 'track_perception' with the following arguments: {'ament_cmake_args': None, 'build_base': '/home/orangepi/scuderiaferrari/build/track_perception', 'catkin_cmake_args': None, 'catkin_skip_building_tests': False, 'cmake_args': None, 'cmake_clean_cache': False, 'cmake_clean_first': False, 'cmake_force_configure': False, 'cmake_target': None, 'cmake_target_skip_unavailable': False, 'install_base': '/home/orangepi/scuderiaferrari/install/track_perception', 'merge_install': False, 'path': '/home/orangepi/scuderiaferrari/src/track_perception', 'symlink_install': False, 'test_result_base': None}
[0.866s] INFO:colcon.colcon_core.executor:Executing jobs using 'parallel' executor
[0.873s] DEBUG:colcon.colcon_parallel_executor.executor.parallel:run_until_complete
[0.873s] INFO:colcon.colcon_ros.task.ament_python.build:Building ROS package in '/home/orangepi/scuderiaferrari/src/track_perception' with build type 'ament_python'
[0.873s] Level 1:colcon.colcon_core.shell:create_environment_hook('track_perception', 'ament_prefix_path')
[0.877s] INFO:colcon.colcon_core.plugin_system:Skipping extension 'colcon_core.shell.bat': Not used on non-Windows systems
[0.883s] INFO:colcon.colcon_core.shell:Creating environment hook '/home/orangepi/scuderiaferrari/install/track_perception/share/track_perception/hook/ament_prefix_path.ps1'
[0.894s] INFO:colcon.colcon_core.shell:Creating environment descriptor '/home/orangepi/scuderiaferrari/install/track_perception/share/track_perception/hook/ament_prefix_path.dsv'
[0.908s] INFO:colcon.colcon_core.shell:Creating environment hook '/home/orangepi/scuderiaferrari/install/track_perception/share/track_perception/hook/ament_prefix_path.sh'
[0.923s] INFO:colcon.colcon_core.shell:Skip shell extension 'powershell' for command environment: Not usable outside of PowerShell
[0.924s] DEBUG:colcon.colcon_core.shell:Skip shell extension 'dsv' for command environment
[1.627s] INFO:colcon.colcon_core.task.python.build:Building Python package in '/home/orangepi/scuderiaferrari/src/track_perception'
[1.628s] INFO:colcon.colcon_core.shell:Skip shell extension 'powershell' for command environment: Not usable outside of PowerShell
[1.629s] DEBUG:colcon.colcon_core.shell:Skip shell extension 'dsv' for command environment
[2.557s] DEBUG:colcon.colcon_core.event_handler.log_command:Invoking command in '/home/orangepi/scuderiaferrari/src/track_perception': PYTHONPATH=/home/orangepi/scuderiaferrari/build/track_perception/prefix_override:/usr/lib/python3/dist-packages/colcon_core/task/python/colcon_distutils_commands:/home/orangepi/scuderiaferrari/install/track_perception/lib/python3.10/site-packages:${PYTHONPATH} /usr/bin/python3 -W ignore:setup.py install is deprecated -W ignore:easy_install command is deprecated setup.py egg_info --egg-base ../../build/track_perception build --build-base /home/orangepi/scuderiaferrari/build/track_perception/build install --record /home/orangepi/scuderiaferrari/build/track_perception/install.log --single-version-externally-managed install_data
[3.279s] DEBUG:colcon.colcon_core.event_handler.log_command:Invoked command in '/home/orangepi/scuderiaferrari/src/track_perception' returned '0': PYTHONPATH=/home/orangepi/scuderiaferrari/build/track_perception/prefix_override:/usr/lib/python3/dist-packages/colcon_core/task/python/colcon_distutils_commands:/home/orangepi/scuderiaferrari/install/track_perception/lib/python3.10/site-packages:${PYTHONPATH} /usr/bin/python3 -W ignore:setup.py install is deprecated -W ignore:easy_install command is deprecated setup.py egg_info --egg-base ../../build/track_perception build --build-base /home/orangepi/scuderiaferrari/build/track_perception/build install --record /home/orangepi/scuderiaferrari/build/track_perception/install.log --single-version-externally-managed install_data
[3.291s] Level 1:colcon.colcon_core.environment:checking '/home/orangepi/scuderiaferrari/install/track_perception' for CMake module files
[3.292s] Level 1:colcon.colcon_core.environment:checking '/home/orangepi/scuderiaferrari/install/track_perception' for CMake config files
[3.293s] Level 1:colcon.colcon_core.environment:checking '/home/orangepi/scuderiaferrari/install/track_perception/lib'
[3.294s] Level 1:colcon.colcon_core.environment:checking '/home/orangepi/scuderiaferrari/install/track_perception/bin'
[3.294s] Level 1:colcon.colcon_core.environment:checking '/home/orangepi/scuderiaferrari/install/track_perception/lib/pkgconfig/track_perception.pc'
[3.294s] Level 1:colcon.colcon_core.environment:checking '/home/orangepi/scuderiaferrari/install/track_perception/lib/python3.10/site-packages'
[3.294s] Level 1:colcon.colcon_core.shell:create_environment_hook('track_perception', 'pythonpath')
[3.295s] INFO:colcon.colcon_core.shell:Creating environment hook '/home/orangepi/scuderiaferrari/install/track_perception/share/track_perception/hook/pythonpath.ps1'
[3.299s] INFO:colcon.colcon_core.shell:Creating environment descriptor '/home/orangepi/scuderiaferrari/install/track_perception/share/track_perception/hook/pythonpath.dsv'
[3.308s] INFO:colcon.colcon_core.shell:Creating environment hook '/home/orangepi/scuderiaferrari/install/track_perception/share/track_perception/hook/pythonpath.sh'
[3.320s] Level 1:colcon.colcon_core.environment:checking '/home/orangepi/scuderiaferrari/install/track_perception/bin'
[3.321s] Level 1:colcon.colcon_core.environment:create_environment_scripts_only(track_perception)
[3.324s] INFO:colcon.colcon_core.shell:Creating package script '/home/orangepi/scuderiaferrari/install/track_perception/share/track_perception/package.ps1'
[3.344s] INFO:colcon.colcon_core.shell:Creating package descriptor '/home/orangepi/scuderiaferrari/install/track_perception/share/track_perception/package.dsv'
[3.354s] INFO:colcon.colcon_core.shell:Creating package script '/home/orangepi/scuderiaferrari/install/track_perception/share/track_perception/package.sh'
[3.362s] INFO:colcon.colcon_core.shell:Creating package script '/home/orangepi/scuderiaferrari/install/track_perception/share/track_perception/package.bash'
[3.368s] INFO:colcon.colcon_core.shell:Creating package script '/home/orangepi/scuderiaferrari/install/track_perception/share/track_perception/package.zsh'
[3.375s] Level 1:colcon.colcon_core.environment:create_file_with_runtime_dependencies(/home/orangepi/scuderiaferrari/install/track_perception/share/colcon-core/packages/track_perception)
[3.381s] DEBUG:colcon.colcon_parallel_executor.executor.parallel:closing loop
[3.382s] DEBUG:colcon.colcon_parallel_executor.executor.parallel:loop closed
[3.382s] DEBUG:colcon.colcon_parallel_executor.executor.parallel:run_until_complete finished with '0'
[3.383s] DEBUG:colcon.colcon_core.event_reactor:joining thread
[3.413s] INFO:colcon.colcon_core.plugin_system:Skipping extension 'colcon_notification.desktop_notification.terminal_notifier': Not used on non-Darwin systems
[3.414s] INFO:colcon.colcon_core.plugin_system:Skipping extension 'colcon_notification.desktop_notification.win32': Not used on non-Windows systems
[3.414s] INFO:colcon.colcon_notification.desktop_notification:Sending desktop notification using 'notify2'
[3.431s] DEBUG:colcon.colcon_core.event_reactor:joined thread
[3.432s] INFO:colcon.colcon_core.shell:Creating prefix script '/home/orangepi/scuderiaferrari/install/local_setup.ps1'
[3.454s] INFO:colcon.colcon_core.shell:Creating prefix util module '/home/orangepi/scuderiaferrari/install/_local_setup_util_ps1.py'
[3.502s] INFO:colcon.colcon_core.shell:Creating prefix chain script '/home/orangepi/scuderiaferrari/install/setup.ps1'
[3.526s] INFO:colcon.colcon_core.shell:Creating prefix script '/home/orangepi/scuderiaferrari/install/local_setup.sh'
[3.549s] INFO:colcon.colcon_core.shell:Creating prefix util module '/home/orangepi/scuderiaferrari/install/_local_setup_util_sh.py'
[3.574s] INFO:colcon.colcon_core.shell:Creating prefix chain script '/home/orangepi/scuderiaferrari/install/setup.sh'
[3.598s] INFO:colcon.colcon_core.shell:Creating prefix script '/home/orangepi/scuderiaferrari/install/local_setup.bash'
[3.622s] INFO:colcon.colcon_core.shell:Creating prefix chain script '/home/orangepi/scuderiaferrari/install/setup.bash'
[3.647s] INFO:colcon.colcon_core.shell:Creating prefix script '/home/orangepi/scuderiaferrari/install/local_setup.zsh'
[3.672s] INFO:colcon.colcon_core.shell:Creating prefix chain script '/home/orangepi/scuderiaferrari/install/setup.zsh'
