[4.641s] Invoking command in '/home/orangepi/scuderiaferrari/src/uwb_locator': PYTHONPATH=/home/orangepi/scuderiaferrari/build/uwb_locator/prefix_override:/usr/lib/python3/dist-packages/colcon_core/task/python/colcon_distutils_commands:/home/orangepi/scuderiaferrari/install/uwb_locator/lib/python3.10/site-packages:${PYTHONPATH} /usr/bin/python3 -W ignore:setup.py install is deprecated -W ignore:easy_install command is deprecated setup.py egg_info --egg-base ../../build/uwb_locator build --build-base /home/orangepi/scuderiaferrari/build/uwb_locator/build install --record /home/orangepi/scuderiaferrari/build/uwb_locator/install.log --single-version-externally-managed install_data
[5.862s] running egg_info
[5.867s] writing ../../build/uwb_locator/uwb_locator.egg-info/PKG-INFO
[5.914s] writing dependency_links to ../../build/uwb_locator/uwb_locator.egg-info/dependency_links.txt
[5.982s] writing entry points to ../../build/uwb_locator/uwb_locator.egg-info/entry_points.txt
[6.059s] writing requirements to ../../build/uwb_locator/uwb_locator.egg-info/requires.txt
[6.081s] writing top-level names to ../../build/uwb_locator/uwb_locator.egg-info/top_level.txt
[6.107s] reading manifest file '../../build/uwb_locator/uwb_locator.egg-info/SOURCES.txt'
[6.110s] writing manifest file '../../build/uwb_locator/uwb_locator.egg-info/SOURCES.txt'
[6.114s] running build
[6.114s] running build_py
[6.115s] running install
[6.116s] running install_lib
[6.138s] running install_data
[6.139s] running install_egg_info
[6.141s] removing '/home/orangepi/scuderiaferrari/install/uwb_locator/lib/python3.10/site-packages/uwb_locator-1.0.0-py3.10.egg-info' (and everything under it)
[6.149s] Copying ../../build/uwb_locator/uwb_locator.egg-info to /home/orangepi/scuderiaferrari/install/uwb_locator/lib/python3.10/site-packages/uwb_locator-1.0.0-py3.10.egg-info
[6.151s] running install_scripts
[6.200s] Installing uwb_tag_node script to /home/orangepi/scuderiaferrari/install/uwb_locator/bin
[6.212s] writing list of installed files to '/home/orangepi/scuderiaferrari/build/uwb_locator/install.log'
[6.665s] Invoked command in '/home/orangepi/scuderiaferrari/src/uwb_locator' returned '0': PYTHONPATH=/home/orangepi/scuderiaferrari/build/uwb_locator/prefix_override:/usr/lib/python3/dist-packages/colcon_core/task/python/colcon_distutils_commands:/home/orangepi/scuderiaferrari/install/uwb_locator/lib/python3.10/site-packages:${PYTHONPATH} /usr/bin/python3 -W ignore:setup.py install is deprecated -W ignore:easy_install command is deprecated setup.py egg_info --egg-base ../../build/uwb_locator build --build-base /home/orangepi/scuderiaferrari/build/uwb_locator/build install --record /home/orangepi/scuderiaferrari/build/uwb_locator/install.log --single-version-externally-managed install_data
