[3.246s] Invoking command in '/home/orangepi/scuderiaferrari/src/line_follower_control': PYTHONPATH=/home/orangepi/scuderiaferrari/build/line_follower_control/prefix_override:/usr/lib/python3/dist-packages/colcon_core/task/python/colcon_distutils_commands:/home/orangepi/scuderiaferrari/install/line_follower_control/lib/python3.10/site-packages:${PYTHONPATH} /usr/bin/python3 -W ignore:setup.py install is deprecated -W ignore:easy_install command is deprecated setup.py egg_info --egg-base ../../build/line_follower_control build --build-base /home/orangepi/scuderiaferrari/build/line_follower_control/build install --record /home/orangepi/scuderiaferrari/build/line_follower_control/install.log --single-version-externally-managed install_data
[3.694s] running egg_info
[3.696s] writing ../../build/line_follower_control/line_follower_control.egg-info/PKG-INFO
[3.700s] writing dependency_links to ../../build/line_follower_control/line_follower_control.egg-info/dependency_links.txt
[3.710s] writing entry points to ../../build/line_follower_control/line_follower_control.egg-info/entry_points.txt
[3.711s] writing requirements to ../../build/line_follower_control/line_follower_control.egg-info/requires.txt
[3.712s] writing top-level names to ../../build/line_follower_control/line_follower_control.egg-info/top_level.txt
[3.718s] reading manifest file '../../build/line_follower_control/line_follower_control.egg-info/SOURCES.txt'
[3.719s] writing manifest file '../../build/line_follower_control/line_follower_control.egg-info/SOURCES.txt'
[3.725s] running build
[3.725s] running build_py
[3.726s] running install
[3.728s] running install_lib
[3.731s] running install_data
[3.732s] running install_egg_info
[3.734s] removing '/home/orangepi/scuderiaferrari/install/line_follower_control/lib/python3.10/site-packages/line_follower_control-1.0.0-py3.10.egg-info' (and everything under it)
[3.735s] Copying ../../build/line_follower_control/line_follower_control.egg-info to /home/orangepi/scuderiaferrari/install/line_follower_control/lib/python3.10/site-packages/line_follower_control-1.0.0-py3.10.egg-info
[3.736s] running install_scripts
[3.773s] Installing controller_node script to /home/orangepi/scuderiaferrari/install/line_follower_control/lib/line_follower_control
[3.779s] writing list of installed files to '/home/orangepi/scuderiaferrari/build/line_follower_control/install.log'
[4.342s] Invoked command in '/home/orangepi/scuderiaferrari/src/line_follower_control' returned '0': PYTHONPATH=/home/orangepi/scuderiaferrari/build/line_follower_control/prefix_override:/usr/lib/python3/dist-packages/colcon_core/task/python/colcon_distutils_commands:/home/orangepi/scuderiaferrari/install/line_follower_control/lib/python3.10/site-packages:${PYTHONPATH} /usr/bin/python3 -W ignore:setup.py install is deprecated -W ignore:easy_install command is deprecated setup.py egg_info --egg-base ../../build/line_follower_control build --build-base /home/orangepi/scuderiaferrari/build/line_follower_control/build install --record /home/orangepi/scuderiaferrari/build/line_follower_control/install.log --single-version-externally-managed install_data
