running egg_info
writing ../../build/line_follower_control/line_follower_control.egg-info/PKG-INFO
writing dependency_links to ../../build/line_follower_control/line_follower_control.egg-info/dependency_links.txt
writing entry points to ../../build/line_follower_control/line_follower_control.egg-info/entry_points.txt
writing requirements to ../../build/line_follower_control/line_follower_control.egg-info/requires.txt
writing top-level names to ../../build/line_follower_control/line_follower_control.egg-info/top_level.txt
reading manifest file '../../build/line_follower_control/line_follower_control.egg-info/SOURCES.txt'
writing manifest file '../../build/line_follower_control/line_follower_control.egg-info/SOURCES.txt'
running build
running build_py
running install
running install_lib
running install_data
copying launch/controller.launch.py -> /home/orangepi/scuderiaferrari/install/line_follower_control/share/line_follower_control/launch
copying config/controller_params.yaml -> /home/orangepi/scuderiaferrari/install/line_follower_control/share/line_follower_control/config
running install_egg_info
removing '/home/orangepi/scuderiaferrari/install/line_follower_control/lib/python3.10/site-packages/line_follower_control-1.0.0-py3.10.egg-info' (and everything under it)
Copying ../../build/line_follower_control/line_follower_control.egg-info to /home/orangepi/scuderiaferrari/install/line_follower_control/lib/python3.10/site-packages/line_follower_control-1.0.0-py3.10.egg-info
running install_scripts
Installing controller_node script to /home/orangepi/scuderiaferrari/install/line_follower_control/lib/line_follower_control
writing list of installed files to '/home/orangepi/scuderiaferrari/build/line_follower_control/install.log'
