[1.725s] Invoking command in '/home/orangepi/scuderiaferrari/src/line_follower_control': PYTHONPATH=/home/orangepi/scuderiaferrari/build/line_follower_control/prefix_override:/usr/lib/python3/dist-packages/colcon_core/task/python/colcon_distutils_commands:/home/orangepi/scuderiaferrari/install/line_follower_control/lib/python3.10/site-packages:${PYTHONPATH} /usr/bin/python3 -W ignore:setup.py install is deprecated -W ignore:easy_install command is deprecated setup.py egg_info --egg-base ../../build/line_follower_control build --build-base /home/orangepi/scuderiaferrari/build/line_follower_control/build install --record /home/orangepi/scuderiaferrari/build/line_follower_control/install.log --single-version-externally-managed install_data
[2.339s] running egg_info
[2.341s] writing ../../build/line_follower_control/line_follower_control.egg-info/PKG-INFO
[2.349s] writing dependency_links to ../../build/line_follower_control/line_follower_control.egg-info/dependency_links.txt
[2.373s] writing entry points to ../../build/line_follower_control/line_follower_control.egg-info/entry_points.txt
[2.376s] writing requirements to ../../build/line_follower_control/line_follower_control.egg-info/requires.txt
[2.382s] writing top-level names to ../../build/line_follower_control/line_follower_control.egg-info/top_level.txt
[2.396s] reading manifest file '../../build/line_follower_control/line_follower_control.egg-info/SOURCES.txt'
[2.401s] writing manifest file '../../build/line_follower_control/line_follower_control.egg-info/SOURCES.txt'
[2.404s] running build
[2.404s] running build_py
[2.407s] running install
[2.407s] running install_lib
[2.412s] running install_data
[2.413s] copying launch/controller.launch.py -> /home/orangepi/scuderiaferrari/install/line_follower_control/share/line_follower_control/launch
[2.417s] copying config/controller_params.yaml -> /home/orangepi/scuderiaferrari/install/line_follower_control/share/line_follower_control/config
[2.426s] running install_egg_info
[2.442s] removing '/home/orangepi/scuderiaferrari/install/line_follower_control/lib/python3.10/site-packages/line_follower_control-1.0.0-py3.10.egg-info' (and everything under it)
[2.479s] Copying ../../build/line_follower_control/line_follower_control.egg-info to /home/orangepi/scuderiaferrari/install/line_follower_control/lib/python3.10/site-packages/line_follower_control-1.0.0-py3.10.egg-info
[2.490s] running install_scripts
[2.564s] Installing controller_node script to /home/orangepi/scuderiaferrari/install/line_follower_control/lib/line_follower_control
[2.582s] writing list of installed files to '/home/orangepi/scuderiaferrari/build/line_follower_control/install.log'
[2.691s] Invoked command in '/home/orangepi/scuderiaferrari/src/line_follower_control' returned '0': PYTHONPATH=/home/orangepi/scuderiaferrari/build/line_follower_control/prefix_override:/usr/lib/python3/dist-packages/colcon_core/task/python/colcon_distutils_commands:/home/orangepi/scuderiaferrari/install/line_follower_control/lib/python3.10/site-packages:${PYTHONPATH} /usr/bin/python3 -W ignore:setup.py install is deprecated -W ignore:easy_install command is deprecated setup.py egg_info --egg-base ../../build/line_follower_control build --build-base /home/orangepi/scuderiaferrari/build/line_follower_control/build install --record /home/orangepi/scuderiaferrari/build/line_follower_control/install.log --single-version-externally-managed install_data
