[3.564s] Invoking command in '/home/orangepi/scuderiaferrari/src/line_follower_control': PYTHONPATH=/home/orangepi/scuderiaferrari/build/line_follower_control/prefix_override:/usr/lib/python3/dist-packages/colcon_core/task/python/colcon_distutils_commands:/home/orangepi/scuderiaferrari/install/line_follower_control/lib/python3.10/site-packages:${PYTHONPATH} /usr/bin/python3 -W ignore:setup.py install is deprecated -W ignore:easy_install command is deprecated setup.py egg_info --egg-base ../../build/line_follower_control build --build-base /home/orangepi/scuderiaferrari/build/line_follower_control/build install --record /home/orangepi/scuderiaferrari/build/line_follower_control/install.log --single-version-externally-managed install_data
[4.132s] running egg_info
[4.133s] writing ../../build/line_follower_control/line_follower_control.egg-info/PKG-INFO
[4.139s] writing dependency_links to ../../build/line_follower_control/line_follower_control.egg-info/dependency_links.txt
[4.148s] writing entry points to ../../build/line_follower_control/line_follower_control.egg-info/entry_points.txt
[4.150s] writing requirements to ../../build/line_follower_control/line_follower_control.egg-info/requires.txt
[4.158s] writing top-level names to ../../build/line_follower_control/line_follower_control.egg-info/top_level.txt
[4.177s] reading manifest file '../../build/line_follower_control/line_follower_control.egg-info/SOURCES.txt'
[4.177s] writing manifest file '../../build/line_follower_control/line_follower_control.egg-info/SOURCES.txt'
[4.180s] running build
[4.180s] running build_py
[4.180s] running install
[4.180s] running install_lib
[4.184s] running install_data
[4.187s] running install_egg_info
[4.191s] removing '/home/orangepi/scuderiaferrari/install/line_follower_control/lib/python3.10/site-packages/line_follower_control-1.0.0-py3.10.egg-info' (and everything under it)
[4.245s] Copying ../../build/line_follower_control/line_follower_control.egg-info to /home/orangepi/scuderiaferrari/install/line_follower_control/lib/python3.10/site-packages/line_follower_control-1.0.0-py3.10.egg-info
[4.246s] running install_scripts
[4.287s] Installing controller_node script to /home/orangepi/scuderiaferrari/install/line_follower_control/lib/line_follower_control
[4.288s] writing list of installed files to '/home/orangepi/scuderiaferrari/build/line_follower_control/install.log'
[4.387s] Invoked command in '/home/orangepi/scuderiaferrari/src/line_follower_control' returned '0': PYTHONPATH=/home/orangepi/scuderiaferrari/build/line_follower_control/prefix_override:/usr/lib/python3/dist-packages/colcon_core/task/python/colcon_distutils_commands:/home/orangepi/scuderiaferrari/install/line_follower_control/lib/python3.10/site-packages:${PYTHONPATH} /usr/bin/python3 -W ignore:setup.py install is deprecated -W ignore:easy_install command is deprecated setup.py egg_info --egg-base ../../build/line_follower_control build --build-base /home/orangepi/scuderiaferrari/build/line_follower_control/build install --record /home/orangepi/scuderiaferrari/build/line_follower_control/install.log --single-version-externally-managed install_data
