[1.493s] Invoking command in '/home/orangepi/scuderiaferrari/src/line_follower_control': PYTHONPATH=/home/orangepi/scuderiaferrari/build/line_follower_control/prefix_override:/usr/lib/python3/dist-packages/colcon_core/task/python/colcon_distutils_commands:/home/orangepi/scuderiaferrari/install/line_follower_control/lib/python3.10/site-packages:${PYTHONPATH} /usr/bin/python3 -W ignore:setup.py install is deprecated -W ignore:easy_install command is deprecated setup.py egg_info --egg-base ../../build/line_follower_control build --build-base /home/orangepi/scuderiaferrari/build/line_follower_control/build install --record /home/orangepi/scuderiaferrari/build/line_follower_control/install.log --single-version-externally-managed install_data
[1.952s] running egg_info
[1.954s] writing ../../build/line_follower_control/line_follower_control.egg-info/PKG-INFO
[1.958s] writing dependency_links to ../../build/line_follower_control/line_follower_control.egg-info/dependency_links.txt
[1.967s] writing entry points to ../../build/line_follower_control/line_follower_control.egg-info/entry_points.txt
[1.970s] writing requirements to ../../build/line_follower_control/line_follower_control.egg-info/requires.txt
[1.974s] writing top-level names to ../../build/line_follower_control/line_follower_control.egg-info/top_level.txt
[1.983s] reading manifest file '../../build/line_follower_control/line_follower_control.egg-info/SOURCES.txt'
[1.986s] writing manifest file '../../build/line_follower_control/line_follower_control.egg-info/SOURCES.txt'
[1.995s] running build
[1.995s] running build_py
[1.996s] running install
[1.997s] running install_lib
[2.003s] running install_data
[2.004s] running install_egg_info
[2.007s] removing '/home/orangepi/scuderiaferrari/install/line_follower_control/lib/python3.10/site-packages/line_follower_control-1.0.0-py3.10.egg-info' (and everything under it)
[2.034s] Copying ../../build/line_follower_control/line_follower_control.egg-info to /home/orangepi/scuderiaferrari/install/line_follower_control/lib/python3.10/site-packages/line_follower_control-1.0.0-py3.10.egg-info
[2.039s] running install_scripts
[2.089s] Installing controller_node script to /home/orangepi/scuderiaferrari/install/line_follower_control/lib/line_follower_control
[2.094s] writing list of installed files to '/home/orangepi/scuderiaferrari/build/line_follower_control/install.log'
[2.199s] Invoked command in '/home/orangepi/scuderiaferrari/src/line_follower_control' returned '0': PYTHONPATH=/home/orangepi/scuderiaferrari/build/line_follower_control/prefix_override:/usr/lib/python3/dist-packages/colcon_core/task/python/colcon_distutils_commands:/home/orangepi/scuderiaferrari/install/line_follower_control/lib/python3.10/site-packages:${PYTHONPATH} /usr/bin/python3 -W ignore:setup.py install is deprecated -W ignore:easy_install command is deprecated setup.py egg_info --egg-base ../../build/line_follower_control build --build-base /home/orangepi/scuderiaferrari/build/line_follower_control/build install --record /home/orangepi/scuderiaferrari/build/line_follower_control/install.log --single-version-externally-managed install_data
