[6.636s] Invoking command in '/home/orangepi/scuderiaferrari/src/uwb_locator': PYTHONPATH=/home/orangepi/scuderiaferrari/build/uwb_locator/prefix_override:/usr/lib/python3/dist-packages/colcon_core/task/python/colcon_distutils_commands:/home/orangepi/scuderiaferrari/install/uwb_locator/lib/python3.10/site-packages:${PYTHONPATH} /usr/bin/python3 -W ignore:setup.py install is deprecated -W ignore:easy_install command is deprecated setup.py egg_info --egg-base ../../build/uwb_locator build --build-base /home/orangepi/scuderiaferrari/build/uwb_locator/build install --record /home/orangepi/scuderiaferrari/build/uwb_locator/install.log --single-version-externally-managed install_data
[7.549s] running egg_info
[7.550s] writing ../../build/uwb_locator/uwb_locator.egg-info/PKG-INFO
[7.562s] writing dependency_links to ../../build/uwb_locator/uwb_locator.egg-info/dependency_links.txt
[7.583s] writing entry points to ../../build/uwb_locator/uwb_locator.egg-info/entry_points.txt
[7.592s] writing requirements to ../../build/uwb_locator/uwb_locator.egg-info/requires.txt
[7.604s] writing top-level names to ../../build/uwb_locator/uwb_locator.egg-info/top_level.txt
[7.634s] reading manifest file '../../build/uwb_locator/uwb_locator.egg-info/SOURCES.txt'
[7.641s] writing manifest file '../../build/uwb_locator/uwb_locator.egg-info/SOURCES.txt'
[7.668s] running build
[7.668s] running build_py
[7.672s] running install
[7.683s] running install_lib
[7.687s] running install_data
[7.688s] running install_egg_info
[7.691s] removing '/home/orangepi/scuderiaferrari/install/uwb_locator/lib/python3.10/site-packages/uwb_locator-1.0.0-py3.10.egg-info' (and everything under it)
[7.786s] Copying ../../build/uwb_locator/uwb_locator.egg-info to /home/orangepi/scuderiaferrari/install/uwb_locator/lib/python3.10/site-packages/uwb_locator-1.0.0-py3.10.egg-info
[7.788s] running install_scripts
[8.220s] Installing uwb_tag_node script to /home/orangepi/scuderiaferrari/install/uwb_locator/bin
[8.242s] writing list of installed files to '/home/orangepi/scuderiaferrari/build/uwb_locator/install.log'
[8.480s] Invoked command in '/home/orangepi/scuderiaferrari/src/uwb_locator' returned '0': PYTHONPATH=/home/orangepi/scuderiaferrari/build/uwb_locator/prefix_override:/usr/lib/python3/dist-packages/colcon_core/task/python/colcon_distutils_commands:/home/orangepi/scuderiaferrari/install/uwb_locator/lib/python3.10/site-packages:${PYTHONPATH} /usr/bin/python3 -W ignore:setup.py install is deprecated -W ignore:easy_install command is deprecated setup.py egg_info --egg-base ../../build/uwb_locator build --build-base /home/orangepi/scuderiaferrari/build/uwb_locator/build install --record /home/orangepi/scuderiaferrari/build/uwb_locator/install.log --single-version-externally-managed install_data
