[3.360s] Invoking command in '/home/orangepi/scuderiaferrari/src/chassis_controller': PYTHONPATH=/home/orangepi/scuderiaferrari/build/chassis_controller/prefix_override:/usr/lib/python3/dist-packages/colcon_core/task/python/colcon_distutils_commands:/home/orangepi/scuderiaferrari/install/chassis_controller/lib/python3.10/site-packages:${PYTHONPATH} /usr/bin/python3 -W ignore:setup.py install is deprecated -W ignore:easy_install command is deprecated setup.py egg_info --egg-base ../../build/chassis_controller build --build-base /home/orangepi/scuderiaferrari/build/chassis_controller/build install --record /home/orangepi/scuderiaferrari/build/chassis_controller/install.log --single-version-externally-managed install_data
[3.711s] running egg_info
[3.712s] writing ../../build/chassis_controller/chassis_controller.egg-info/PKG-INFO
[3.719s] writing dependency_links to ../../build/chassis_controller/chassis_controller.egg-info/dependency_links.txt
[3.731s] writing entry points to ../../build/chassis_controller/chassis_controller.egg-info/entry_points.txt
[3.735s] writing requirements to ../../build/chassis_controller/chassis_controller.egg-info/requires.txt
[3.739s] writing top-level names to ../../build/chassis_controller/chassis_controller.egg-info/top_level.txt
[3.747s] reading manifest file '../../build/chassis_controller/chassis_controller.egg-info/SOURCES.txt'
[3.753s] writing manifest file '../../build/chassis_controller/chassis_controller.egg-info/SOURCES.txt'
[3.757s] running build
[3.758s] running build_py
[3.759s] running install
[3.761s] running install_lib
[3.767s] running install_data
[3.770s] running install_egg_info
[3.781s] removing '/home/orangepi/scuderiaferrari/install/chassis_controller/lib/python3.10/site-packages/chassis_controller-0.0.0-py3.10.egg-info' (and everything under it)
[3.981s] Copying ../../build/chassis_controller/chassis_controller.egg-info to /home/orangepi/scuderiaferrari/install/chassis_controller/lib/python3.10/site-packages/chassis_controller-0.0.0-py3.10.egg-info
[4.012s] running install_scripts
[4.078s] Installing chassis_controller_node script to /home/orangepi/scuderiaferrari/install/chassis_controller/lib/chassis_controller
[4.137s] writing list of installed files to '/home/orangepi/scuderiaferrari/build/chassis_controller/install.log'
[4.282s] Invoked command in '/home/orangepi/scuderiaferrari/src/chassis_controller' returned '0': PYTHONPATH=/home/orangepi/scuderiaferrari/build/chassis_controller/prefix_override:/usr/lib/python3/dist-packages/colcon_core/task/python/colcon_distutils_commands:/home/orangepi/scuderiaferrari/install/chassis_controller/lib/python3.10/site-packages:${PYTHONPATH} /usr/bin/python3 -W ignore:setup.py install is deprecated -W ignore:easy_install command is deprecated setup.py egg_info --egg-base ../../build/chassis_controller build --build-base /home/orangepi/scuderiaferrari/build/chassis_controller/build install --record /home/orangepi/scuderiaferrari/build/chassis_controller/install.log --single-version-externally-managed install_data
