running egg_info
writing ../../build/keyboard_controller/keyboard_controller.egg-info/PKG-INFO
writing dependency_links to ../../build/keyboard_controller/keyboard_controller.egg-info/dependency_links.txt
writing entry points to ../../build/keyboard_controller/keyboard_controller.egg-info/entry_points.txt
writing requirements to ../../build/keyboard_controller/keyboard_controller.egg-info/requires.txt
writing top-level names to ../../build/keyboard_controller/keyboard_controller.egg-info/top_level.txt
reading manifest file '../../build/keyboard_controller/keyboard_controller.egg-info/SOURCES.txt'
writing manifest file '../../build/keyboard_controller/keyboard_controller.egg-info/SOURCES.txt'
running build
running build_py
copying keyboard_controller/keyboard_control_node.py -> /home/orangepi/scuderiaferrari/build/keyboard_controller/build/lib/keyboard_controller
running install
running install_lib
copying /home/orangepi/scuderiaferrari/build/keyboard_controller/build/lib/keyboard_controller/keyboard_control_node.py -> /home/orangepi/scuderiaferrari/install/keyboard_controller/lib/python3.10/site-packages/keyboard_controller
byte-compiling /home/orangepi/scuderiaferrari/install/keyboard_controller/lib/python3.10/site-packages/keyboard_controller/keyboard_control_node.py to keyboard_control_node.cpython-310.pyc
running install_data
running install_egg_info
removing '/home/orangepi/scuderiaferrari/install/keyboard_controller/lib/python3.10/site-packages/keyboard_controller-0.0.0-py3.10.egg-info' (and everything under it)
Copying ../../build/keyboard_controller/keyboard_controller.egg-info to /home/orangepi/scuderiaferrari/install/keyboard_controller/lib/python3.10/site-packages/keyboard_controller-0.0.0-py3.10.egg-info
running install_scripts
Installing keyboard_control_node script to /home/orangepi/scuderiaferrari/install/keyboard_controller/lib/keyboard_controller
Installing terminal_keyboard_node script to /home/orangepi/scuderiaferrari/install/keyboard_controller/lib/keyboard_controller
writing list of installed files to '/home/orangepi/scuderiaferrari/build/keyboard_controller/install.log'
