/home/orangepi/scuderiaferrari/install/uwb_locator/lib/python3.10/site-packages/uwb_locator/serial_reader.py
/home/orangepi/scuderiaferrari/install/uwb_locator/lib/python3.10/site-packages/uwb_locator/frame_parser.py
/home/orangepi/scuderiaferrari/install/uwb_locator/lib/python3.10/site-packages/uwb_locator/__init__.py
/home/orangepi/scuderiaferrari/install/uwb_locator/lib/python3.10/site-packages/uwb_locator/uwb_tag_node.py
/home/orangepi/scuderiaferrari/install/uwb_locator/lib/python3.10/site-packages/uwb_locator/__pycache__/serial_reader.cpython-310.pyc
/home/orangepi/scuderiaferrari/install/uwb_locator/lib/python3.10/site-packages/uwb_locator/__pycache__/frame_parser.cpython-310.pyc
/home/orangepi/scuderiaferrari/install/uwb_locator/lib/python3.10/site-packages/uwb_locator/__pycache__/__init__.cpython-310.pyc
/home/orangepi/scuderiaferrari/install/uwb_locator/lib/python3.10/site-packages/uwb_locator/__pycache__/uwb_tag_node.cpython-310.pyc
/home/orangepi/scuderiaferrari/install/uwb_locator/share/ament_index/resource_index/packages/uwb_locator
/home/orangepi/scuderiaferrari/install/uwb_locator/share/uwb_locator/package.xml
/home/orangepi/scuderiaferrari/install/uwb_locator/share/uwb_locator/launch/uwb_tag.launch.py
/home/orangepi/scuderiaferrari/install/uwb_locator/share/uwb_locator/config/uwb_config.yaml
/home/orangepi/scuderiaferrari/install/uwb_locator/lib/python3.10/site-packages/uwb_locator-1.0.0-py3.10.egg-info/zip-safe
/home/orangepi/scuderiaferrari/install/uwb_locator/lib/python3.10/site-packages/uwb_locator-1.0.0-py3.10.egg-info/PKG-INFO
/home/orangepi/scuderiaferrari/install/uwb_locator/lib/python3.10/site-packages/uwb_locator-1.0.0-py3.10.egg-info/requires.txt
/home/orangepi/scuderiaferrari/install/uwb_locator/lib/python3.10/site-packages/uwb_locator-1.0.0-py3.10.egg-info/entry_points.txt
/home/orangepi/scuderiaferrari/install/uwb_locator/lib/python3.10/site-packages/uwb_locator-1.0.0-py3.10.egg-info/dependency_links.txt
/home/orangepi/scuderiaferrari/install/uwb_locator/lib/python3.10/site-packages/uwb_locator-1.0.0-py3.10.egg-info/SOURCES.txt
/home/orangepi/scuderiaferrari/install/uwb_locator/lib/python3.10/site-packages/uwb_locator-1.0.0-py3.10.egg-info/top_level.txt
/home/orangepi/scuderiaferrari/install/uwb_locator/bin/uwb_tag_node
