[3.422s] Invoking command in '/home/orangepi/scuderiaferrari/src/uwb_locator': PYTHONPATH=/home/orangepi/scuderiaferrari/build/uwb_locator/prefix_override:/usr/lib/python3/dist-packages/colcon_core/task/python/colcon_distutils_commands:/home/orangepi/scuderiaferrari/install/uwb_locator/lib/python3.10/site-packages:${PYTHONPATH} /usr/bin/python3 -W ignore:setup.py install is deprecated -W ignore:easy_install command is deprecated setup.py egg_info --egg-base ../../build/uwb_locator build --build-base /home/orangepi/scuderiaferrari/build/uwb_locator/build install --record /home/orangepi/scuderiaferrari/build/uwb_locator/install.log --single-version-externally-managed install_data
[3.746s] running egg_info
[3.748s] writing ../../build/uwb_locator/uwb_locator.egg-info/PKG-INFO
[3.828s] writing dependency_links to ../../build/uwb_locator/uwb_locator.egg-info/dependency_links.txt
[3.922s] writing entry points to ../../build/uwb_locator/uwb_locator.egg-info/entry_points.txt
[3.988s] writing requirements to ../../build/uwb_locator/uwb_locator.egg-info/requires.txt
[4.007s] writing top-level names to ../../build/uwb_locator/uwb_locator.egg-info/top_level.txt
[4.035s] reading manifest file '../../build/uwb_locator/uwb_locator.egg-info/SOURCES.txt'
[4.035s] writing manifest file '../../build/uwb_locator/uwb_locator.egg-info/SOURCES.txt'
[4.081s] running build
[4.082s] running build_py
[4.082s] running install
[4.082s] running install_lib
[4.082s] running install_data
[4.082s] running install_egg_info
[4.082s] removing '/home/orangepi/scuderiaferrari/install/uwb_locator/lib/python3.10/site-packages/uwb_locator-1.0.0-py3.10.egg-info' (and everything under it)
[4.145s] Copying ../../build/uwb_locator/uwb_locator.egg-info to /home/orangepi/scuderiaferrari/install/uwb_locator/lib/python3.10/site-packages/uwb_locator-1.0.0-py3.10.egg-info
[4.146s] running install_scripts
[4.187s] Installing uwb_tag_node script to /home/orangepi/scuderiaferrari/install/uwb_locator/bin
[4.199s] writing list of installed files to '/home/orangepi/scuderiaferrari/build/uwb_locator/install.log'
[4.340s] Invoked command in '/home/orangepi/scuderiaferrari/src/uwb_locator' returned '0': PYTHONPATH=/home/orangepi/scuderiaferrari/build/uwb_locator/prefix_override:/usr/lib/python3/dist-packages/colcon_core/task/python/colcon_distutils_commands:/home/orangepi/scuderiaferrari/install/uwb_locator/lib/python3.10/site-packages:${PYTHONPATH} /usr/bin/python3 -W ignore:setup.py install is deprecated -W ignore:easy_install command is deprecated setup.py egg_info --egg-base ../../build/uwb_locator build --build-base /home/orangepi/scuderiaferrari/build/uwb_locator/build install --record /home/orangepi/scuderiaferrari/build/uwb_locator/install.log --single-version-externally-managed install_data
