[3.872s] Invoking command in '/home/orangepi/scuderiaferrari/src/chassis_controller': PYTHONPATH=/home/orangepi/scuderiaferrari/build/chassis_controller/prefix_override:/usr/lib/python3/dist-packages/colcon_core/task/python/colcon_distutils_commands:/home/orangepi/scuderiaferrari/install/chassis_controller/lib/python3.10/site-packages:${PYTHONPATH} /usr/bin/python3 -W ignore:setup.py install is deprecated -W ignore:easy_install command is deprecated setup.py egg_info --egg-base ../../build/chassis_controller build --build-base /home/orangepi/scuderiaferrari/build/chassis_controller/build install --record /home/orangepi/scuderiaferrari/build/chassis_controller/install.log --single-version-externally-managed install_data
[4.445s] running egg_info
[4.454s] writing ../../build/chassis_controller/chassis_controller.egg-info/PKG-INFO
[4.463s] writing dependency_links to ../../build/chassis_controller/chassis_controller.egg-info/dependency_links.txt
[4.474s] writing entry points to ../../build/chassis_controller/chassis_controller.egg-info/entry_points.txt
[4.482s] writing requirements to ../../build/chassis_controller/chassis_controller.egg-info/requires.txt
[4.482s] writing top-level names to ../../build/chassis_controller/chassis_controller.egg-info/top_level.txt
[4.497s] reading manifest file '../../build/chassis_controller/chassis_controller.egg-info/SOURCES.txt'
[4.502s] writing manifest file '../../build/chassis_controller/chassis_controller.egg-info/SOURCES.txt'
[4.507s] running build
[4.507s] running build_py
[4.508s] running install
[4.510s] running install_lib
[4.515s] running install_data
[4.524s] running install_egg_info
[4.529s] removing '/home/orangepi/scuderiaferrari/install/chassis_controller/lib/python3.10/site-packages/chassis_controller-0.0.0-py3.10.egg-info' (and everything under it)
[4.966s] Copying ../../build/chassis_controller/chassis_controller.egg-info to /home/orangepi/scuderiaferrari/install/chassis_controller/lib/python3.10/site-packages/chassis_controller-0.0.0-py3.10.egg-info
[4.967s] running install_scripts
[5.039s] Installing chassis_controller_node script to /home/orangepi/scuderiaferrari/install/chassis_controller/lib/chassis_controller
[5.057s] writing list of installed files to '/home/orangepi/scuderiaferrari/build/chassis_controller/install.log'
[5.134s] Invoked command in '/home/orangepi/scuderiaferrari/src/chassis_controller' returned '0': PYTHONPATH=/home/orangepi/scuderiaferrari/build/chassis_controller/prefix_override:/usr/lib/python3/dist-packages/colcon_core/task/python/colcon_distutils_commands:/home/orangepi/scuderiaferrari/install/chassis_controller/lib/python3.10/site-packages:${PYTHONPATH} /usr/bin/python3 -W ignore:setup.py install is deprecated -W ignore:easy_install command is deprecated setup.py egg_info --egg-base ../../build/chassis_controller build --build-base /home/orangepi/scuderiaferrari/build/chassis_controller/build install --record /home/orangepi/scuderiaferrari/build/chassis_controller/install.log --single-version-externally-managed install_data
