[6.971s] Invoking command in '/home/orangepi/scuderiaferrari/src/chassis_controller': PYTHONPATH=/home/orangepi/scuderiaferrari/build/chassis_controller/prefix_override:/usr/lib/python3/dist-packages/colcon_core/task/python/colcon_distutils_commands:/home/orangepi/scuderiaferrari/install/chassis_controller/lib/python3.10/site-packages:${PYTHONPATH} /usr/bin/python3 -W ignore:setup.py install is deprecated -W ignore:easy_install command is deprecated setup.py egg_info --egg-base ../../build/chassis_controller build --build-base /home/orangepi/scuderiaferrari/build/chassis_controller/build install --record /home/orangepi/scuderiaferrari/build/chassis_controller/install.log --single-version-externally-managed install_data
[8.550s] running egg_info
[8.550s] writing ../../build/chassis_controller/chassis_controller.egg-info/PKG-INFO
[8.685s] writing dependency_links to ../../build/chassis_controller/chassis_controller.egg-info/dependency_links.txt
[8.814s] writing entry points to ../../build/chassis_controller/chassis_controller.egg-info/entry_points.txt
[8.831s] writing requirements to ../../build/chassis_controller/chassis_controller.egg-info/requires.txt
[8.844s] writing top-level names to ../../build/chassis_controller/chassis_controller.egg-info/top_level.txt
[8.873s] reading manifest file '../../build/chassis_controller/chassis_controller.egg-info/SOURCES.txt'
[8.890s] writing manifest file '../../build/chassis_controller/chassis_controller.egg-info/SOURCES.txt'
[8.909s] running build
[8.909s] running build_py
[8.909s] running install
[8.909s] running install_lib
[8.909s] running install_data
[8.909s] running install_egg_info
[8.910s] removing '/home/orangepi/scuderiaferrari/install/chassis_controller/lib/python3.10/site-packages/chassis_controller-0.0.0-py3.10.egg-info' (and everything under it)
[8.959s] Copying ../../build/chassis_controller/chassis_controller.egg-info to /home/orangepi/scuderiaferrari/install/chassis_controller/lib/python3.10/site-packages/chassis_controller-0.0.0-py3.10.egg-info
[8.973s] running install_scripts
[9.141s] Installing chassis_controller_node script to /home/orangepi/scuderiaferrari/install/chassis_controller/lib/chassis_controller
[9.148s] writing list of installed files to '/home/orangepi/scuderiaferrari/build/chassis_controller/install.log'
[9.278s] Invoked command in '/home/orangepi/scuderiaferrari/src/chassis_controller' returned '0': PYTHONPATH=/home/orangepi/scuderiaferrari/build/chassis_controller/prefix_override:/usr/lib/python3/dist-packages/colcon_core/task/python/colcon_distutils_commands:/home/orangepi/scuderiaferrari/install/chassis_controller/lib/python3.10/site-packages:${PYTHONPATH} /usr/bin/python3 -W ignore:setup.py install is deprecated -W ignore:easy_install command is deprecated setup.py egg_info --egg-base ../../build/chassis_controller build --build-base /home/orangepi/scuderiaferrari/build/chassis_controller/build install --record /home/orangepi/scuderiaferrari/build/chassis_controller/install.log --single-version-externally-managed install_data
