[1.736s] Invoking command in '/home/orangepi/scuderiaferrari/src/track_perception': PYTHONPATH=/home/orangepi/scuderiaferrari/build/track_perception/prefix_override:/usr/lib/python3/dist-packages/colcon_core/task/python/colcon_distutils_commands:/home/orangepi/scuderiaferrari/install/track_perception/lib/python3.10/site-packages:${PYTHONPATH} /usr/bin/python3 -W ignore:setup.py install is deprecated -W ignore:easy_install command is deprecated setup.py egg_info --egg-base ../../build/track_perception build --build-base /home/orangepi/scuderiaferrari/build/track_perception/build install --record /home/orangepi/scuderiaferrari/build/track_perception/install.log --single-version-externally-managed install_data
[2.108s] running egg_info
[2.110s] writing ../../build/track_perception/track_perception.egg-info/PKG-INFO
[2.114s] writing dependency_links to ../../build/track_perception/track_perception.egg-info/dependency_links.txt
[2.121s] writing entry points to ../../build/track_perception/track_perception.egg-info/entry_points.txt
[2.127s] writing requirements to ../../build/track_perception/track_perception.egg-info/requires.txt
[2.133s] writing top-level names to ../../build/track_perception/track_perception.egg-info/top_level.txt
[2.149s] reading manifest file '../../build/track_perception/track_perception.egg-info/SOURCES.txt'
[2.156s] writing manifest file '../../build/track_perception/track_perception.egg-info/SOURCES.txt'
[2.169s] running build
[2.170s] running build_py
[2.170s] copying track_perception/perception_decision_node.py -> /home/orangepi/scuderiaferrari/build/track_perception/build/lib/track_perception
[2.183s] running install
[2.183s] running install_lib
[2.189s] copying /home/orangepi/scuderiaferrari/build/track_perception/build/lib/track_perception/perception_decision_node.py -> /home/orangepi/scuderiaferrari/install/track_perception/lib/python3.10/site-packages/track_perception
[2.192s] byte-compiling /home/orangepi/scuderiaferrari/install/track_perception/lib/python3.10/site-packages/track_perception/perception_decision_node.py to perception_decision_node.cpython-310.pyc
[2.222s] running install_data
[2.223s] copying config/intersection_params.yaml -> /home/orangepi/scuderiaferrari/install/track_perception/share/track_perception/config
[2.231s] running install_egg_info
[2.234s] removing '/home/orangepi/scuderiaferrari/install/track_perception/lib/python3.10/site-packages/track_perception-2.0.0-py3.10.egg-info' (and everything under it)
[2.281s] Copying ../../build/track_perception/track_perception.egg-info to /home/orangepi/scuderiaferrari/install/track_perception/lib/python3.10/site-packages/track_perception-2.0.0-py3.10.egg-info
[2.282s] running install_scripts
[2.323s] Installing object_detection_node script to /home/orangepi/scuderiaferrari/install/track_perception/lib/track_perception
[2.329s] Installing perception_decision_node script to /home/orangepi/scuderiaferrari/install/track_perception/lib/track_perception
[2.336s] writing list of installed files to '/home/orangepi/scuderiaferrari/build/track_perception/install.log'
[2.547s] Invoked command in '/home/orangepi/scuderiaferrari/src/track_perception' returned '0': PYTHONPATH=/home/orangepi/scuderiaferrari/build/track_perception/prefix_override:/usr/lib/python3/dist-packages/colcon_core/task/python/colcon_distutils_commands:/home/orangepi/scuderiaferrari/install/track_perception/lib/python3.10/site-packages:${PYTHONPATH} /usr/bin/python3 -W ignore:setup.py install is deprecated -W ignore:easy_install command is deprecated setup.py egg_info --egg-base ../../build/track_perception build --build-base /home/orangepi/scuderiaferrari/build/track_perception/build install --record /home/orangepi/scuderiaferrari/build/track_perception/install.log --single-version-externally-managed install_data
