[3.067s] Invoking command in '/home/orangepi/scuderiaferrari/src/track_perception': PYTHONPATH=/home/orangepi/scuderiaferrari/build/track_perception/prefix_override:/usr/lib/python3/dist-packages/colcon_core/task/python/colcon_distutils_commands:/home/orangepi/scuderiaferrari/install/track_perception/lib/python3.10/site-packages:${PYTHONPATH} /usr/bin/python3 -W ignore:setup.py install is deprecated -W ignore:easy_install command is deprecated setup.py egg_info --egg-base ../../build/track_perception build --build-base /home/orangepi/scuderiaferrari/build/track_perception/build install --record /home/orangepi/scuderiaferrari/build/track_perception/install.log --single-version-externally-managed install_data
[3.393s] running egg_info
[3.395s] writing ../../build/track_perception/track_perception.egg-info/PKG-INFO
[3.398s] writing dependency_links to ../../build/track_perception/track_perception.egg-info/dependency_links.txt
[3.401s] writing entry points to ../../build/track_perception/track_perception.egg-info/entry_points.txt
[3.406s] writing requirements to ../../build/track_perception/track_perception.egg-info/requires.txt
[3.411s] writing top-level names to ../../build/track_perception/track_perception.egg-info/top_level.txt
[3.431s] reading manifest file '../../build/track_perception/track_perception.egg-info/SOURCES.txt'
[3.440s] writing manifest file '../../build/track_perception/track_perception.egg-info/SOURCES.txt'
[3.446s] running build
[3.446s] running build_py
[3.457s] running install
[3.458s] running install_lib
[3.463s] running install_data
[3.464s] running install_egg_info
[3.472s] removing '/home/orangepi/scuderiaferrari/install/track_perception/lib/python3.10/site-packages/track_perception-2.0.0-py3.10.egg-info' (and everything under it)
[3.498s] Copying ../../build/track_perception/track_perception.egg-info to /home/orangepi/scuderiaferrari/install/track_perception/lib/python3.10/site-packages/track_perception-2.0.0-py3.10.egg-info
[3.501s] running install_scripts
[3.619s] Installing object_detection_node script to /home/orangepi/scuderiaferrari/install/track_perception/bin
[3.642s] Installing perception_decision_node script to /home/orangepi/scuderiaferrari/install/track_perception/bin
[3.691s] writing list of installed files to '/home/orangepi/scuderiaferrari/build/track_perception/install.log'
[4.149s] Invoked command in '/home/orangepi/scuderiaferrari/src/track_perception' returned '0': PYTHONPATH=/home/orangepi/scuderiaferrari/build/track_perception/prefix_override:/usr/lib/python3/dist-packages/colcon_core/task/python/colcon_distutils_commands:/home/orangepi/scuderiaferrari/install/track_perception/lib/python3.10/site-packages:${PYTHONPATH} /usr/bin/python3 -W ignore:setup.py install is deprecated -W ignore:easy_install command is deprecated setup.py egg_info --egg-base ../../build/track_perception build --build-base /home/orangepi/scuderiaferrari/build/track_perception/build install --record /home/orangepi/scuderiaferrari/build/track_perception/install.log --single-version-externally-managed install_data
