[0.272s] DEBUG:colcon:Command line arguments: ['/usr/bin/colcon', 'build']
[0.272s] DEBUG:colcon:Parsed command line arguments: Namespace(log_base=None, log_level=None, verb_name='build', build_base='build', install_base='install', merge_install=False, symlink_install=False, test_result_base=None, continue_on_error=False, executor='parallel', parallel_workers=8, event_handlers=None, ignore_user_meta=False, metas=['./colcon.meta'], base_paths=['.'], packages_ignore=None, packages_ignore_regex=None, paths=None, packages_up_to=None, packages_up_to_regex=None, packages_above=None, packages_above_and_dependencies=None, packages_above_depth=None, packages_select_by_dep=None, packages_skip_by_dep=None, packages_skip_up_to=None, packages_select_build_failed=False, packages_skip_build_finished=False, packages_select_test_failures=False, packages_skip_test_passed=False, packages_select=None, packages_skip=None, packages_select_regex=None, packages_skip_regex=None, packages_start=None, packages_end=None, cmake_args=None, cmake_target=None, cmake_target_skip_unavailable=False, cmake_clean_cache=False, cmake_clean_first=False, cmake_force_configure=False, ament_cmake_args=None, catkin_cmake_args=None, catkin_skip_building_tests=False, verb_parser=<colcon_defaults.argument_parser.defaults.DefaultArgumentsDecorator object at 0x7f99bba590>, verb_extension=<colcon_core.verb.build.BuildVerb object at 0x7f99d5faf0>, main=<bound method BuildVerb.main of <colcon_core.verb.build.BuildVerb object at 0x7f99d5faf0>>)
[0.509s] Level 1:colcon.colcon_core.package_discovery:discover_packages(colcon_meta) check parameters
[0.509s] Level 1:colcon.colcon_core.package_discovery:discover_packages(recursive) check parameters
[0.509s] Level 1:colcon.colcon_core.package_discovery:discover_packages(ignore) check parameters
[0.509s] Level 1:colcon.colcon_core.package_discovery:discover_packages(path) check parameters
[0.509s] Level 1:colcon.colcon_core.package_discovery:discover_packages(colcon_meta) discover
[0.509s] Level 1:colcon.colcon_core.package_discovery:discover_packages(recursive) discover
[0.509s] INFO:colcon.colcon_core.package_discovery:Crawling recursively for packages in '/home/orangepi/scuderiaferrari'
[0.510s] Level 1:colcon.colcon_core.package_identification:_identify(.) by extensions ['ignore', 'ignore_ament_install']
[0.510s] Level 1:colcon.colcon_core.package_identification:_identify(.) by extension 'ignore'
[0.510s] Level 1:colcon.colcon_core.package_identification:_identify(.) by extension 'ignore_ament_install'
[0.510s] Level 1:colcon.colcon_core.package_identification:_identify(.) by extensions ['colcon_pkg']
[0.510s] Level 1:colcon.colcon_core.package_identification:_identify(.) by extension 'colcon_pkg'
[0.510s] Level 1:colcon.colcon_core.package_identification:_identify(.) by extensions ['colcon_meta']
[0.510s] Level 1:colcon.colcon_core.package_identification:_identify(.) by extension 'colcon_meta'
[0.510s] Level 1:colcon.colcon_core.package_identification:_identify(.) by extensions ['ros']
[0.510s] Level 1:colcon.colcon_core.package_identification:_identify(.) by extension 'ros'
[0.527s] Level 1:colcon.colcon_core.package_identification:_identify(.) by extensions ['cmake', 'python']
[0.527s] Level 1:colcon.colcon_core.package_identification:_identify(.) by extension 'cmake'
[0.527s] Level 1:colcon.colcon_core.package_identification:_identify(.) by extension 'python'
[0.527s] Level 1:colcon.colcon_core.package_identification:_identify(.) by extensions ['python_setup_py']
[0.527s] Level 1:colcon.colcon_core.package_identification:_identify(.) by extension 'python_setup_py'
[0.527s] Level 1:colcon.colcon_core.package_identification:_identify(build) by extensions ['ignore', 'ignore_ament_install']
[0.528s] Level 1:colcon.colcon_core.package_identification:_identify(build) by extension 'ignore'
[0.528s] Level 1:colcon.colcon_core.package_identification:_identify(build) ignored
[0.528s] Level 1:colcon.colcon_core.package_identification:_identify(install) by extensions ['ignore', 'ignore_ament_install']
[0.528s] Level 1:colcon.colcon_core.package_identification:_identify(install) by extension 'ignore'
[0.528s] Level 1:colcon.colcon_core.package_identification:_identify(install) ignored
[0.528s] Level 1:colcon.colcon_core.package_identification:_identify(log) by extensions ['ignore', 'ignore_ament_install']
[0.528s] Level 1:colcon.colcon_core.package_identification:_identify(log) by extension 'ignore'
[0.528s] Level 1:colcon.colcon_core.package_identification:_identify(log) ignored
[0.529s] Level 1:colcon.colcon_core.package_identification:_identify(setupUI) by extensions ['ignore', 'ignore_ament_install']
[0.529s] Level 1:colcon.colcon_core.package_identification:_identify(setupUI) by extension 'ignore'
[0.529s] Level 1:colcon.colcon_core.package_identification:_identify(setupUI) by extension 'ignore_ament_install'
[0.529s] Level 1:colcon.colcon_core.package_identification:_identify(setupUI) by extensions ['colcon_pkg']
[0.529s] Level 1:colcon.colcon_core.package_identification:_identify(setupUI) by extension 'colcon_pkg'
[0.529s] Level 1:colcon.colcon_core.package_identification:_identify(setupUI) by extensions ['colcon_meta']
[0.529s] Level 1:colcon.colcon_core.package_identification:_identify(setupUI) by extension 'colcon_meta'
[0.529s] Level 1:colcon.colcon_core.package_identification:_identify(setupUI) by extensions ['ros']
[0.529s] Level 1:colcon.colcon_core.package_identification:_identify(setupUI) by extension 'ros'
[0.529s] Level 1:colcon.colcon_core.package_identification:_identify(setupUI) by extensions ['cmake', 'python']
[0.529s] Level 1:colcon.colcon_core.package_identification:_identify(setupUI) by extension 'cmake'
[0.529s] Level 1:colcon.colcon_core.package_identification:_identify(setupUI) by extension 'python'
[0.529s] Level 1:colcon.colcon_core.package_identification:_identify(setupUI) by extensions ['python_setup_py']
[0.529s] Level 1:colcon.colcon_core.package_identification:_identify(setupUI) by extension 'python_setup_py'
[0.529s] Level 1:colcon.colcon_core.package_identification:_identify(setupUI/__pycache__) by extensions ['ignore', 'ignore_ament_install']
[0.529s] Level 1:colcon.colcon_core.package_identification:_identify(setupUI/__pycache__) by extension 'ignore'
[0.529s] Level 1:colcon.colcon_core.package_identification:_identify(setupUI/__pycache__) by extension 'ignore_ament_install'
[0.530s] Level 1:colcon.colcon_core.package_identification:_identify(setupUI/__pycache__) by extensions ['colcon_pkg']
[0.530s] Level 1:colcon.colcon_core.package_identification:_identify(setupUI/__pycache__) by extension 'colcon_pkg'
[0.530s] Level 1:colcon.colcon_core.package_identification:_identify(setupUI/__pycache__) by extensions ['colcon_meta']
[0.530s] Level 1:colcon.colcon_core.package_identification:_identify(setupUI/__pycache__) by extension 'colcon_meta'
[0.530s] Level 1:colcon.colcon_core.package_identification:_identify(setupUI/__pycache__) by extensions ['ros']
[0.530s] Level 1:colcon.colcon_core.package_identification:_identify(setupUI/__pycache__) by extension 'ros'
[0.530s] Level 1:colcon.colcon_core.package_identification:_identify(setupUI/__pycache__) by extensions ['cmake', 'python']
[0.530s] Level 1:colcon.colcon_core.package_identification:_identify(setupUI/__pycache__) by extension 'cmake'
[0.530s] Level 1:colcon.colcon_core.package_identification:_identify(setupUI/__pycache__) by extension 'python'
[0.530s] Level 1:colcon.colcon_core.package_identification:_identify(setupUI/__pycache__) by extensions ['python_setup_py']
[0.530s] Level 1:colcon.colcon_core.package_identification:_identify(setupUI/__pycache__) by extension 'python_setup_py'
[0.530s] Level 1:colcon.colcon_core.package_identification:_identify(setupUI/build) by extensions ['ignore', 'ignore_ament_install']
[0.530s] Level 1:colcon.colcon_core.package_identification:_identify(setupUI/build) by extension 'ignore'
[0.530s] Level 1:colcon.colcon_core.package_identification:_identify(setupUI/build) by extension 'ignore_ament_install'
[0.530s] Level 1:colcon.colcon_core.package_identification:_identify(setupUI/build) by extensions ['colcon_pkg']
[0.530s] Level 1:colcon.colcon_core.package_identification:_identify(setupUI/build) by extension 'colcon_pkg'
[0.530s] Level 1:colcon.colcon_core.package_identification:_identify(setupUI/build) by extensions ['colcon_meta']
[0.530s] Level 1:colcon.colcon_core.package_identification:_identify(setupUI/build) by extension 'colcon_meta'
[0.530s] Level 1:colcon.colcon_core.package_identification:_identify(setupUI/build) by extensions ['ros']
[0.531s] Level 1:colcon.colcon_core.package_identification:_identify(setupUI/build) by extension 'ros'
[0.531s] Level 1:colcon.colcon_core.package_identification:_identify(setupUI/build) by extensions ['cmake', 'python']
[0.531s] Level 1:colcon.colcon_core.package_identification:_identify(setupUI/build) by extension 'cmake'
[0.531s] Level 1:colcon.colcon_core.package_identification:_identify(setupUI/build) by extension 'python'
[0.531s] Level 1:colcon.colcon_core.package_identification:_identify(setupUI/build) by extensions ['python_setup_py']
[0.531s] Level 1:colcon.colcon_core.package_identification:_identify(setupUI/build) by extension 'python_setup_py'
[0.531s] Level 1:colcon.colcon_core.package_identification:_identify(setupUI/build/setup_webui) by extensions ['ignore', 'ignore_ament_install']
[0.531s] Level 1:colcon.colcon_core.package_identification:_identify(setupUI/build/setup_webui) by extension 'ignore'
[0.531s] Level 1:colcon.colcon_core.package_identification:_identify(setupUI/build/setup_webui) by extension 'ignore_ament_install'
[0.531s] Level 1:colcon.colcon_core.package_identification:_identify(setupUI/build/setup_webui) by extensions ['colcon_pkg']
[0.531s] Level 1:colcon.colcon_core.package_identification:_identify(setupUI/build/setup_webui) by extension 'colcon_pkg'
[0.531s] Level 1:colcon.colcon_core.package_identification:_identify(setupUI/build/setup_webui) by extensions ['colcon_meta']
[0.531s] Level 1:colcon.colcon_core.package_identification:_identify(setupUI/build/setup_webui) by extension 'colcon_meta'
[0.531s] Level 1:colcon.colcon_core.package_identification:_identify(setupUI/build/setup_webui) by extensions ['ros']
[0.531s] Level 1:colcon.colcon_core.package_identification:_identify(setupUI/build/setup_webui) by extension 'ros'
[0.531s] Level 1:colcon.colcon_core.package_identification:_identify(setupUI/build/setup_webui) by extensions ['cmake', 'python']
[0.531s] Level 1:colcon.colcon_core.package_identification:_identify(setupUI/build/setup_webui) by extension 'cmake'
[0.531s] Level 1:colcon.colcon_core.package_identification:_identify(setupUI/build/setup_webui) by extension 'python'
[0.532s] Level 1:colcon.colcon_core.package_identification:_identify(setupUI/build/setup_webui) by extensions ['python_setup_py']
[0.532s] Level 1:colcon.colcon_core.package_identification:_identify(setupUI/build/setup_webui) by extension 'python_setup_py'
[0.532s] Level 1:colcon.colcon_core.package_identification:_identify(setupUI/build/setup_webui/_pyi_gschema_compilation) by extensions ['ignore', 'ignore_ament_install']
[0.532s] Level 1:colcon.colcon_core.package_identification:_identify(setupUI/build/setup_webui/_pyi_gschema_compilation) by extension 'ignore'
[0.532s] Level 1:colcon.colcon_core.package_identification:_identify(setupUI/build/setup_webui/_pyi_gschema_compilation) by extension 'ignore_ament_install'
[0.532s] Level 1:colcon.colcon_core.package_identification:_identify(setupUI/build/setup_webui/_pyi_gschema_compilation) by extensions ['colcon_pkg']
[0.532s] Level 1:colcon.colcon_core.package_identification:_identify(setupUI/build/setup_webui/_pyi_gschema_compilation) by extension 'colcon_pkg'
[0.532s] Level 1:colcon.colcon_core.package_identification:_identify(setupUI/build/setup_webui/_pyi_gschema_compilation) by extensions ['colcon_meta']
[0.532s] Level 1:colcon.colcon_core.package_identification:_identify(setupUI/build/setup_webui/_pyi_gschema_compilation) by extension 'colcon_meta'
[0.532s] Level 1:colcon.colcon_core.package_identification:_identify(setupUI/build/setup_webui/_pyi_gschema_compilation) by extensions ['ros']
[0.532s] Level 1:colcon.colcon_core.package_identification:_identify(setupUI/build/setup_webui/_pyi_gschema_compilation) by extension 'ros'
[0.532s] Level 1:colcon.colcon_core.package_identification:_identify(setupUI/build/setup_webui/_pyi_gschema_compilation) by extensions ['cmake', 'python']
[0.532s] Level 1:colcon.colcon_core.package_identification:_identify(setupUI/build/setup_webui/_pyi_gschema_compilation) by extension 'cmake'
[0.532s] Level 1:colcon.colcon_core.package_identification:_identify(setupUI/build/setup_webui/_pyi_gschema_compilation) by extension 'python'
[0.532s] Level 1:colcon.colcon_core.package_identification:_identify(setupUI/build/setup_webui/_pyi_gschema_compilation) by extensions ['python_setup_py']
[0.532s] Level 1:colcon.colcon_core.package_identification:_identify(setupUI/build/setup_webui/_pyi_gschema_compilation) by extension 'python_setup_py'
[0.533s] Level 1:colcon.colcon_core.package_identification:_identify(setupUI/build/setup_webui/localpycs) by extensions ['ignore', 'ignore_ament_install']
[0.533s] Level 1:colcon.colcon_core.package_identification:_identify(setupUI/build/setup_webui/localpycs) by extension 'ignore'
[0.533s] Level 1:colcon.colcon_core.package_identification:_identify(setupUI/build/setup_webui/localpycs) by extension 'ignore_ament_install'
[0.533s] Level 1:colcon.colcon_core.package_identification:_identify(setupUI/build/setup_webui/localpycs) by extensions ['colcon_pkg']
[0.533s] Level 1:colcon.colcon_core.package_identification:_identify(setupUI/build/setup_webui/localpycs) by extension 'colcon_pkg'
[0.533s] Level 1:colcon.colcon_core.package_identification:_identify(setupUI/build/setup_webui/localpycs) by extensions ['colcon_meta']
[0.533s] Level 1:colcon.colcon_core.package_identification:_identify(setupUI/build/setup_webui/localpycs) by extension 'colcon_meta'
[0.533s] Level 1:colcon.colcon_core.package_identification:_identify(setupUI/build/setup_webui/localpycs) by extensions ['ros']
[0.533s] Level 1:colcon.colcon_core.package_identification:_identify(setupUI/build/setup_webui/localpycs) by extension 'ros'
[0.533s] Level 1:colcon.colcon_core.package_identification:_identify(setupUI/build/setup_webui/localpycs) by extensions ['cmake', 'python']
[0.533s] Level 1:colcon.colcon_core.package_identification:_identify(setupUI/build/setup_webui/localpycs) by extension 'cmake'
[0.533s] Level 1:colcon.colcon_core.package_identification:_identify(setupUI/build/setup_webui/localpycs) by extension 'python'
[0.533s] Level 1:colcon.colcon_core.package_identification:_identify(setupUI/build/setup_webui/localpycs) by extensions ['python_setup_py']
[0.533s] Level 1:colcon.colcon_core.package_identification:_identify(setupUI/build/setup_webui/localpycs) by extension 'python_setup_py'
[0.533s] Level 1:colcon.colcon_core.package_identification:_identify(setupUI/dist) by extensions ['ignore', 'ignore_ament_install']
[0.533s] Level 1:colcon.colcon_core.package_identification:_identify(setupUI/dist) by extension 'ignore'
[0.534s] Level 1:colcon.colcon_core.package_identification:_identify(setupUI/dist) by extension 'ignore_ament_install'
[0.534s] Level 1:colcon.colcon_core.package_identification:_identify(setupUI/dist) by extensions ['colcon_pkg']
[0.534s] Level 1:colcon.colcon_core.package_identification:_identify(setupUI/dist) by extension 'colcon_pkg'
[0.534s] Level 1:colcon.colcon_core.package_identification:_identify(setupUI/dist) by extensions ['colcon_meta']
[0.534s] Level 1:colcon.colcon_core.package_identification:_identify(setupUI/dist) by extension 'colcon_meta'
[0.534s] Level 1:colcon.colcon_core.package_identification:_identify(setupUI/dist) by extensions ['ros']
[0.534s] Level 1:colcon.colcon_core.package_identification:_identify(setupUI/dist) by extension 'ros'
[0.534s] Level 1:colcon.colcon_core.package_identification:_identify(setupUI/dist) by extensions ['cmake', 'python']
[0.534s] Level 1:colcon.colcon_core.package_identification:_identify(setupUI/dist) by extension 'cmake'
[0.534s] Level 1:colcon.colcon_core.package_identification:_identify(setupUI/dist) by extension 'python'
[0.534s] Level 1:colcon.colcon_core.package_identification:_identify(setupUI/dist) by extensions ['python_setup_py']
[0.534s] Level 1:colcon.colcon_core.package_identification:_identify(setupUI/dist) by extension 'python_setup_py'
[0.534s] Level 1:colcon.colcon_core.package_identification:_identify(setupUI/dist/models) by extensions ['ignore', 'ignore_ament_install']
[0.534s] Level 1:colcon.colcon_core.package_identification:_identify(setupUI/dist/models) by extension 'ignore'
[0.534s] Level 1:colcon.colcon_core.package_identification:_identify(setupUI/dist/models) by extension 'ignore_ament_install'
[0.534s] Level 1:colcon.colcon_core.package_identification:_identify(setupUI/dist/models) by extensions ['colcon_pkg']
[0.534s] Level 1:colcon.colcon_core.package_identification:_identify(setupUI/dist/models) by extension 'colcon_pkg'
[0.534s] Level 1:colcon.colcon_core.package_identification:_identify(setupUI/dist/models) by extensions ['colcon_meta']
[0.534s] Level 1:colcon.colcon_core.package_identification:_identify(setupUI/dist/models) by extension 'colcon_meta'
[0.535s] Level 1:colcon.colcon_core.package_identification:_identify(setupUI/dist/models) by extensions ['ros']
[0.535s] Level 1:colcon.colcon_core.package_identification:_identify(setupUI/dist/models) by extension 'ros'
[0.535s] Level 1:colcon.colcon_core.package_identification:_identify(setupUI/dist/models) by extensions ['cmake', 'python']
[0.535s] Level 1:colcon.colcon_core.package_identification:_identify(setupUI/dist/models) by extension 'cmake'
[0.535s] Level 1:colcon.colcon_core.package_identification:_identify(setupUI/dist/models) by extension 'python'
[0.535s] Level 1:colcon.colcon_core.package_identification:_identify(setupUI/dist/models) by extensions ['python_setup_py']
[0.535s] Level 1:colcon.colcon_core.package_identification:_identify(setupUI/dist/models) by extension 'python_setup_py'
[0.535s] Level 1:colcon.colcon_core.package_identification:_identify(setupUI/infer_wrap) by extensions ['ignore', 'ignore_ament_install']
[0.535s] Level 1:colcon.colcon_core.package_identification:_identify(setupUI/infer_wrap) by extension 'ignore'
[0.535s] Level 1:colcon.colcon_core.package_identification:_identify(setupUI/infer_wrap) by extension 'ignore_ament_install'
[0.535s] Level 1:colcon.colcon_core.package_identification:_identify(setupUI/infer_wrap) by extensions ['colcon_pkg']
[0.535s] Level 1:colcon.colcon_core.package_identification:_identify(setupUI/infer_wrap) by extension 'colcon_pkg'
[0.535s] Level 1:colcon.colcon_core.package_identification:_identify(setupUI/infer_wrap) by extensions ['colcon_meta']
[0.535s] Level 1:colcon.colcon_core.package_identification:_identify(setupUI/infer_wrap) by extension 'colcon_meta'
[0.535s] Level 1:colcon.colcon_core.package_identification:_identify(setupUI/infer_wrap) by extensions ['ros']
[0.535s] Level 1:colcon.colcon_core.package_identification:_identify(setupUI/infer_wrap) by extension 'ros'
[0.535s] Level 1:colcon.colcon_core.package_identification:_identify(setupUI/infer_wrap) by extensions ['cmake', 'python']
[0.535s] Level 1:colcon.colcon_core.package_identification:_identify(setupUI/infer_wrap) by extension 'cmake'
[0.535s] Level 1:colcon.colcon_core.package_identification:_identify(setupUI/infer_wrap) by extension 'python'
[0.536s] Level 1:colcon.colcon_core.package_identification:_identify(setupUI/infer_wrap) by extensions ['python_setup_py']
[0.536s] Level 1:colcon.colcon_core.package_identification:_identify(setupUI/infer_wrap) by extension 'python_setup_py'
[0.536s] Level 1:colcon.colcon_core.package_identification:_identify(setupUI/infer_wrap/__pycache__) by extensions ['ignore', 'ignore_ament_install']
[0.536s] Level 1:colcon.colcon_core.package_identification:_identify(setupUI/infer_wrap/__pycache__) by extension 'ignore'
[0.536s] Level 1:colcon.colcon_core.package_identification:_identify(setupUI/infer_wrap/__pycache__) by extension 'ignore_ament_install'
[0.536s] Level 1:colcon.colcon_core.package_identification:_identify(setupUI/infer_wrap/__pycache__) by extensions ['colcon_pkg']
[0.536s] Level 1:colcon.colcon_core.package_identification:_identify(setupUI/infer_wrap/__pycache__) by extension 'colcon_pkg'
[0.536s] Level 1:colcon.colcon_core.package_identification:_identify(setupUI/infer_wrap/__pycache__) by extensions ['colcon_meta']
[0.536s] Level 1:colcon.colcon_core.package_identification:_identify(setupUI/infer_wrap/__pycache__) by extension 'colcon_meta'
[0.536s] Level 1:colcon.colcon_core.package_identification:_identify(setupUI/infer_wrap/__pycache__) by extensions ['ros']
[0.536s] Level 1:colcon.colcon_core.package_identification:_identify(setupUI/infer_wrap/__pycache__) by extension 'ros'
[0.536s] Level 1:colcon.colcon_core.package_identification:_identify(setupUI/infer_wrap/__pycache__) by extensions ['cmake', 'python']
[0.536s] Level 1:colcon.colcon_core.package_identification:_identify(setupUI/infer_wrap/__pycache__) by extension 'cmake'
[0.536s] Level 1:colcon.colcon_core.package_identification:_identify(setupUI/infer_wrap/__pycache__) by extension 'python'
[0.536s] Level 1:colcon.colcon_core.package_identification:_identify(setupUI/infer_wrap/__pycache__) by extensions ['python_setup_py']
[0.536s] Level 1:colcon.colcon_core.package_identification:_identify(setupUI/infer_wrap/__pycache__) by extension 'python_setup_py'
[0.536s] Level 1:colcon.colcon_core.package_identification:_identify(setupUI/infer_wrap/base) by extensions ['ignore', 'ignore_ament_install']
[0.537s] Level 1:colcon.colcon_core.package_identification:_identify(setupUI/infer_wrap/base) by extension 'ignore'
[0.537s] Level 1:colcon.colcon_core.package_identification:_identify(setupUI/infer_wrap/base) by extension 'ignore_ament_install'
[0.537s] Level 1:colcon.colcon_core.package_identification:_identify(setupUI/infer_wrap/base) by extensions ['colcon_pkg']
[0.537s] Level 1:colcon.colcon_core.package_identification:_identify(setupUI/infer_wrap/base) by extension 'colcon_pkg'
[0.537s] Level 1:colcon.colcon_core.package_identification:_identify(setupUI/infer_wrap/base) by extensions ['colcon_meta']
[0.537s] Level 1:colcon.colcon_core.package_identification:_identify(setupUI/infer_wrap/base) by extension 'colcon_meta'
[0.537s] Level 1:colcon.colcon_core.package_identification:_identify(setupUI/infer_wrap/base) by extensions ['ros']
[0.537s] Level 1:colcon.colcon_core.package_identification:_identify(setupUI/infer_wrap/base) by extension 'ros'
[0.537s] Level 1:colcon.colcon_core.package_identification:_identify(setupUI/infer_wrap/base) by extensions ['cmake', 'python']
[0.537s] Level 1:colcon.colcon_core.package_identification:_identify(setupUI/infer_wrap/base) by extension 'cmake'
[0.537s] Level 1:colcon.colcon_core.package_identification:_identify(setupUI/infer_wrap/base) by extension 'python'
[0.537s] Level 1:colcon.colcon_core.package_identification:_identify(setupUI/infer_wrap/base) by extensions ['python_setup_py']
[0.537s] Level 1:colcon.colcon_core.package_identification:_identify(setupUI/infer_wrap/base) by extension 'python_setup_py'
[0.537s] Level 1:colcon.colcon_core.package_identification:_identify(setupUI/infer_wrap/base/__pycache__) by extensions ['ignore', 'ignore_ament_install']
[0.537s] Level 1:colcon.colcon_core.package_identification:_identify(setupUI/infer_wrap/base/__pycache__) by extension 'ignore'
[0.537s] Level 1:colcon.colcon_core.package_identification:_identify(setupUI/infer_wrap/base/__pycache__) by extension 'ignore_ament_install'
[0.537s] Level 1:colcon.colcon_core.package_identification:_identify(setupUI/infer_wrap/base/__pycache__) by extensions ['colcon_pkg']
[0.537s] Level 1:colcon.colcon_core.package_identification:_identify(setupUI/infer_wrap/base/__pycache__) by extension 'colcon_pkg'
[0.537s] Level 1:colcon.colcon_core.package_identification:_identify(setupUI/infer_wrap/base/__pycache__) by extensions ['colcon_meta']
[0.538s] Level 1:colcon.colcon_core.package_identification:_identify(setupUI/infer_wrap/base/__pycache__) by extension 'colcon_meta'
[0.538s] Level 1:colcon.colcon_core.package_identification:_identify(setupUI/infer_wrap/base/__pycache__) by extensions ['ros']
[0.538s] Level 1:colcon.colcon_core.package_identification:_identify(setupUI/infer_wrap/base/__pycache__) by extension 'ros'
[0.538s] Level 1:colcon.colcon_core.package_identification:_identify(setupUI/infer_wrap/base/__pycache__) by extensions ['cmake', 'python']
[0.538s] Level 1:colcon.colcon_core.package_identification:_identify(setupUI/infer_wrap/base/__pycache__) by extension 'cmake'
[0.538s] Level 1:colcon.colcon_core.package_identification:_identify(setupUI/infer_wrap/base/__pycache__) by extension 'python'
[0.538s] Level 1:colcon.colcon_core.package_identification:_identify(setupUI/infer_wrap/base/__pycache__) by extensions ['python_setup_py']
[0.538s] Level 1:colcon.colcon_core.package_identification:_identify(setupUI/infer_wrap/base/__pycache__) by extension 'python_setup_py'
[0.538s] Level 1:colcon.colcon_core.package_identification:_identify(setupUI/infer_wrap/base/model) by extensions ['ignore', 'ignore_ament_install']
[0.538s] Level 1:colcon.colcon_core.package_identification:_identify(setupUI/infer_wrap/base/model) by extension 'ignore'
[0.538s] Level 1:colcon.colcon_core.package_identification:_identify(setupUI/infer_wrap/base/model) by extension 'ignore_ament_install'
[0.538s] Level 1:colcon.colcon_core.package_identification:_identify(setupUI/infer_wrap/base/model) by extensions ['colcon_pkg']
[0.538s] Level 1:colcon.colcon_core.package_identification:_identify(setupUI/infer_wrap/base/model) by extension 'colcon_pkg'
[0.538s] Level 1:colcon.colcon_core.package_identification:_identify(setupUI/infer_wrap/base/model) by extensions ['colcon_meta']
[0.538s] Level 1:colcon.colcon_core.package_identification:_identify(setupUI/infer_wrap/base/model) by extension 'colcon_meta'
[0.538s] Level 1:colcon.colcon_core.package_identification:_identify(setupUI/infer_wrap/base/model) by extensions ['ros']
[0.538s] Level 1:colcon.colcon_core.package_identification:_identify(setupUI/infer_wrap/base/model) by extension 'ros'
[0.538s] Level 1:colcon.colcon_core.package_identification:_identify(setupUI/infer_wrap/base/model) by extensions ['cmake', 'python']
[0.539s] Level 1:colcon.colcon_core.package_identification:_identify(setupUI/infer_wrap/base/model) by extension 'cmake'
[0.539s] Level 1:colcon.colcon_core.package_identification:_identify(setupUI/infer_wrap/base/model) by extension 'python'
[0.539s] Level 1:colcon.colcon_core.package_identification:_identify(setupUI/infer_wrap/base/model) by extensions ['python_setup_py']
[0.539s] Level 1:colcon.colcon_core.package_identification:_identify(setupUI/infer_wrap/base/model) by extension 'python_setup_py'
[0.539s] Level 1:colcon.colcon_core.package_identification:_identify(setupUI/infer_wrap/base/result) by extensions ['ignore', 'ignore_ament_install']
[0.539s] Level 1:colcon.colcon_core.package_identification:_identify(setupUI/infer_wrap/base/result) by extension 'ignore'
[0.539s] Level 1:colcon.colcon_core.package_identification:_identify(setupUI/infer_wrap/base/result) by extension 'ignore_ament_install'
[0.539s] Level 1:colcon.colcon_core.package_identification:_identify(setupUI/infer_wrap/base/result) by extensions ['colcon_pkg']
[0.539s] Level 1:colcon.colcon_core.package_identification:_identify(setupUI/infer_wrap/base/result) by extension 'colcon_pkg'
[0.539s] Level 1:colcon.colcon_core.package_identification:_identify(setupUI/infer_wrap/base/result) by extensions ['colcon_meta']
[0.539s] Level 1:colcon.colcon_core.package_identification:_identify(setupUI/infer_wrap/base/result) by extension 'colcon_meta'
[0.539s] Level 1:colcon.colcon_core.package_identification:_identify(setupUI/infer_wrap/base/result) by extensions ['ros']
[0.539s] Level 1:colcon.colcon_core.package_identification:_identify(setupUI/infer_wrap/base/result) by extension 'ros'
[0.539s] Level 1:colcon.colcon_core.package_identification:_identify(setupUI/infer_wrap/base/result) by extensions ['cmake', 'python']
[0.539s] Level 1:colcon.colcon_core.package_identification:_identify(setupUI/infer_wrap/base/result) by extension 'cmake'
[0.539s] Level 1:colcon.colcon_core.package_identification:_identify(setupUI/infer_wrap/base/result) by extension 'python'
[0.539s] Level 1:colcon.colcon_core.package_identification:_identify(setupUI/infer_wrap/base/result) by extensions ['python_setup_py']
[0.539s] Level 1:colcon.colcon_core.package_identification:_identify(setupUI/infer_wrap/base/result) by extension 'python_setup_py'
[0.539s] Level 1:colcon.colcon_core.package_identification:_identify(setupUI/templates) by extensions ['ignore', 'ignore_ament_install']
[0.540s] Level 1:colcon.colcon_core.package_identification:_identify(setupUI/templates) by extension 'ignore'
[0.540s] Level 1:colcon.colcon_core.package_identification:_identify(setupUI/templates) by extension 'ignore_ament_install'
[0.540s] Level 1:colcon.colcon_core.package_identification:_identify(setupUI/templates) by extensions ['colcon_pkg']
[0.540s] Level 1:colcon.colcon_core.package_identification:_identify(setupUI/templates) by extension 'colcon_pkg'
[0.540s] Level 1:colcon.colcon_core.package_identification:_identify(setupUI/templates) by extensions ['colcon_meta']
[0.540s] Level 1:colcon.colcon_core.package_identification:_identify(setupUI/templates) by extension 'colcon_meta'
[0.540s] Level 1:colcon.colcon_core.package_identification:_identify(setupUI/templates) by extensions ['ros']
[0.540s] Level 1:colcon.colcon_core.package_identification:_identify(setupUI/templates) by extension 'ros'
[0.540s] Level 1:colcon.colcon_core.package_identification:_identify(setupUI/templates) by extensions ['cmake', 'python']
[0.540s] Level 1:colcon.colcon_core.package_identification:_identify(setupUI/templates) by extension 'cmake'
[0.540s] Level 1:colcon.colcon_core.package_identification:_identify(setupUI/templates) by extension 'python'
[0.540s] Level 1:colcon.colcon_core.package_identification:_identify(setupUI/templates) by extensions ['python_setup_py']
[0.540s] Level 1:colcon.colcon_core.package_identification:_identify(setupUI/templates) by extension 'python_setup_py'
[0.540s] Level 1:colcon.colcon_core.package_identification:_identify(src) by extensions ['ignore', 'ignore_ament_install']
[0.540s] Level 1:colcon.colcon_core.package_identification:_identify(src) by extension 'ignore'
[0.540s] Level 1:colcon.colcon_core.package_identification:_identify(src) by extension 'ignore_ament_install'
[0.540s] Level 1:colcon.colcon_core.package_identification:_identify(src) by extensions ['colcon_pkg']
[0.540s] Level 1:colcon.colcon_core.package_identification:_identify(src) by extension 'colcon_pkg'
[0.541s] Level 1:colcon.colcon_core.package_identification:_identify(src) by extensions ['colcon_meta']
[0.541s] Level 1:colcon.colcon_core.package_identification:_identify(src) by extension 'colcon_meta'
[0.541s] Level 1:colcon.colcon_core.package_identification:_identify(src) by extensions ['ros']
[0.541s] Level 1:colcon.colcon_core.package_identification:_identify(src) by extension 'ros'
[0.541s] Level 1:colcon.colcon_core.package_identification:_identify(src) by extensions ['cmake', 'python']
[0.541s] Level 1:colcon.colcon_core.package_identification:_identify(src) by extension 'cmake'
[0.541s] Level 1:colcon.colcon_core.package_identification:_identify(src) by extension 'python'
[0.541s] Level 1:colcon.colcon_core.package_identification:_identify(src) by extensions ['python_setup_py']
[0.541s] Level 1:colcon.colcon_core.package_identification:_identify(src) by extension 'python_setup_py'
[0.541s] Level 1:colcon.colcon_core.package_identification:_identify(src/chassis_controller) by extensions ['ignore', 'ignore_ament_install']
[0.541s] Level 1:colcon.colcon_core.package_identification:_identify(src/chassis_controller) by extension 'ignore'
[0.541s] Level 1:colcon.colcon_core.package_identification:_identify(src/chassis_controller) by extension 'ignore_ament_install'
[0.541s] Level 1:colcon.colcon_core.package_identification:_identify(src/chassis_controller) by extensions ['colcon_pkg']
[0.541s] Level 1:colcon.colcon_core.package_identification:_identify(src/chassis_controller) by extension 'colcon_pkg'
[0.541s] Level 1:colcon.colcon_core.package_identification:_identify(src/chassis_controller) by extensions ['colcon_meta']
[0.541s] Level 1:colcon.colcon_core.package_identification:_identify(src/chassis_controller) by extension 'colcon_meta'
[0.541s] Level 1:colcon.colcon_core.package_identification:_identify(src/chassis_controller) by extensions ['ros']
[0.541s] Level 1:colcon.colcon_core.package_identification:_identify(src/chassis_controller) by extension 'ros'
[0.545s] DEBUG:colcon.colcon_core.package_identification:Package 'src/chassis_controller' with type 'ros.ament_python' and name 'chassis_controller'
[0.545s] Level 1:colcon.colcon_core.package_identification:_identify(src/keyboard_controller) by extensions ['ignore', 'ignore_ament_install']
[0.546s] Level 1:colcon.colcon_core.package_identification:_identify(src/keyboard_controller) by extension 'ignore'
[0.546s] Level 1:colcon.colcon_core.package_identification:_identify(src/keyboard_controller) by extension 'ignore_ament_install'
[0.546s] Level 1:colcon.colcon_core.package_identification:_identify(src/keyboard_controller) by extensions ['colcon_pkg']
[0.546s] Level 1:colcon.colcon_core.package_identification:_identify(src/keyboard_controller) by extension 'colcon_pkg'
[0.546s] Level 1:colcon.colcon_core.package_identification:_identify(src/keyboard_controller) by extensions ['colcon_meta']
[0.546s] Level 1:colcon.colcon_core.package_identification:_identify(src/keyboard_controller) by extension 'colcon_meta'
[0.546s] Level 1:colcon.colcon_core.package_identification:_identify(src/keyboard_controller) by extensions ['ros']
[0.546s] Level 1:colcon.colcon_core.package_identification:_identify(src/keyboard_controller) by extension 'ros'
[0.547s] DEBUG:colcon.colcon_core.package_identification:Package 'src/keyboard_controller' with type 'ros.ament_python' and name 'keyboard_controller'
[0.547s] Level 1:colcon.colcon_core.package_identification:_identify(src/line_follower_control) by extensions ['ignore', 'ignore_ament_install']
[0.547s] Level 1:colcon.colcon_core.package_identification:_identify(src/line_follower_control) by extension 'ignore'
[0.547s] Level 1:colcon.colcon_core.package_identification:_identify(src/line_follower_control) by extension 'ignore_ament_install'
[0.548s] Level 1:colcon.colcon_core.package_identification:_identify(src/line_follower_control) by extensions ['colcon_pkg']
[0.548s] Level 1:colcon.colcon_core.package_identification:_identify(src/line_follower_control) by extension 'colcon_pkg'
[0.548s] Level 1:colcon.colcon_core.package_identification:_identify(src/line_follower_control) by extensions ['colcon_meta']
[0.548s] Level 1:colcon.colcon_core.package_identification:_identify(src/line_follower_control) by extension 'colcon_meta'
[0.548s] Level 1:colcon.colcon_core.package_identification:_identify(src/line_follower_control) by extensions ['ros']
[0.548s] Level 1:colcon.colcon_core.package_identification:_identify(src/line_follower_control) by extension 'ros'
[0.549s] DEBUG:colcon.colcon_core.package_identification:Package 'src/line_follower_control' with type 'ros.ament_python' and name 'line_follower_control'
[0.549s] Level 1:colcon.colcon_core.package_identification:_identify(src/position_udp_bridge) by extensions ['ignore', 'ignore_ament_install']
[0.549s] Level 1:colcon.colcon_core.package_identification:_identify(src/position_udp_bridge) by extension 'ignore'
[0.549s] Level 1:colcon.colcon_core.package_identification:_identify(src/position_udp_bridge) by extension 'ignore_ament_install'
[0.549s] Level 1:colcon.colcon_core.package_identification:_identify(src/position_udp_bridge) by extensions ['colcon_pkg']
[0.549s] Level 1:colcon.colcon_core.package_identification:_identify(src/position_udp_bridge) by extension 'colcon_pkg'
[0.549s] Level 1:colcon.colcon_core.package_identification:_identify(src/position_udp_bridge) by extensions ['colcon_meta']
[0.550s] Level 1:colcon.colcon_core.package_identification:_identify(src/position_udp_bridge) by extension 'colcon_meta'
[0.550s] Level 1:colcon.colcon_core.package_identification:_identify(src/position_udp_bridge) by extensions ['ros']
[0.550s] Level 1:colcon.colcon_core.package_identification:_identify(src/position_udp_bridge) by extension 'ros'
[0.551s] DEBUG:colcon.colcon_core.package_identification:Package 'src/position_udp_bridge' with type 'ros.ament_python' and name 'position_udp_bridge'
[0.551s] Level 1:colcon.colcon_core.package_identification:_identify(src/track_perception) by extensions ['ignore', 'ignore_ament_install']
[0.551s] Level 1:colcon.colcon_core.package_identification:_identify(src/track_perception) by extension 'ignore'
[0.551s] Level 1:colcon.colcon_core.package_identification:_identify(src/track_perception) by extension 'ignore_ament_install'
[0.551s] Level 1:colcon.colcon_core.package_identification:_identify(src/track_perception) by extensions ['colcon_pkg']
[0.551s] Level 1:colcon.colcon_core.package_identification:_identify(src/track_perception) by extension 'colcon_pkg'
[0.552s] Level 1:colcon.colcon_core.package_identification:_identify(src/track_perception) by extensions ['colcon_meta']
[0.552s] Level 1:colcon.colcon_core.package_identification:_identify(src/track_perception) by extension 'colcon_meta'
[0.552s] Level 1:colcon.colcon_core.package_identification:_identify(src/track_perception) by extensions ['ros']
[0.552s] Level 1:colcon.colcon_core.package_identification:_identify(src/track_perception) by extension 'ros'
[0.553s] DEBUG:colcon.colcon_core.package_identification:Package 'src/track_perception' with type 'ros.ament_python' and name 'track_perception'
[0.553s] Level 1:colcon.colcon_core.package_identification:_identify(src/uwb_locator) by extensions ['ignore', 'ignore_ament_install']
[0.553s] Level 1:colcon.colcon_core.package_identification:_identify(src/uwb_locator) by extension 'ignore'
[0.553s] Level 1:colcon.colcon_core.package_identification:_identify(src/uwb_locator) by extension 'ignore_ament_install'
[0.553s] Level 1:colcon.colcon_core.package_identification:_identify(src/uwb_locator) by extensions ['colcon_pkg']
[0.553s] Level 1:colcon.colcon_core.package_identification:_identify(src/uwb_locator) by extension 'colcon_pkg'
[0.553s] Level 1:colcon.colcon_core.package_identification:_identify(src/uwb_locator) by extensions ['colcon_meta']
[0.553s] Level 1:colcon.colcon_core.package_identification:_identify(src/uwb_locator) by extension 'colcon_meta'
[0.553s] Level 1:colcon.colcon_core.package_identification:_identify(src/uwb_locator) by extensions ['ros']
[0.553s] Level 1:colcon.colcon_core.package_identification:_identify(src/uwb_locator) by extension 'ros'
[0.555s] DEBUG:colcon.colcon_core.package_identification:Package 'src/uwb_locator' with type 'ros.ament_python' and name 'uwb_locator'
[0.555s] Level 1:colcon.colcon_core.package_discovery:discover_packages(recursive) using defaults
[0.555s] Level 1:colcon.colcon_core.package_discovery:discover_packages(ignore) discover
[0.555s] Level 1:colcon.colcon_core.package_discovery:discover_packages(ignore) using defaults
[0.555s] Level 1:colcon.colcon_core.package_discovery:discover_packages(path) discover
[0.555s] Level 1:colcon.colcon_core.package_discovery:discover_packages(path) using defaults
[0.609s] Level 5:colcon.colcon_core.verb:set package 'chassis_controller' build argument 'cmake_args' from command line to 'None'
[0.609s] Level 5:colcon.colcon_core.verb:set package 'chassis_controller' build argument 'cmake_target' from command line to 'None'
[0.609s] Level 5:colcon.colcon_core.verb:set package 'chassis_controller' build argument 'cmake_target_skip_unavailable' from command line to 'False'
[0.609s] Level 5:colcon.colcon_core.verb:set package 'chassis_controller' build argument 'cmake_clean_cache' from command line to 'False'
[0.609s] Level 5:colcon.colcon_core.verb:set package 'chassis_controller' build argument 'cmake_clean_first' from command line to 'False'
[0.609s] Level 5:colcon.colcon_core.verb:set package 'chassis_controller' build argument 'cmake_force_configure' from command line to 'False'
[0.609s] Level 5:colcon.colcon_core.verb:set package 'chassis_controller' build argument 'ament_cmake_args' from command line to 'None'
[0.609s] Level 5:colcon.colcon_core.verb:set package 'chassis_controller' build argument 'catkin_cmake_args' from command line to 'None'
[0.610s] Level 5:colcon.colcon_core.verb:set package 'chassis_controller' build argument 'catkin_skip_building_tests' from command line to 'False'
[0.610s] DEBUG:colcon.colcon_core.verb:Building package 'chassis_controller' with the following arguments: {'ament_cmake_args': None, 'build_base': '/home/orangepi/scuderiaferrari/build/chassis_controller', 'catkin_cmake_args': None, 'catkin_skip_building_tests': False, 'cmake_args': None, 'cmake_clean_cache': False, 'cmake_clean_first': False, 'cmake_force_configure': False, 'cmake_target': None, 'cmake_target_skip_unavailable': False, 'install_base': '/home/orangepi/scuderiaferrari/install/chassis_controller', 'merge_install': False, 'path': '/home/orangepi/scuderiaferrari/src/chassis_controller', 'symlink_install': False, 'test_result_base': None}
[0.610s] Level 5:colcon.colcon_core.verb:set package 'keyboard_controller' build argument 'cmake_args' from command line to 'None'
[0.610s] Level 5:colcon.colcon_core.verb:set package 'keyboard_controller' build argument 'cmake_target' from command line to 'None'
[0.610s] Level 5:colcon.colcon_core.verb:set package 'keyboard_controller' build argument 'cmake_target_skip_unavailable' from command line to 'False'
[0.610s] Level 5:colcon.colcon_core.verb:set package 'keyboard_controller' build argument 'cmake_clean_cache' from command line to 'False'
[0.610s] Level 5:colcon.colcon_core.verb:set package 'keyboard_controller' build argument 'cmake_clean_first' from command line to 'False'
[0.610s] Level 5:colcon.colcon_core.verb:set package 'keyboard_controller' build argument 'cmake_force_configure' from command line to 'False'
[0.610s] Level 5:colcon.colcon_core.verb:set package 'keyboard_controller' build argument 'ament_cmake_args' from command line to 'None'
[0.610s] Level 5:colcon.colcon_core.verb:set package 'keyboard_controller' build argument 'catkin_cmake_args' from command line to 'None'
[0.610s] Level 5:colcon.colcon_core.verb:set package 'keyboard_controller' build argument 'catkin_skip_building_tests' from command line to 'False'
[0.610s] DEBUG:colcon.colcon_core.verb:Building package 'keyboard_controller' with the following arguments: {'ament_cmake_args': None, 'build_base': '/home/orangepi/scuderiaferrari/build/keyboard_controller', 'catkin_cmake_args': None, 'catkin_skip_building_tests': False, 'cmake_args': None, 'cmake_clean_cache': False, 'cmake_clean_first': False, 'cmake_force_configure': False, 'cmake_target': None, 'cmake_target_skip_unavailable': False, 'install_base': '/home/orangepi/scuderiaferrari/install/keyboard_controller', 'merge_install': False, 'path': '/home/orangepi/scuderiaferrari/src/keyboard_controller', 'symlink_install': False, 'test_result_base': None}
[0.611s] Level 5:colcon.colcon_core.verb:set package 'line_follower_control' build argument 'cmake_args' from command line to 'None'
[0.611s] Level 5:colcon.colcon_core.verb:set package 'line_follower_control' build argument 'cmake_target' from command line to 'None'
[0.611s] Level 5:colcon.colcon_core.verb:set package 'line_follower_control' build argument 'cmake_target_skip_unavailable' from command line to 'False'
[0.611s] Level 5:colcon.colcon_core.verb:set package 'line_follower_control' build argument 'cmake_clean_cache' from command line to 'False'
[0.611s] Level 5:colcon.colcon_core.verb:set package 'line_follower_control' build argument 'cmake_clean_first' from command line to 'False'
[0.611s] Level 5:colcon.colcon_core.verb:set package 'line_follower_control' build argument 'cmake_force_configure' from command line to 'False'
[0.611s] Level 5:colcon.colcon_core.verb:set package 'line_follower_control' build argument 'ament_cmake_args' from command line to 'None'
[0.611s] Level 5:colcon.colcon_core.verb:set package 'line_follower_control' build argument 'catkin_cmake_args' from command line to 'None'
[0.611s] Level 5:colcon.colcon_core.verb:set package 'line_follower_control' build argument 'catkin_skip_building_tests' from command line to 'False'
[0.611s] DEBUG:colcon.colcon_core.verb:Building package 'line_follower_control' with the following arguments: {'ament_cmake_args': None, 'build_base': '/home/orangepi/scuderiaferrari/build/line_follower_control', 'catkin_cmake_args': None, 'catkin_skip_building_tests': False, 'cmake_args': None, 'cmake_clean_cache': False, 'cmake_clean_first': False, 'cmake_force_configure': False, 'cmake_target': None, 'cmake_target_skip_unavailable': False, 'install_base': '/home/orangepi/scuderiaferrari/install/line_follower_control', 'merge_install': False, 'path': '/home/orangepi/scuderiaferrari/src/line_follower_control', 'symlink_install': False, 'test_result_base': None}
[0.612s] Level 5:colcon.colcon_core.verb:set package 'position_udp_bridge' build argument 'cmake_args' from command line to 'None'
[0.612s] Level 5:colcon.colcon_core.verb:set package 'position_udp_bridge' build argument 'cmake_target' from command line to 'None'
[0.612s] Level 5:colcon.colcon_core.verb:set package 'position_udp_bridge' build argument 'cmake_target_skip_unavailable' from command line to 'False'
[0.612s] Level 5:colcon.colcon_core.verb:set package 'position_udp_bridge' build argument 'cmake_clean_cache' from command line to 'False'
[0.612s] Level 5:colcon.colcon_core.verb:set package 'position_udp_bridge' build argument 'cmake_clean_first' from command line to 'False'
[0.612s] Level 5:colcon.colcon_core.verb:set package 'position_udp_bridge' build argument 'cmake_force_configure' from command line to 'False'
[0.612s] Level 5:colcon.colcon_core.verb:set package 'position_udp_bridge' build argument 'ament_cmake_args' from command line to 'None'
[0.612s] Level 5:colcon.colcon_core.verb:set package 'position_udp_bridge' build argument 'catkin_cmake_args' from command line to 'None'
[0.612s] Level 5:colcon.colcon_core.verb:set package 'position_udp_bridge' build argument 'catkin_skip_building_tests' from command line to 'False'
[0.612s] DEBUG:colcon.colcon_core.verb:Building package 'position_udp_bridge' with the following arguments: {'ament_cmake_args': None, 'build_base': '/home/orangepi/scuderiaferrari/build/position_udp_bridge', 'catkin_cmake_args': None, 'catkin_skip_building_tests': False, 'cmake_args': None, 'cmake_clean_cache': False, 'cmake_clean_first': False, 'cmake_force_configure': False, 'cmake_target': None, 'cmake_target_skip_unavailable': False, 'install_base': '/home/orangepi/scuderiaferrari/install/position_udp_bridge', 'merge_install': False, 'path': '/home/orangepi/scuderiaferrari/src/position_udp_bridge', 'symlink_install': False, 'test_result_base': None}
[0.612s] Level 5:colcon.colcon_core.verb:set package 'track_perception' build argument 'cmake_args' from command line to 'None'
[0.612s] Level 5:colcon.colcon_core.verb:set package 'track_perception' build argument 'cmake_target' from command line to 'None'
[0.612s] Level 5:colcon.colcon_core.verb:set package 'track_perception' build argument 'cmake_target_skip_unavailable' from command line to 'False'
[0.612s] Level 5:colcon.colcon_core.verb:set package 'track_perception' build argument 'cmake_clean_cache' from command line to 'False'
[0.612s] Level 5:colcon.colcon_core.verb:set package 'track_perception' build argument 'cmake_clean_first' from command line to 'False'
[0.612s] Level 5:colcon.colcon_core.verb:set package 'track_perception' build argument 'cmake_force_configure' from command line to 'False'
[0.612s] Level 5:colcon.colcon_core.verb:set package 'track_perception' build argument 'ament_cmake_args' from command line to 'None'
[0.612s] Level 5:colcon.colcon_core.verb:set package 'track_perception' build argument 'catkin_cmake_args' from command line to 'None'
[0.612s] Level 5:colcon.colcon_core.verb:set package 'track_perception' build argument 'catkin_skip_building_tests' from command line to 'False'
[0.613s] DEBUG:colcon.colcon_core.verb:Building package 'track_perception' with the following arguments: {'ament_cmake_args': None, 'build_base': '/home/orangepi/scuderiaferrari/build/track_perception', 'catkin_cmake_args': None, 'catkin_skip_building_tests': False, 'cmake_args': None, 'cmake_clean_cache': False, 'cmake_clean_first': False, 'cmake_force_configure': False, 'cmake_target': None, 'cmake_target_skip_unavailable': False, 'install_base': '/home/orangepi/scuderiaferrari/install/track_perception', 'merge_install': False, 'path': '/home/orangepi/scuderiaferrari/src/track_perception', 'symlink_install': False, 'test_result_base': None}
[0.613s] Level 5:colcon.colcon_core.verb:set package 'uwb_locator' build argument 'cmake_args' from command line to 'None'
[0.613s] Level 5:colcon.colcon_core.verb:set package 'uwb_locator' build argument 'cmake_target' from command line to 'None'
[0.613s] Level 5:colcon.colcon_core.verb:set package 'uwb_locator' build argument 'cmake_target_skip_unavailable' from command line to 'False'
[0.613s] Level 5:colcon.colcon_core.verb:set package 'uwb_locator' build argument 'cmake_clean_cache' from command line to 'False'
[0.613s] Level 5:colcon.colcon_core.verb:set package 'uwb_locator' build argument 'cmake_clean_first' from command line to 'False'
[0.613s] Level 5:colcon.colcon_core.verb:set package 'uwb_locator' build argument 'cmake_force_configure' from command line to 'False'
[0.613s] Level 5:colcon.colcon_core.verb:set package 'uwb_locator' build argument 'ament_cmake_args' from command line to 'None'
[0.613s] Level 5:colcon.colcon_core.verb:set package 'uwb_locator' build argument 'catkin_cmake_args' from command line to 'None'
[0.613s] Level 5:colcon.colcon_core.verb:set package 'uwb_locator' build argument 'catkin_skip_building_tests' from command line to 'False'
[0.613s] DEBUG:colcon.colcon_core.verb:Building package 'uwb_locator' with the following arguments: {'ament_cmake_args': None, 'build_base': '/home/orangepi/scuderiaferrari/build/uwb_locator', 'catkin_cmake_args': None, 'catkin_skip_building_tests': False, 'cmake_args': None, 'cmake_clean_cache': False, 'cmake_clean_first': False, 'cmake_force_configure': False, 'cmake_target': None, 'cmake_target_skip_unavailable': False, 'install_base': '/home/orangepi/scuderiaferrari/install/uwb_locator', 'merge_install': False, 'path': '/home/orangepi/scuderiaferrari/src/uwb_locator', 'symlink_install': False, 'test_result_base': None}
[0.613s] INFO:colcon.colcon_core.executor:Executing jobs using 'parallel' executor
[0.615s] DEBUG:colcon.colcon_parallel_executor.executor.parallel:run_until_complete
[0.616s] INFO:colcon.colcon_ros.task.ament_python.build:Building ROS package in '/home/orangepi/scuderiaferrari/src/chassis_controller' with build type 'ament_python'
[0.616s] Level 1:colcon.colcon_core.shell:create_environment_hook('chassis_controller', 'ament_prefix_path')
[0.627s] INFO:colcon.colcon_core.plugin_system:Skipping extension 'colcon_core.shell.bat': Not used on non-Windows systems
[0.628s] INFO:colcon.colcon_core.shell:Creating environment hook '/home/orangepi/scuderiaferrari/install/chassis_controller/share/chassis_controller/hook/ament_prefix_path.ps1'
[0.635s] INFO:colcon.colcon_core.shell:Creating environment descriptor '/home/orangepi/scuderiaferrari/install/chassis_controller/share/chassis_controller/hook/ament_prefix_path.dsv'
[0.668s] INFO:colcon.colcon_core.shell:Creating environment hook '/home/orangepi/scuderiaferrari/install/chassis_controller/share/chassis_controller/hook/ament_prefix_path.sh'
[0.685s] INFO:colcon.colcon_core.shell:Skip shell extension 'powershell' for command environment: Not usable outside of PowerShell
[0.685s] DEBUG:colcon.colcon_core.shell:Skip shell extension 'dsv' for command environment
[0.729s] INFO:colcon.colcon_ros.task.ament_python.build:Building ROS package in '/home/orangepi/scuderiaferrari/src/keyboard_controller' with build type 'ament_python'
[0.730s] Level 1:colcon.colcon_core.shell:create_environment_hook('keyboard_controller', 'ament_prefix_path')
[0.732s] INFO:colcon.colcon_core.shell:Creating environment hook '/home/orangepi/scuderiaferrari/install/keyboard_controller/share/keyboard_controller/hook/ament_prefix_path.ps1'
[0.740s] INFO:colcon.colcon_core.shell:Creating environment descriptor '/home/orangepi/scuderiaferrari/install/keyboard_controller/share/keyboard_controller/hook/ament_prefix_path.dsv'
[0.746s] INFO:colcon.colcon_core.shell:Creating environment hook '/home/orangepi/scuderiaferrari/install/keyboard_controller/share/keyboard_controller/hook/ament_prefix_path.sh'
[0.754s] INFO:colcon.colcon_core.shell:Skip shell extension 'powershell' for command environment: Not usable outside of PowerShell
[0.754s] DEBUG:colcon.colcon_core.shell:Skip shell extension 'dsv' for command environment
[0.764s] INFO:colcon.colcon_ros.task.ament_python.build:Building ROS package in '/home/orangepi/scuderiaferrari/src/line_follower_control' with build type 'ament_python'
[0.764s] Level 1:colcon.colcon_core.shell:create_environment_hook('line_follower_control', 'ament_prefix_path')
[0.764s] INFO:colcon.colcon_core.shell:Creating environment hook '/home/orangepi/scuderiaferrari/install/line_follower_control/share/line_follower_control/hook/ament_prefix_path.ps1'
[0.795s] INFO:colcon.colcon_core.shell:Creating environment descriptor '/home/orangepi/scuderiaferrari/install/line_follower_control/share/line_follower_control/hook/ament_prefix_path.dsv'
[0.805s] INFO:colcon.colcon_core.shell:Creating environment hook '/home/orangepi/scuderiaferrari/install/line_follower_control/share/line_follower_control/hook/ament_prefix_path.sh'
[0.820s] INFO:colcon.colcon_core.shell:Skip shell extension 'powershell' for command environment: Not usable outside of PowerShell
[0.820s] DEBUG:colcon.colcon_core.shell:Skip shell extension 'dsv' for command environment
[0.830s] INFO:colcon.colcon_ros.task.ament_python.build:Building ROS package in '/home/orangepi/scuderiaferrari/src/position_udp_bridge' with build type 'ament_python'
[0.831s] Level 1:colcon.colcon_core.shell:create_environment_hook('position_udp_bridge', 'ament_prefix_path')
[0.831s] INFO:colcon.colcon_core.shell:Creating environment hook '/home/orangepi/scuderiaferrari/install/position_udp_bridge/share/position_udp_bridge/hook/ament_prefix_path.ps1'
[0.836s] INFO:colcon.colcon_core.shell:Creating environment descriptor '/home/orangepi/scuderiaferrari/install/position_udp_bridge/share/position_udp_bridge/hook/ament_prefix_path.dsv'
[0.842s] INFO:colcon.colcon_core.shell:Creating environment hook '/home/orangepi/scuderiaferrari/install/position_udp_bridge/share/position_udp_bridge/hook/ament_prefix_path.sh'
[0.848s] INFO:colcon.colcon_core.shell:Skip shell extension 'powershell' for command environment: Not usable outside of PowerShell
[0.849s] DEBUG:colcon.colcon_core.shell:Skip shell extension 'dsv' for command environment
[0.858s] INFO:colcon.colcon_ros.task.ament_python.build:Building ROS package in '/home/orangepi/scuderiaferrari/src/track_perception' with build type 'ament_python'
[0.858s] Level 1:colcon.colcon_core.shell:create_environment_hook('track_perception', 'ament_prefix_path')
[0.859s] INFO:colcon.colcon_core.shell:Creating environment hook '/home/orangepi/scuderiaferrari/install/track_perception/share/track_perception/hook/ament_prefix_path.ps1'
[0.871s] INFO:colcon.colcon_core.shell:Creating environment descriptor '/home/orangepi/scuderiaferrari/install/track_perception/share/track_perception/hook/ament_prefix_path.dsv'
[0.880s] INFO:colcon.colcon_core.shell:Creating environment hook '/home/orangepi/scuderiaferrari/install/track_perception/share/track_perception/hook/ament_prefix_path.sh'
[0.892s] INFO:colcon.colcon_core.shell:Skip shell extension 'powershell' for command environment: Not usable outside of PowerShell
[0.892s] DEBUG:colcon.colcon_core.shell:Skip shell extension 'dsv' for command environment
[0.902s] INFO:colcon.colcon_ros.task.ament_python.build:Building ROS package in '/home/orangepi/scuderiaferrari/src/uwb_locator' with build type 'ament_python'
[0.902s] Level 1:colcon.colcon_core.shell:create_environment_hook('uwb_locator', 'ament_prefix_path')
[0.902s] INFO:colcon.colcon_core.shell:Creating environment hook '/home/orangepi/scuderiaferrari/install/uwb_locator/share/uwb_locator/hook/ament_prefix_path.ps1'
[0.906s] INFO:colcon.colcon_core.shell:Creating environment descriptor '/home/orangepi/scuderiaferrari/install/uwb_locator/share/uwb_locator/hook/ament_prefix_path.dsv'
[0.914s] INFO:colcon.colcon_core.shell:Creating environment hook '/home/orangepi/scuderiaferrari/install/uwb_locator/share/uwb_locator/hook/ament_prefix_path.sh'
[0.919s] INFO:colcon.colcon_core.shell:Skip shell extension 'powershell' for command environment: Not usable outside of PowerShell
[0.919s] DEBUG:colcon.colcon_core.shell:Skip shell extension 'dsv' for command environment
[1.338s] INFO:colcon.colcon_core.task.python.build:Building Python package in '/home/orangepi/scuderiaferrari/src/chassis_controller'
[1.339s] INFO:colcon.colcon_core.shell:Skip shell extension 'powershell' for command environment: Not usable outside of PowerShell
[1.339s] DEBUG:colcon.colcon_core.shell:Skip shell extension 'dsv' for command environment
[1.769s] INFO:colcon.colcon_core.task.python.build:Building Python package in '/home/orangepi/scuderiaferrari/src/keyboard_controller'
[1.770s] INFO:colcon.colcon_core.shell:Skip shell extension 'powershell' for command environment: Not usable outside of PowerShell
[1.770s] DEBUG:colcon.colcon_core.shell:Skip shell extension 'dsv' for command environment
[2.172s] INFO:colcon.colcon_core.task.python.build:Building Python package in '/home/orangepi/scuderiaferrari/src/line_follower_control'
[2.173s] INFO:colcon.colcon_core.shell:Skip shell extension 'powershell' for command environment: Not usable outside of PowerShell
[2.173s] DEBUG:colcon.colcon_core.shell:Skip shell extension 'dsv' for command environment
[2.569s] INFO:colcon.colcon_core.task.python.build:Building Python package in '/home/orangepi/scuderiaferrari/src/position_udp_bridge'
[2.570s] INFO:colcon.colcon_core.shell:Skip shell extension 'powershell' for command environment: Not usable outside of PowerShell
[2.570s] DEBUG:colcon.colcon_core.shell:Skip shell extension 'dsv' for command environment
[2.984s] INFO:colcon.colcon_core.task.python.build:Building Python package in '/home/orangepi/scuderiaferrari/src/track_perception'
[2.985s] INFO:colcon.colcon_core.shell:Skip shell extension 'powershell' for command environment: Not usable outside of PowerShell
[2.986s] DEBUG:colcon.colcon_core.shell:Skip shell extension 'dsv' for command environment
[3.509s] INFO:colcon.colcon_core.task.python.build:Building Python package in '/home/orangepi/scuderiaferrari/src/uwb_locator'
[3.510s] INFO:colcon.colcon_core.shell:Skip shell extension 'powershell' for command environment: Not usable outside of PowerShell
[3.510s] DEBUG:colcon.colcon_core.shell:Skip shell extension 'dsv' for command environment
[4.796s] DEBUG:colcon.colcon_core.event_handler.log_command:Invoking command in '/home/orangepi/scuderiaferrari/src/track_perception': PYTHONPATH=/home/orangepi/scuderiaferrari/build/track_perception/prefix_override:/usr/lib/python3/dist-packages/colcon_core/task/python/colcon_distutils_commands:/home/orangepi/scuderiaferrari/install/track_perception/lib/python3.10/site-packages:${PYTHONPATH} /usr/bin/python3 -W ignore:setup.py install is deprecated -W ignore:easy_install command is deprecated setup.py egg_info --egg-base ../../build/track_perception build --build-base /home/orangepi/scuderiaferrari/build/track_perception/build install --record /home/orangepi/scuderiaferrari/build/track_perception/install.log --single-version-externally-managed install_data
[4.889s] DEBUG:colcon.colcon_core.event_handler.log_command:Invoking command in '/home/orangepi/scuderiaferrari/src/position_udp_bridge': PYTHONPATH=/home/orangepi/scuderiaferrari/build/position_udp_bridge/prefix_override:/usr/lib/python3/dist-packages/colcon_core/task/python/colcon_distutils_commands:/home/orangepi/scuderiaferrari/install/position_udp_bridge/lib/python3.10/site-packages:${PYTHONPATH} /usr/bin/python3 -W ignore:setup.py install is deprecated -W ignore:easy_install command is deprecated setup.py egg_info --egg-base ../../build/position_udp_bridge build --build-base /home/orangepi/scuderiaferrari/build/position_udp_bridge/build install --record /home/orangepi/scuderiaferrari/build/position_udp_bridge/install.log --single-version-externally-managed install_data
[4.925s] DEBUG:colcon.colcon_core.event_handler.log_command:Invoking command in '/home/orangepi/scuderiaferrari/src/line_follower_control': PYTHONPATH=/home/orangepi/scuderiaferrari/build/line_follower_control/prefix_override:/usr/lib/python3/dist-packages/colcon_core/task/python/colcon_distutils_commands:/home/orangepi/scuderiaferrari/install/line_follower_control/lib/python3.10/site-packages:${PYTHONPATH} /usr/bin/python3 -W ignore:setup.py install is deprecated -W ignore:easy_install command is deprecated setup.py egg_info --egg-base ../../build/line_follower_control build --build-base /home/orangepi/scuderiaferrari/build/line_follower_control/build install --record /home/orangepi/scuderiaferrari/build/line_follower_control/install.log --single-version-externally-managed install_data
[4.985s] DEBUG:colcon.colcon_core.event_handler.log_command:Invoking command in '/home/orangepi/scuderiaferrari/src/uwb_locator': PYTHONPATH=/home/orangepi/scuderiaferrari/build/uwb_locator/prefix_override:/usr/lib/python3/dist-packages/colcon_core/task/python/colcon_distutils_commands:/home/orangepi/scuderiaferrari/install/uwb_locator/lib/python3.10/site-packages:${PYTHONPATH} /usr/bin/python3 -W ignore:setup.py install is deprecated -W ignore:easy_install command is deprecated setup.py egg_info --egg-base ../../build/uwb_locator build --build-base /home/orangepi/scuderiaferrari/build/uwb_locator/build install --record /home/orangepi/scuderiaferrari/build/uwb_locator/install.log --single-version-externally-managed install_data
[5.022s] DEBUG:colcon.colcon_core.event_handler.log_command:Invoking command in '/home/orangepi/scuderiaferrari/src/chassis_controller': PYTHONPATH=/home/orangepi/scuderiaferrari/build/chassis_controller/prefix_override:/usr/lib/python3/dist-packages/colcon_core/task/python/colcon_distutils_commands:/home/orangepi/scuderiaferrari/install/chassis_controller/lib/python3.10/site-packages:${PYTHONPATH} /usr/bin/python3 -W ignore:setup.py install is deprecated -W ignore:easy_install command is deprecated setup.py egg_info --egg-base ../../build/chassis_controller build --build-base /home/orangepi/scuderiaferrari/build/chassis_controller/build install --record /home/orangepi/scuderiaferrari/build/chassis_controller/install.log --single-version-externally-managed install_data
[5.086s] DEBUG:colcon.colcon_core.event_handler.log_command:Invoking command in '/home/orangepi/scuderiaferrari/src/keyboard_controller': PYTHONPATH=/home/orangepi/scuderiaferrari/build/keyboard_controller/prefix_override:/usr/lib/python3/dist-packages/colcon_core/task/python/colcon_distutils_commands:/home/orangepi/scuderiaferrari/install/keyboard_controller/lib/python3.10/site-packages:${PYTHONPATH} /usr/bin/python3 -W ignore:setup.py install is deprecated -W ignore:easy_install command is deprecated setup.py egg_info --egg-base ../../build/keyboard_controller build --build-base /home/orangepi/scuderiaferrari/build/keyboard_controller/build install --record /home/orangepi/scuderiaferrari/build/keyboard_controller/install.log --single-version-externally-managed install_data
[6.327s] DEBUG:colcon.colcon_core.event_handler.log_command:Invoked command in '/home/orangepi/scuderiaferrari/src/chassis_controller' returned '0': PYTHONPATH=/home/orangepi/scuderiaferrari/build/chassis_controller/prefix_override:/usr/lib/python3/dist-packages/colcon_core/task/python/colcon_distutils_commands:/home/orangepi/scuderiaferrari/install/chassis_controller/lib/python3.10/site-packages:${PYTHONPATH} /usr/bin/python3 -W ignore:setup.py install is deprecated -W ignore:easy_install command is deprecated setup.py egg_info --egg-base ../../build/chassis_controller build --build-base /home/orangepi/scuderiaferrari/build/chassis_controller/build install --record /home/orangepi/scuderiaferrari/build/chassis_controller/install.log --single-version-externally-managed install_data
[6.383s] Level 1:colcon.colcon_core.environment:checking '/home/orangepi/scuderiaferrari/install/chassis_controller' for CMake module files
[6.389s] Level 1:colcon.colcon_core.environment:checking '/home/orangepi/scuderiaferrari/install/chassis_controller' for CMake config files
[6.394s] Level 1:colcon.colcon_core.environment:checking '/home/orangepi/scuderiaferrari/install/chassis_controller/lib'
[6.400s] Level 1:colcon.colcon_core.environment:checking '/home/orangepi/scuderiaferrari/install/chassis_controller/bin'
[6.402s] Level 1:colcon.colcon_core.environment:checking '/home/orangepi/scuderiaferrari/install/chassis_controller/lib/pkgconfig/chassis_controller.pc'
[6.405s] Level 1:colcon.colcon_core.environment:checking '/home/orangepi/scuderiaferrari/install/chassis_controller/lib/python3.10/site-packages'
[6.407s] Level 1:colcon.colcon_core.shell:create_environment_hook('chassis_controller', 'pythonpath')
[6.410s] INFO:colcon.colcon_core.shell:Creating environment hook '/home/orangepi/scuderiaferrari/install/chassis_controller/share/chassis_controller/hook/pythonpath.ps1'
[6.420s] INFO:colcon.colcon_core.shell:Creating environment descriptor '/home/orangepi/scuderiaferrari/install/chassis_controller/share/chassis_controller/hook/pythonpath.dsv'
[6.429s] INFO:colcon.colcon_core.shell:Creating environment hook '/home/orangepi/scuderiaferrari/install/chassis_controller/share/chassis_controller/hook/pythonpath.sh'
[6.435s] Level 1:colcon.colcon_core.environment:checking '/home/orangepi/scuderiaferrari/install/chassis_controller/bin'
[6.436s] Level 1:colcon.colcon_core.environment:create_environment_scripts_only(chassis_controller)
[6.439s] INFO:colcon.colcon_core.shell:Creating package script '/home/orangepi/scuderiaferrari/install/chassis_controller/share/chassis_controller/package.ps1'
[6.447s] INFO:colcon.colcon_core.shell:Creating package descriptor '/home/orangepi/scuderiaferrari/install/chassis_controller/share/chassis_controller/package.dsv'
[6.457s] INFO:colcon.colcon_core.shell:Creating package script '/home/orangepi/scuderiaferrari/install/chassis_controller/share/chassis_controller/package.sh'
[6.466s] INFO:colcon.colcon_core.shell:Creating package script '/home/orangepi/scuderiaferrari/install/chassis_controller/share/chassis_controller/package.bash'
[6.474s] INFO:colcon.colcon_core.shell:Creating package script '/home/orangepi/scuderiaferrari/install/chassis_controller/share/chassis_controller/package.zsh'
[6.481s] Level 1:colcon.colcon_core.environment:create_file_with_runtime_dependencies(/home/orangepi/scuderiaferrari/install/chassis_controller/share/colcon-core/packages/chassis_controller)
[6.497s] Level 1:colcon.colcon_core.environment:checking '/home/orangepi/scuderiaferrari/install/position_udp_bridge' for CMake module files
[6.500s] DEBUG:colcon.colcon_core.event_handler.log_command:Invoked command in '/home/orangepi/scuderiaferrari/src/position_udp_bridge' returned '0': PYTHONPATH=/home/orangepi/scuderiaferrari/build/position_udp_bridge/prefix_override:/usr/lib/python3/dist-packages/colcon_core/task/python/colcon_distutils_commands:/home/orangepi/scuderiaferrari/install/position_udp_bridge/lib/python3.10/site-packages:${PYTHONPATH} /usr/bin/python3 -W ignore:setup.py install is deprecated -W ignore:easy_install command is deprecated setup.py egg_info --egg-base ../../build/position_udp_bridge build --build-base /home/orangepi/scuderiaferrari/build/position_udp_bridge/build install --record /home/orangepi/scuderiaferrari/build/position_udp_bridge/install.log --single-version-externally-managed install_data
[6.503s] Level 1:colcon.colcon_core.environment:checking '/home/orangepi/scuderiaferrari/install/position_udp_bridge' for CMake config files
[6.505s] Level 1:colcon.colcon_core.environment:checking '/home/orangepi/scuderiaferrari/install/position_udp_bridge/lib'
[6.507s] Level 1:colcon.colcon_core.environment:checking '/home/orangepi/scuderiaferrari/install/position_udp_bridge/bin'
[6.508s] Level 1:colcon.colcon_core.environment:checking '/home/orangepi/scuderiaferrari/install/position_udp_bridge/lib/pkgconfig/position_udp_bridge.pc'
[6.510s] Level 1:colcon.colcon_core.environment:checking '/home/orangepi/scuderiaferrari/install/position_udp_bridge/lib/python3.10/site-packages'
[6.511s] Level 1:colcon.colcon_core.shell:create_environment_hook('position_udp_bridge', 'pythonpath')
[6.513s] INFO:colcon.colcon_core.shell:Creating environment hook '/home/orangepi/scuderiaferrari/install/position_udp_bridge/share/position_udp_bridge/hook/pythonpath.ps1'
[6.517s] INFO:colcon.colcon_core.shell:Creating environment descriptor '/home/orangepi/scuderiaferrari/install/position_udp_bridge/share/position_udp_bridge/hook/pythonpath.dsv'
[6.520s] INFO:colcon.colcon_core.shell:Creating environment hook '/home/orangepi/scuderiaferrari/install/position_udp_bridge/share/position_udp_bridge/hook/pythonpath.sh'
[6.524s] Level 1:colcon.colcon_core.environment:checking '/home/orangepi/scuderiaferrari/install/position_udp_bridge/bin'
[6.524s] Level 1:colcon.colcon_core.environment:create_environment_scripts_only(position_udp_bridge)
[6.525s] INFO:colcon.colcon_core.shell:Creating package script '/home/orangepi/scuderiaferrari/install/position_udp_bridge/share/position_udp_bridge/package.ps1'
[6.528s] INFO:colcon.colcon_core.shell:Creating package descriptor '/home/orangepi/scuderiaferrari/install/position_udp_bridge/share/position_udp_bridge/package.dsv'
[6.531s] INFO:colcon.colcon_core.shell:Creating package script '/home/orangepi/scuderiaferrari/install/position_udp_bridge/share/position_udp_bridge/package.sh'
[6.534s] INFO:colcon.colcon_core.shell:Creating package script '/home/orangepi/scuderiaferrari/install/position_udp_bridge/share/position_udp_bridge/package.bash'
[6.537s] INFO:colcon.colcon_core.shell:Creating package script '/home/orangepi/scuderiaferrari/install/position_udp_bridge/share/position_udp_bridge/package.zsh'
[6.539s] Level 1:colcon.colcon_core.environment:create_file_with_runtime_dependencies(/home/orangepi/scuderiaferrari/install/position_udp_bridge/share/colcon-core/packages/position_udp_bridge)
[6.549s] Level 1:colcon.colcon_core.environment:checking '/home/orangepi/scuderiaferrari/install/line_follower_control' for CMake module files
[6.551s] DEBUG:colcon.colcon_core.event_handler.log_command:Invoked command in '/home/orangepi/scuderiaferrari/src/line_follower_control' returned '0': PYTHONPATH=/home/orangepi/scuderiaferrari/build/line_follower_control/prefix_override:/usr/lib/python3/dist-packages/colcon_core/task/python/colcon_distutils_commands:/home/orangepi/scuderiaferrari/install/line_follower_control/lib/python3.10/site-packages:${PYTHONPATH} /usr/bin/python3 -W ignore:setup.py install is deprecated -W ignore:easy_install command is deprecated setup.py egg_info --egg-base ../../build/line_follower_control build --build-base /home/orangepi/scuderiaferrari/build/line_follower_control/build install --record /home/orangepi/scuderiaferrari/build/line_follower_control/install.log --single-version-externally-managed install_data
[6.553s] Level 1:colcon.colcon_core.environment:checking '/home/orangepi/scuderiaferrari/install/line_follower_control' for CMake config files
[6.557s] Level 1:colcon.colcon_core.environment:checking '/home/orangepi/scuderiaferrari/install/line_follower_control/lib'
[6.558s] Level 1:colcon.colcon_core.environment:checking '/home/orangepi/scuderiaferrari/install/line_follower_control/bin'
[6.558s] Level 1:colcon.colcon_core.environment:checking '/home/orangepi/scuderiaferrari/install/line_follower_control/lib/pkgconfig/line_follower_control.pc'
[6.559s] Level 1:colcon.colcon_core.environment:checking '/home/orangepi/scuderiaferrari/install/line_follower_control/lib/python3.10/site-packages'
[6.559s] Level 1:colcon.colcon_core.shell:create_environment_hook('line_follower_control', 'pythonpath')
[6.560s] INFO:colcon.colcon_core.shell:Creating environment hook '/home/orangepi/scuderiaferrari/install/line_follower_control/share/line_follower_control/hook/pythonpath.ps1'
[6.564s] INFO:colcon.colcon_core.shell:Creating environment descriptor '/home/orangepi/scuderiaferrari/install/line_follower_control/share/line_follower_control/hook/pythonpath.dsv'
[6.568s] INFO:colcon.colcon_core.shell:Creating environment hook '/home/orangepi/scuderiaferrari/install/line_follower_control/share/line_follower_control/hook/pythonpath.sh'
[6.575s] Level 1:colcon.colcon_core.environment:checking '/home/orangepi/scuderiaferrari/install/line_follower_control/bin'
[6.576s] Level 1:colcon.colcon_core.environment:create_environment_scripts_only(line_follower_control)
[6.577s] INFO:colcon.colcon_core.shell:Creating package script '/home/orangepi/scuderiaferrari/install/line_follower_control/share/line_follower_control/package.ps1'
[6.589s] INFO:colcon.colcon_core.shell:Creating package descriptor '/home/orangepi/scuderiaferrari/install/line_follower_control/share/line_follower_control/package.dsv'
[6.593s] INFO:colcon.colcon_core.shell:Creating package script '/home/orangepi/scuderiaferrari/install/line_follower_control/share/line_follower_control/package.sh'
[6.598s] INFO:colcon.colcon_core.shell:Creating package script '/home/orangepi/scuderiaferrari/install/line_follower_control/share/line_follower_control/package.bash'
[6.606s] INFO:colcon.colcon_core.shell:Creating package script '/home/orangepi/scuderiaferrari/install/line_follower_control/share/line_follower_control/package.zsh'
[6.611s] Level 1:colcon.colcon_core.environment:create_file_with_runtime_dependencies(/home/orangepi/scuderiaferrari/install/line_follower_control/share/colcon-core/packages/line_follower_control)
[6.615s] Level 1:colcon.colcon_core.environment:checking '/home/orangepi/scuderiaferrari/install/track_perception' for CMake module files
[6.617s] Level 1:colcon.colcon_core.environment:checking '/home/orangepi/scuderiaferrari/install/track_perception' for CMake config files
[6.618s] Level 1:colcon.colcon_core.environment:checking '/home/orangepi/scuderiaferrari/install/track_perception/lib'
[6.618s] Level 1:colcon.colcon_core.environment:checking '/home/orangepi/scuderiaferrari/install/track_perception/bin'
[6.618s] Level 1:colcon.colcon_core.shell:create_environment_hook('track_perception', 'path')
[6.618s] INFO:colcon.colcon_core.shell:Creating environment hook '/home/orangepi/scuderiaferrari/install/track_perception/share/track_perception/hook/path.ps1'
[6.621s] DEBUG:colcon.colcon_core.event_handler.log_command:Invoked command in '/home/orangepi/scuderiaferrari/src/track_perception' returned '0': PYTHONPATH=/home/orangepi/scuderiaferrari/build/track_perception/prefix_override:/usr/lib/python3/dist-packages/colcon_core/task/python/colcon_distutils_commands:/home/orangepi/scuderiaferrari/install/track_perception/lib/python3.10/site-packages:${PYTHONPATH} /usr/bin/python3 -W ignore:setup.py install is deprecated -W ignore:easy_install command is deprecated setup.py egg_info --egg-base ../../build/track_perception build --build-base /home/orangepi/scuderiaferrari/build/track_perception/build install --record /home/orangepi/scuderiaferrari/build/track_perception/install.log --single-version-externally-managed install_data
[6.630s] INFO:colcon.colcon_core.shell:Creating environment descriptor '/home/orangepi/scuderiaferrari/install/track_perception/share/track_perception/hook/path.dsv'
[6.634s] INFO:colcon.colcon_core.shell:Creating environment hook '/home/orangepi/scuderiaferrari/install/track_perception/share/track_perception/hook/path.sh'
[6.638s] Level 1:colcon.colcon_core.environment:checking '/home/orangepi/scuderiaferrari/install/track_perception/lib/pkgconfig/track_perception.pc'
[6.639s] Level 1:colcon.colcon_core.environment:checking '/home/orangepi/scuderiaferrari/install/track_perception/lib/python3.10/site-packages'
[6.640s] Level 1:colcon.colcon_core.shell:create_environment_hook('track_perception', 'pythonpath')
[6.641s] INFO:colcon.colcon_core.shell:Creating environment hook '/home/orangepi/scuderiaferrari/install/track_perception/share/track_perception/hook/pythonpath.ps1'
[6.645s] INFO:colcon.colcon_core.shell:Creating environment descriptor '/home/orangepi/scuderiaferrari/install/track_perception/share/track_perception/hook/pythonpath.dsv'
[6.650s] INFO:colcon.colcon_core.shell:Creating environment hook '/home/orangepi/scuderiaferrari/install/track_perception/share/track_perception/hook/pythonpath.sh'
[6.654s] Level 1:colcon.colcon_core.environment:checking '/home/orangepi/scuderiaferrari/install/track_perception/bin'
[6.655s] Level 1:colcon.colcon_core.shell:create_environment_hook('track_perception', 'pythonscriptspath')
[6.655s] INFO:colcon.colcon_core.shell:Creating environment hook '/home/orangepi/scuderiaferrari/install/track_perception/share/track_perception/hook/pythonscriptspath.ps1'
[6.660s] INFO:colcon.colcon_core.shell:Creating environment descriptor '/home/orangepi/scuderiaferrari/install/track_perception/share/track_perception/hook/pythonscriptspath.dsv'
[6.670s] INFO:colcon.colcon_core.shell:Creating environment hook '/home/orangepi/scuderiaferrari/install/track_perception/share/track_perception/hook/pythonscriptspath.sh'
[6.673s] Level 1:colcon.colcon_core.environment:create_environment_scripts_only(track_perception)
[6.674s] INFO:colcon.colcon_core.shell:Creating package script '/home/orangepi/scuderiaferrari/install/track_perception/share/track_perception/package.ps1'
[6.680s] INFO:colcon.colcon_core.shell:Creating package descriptor '/home/orangepi/scuderiaferrari/install/track_perception/share/track_perception/package.dsv'
[6.684s] INFO:colcon.colcon_core.shell:Creating package script '/home/orangepi/scuderiaferrari/install/track_perception/share/track_perception/package.sh'
[6.687s] INFO:colcon.colcon_core.shell:Creating package script '/home/orangepi/scuderiaferrari/install/track_perception/share/track_perception/package.bash'
[6.690s] INFO:colcon.colcon_core.shell:Creating package script '/home/orangepi/scuderiaferrari/install/track_perception/share/track_perception/package.zsh'
[6.694s] Level 1:colcon.colcon_core.environment:create_file_with_runtime_dependencies(/home/orangepi/scuderiaferrari/install/track_perception/share/colcon-core/packages/track_perception)
[6.700s] Level 1:colcon.colcon_core.environment:checking '/home/orangepi/scuderiaferrari/install/keyboard_controller' for CMake module files
[6.717s] DEBUG:colcon.colcon_core.event_handler.log_command:Invoked command in '/home/orangepi/scuderiaferrari/src/keyboard_controller' returned '0': PYTHONPATH=/home/orangepi/scuderiaferrari/build/keyboard_controller/prefix_override:/usr/lib/python3/dist-packages/colcon_core/task/python/colcon_distutils_commands:/home/orangepi/scuderiaferrari/install/keyboard_controller/lib/python3.10/site-packages:${PYTHONPATH} /usr/bin/python3 -W ignore:setup.py install is deprecated -W ignore:easy_install command is deprecated setup.py egg_info --egg-base ../../build/keyboard_controller build --build-base /home/orangepi/scuderiaferrari/build/keyboard_controller/build install --record /home/orangepi/scuderiaferrari/build/keyboard_controller/install.log --single-version-externally-managed install_data
[6.719s] Level 1:colcon.colcon_core.environment:checking '/home/orangepi/scuderiaferrari/install/keyboard_controller' for CMake config files
[6.722s] Level 1:colcon.colcon_core.environment:checking '/home/orangepi/scuderiaferrari/install/keyboard_controller/lib'
[6.722s] Level 1:colcon.colcon_core.environment:checking '/home/orangepi/scuderiaferrari/install/keyboard_controller/bin'
[6.723s] Level 1:colcon.colcon_core.environment:checking '/home/orangepi/scuderiaferrari/install/keyboard_controller/lib/pkgconfig/keyboard_controller.pc'
[6.724s] Level 1:colcon.colcon_core.environment:checking '/home/orangepi/scuderiaferrari/install/keyboard_controller/lib/python3.10/site-packages'
[6.724s] Level 1:colcon.colcon_core.shell:create_environment_hook('keyboard_controller', 'pythonpath')
[6.726s] INFO:colcon.colcon_core.shell:Creating environment hook '/home/orangepi/scuderiaferrari/install/keyboard_controller/share/keyboard_controller/hook/pythonpath.ps1'
[6.737s] INFO:colcon.colcon_core.shell:Creating environment descriptor '/home/orangepi/scuderiaferrari/install/keyboard_controller/share/keyboard_controller/hook/pythonpath.dsv'
[6.741s] INFO:colcon.colcon_core.shell:Creating environment hook '/home/orangepi/scuderiaferrari/install/keyboard_controller/share/keyboard_controller/hook/pythonpath.sh'
[6.748s] Level 1:colcon.colcon_core.environment:checking '/home/orangepi/scuderiaferrari/install/keyboard_controller/bin'
[6.750s] Level 1:colcon.colcon_core.environment:create_environment_scripts_only(keyboard_controller)
[6.751s] INFO:colcon.colcon_core.shell:Creating package script '/home/orangepi/scuderiaferrari/install/keyboard_controller/share/keyboard_controller/package.ps1'
[6.758s] INFO:colcon.colcon_core.shell:Creating package descriptor '/home/orangepi/scuderiaferrari/install/keyboard_controller/share/keyboard_controller/package.dsv'
[6.761s] INFO:colcon.colcon_core.shell:Creating package script '/home/orangepi/scuderiaferrari/install/keyboard_controller/share/keyboard_controller/package.sh'
[6.765s] INFO:colcon.colcon_core.shell:Creating package script '/home/orangepi/scuderiaferrari/install/keyboard_controller/share/keyboard_controller/package.bash'
[6.772s] INFO:colcon.colcon_core.shell:Creating package script '/home/orangepi/scuderiaferrari/install/keyboard_controller/share/keyboard_controller/package.zsh'
[6.779s] Level 1:colcon.colcon_core.environment:create_file_with_runtime_dependencies(/home/orangepi/scuderiaferrari/install/keyboard_controller/share/colcon-core/packages/keyboard_controller)
[6.788s] Level 1:colcon.colcon_core.environment:checking '/home/orangepi/scuderiaferrari/install/uwb_locator' for CMake module files
[6.789s] DEBUG:colcon.colcon_core.event_handler.log_command:Invoked command in '/home/orangepi/scuderiaferrari/src/uwb_locator' returned '0': PYTHONPATH=/home/orangepi/scuderiaferrari/build/uwb_locator/prefix_override:/usr/lib/python3/dist-packages/colcon_core/task/python/colcon_distutils_commands:/home/orangepi/scuderiaferrari/install/uwb_locator/lib/python3.10/site-packages:${PYTHONPATH} /usr/bin/python3 -W ignore:setup.py install is deprecated -W ignore:easy_install command is deprecated setup.py egg_info --egg-base ../../build/uwb_locator build --build-base /home/orangepi/scuderiaferrari/build/uwb_locator/build install --record /home/orangepi/scuderiaferrari/build/uwb_locator/install.log --single-version-externally-managed install_data
[6.791s] Level 1:colcon.colcon_core.environment:checking '/home/orangepi/scuderiaferrari/install/uwb_locator' for CMake config files
[6.804s] Level 1:colcon.colcon_core.environment:checking '/home/orangepi/scuderiaferrari/install/uwb_locator/lib'
[6.805s] Level 1:colcon.colcon_core.environment:checking '/home/orangepi/scuderiaferrari/install/uwb_locator/bin'
[6.805s] Level 1:colcon.colcon_core.shell:create_environment_hook('uwb_locator', 'path')
[6.807s] INFO:colcon.colcon_core.shell:Creating environment hook '/home/orangepi/scuderiaferrari/install/uwb_locator/share/uwb_locator/hook/path.ps1'
[6.816s] INFO:colcon.colcon_core.shell:Creating environment descriptor '/home/orangepi/scuderiaferrari/install/uwb_locator/share/uwb_locator/hook/path.dsv'
[6.819s] INFO:colcon.colcon_core.shell:Creating environment hook '/home/orangepi/scuderiaferrari/install/uwb_locator/share/uwb_locator/hook/path.sh'
[6.823s] Level 1:colcon.colcon_core.environment:checking '/home/orangepi/scuderiaferrari/install/uwb_locator/lib/pkgconfig/uwb_locator.pc'
[6.823s] Level 1:colcon.colcon_core.environment:checking '/home/orangepi/scuderiaferrari/install/uwb_locator/lib/python3.10/site-packages'
[6.824s] Level 1:colcon.colcon_core.shell:create_environment_hook('uwb_locator', 'pythonpath')
[6.824s] INFO:colcon.colcon_core.shell:Creating environment hook '/home/orangepi/scuderiaferrari/install/uwb_locator/share/uwb_locator/hook/pythonpath.ps1'
[6.828s] INFO:colcon.colcon_core.shell:Creating environment descriptor '/home/orangepi/scuderiaferrari/install/uwb_locator/share/uwb_locator/hook/pythonpath.dsv'
[6.837s] INFO:colcon.colcon_core.shell:Creating environment hook '/home/orangepi/scuderiaferrari/install/uwb_locator/share/uwb_locator/hook/pythonpath.sh'
[6.841s] Level 1:colcon.colcon_core.environment:checking '/home/orangepi/scuderiaferrari/install/uwb_locator/bin'
[6.841s] Level 1:colcon.colcon_core.shell:create_environment_hook('uwb_locator', 'pythonscriptspath')
[6.841s] INFO:colcon.colcon_core.shell:Creating environment hook '/home/orangepi/scuderiaferrari/install/uwb_locator/share/uwb_locator/hook/pythonscriptspath.ps1'
[6.844s] INFO:colcon.colcon_core.shell:Creating environment descriptor '/home/orangepi/scuderiaferrari/install/uwb_locator/share/uwb_locator/hook/pythonscriptspath.dsv'
[6.850s] INFO:colcon.colcon_core.shell:Creating environment hook '/home/orangepi/scuderiaferrari/install/uwb_locator/share/uwb_locator/hook/pythonscriptspath.sh'
[6.854s] Level 1:colcon.colcon_core.environment:create_environment_scripts_only(uwb_locator)
[6.857s] INFO:colcon.colcon_core.shell:Creating package script '/home/orangepi/scuderiaferrari/install/uwb_locator/share/uwb_locator/package.ps1'
[6.866s] INFO:colcon.colcon_core.shell:Creating package descriptor '/home/orangepi/scuderiaferrari/install/uwb_locator/share/uwb_locator/package.dsv'
[6.879s] INFO:colcon.colcon_core.shell:Creating package script '/home/orangepi/scuderiaferrari/install/uwb_locator/share/uwb_locator/package.sh'
[6.887s] INFO:colcon.colcon_core.shell:Creating package script '/home/orangepi/scuderiaferrari/install/uwb_locator/share/uwb_locator/package.bash'
[6.890s] INFO:colcon.colcon_core.shell:Creating package script '/home/orangepi/scuderiaferrari/install/uwb_locator/share/uwb_locator/package.zsh'
[6.894s] Level 1:colcon.colcon_core.environment:create_file_with_runtime_dependencies(/home/orangepi/scuderiaferrari/install/uwb_locator/share/colcon-core/packages/uwb_locator)
[6.897s] DEBUG:colcon.colcon_parallel_executor.executor.parallel:closing loop
[6.898s] DEBUG:colcon.colcon_parallel_executor.executor.parallel:loop closed
[6.899s] DEBUG:colcon.colcon_parallel_executor.executor.parallel:run_until_complete finished with '0'
[6.899s] DEBUG:colcon.colcon_core.event_reactor:joining thread
[6.912s] INFO:colcon.colcon_core.plugin_system:Skipping extension 'colcon_notification.desktop_notification.terminal_notifier': Not used on non-Darwin systems
[6.912s] INFO:colcon.colcon_core.plugin_system:Skipping extension 'colcon_notification.desktop_notification.win32': Not used on non-Windows systems
[6.912s] INFO:colcon.colcon_notification.desktop_notification:Sending desktop notification using 'notify2'
[7.077s] DEBUG:colcon.colcon_core.event_reactor:joined thread
[7.077s] INFO:colcon.colcon_core.shell:Creating prefix script '/home/orangepi/scuderiaferrari/install/local_setup.ps1'
[7.084s] INFO:colcon.colcon_core.shell:Creating prefix util module '/home/orangepi/scuderiaferrari/install/_local_setup_util_ps1.py'
[7.089s] INFO:colcon.colcon_core.shell:Creating prefix chain script '/home/orangepi/scuderiaferrari/install/setup.ps1'
[7.099s] INFO:colcon.colcon_core.shell:Creating prefix script '/home/orangepi/scuderiaferrari/install/local_setup.sh'
[7.104s] INFO:colcon.colcon_core.shell:Creating prefix util module '/home/orangepi/scuderiaferrari/install/_local_setup_util_sh.py'
[7.110s] INFO:colcon.colcon_core.shell:Creating prefix chain script '/home/orangepi/scuderiaferrari/install/setup.sh'
[7.121s] INFO:colcon.colcon_core.shell:Creating prefix script '/home/orangepi/scuderiaferrari/install/local_setup.bash'
[7.126s] INFO:colcon.colcon_core.shell:Creating prefix chain script '/home/orangepi/scuderiaferrari/install/setup.bash'
[7.140s] INFO:colcon.colcon_core.shell:Creating prefix script '/home/orangepi/scuderiaferrari/install/local_setup.zsh'
[7.148s] INFO:colcon.colcon_core.shell:Creating prefix chain script '/home/orangepi/scuderiaferrari/install/setup.zsh'
