[1.513s] Invoking command in '/home/orangepi/scuderiaferrari/src/track_perception': PYTHONPATH=/home/orangepi/scuderiaferrari/build/track_perception/prefix_override:/usr/lib/python3/dist-packages/colcon_core/task/python/colcon_distutils_commands:/home/orangepi/scuderiaferrari/install/track_perception/lib/python3.10/site-packages:${PYTHONPATH} /usr/bin/python3 -W ignore:setup.py install is deprecated -W ignore:easy_install command is deprecated setup.py egg_info --egg-base ../../build/track_perception build --build-base /home/orangepi/scuderiaferrari/build/track_perception/build install --record /home/orangepi/scuderiaferrari/build/track_perception/install.log --single-version-externally-managed install_data
[1.972s] running egg_info
[1.978s] writing ../../build/track_perception/track_perception.egg-info/PKG-INFO
[1.988s] writing dependency_links to ../../build/track_perception/track_perception.egg-info/dependency_links.txt
[1.996s] writing entry points to ../../build/track_perception/track_perception.egg-info/entry_points.txt
[2.004s] writing requirements to ../../build/track_perception/track_perception.egg-info/requires.txt
[2.010s] writing top-level names to ../../build/track_perception/track_perception.egg-info/top_level.txt
[2.024s] reading manifest file '../../build/track_perception/track_perception.egg-info/SOURCES.txt'
[2.026s] writing manifest file '../../build/track_perception/track_perception.egg-info/SOURCES.txt'
[2.031s] running build
[2.032s] running build_py
[2.035s] copying track_perception_python/perception_decision_node.py -> /home/orangepi/scuderiaferrari/build/track_perception/build/lib/track_perception_python
[2.040s] running install
[2.042s] running install_lib
[2.045s] copying /home/orangepi/scuderiaferrari/build/track_perception/build/lib/track_perception_python/perception_decision_node.py -> /home/orangepi/scuderiaferrari/install/track_perception/lib/python3.10/site-packages/track_perception_python
[2.053s] byte-compiling /home/orangepi/scuderiaferrari/install/track_perception/lib/python3.10/site-packages/track_perception_python/perception_decision_node.py to perception_decision_node.cpython-310.pyc
[2.091s] running install_data
[2.092s] running install_egg_info
[2.094s] removing '/home/orangepi/scuderiaferrari/install/track_perception/lib/python3.10/site-packages/track_perception-2.0.0-py3.10.egg-info' (and everything under it)
[2.131s] Copying ../../build/track_perception/track_perception.egg-info to /home/orangepi/scuderiaferrari/install/track_perception/lib/python3.10/site-packages/track_perception-2.0.0-py3.10.egg-info
[2.132s] running install_scripts
[2.194s] Installing object_detection_node script to /home/orangepi/scuderiaferrari/install/track_perception/bin
[2.204s] Installing perception_decision_node script to /home/orangepi/scuderiaferrari/install/track_perception/bin
[2.213s] writing list of installed files to '/home/orangepi/scuderiaferrari/build/track_perception/install.log'
[2.339s] Invoked command in '/home/orangepi/scuderiaferrari/src/track_perception' returned '0': PYTHONPATH=/home/orangepi/scuderiaferrari/build/track_perception/prefix_override:/usr/lib/python3/dist-packages/colcon_core/task/python/colcon_distutils_commands:/home/orangepi/scuderiaferrari/install/track_perception/lib/python3.10/site-packages:${PYTHONPATH} /usr/bin/python3 -W ignore:setup.py install is deprecated -W ignore:easy_install command is deprecated setup.py egg_info --egg-base ../../build/track_perception build --build-base /home/orangepi/scuderiaferrari/build/track_perception/build install --record /home/orangepi/scuderiaferrari/build/track_perception/install.log --single-version-externally-managed install_data
