/home/orangepi/scuderiaferrari/install/keyboard_controller/lib/python3.10/site-packages/keyboard_controller/__init__.py
/home/orangepi/scuderiaferrari/install/keyboard_controller/lib/python3.10/site-packages/keyboard_controller/keyboard_control_node.py
/home/orangepi/scuderiaferrari/install/keyboard_controller/lib/python3.10/site-packages/keyboard_controller/terminal_keyboard_node.py
/home/orangepi/scuderiaferrari/install/keyboard_controller/lib/python3.10/site-packages/keyboard_controller/__pycache__/__init__.cpython-310.pyc
/home/orangepi/scuderiaferrari/install/keyboard_controller/lib/python3.10/site-packages/keyboard_controller/__pycache__/keyboard_control_node.cpython-310.pyc
/home/orangepi/scuderiaferrari/install/keyboard_controller/lib/python3.10/site-packages/keyboard_controller/__pycache__/terminal_keyboard_node.cpython-310.pyc
/home/orangepi/scuderiaferrari/install/keyboard_controller/share/ament_index/resource_index/packages/keyboard_controller
/home/orangepi/scuderiaferrari/install/keyboard_controller/share/keyboard_controller/package.xml
/home/orangepi/scuderiaferrari/install/keyboard_controller/share/keyboard_controller/launch/keyboard_control.launch.py
/home/orangepi/scuderiaferrari/install/keyboard_controller/share/keyboard_controller/launch/terminal_keyboard_control.launch.py
/home/orangepi/scuderiaferrari/install/keyboard_controller/share/keyboard_controller/config/keyboard_params.yaml
/home/orangepi/scuderiaferrari/install/keyboard_controller/share/keyboard_controller/config/conservative_params.yaml
/home/orangepi/scuderiaferrari/install/keyboard_controller/share/keyboard_controller/config/sport_params.yaml
/home/orangepi/scuderiaferrari/install/keyboard_controller/lib/python3.10/site-packages/keyboard_controller-0.0.0-py3.10.egg-info/zip-safe
/home/orangepi/scuderiaferrari/install/keyboard_controller/lib/python3.10/site-packages/keyboard_controller-0.0.0-py3.10.egg-info/PKG-INFO
/home/orangepi/scuderiaferrari/install/keyboard_controller/lib/python3.10/site-packages/keyboard_controller-0.0.0-py3.10.egg-info/requires.txt
/home/orangepi/scuderiaferrari/install/keyboard_controller/lib/python3.10/site-packages/keyboard_controller-0.0.0-py3.10.egg-info/entry_points.txt
/home/orangepi/scuderiaferrari/install/keyboard_controller/lib/python3.10/site-packages/keyboard_controller-0.0.0-py3.10.egg-info/dependency_links.txt
/home/orangepi/scuderiaferrari/install/keyboard_controller/lib/python3.10/site-packages/keyboard_controller-0.0.0-py3.10.egg-info/SOURCES.txt
/home/orangepi/scuderiaferrari/install/keyboard_controller/lib/python3.10/site-packages/keyboard_controller-0.0.0-py3.10.egg-info/top_level.txt
/home/orangepi/scuderiaferrari/install/keyboard_controller/lib/keyboard_controller/keyboard_control_node
/home/orangepi/scuderiaferrari/install/keyboard_controller/lib/keyboard_controller/terminal_keyboard_node
