[6.554s] Invoking command in '/home/orangepi/scuderiaferrari/src/uwb_locator': PYTHONPATH=/home/orangepi/scuderiaferrari/build/uwb_locator/prefix_override:/usr/lib/python3/dist-packages/colcon_core/task/python/colcon_distutils_commands:/home/orangepi/scuderiaferrari/install/uwb_locator/lib/python3.10/site-packages:${PYTHONPATH} /usr/bin/python3 -W ignore:setup.py install is deprecated -W ignore:easy_install command is deprecated setup.py egg_info --egg-base ../../build/uwb_locator build --build-base /home/orangepi/scuderiaferrari/build/uwb_locator/build install --record /home/orangepi/scuderiaferrari/build/uwb_locator/install.log --single-version-externally-managed install_data
[7.999s] running egg_info
[8.005s] writing ../../build/uwb_locator/uwb_locator.egg-info/PKG-INFO
[8.013s] writing dependency_links to ../../build/uwb_locator/uwb_locator.egg-info/dependency_links.txt
[8.020s] writing entry points to ../../build/uwb_locator/uwb_locator.egg-info/entry_points.txt
[8.023s] writing requirements to ../../build/uwb_locator/uwb_locator.egg-info/requires.txt
[8.029s] writing top-level names to ../../build/uwb_locator/uwb_locator.egg-info/top_level.txt
[8.047s] reading manifest file '../../build/uwb_locator/uwb_locator.egg-info/SOURCES.txt'
[8.050s] writing manifest file '../../build/uwb_locator/uwb_locator.egg-info/SOURCES.txt'
[8.051s] running build
[8.052s] running build_py
[8.052s] running install
[8.064s] running install_lib
[8.065s] running install_data
[8.066s] running install_egg_info
[8.067s] removing '/home/orangepi/scuderiaferrari/install/uwb_locator/lib/python3.10/site-packages/uwb_locator-1.0.0-py3.10.egg-info' (and everything under it)
[8.403s] Copying ../../build/uwb_locator/uwb_locator.egg-info to /home/orangepi/scuderiaferrari/install/uwb_locator/lib/python3.10/site-packages/uwb_locator-1.0.0-py3.10.egg-info
[8.429s] running install_scripts
[8.480s] Installing uwb_tag_node script to /home/orangepi/scuderiaferrari/install/uwb_locator/bin
[8.523s] writing list of installed files to '/home/orangepi/scuderiaferrari/build/uwb_locator/install.log'
[8.646s] Invoked command in '/home/orangepi/scuderiaferrari/src/uwb_locator' returned '0': PYTHONPATH=/home/orangepi/scuderiaferrari/build/uwb_locator/prefix_override:/usr/lib/python3/dist-packages/colcon_core/task/python/colcon_distutils_commands:/home/orangepi/scuderiaferrari/install/uwb_locator/lib/python3.10/site-packages:${PYTHONPATH} /usr/bin/python3 -W ignore:setup.py install is deprecated -W ignore:easy_install command is deprecated setup.py egg_info --egg-base ../../build/uwb_locator build --build-base /home/orangepi/scuderiaferrari/build/uwb_locator/build install --record /home/orangepi/scuderiaferrari/build/uwb_locator/install.log --single-version-externally-managed install_data
