[5.346s] Invoking command in '/home/orangepi/scuderiaferrari/src/chassis_controller': PYTHONPATH=/home/orangepi/scuderiaferrari/build/chassis_controller/prefix_override:/usr/lib/python3/dist-packages/colcon_core/task/python/colcon_distutils_commands:/home/orangepi/scuderiaferrari/install/chassis_controller/lib/python3.10/site-packages:${PYTHONPATH} /usr/bin/python3 -W ignore:setup.py install is deprecated -W ignore:easy_install command is deprecated setup.py egg_info --egg-base ../../build/chassis_controller build --build-base /home/orangepi/scuderiaferrari/build/chassis_controller/build install --record /home/orangepi/scuderiaferrari/build/chassis_controller/install.log --single-version-externally-managed install_data
[6.277s] running egg_info
[6.278s] writing ../../build/chassis_controller/chassis_controller.egg-info/PKG-INFO
[6.298s] writing dependency_links to ../../build/chassis_controller/chassis_controller.egg-info/dependency_links.txt
[6.351s] writing entry points to ../../build/chassis_controller/chassis_controller.egg-info/entry_points.txt
[6.378s] writing requirements to ../../build/chassis_controller/chassis_controller.egg-info/requires.txt
[6.437s] writing top-level names to ../../build/chassis_controller/chassis_controller.egg-info/top_level.txt
[6.460s] reading manifest file '../../build/chassis_controller/chassis_controller.egg-info/SOURCES.txt'
[6.462s] writing manifest file '../../build/chassis_controller/chassis_controller.egg-info/SOURCES.txt'
[6.508s] running build
[6.508s] running build_py
[6.508s] running install
[6.511s] running install_lib
[6.515s] running install_data
[6.517s] running install_egg_info
[6.522s] removing '/home/orangepi/scuderiaferrari/install/chassis_controller/lib/python3.10/site-packages/chassis_controller-0.0.0-py3.10.egg-info' (and everything under it)
[6.590s] Copying ../../build/chassis_controller/chassis_controller.egg-info to /home/orangepi/scuderiaferrari/install/chassis_controller/lib/python3.10/site-packages/chassis_controller-0.0.0-py3.10.egg-info
[6.590s] running install_scripts
[6.673s] Installing chassis_controller_node script to /home/orangepi/scuderiaferrari/install/chassis_controller/lib/chassis_controller
[6.678s] writing list of installed files to '/home/orangepi/scuderiaferrari/build/chassis_controller/install.log'
[6.984s] Invoked command in '/home/orangepi/scuderiaferrari/src/chassis_controller' returned '0': PYTHONPATH=/home/orangepi/scuderiaferrari/build/chassis_controller/prefix_override:/usr/lib/python3/dist-packages/colcon_core/task/python/colcon_distutils_commands:/home/orangepi/scuderiaferrari/install/chassis_controller/lib/python3.10/site-packages:${PYTHONPATH} /usr/bin/python3 -W ignore:setup.py install is deprecated -W ignore:easy_install command is deprecated setup.py egg_info --egg-base ../../build/chassis_controller build --build-base /home/orangepi/scuderiaferrari/build/chassis_controller/build install --record /home/orangepi/scuderiaferrari/build/chassis_controller/install.log --single-version-externally-managed install_data
