[1.720s] Invoking command in '/home/orangepi/scuderiaferrari/src/track_perception': PYTHONPATH=/home/orangepi/scuderiaferrari/build/track_perception/prefix_override:/usr/lib/python3/dist-packages/colcon_core/task/python/colcon_distutils_commands:/home/orangepi/scuderiaferrari/install/track_perception/lib/python3.10/site-packages:${PYTHONPATH} /usr/bin/python3 -W ignore:setup.py install is deprecated -W ignore:easy_install command is deprecated setup.py egg_info --egg-base ../../build/track_perception build --build-base /home/orangepi/scuderiaferrari/build/track_perception/build install --record /home/orangepi/scuderiaferrari/build/track_perception/install.log --single-version-externally-managed install_data
[2.198s] running egg_info
[2.201s] writing ../../build/track_perception/track_perception.egg-info/PKG-INFO
[2.210s] writing dependency_links to ../../build/track_perception/track_perception.egg-info/dependency_links.txt
[2.219s] writing entry points to ../../build/track_perception/track_perception.egg-info/entry_points.txt
[2.221s] writing requirements to ../../build/track_perception/track_perception.egg-info/requires.txt
[2.228s] writing top-level names to ../../build/track_perception/track_perception.egg-info/top_level.txt
[2.243s] reading manifest file '../../build/track_perception/track_perception.egg-info/SOURCES.txt'
[2.245s] writing manifest file '../../build/track_perception/track_perception.egg-info/SOURCES.txt'
[2.250s] running build
[2.252s] running build_py
[2.255s] copying track_perception_python/perception_decision_node.py -> /home/orangepi/scuderiaferrari/build/track_perception/build/lib/track_perception_python
[2.265s] running install
[2.265s] running install_lib
[2.268s] copying /home/orangepi/scuderiaferrari/build/track_perception/build/lib/track_perception_python/perception_decision_node.py -> /home/orangepi/scuderiaferrari/install/track_perception/lib/python3.10/site-packages/track_perception_python
[2.277s] byte-compiling /home/orangepi/scuderiaferrari/install/track_perception/lib/python3.10/site-packages/track_perception_python/perception_decision_node.py to perception_decision_node.cpython-310.pyc
[2.305s] running install_data
[2.305s] running install_egg_info
[2.310s] removing '/home/orangepi/scuderiaferrari/install/track_perception/lib/python3.10/site-packages/track_perception-2.0.0-py3.10.egg-info' (and everything under it)
[2.496s] Copying ../../build/track_perception/track_perception.egg-info to /home/orangepi/scuderiaferrari/install/track_perception/lib/python3.10/site-packages/track_perception-2.0.0-py3.10.egg-info
[2.497s] running install_scripts
[2.547s] Installing object_detection_node script to /home/orangepi/scuderiaferrari/install/track_perception/bin
[2.579s] Installing perception_decision_node script to /home/orangepi/scuderiaferrari/install/track_perception/bin
[2.605s] writing list of installed files to '/home/orangepi/scuderiaferrari/build/track_perception/install.log'
[2.745s] Invoked command in '/home/orangepi/scuderiaferrari/src/track_perception' returned '0': PYTHONPATH=/home/orangepi/scuderiaferrari/build/track_perception/prefix_override:/usr/lib/python3/dist-packages/colcon_core/task/python/colcon_distutils_commands:/home/orangepi/scuderiaferrari/install/track_perception/lib/python3.10/site-packages:${PYTHONPATH} /usr/bin/python3 -W ignore:setup.py install is deprecated -W ignore:easy_install command is deprecated setup.py egg_info --egg-base ../../build/track_perception build --build-base /home/orangepi/scuderiaferrari/build/track_perception/build install --record /home/orangepi/scuderiaferrari/build/track_perception/install.log --single-version-externally-managed install_data
