[3.238s] Invoking command in '/home/orangepi/scuderiaferrari/src/chassis_controller': PYTHONPATH=/home/orangepi/scuderiaferrari/build/chassis_controller/prefix_override:/usr/lib/python3/dist-packages/colcon_core/task/python/colcon_distutils_commands:/home/orangepi/scuderiaferrari/install/chassis_controller/lib/python3.10/site-packages:${PYTHONPATH} /usr/bin/python3 -W ignore:setup.py install is deprecated -W ignore:easy_install command is deprecated setup.py egg_info --egg-base ../../build/chassis_controller build --build-base /home/orangepi/scuderiaferrari/build/chassis_controller/build install --record /home/orangepi/scuderiaferrari/build/chassis_controller/install.log --single-version-externally-managed install_data
[3.775s] running egg_info
[3.777s] writing ../../build/chassis_controller/chassis_controller.egg-info/PKG-INFO
[3.814s] writing dependency_links to ../../build/chassis_controller/chassis_controller.egg-info/dependency_links.txt
[3.884s] writing entry points to ../../build/chassis_controller/chassis_controller.egg-info/entry_points.txt
[3.956s] writing requirements to ../../build/chassis_controller/chassis_controller.egg-info/requires.txt
[4.006s] writing top-level names to ../../build/chassis_controller/chassis_controller.egg-info/top_level.txt
[4.112s] reading manifest file '../../build/chassis_controller/chassis_controller.egg-info/SOURCES.txt'
[4.113s] writing manifest file '../../build/chassis_controller/chassis_controller.egg-info/SOURCES.txt'
[4.129s] running build
[4.129s] running build_py
[4.130s] running install
[4.131s] running install_lib
[4.133s] running install_data
[4.134s] running install_egg_info
[4.144s] removing '/home/orangepi/scuderiaferrari/install/chassis_controller/lib/python3.10/site-packages/chassis_controller-0.0.0-py3.10.egg-info' (and everything under it)
[4.233s] Copying ../../build/chassis_controller/chassis_controller.egg-info to /home/orangepi/scuderiaferrari/install/chassis_controller/lib/python3.10/site-packages/chassis_controller-0.0.0-py3.10.egg-info
[4.237s] running install_scripts
[4.306s] Installing chassis_controller_node script to /home/orangepi/scuderiaferrari/install/chassis_controller/lib/chassis_controller
[4.317s] writing list of installed files to '/home/orangepi/scuderiaferrari/build/chassis_controller/install.log'
[4.712s] Invoked command in '/home/orangepi/scuderiaferrari/src/chassis_controller' returned '0': PYTHONPATH=/home/orangepi/scuderiaferrari/build/chassis_controller/prefix_override:/usr/lib/python3/dist-packages/colcon_core/task/python/colcon_distutils_commands:/home/orangepi/scuderiaferrari/install/chassis_controller/lib/python3.10/site-packages:${PYTHONPATH} /usr/bin/python3 -W ignore:setup.py install is deprecated -W ignore:easy_install command is deprecated setup.py egg_info --egg-base ../../build/chassis_controller build --build-base /home/orangepi/scuderiaferrari/build/chassis_controller/build install --record /home/orangepi/scuderiaferrari/build/chassis_controller/install.log --single-version-externally-managed install_data
