[4.591s] Invoking command in '/home/orangepi/scuderiaferrari/src/track_perception': PYTHONPATH=/home/orangepi/scuderiaferrari/build/track_perception/prefix_override:/usr/lib/python3/dist-packages/colcon_core/task/python/colcon_distutils_commands:/home/orangepi/scuderiaferrari/install/track_perception/lib/python3.10/site-packages:${PYTHONPATH} /usr/bin/python3 -W ignore:setup.py install is deprecated -W ignore:easy_install command is deprecated setup.py egg_info --egg-base ../../build/track_perception build --build-base /home/orangepi/scuderiaferrari/build/track_perception/build install --record /home/orangepi/scuderiaferrari/build/track_perception/install.log --single-version-externally-managed install_data
[5.186s] running egg_info
[5.186s] writing ../../build/track_perception/track_perception.egg-info/PKG-INFO
[5.196s] writing dependency_links to ../../build/track_perception/track_perception.egg-info/dependency_links.txt
[5.199s] writing entry points to ../../build/track_perception/track_perception.egg-info/entry_points.txt
[5.205s] writing requirements to ../../build/track_perception/track_perception.egg-info/requires.txt
[5.209s] writing top-level names to ../../build/track_perception/track_perception.egg-info/top_level.txt
[5.227s] reading manifest file '../../build/track_perception/track_perception.egg-info/SOURCES.txt'
[5.236s] writing manifest file '../../build/track_perception/track_perception.egg-info/SOURCES.txt'
[5.242s] running build
[5.249s] running build_py
[5.250s] copying track_perception_python/perception_decision_node.py -> /home/orangepi/scuderiaferrari/build/track_perception/build/lib/track_perception_python
[5.253s] running install
[5.254s] running install_lib
[5.256s] copying /home/orangepi/scuderiaferrari/build/track_perception/build/lib/track_perception_python/perception_decision_node.py -> /home/orangepi/scuderiaferrari/install/track_perception/lib/python3.10/site-packages/track_perception_python
[5.259s] byte-compiling /home/orangepi/scuderiaferrari/install/track_perception/lib/python3.10/site-packages/track_perception_python/perception_decision_node.py to perception_decision_node.cpython-310.pyc
[5.276s] running install_data
[5.277s] running install_egg_info
[5.280s] removing '/home/orangepi/scuderiaferrari/install/track_perception/lib/python3.10/site-packages/track_perception-2.0.0-py3.10.egg-info' (and everything under it)
[5.313s] Copying ../../build/track_perception/track_perception.egg-info to /home/orangepi/scuderiaferrari/install/track_perception/lib/python3.10/site-packages/track_perception-2.0.0-py3.10.egg-info
[5.314s] running install_scripts
[5.541s] Installing object_detection_node script to /home/orangepi/scuderiaferrari/install/track_perception/bin
[5.552s] Installing perception_decision_node script to /home/orangepi/scuderiaferrari/install/track_perception/bin
[5.562s] writing list of installed files to '/home/orangepi/scuderiaferrari/build/track_perception/install.log'
[5.741s] Invoked command in '/home/orangepi/scuderiaferrari/src/track_perception' returned '0': PYTHONPATH=/home/orangepi/scuderiaferrari/build/track_perception/prefix_override:/usr/lib/python3/dist-packages/colcon_core/task/python/colcon_distutils_commands:/home/orangepi/scuderiaferrari/install/track_perception/lib/python3.10/site-packages:${PYTHONPATH} /usr/bin/python3 -W ignore:setup.py install is deprecated -W ignore:easy_install command is deprecated setup.py egg_info --egg-base ../../build/track_perception build --build-base /home/orangepi/scuderiaferrari/build/track_perception/build install --record /home/orangepi/scuderiaferrari/build/track_perception/install.log --single-version-externally-managed install_data
