[3.260s] Invoking command in '/home/orangepi/scuderiaferrari/src/chassis_controller': PYTHONPATH=/home/orangepi/scuderiaferrari/build/chassis_controller/prefix_override:/usr/lib/python3/dist-packages/colcon_core/task/python/colcon_distutils_commands:/home/orangepi/scuderiaferrari/install/chassis_controller/lib/python3.10/site-packages:${PYTHONPATH} /usr/bin/python3 -W ignore:setup.py install is deprecated -W ignore:easy_install command is deprecated setup.py egg_info --egg-base ../../build/chassis_controller build --build-base /home/orangepi/scuderiaferrari/build/chassis_controller/build install --record /home/orangepi/scuderiaferrari/build/chassis_controller/install.log --single-version-externally-managed install_data
[3.601s] running egg_info
[3.602s] writing ../../build/chassis_controller/chassis_controller.egg-info/PKG-INFO
[3.608s] writing dependency_links to ../../build/chassis_controller/chassis_controller.egg-info/dependency_links.txt
[3.612s] writing entry points to ../../build/chassis_controller/chassis_controller.egg-info/entry_points.txt
[3.615s] writing requirements to ../../build/chassis_controller/chassis_controller.egg-info/requires.txt
[3.618s] writing top-level names to ../../build/chassis_controller/chassis_controller.egg-info/top_level.txt
[3.664s] reading manifest file '../../build/chassis_controller/chassis_controller.egg-info/SOURCES.txt'
[3.665s] writing manifest file '../../build/chassis_controller/chassis_controller.egg-info/SOURCES.txt'
[3.666s] running build
[3.666s] running build_py
[3.667s] running install
[3.667s] running install_lib
[3.668s] running install_data
[3.669s] running install_egg_info
[3.678s] removing '/home/orangepi/scuderiaferrari/install/chassis_controller/lib/python3.10/site-packages/chassis_controller-0.0.0-py3.10.egg-info' (and everything under it)
[3.679s] Copying ../../build/chassis_controller/chassis_controller.egg-info to /home/orangepi/scuderiaferrari/install/chassis_controller/lib/python3.10/site-packages/chassis_controller-0.0.0-py3.10.egg-info
[3.683s] running install_scripts
[3.760s] Installing chassis_controller_node script to /home/orangepi/scuderiaferrari/install/chassis_controller/lib/chassis_controller
[3.765s] writing list of installed files to '/home/orangepi/scuderiaferrari/build/chassis_controller/install.log'
[3.856s] Invoked command in '/home/orangepi/scuderiaferrari/src/chassis_controller' returned '0': PYTHONPATH=/home/orangepi/scuderiaferrari/build/chassis_controller/prefix_override:/usr/lib/python3/dist-packages/colcon_core/task/python/colcon_distutils_commands:/home/orangepi/scuderiaferrari/install/chassis_controller/lib/python3.10/site-packages:${PYTHONPATH} /usr/bin/python3 -W ignore:setup.py install is deprecated -W ignore:easy_install command is deprecated setup.py egg_info --egg-base ../../build/chassis_controller build --build-base /home/orangepi/scuderiaferrari/build/chassis_controller/build install --record /home/orangepi/scuderiaferrari/build/chassis_controller/install.log --single-version-externally-managed install_data
