running egg_info
creating ../../build/line_follower_control/line_follower_control.egg-info
writing ../../build/line_follower_control/line_follower_control.egg-info/PKG-INFO
writing dependency_links to ../../build/line_follower_control/line_follower_control.egg-info/dependency_links.txt
writing entry points to ../../build/line_follower_control/line_follower_control.egg-info/entry_points.txt
writing requirements to ../../build/line_follower_control/line_follower_control.egg-info/requires.txt
writing top-level names to ../../build/line_follower_control/line_follower_control.egg-info/top_level.txt
writing manifest file '../../build/line_follower_control/line_follower_control.egg-info/SOURCES.txt'
reading manifest file '../../build/line_follower_control/line_follower_control.egg-info/SOURCES.txt'
writing manifest file '../../build/line_follower_control/line_follower_control.egg-info/SOURCES.txt'
running build
running build_py
creating /home/orangepi/scuderiaferrari/build/line_follower_control/build
creating /home/orangepi/scuderiaferrari/build/line_follower_control/build/lib
creating /home/orangepi/scuderiaferrari/build/line_follower_control/build/lib/line_follower_control
copying line_follower_control/controller_node.py -> /home/orangepi/scuderiaferrari/build/line_follower_control/build/lib/line_follower_control
copying line_follower_control/__init__.py -> /home/orangepi/scuderiaferrari/build/line_follower_control/build/lib/line_follower_control
running install
running install_lib
creating /home/orangepi/scuderiaferrari/install/line_follower_control/lib/python3.10/site-packages/line_follower_control
copying /home/orangepi/scuderiaferrari/build/line_follower_control/build/lib/line_follower_control/controller_node.py -> /home/orangepi/scuderiaferrari/install/line_follower_control/lib/python3.10/site-packages/line_follower_control
copying /home/orangepi/scuderiaferrari/build/line_follower_control/build/lib/line_follower_control/__init__.py -> /home/orangepi/scuderiaferrari/install/line_follower_control/lib/python3.10/site-packages/line_follower_control
byte-compiling /home/orangepi/scuderiaferrari/install/line_follower_control/lib/python3.10/site-packages/line_follower_control/controller_node.py to controller_node.cpython-310.pyc
byte-compiling /home/orangepi/scuderiaferrari/install/line_follower_control/lib/python3.10/site-packages/line_follower_control/__init__.py to __init__.cpython-310.pyc
running install_data
creating /home/orangepi/scuderiaferrari/install/line_follower_control/share/ament_index
creating /home/orangepi/scuderiaferrari/install/line_follower_control/share/ament_index/resource_index
creating /home/orangepi/scuderiaferrari/install/line_follower_control/share/ament_index/resource_index/packages
copying resource/line_follower_control -> /home/orangepi/scuderiaferrari/install/line_follower_control/share/ament_index/resource_index/packages
copying package.xml -> /home/orangepi/scuderiaferrari/install/line_follower_control/share/line_follower_control
creating /home/orangepi/scuderiaferrari/install/line_follower_control/share/line_follower_control/launch
copying launch/controller.launch.py -> /home/orangepi/scuderiaferrari/install/line_follower_control/share/line_follower_control/launch
creating /home/orangepi/scuderiaferrari/install/line_follower_control/share/line_follower_control/config
copying config/controller_params.yaml -> /home/orangepi/scuderiaferrari/install/line_follower_control/share/line_follower_control/config
running install_egg_info
Copying ../../build/line_follower_control/line_follower_control.egg-info to /home/orangepi/scuderiaferrari/install/line_follower_control/lib/python3.10/site-packages/line_follower_control-1.0.0-py3.10.egg-info
running install_scripts
Installing controller_node script to /home/orangepi/scuderiaferrari/install/line_follower_control/lib/line_follower_control
writing list of installed files to '/home/orangepi/scuderiaferrari/build/line_follower_control/install.log'
