[1.452s] Invoking command in '/home/orangepi/scuderiaferrari/src/line_follower_control': PYTHONPATH=/home/orangepi/scuderiaferrari/build/line_follower_control/prefix_override:/usr/lib/python3/dist-packages/colcon_core/task/python/colcon_distutils_commands:/home/orangepi/scuderiaferrari/install/line_follower_control/lib/python3.10/site-packages:${PYTHONPATH} /usr/bin/python3 -W ignore:setup.py install is deprecated -W ignore:easy_install command is deprecated setup.py egg_info --egg-base ../../build/line_follower_control build --build-base /home/orangepi/scuderiaferrari/build/line_follower_control/build install --record /home/orangepi/scuderiaferrari/build/line_follower_control/install.log --single-version-externally-managed install_data
[1.774s] running egg_info
[1.776s] creating ../../build/line_follower_control/line_follower_control.egg-info
[1.777s] writing ../../build/line_follower_control/line_follower_control.egg-info/PKG-INFO
[1.777s] writing dependency_links to ../../build/line_follower_control/line_follower_control.egg-info/dependency_links.txt
[1.777s] writing entry points to ../../build/line_follower_control/line_follower_control.egg-info/entry_points.txt
[1.778s] writing requirements to ../../build/line_follower_control/line_follower_control.egg-info/requires.txt
[1.778s] writing top-level names to ../../build/line_follower_control/line_follower_control.egg-info/top_level.txt
[1.778s] writing manifest file '../../build/line_follower_control/line_follower_control.egg-info/SOURCES.txt'
[1.780s] reading manifest file '../../build/line_follower_control/line_follower_control.egg-info/SOURCES.txt'
[1.781s] writing manifest file '../../build/line_follower_control/line_follower_control.egg-info/SOURCES.txt'
[1.781s] running build
[1.781s] running build_py
[1.781s] creating /home/orangepi/scuderiaferrari/build/line_follower_control/build
[1.782s] creating /home/orangepi/scuderiaferrari/build/line_follower_control/build/lib
[1.782s] creating /home/orangepi/scuderiaferrari/build/line_follower_control/build/lib/line_follower_control
[1.782s] copying line_follower_control/controller_node.py -> /home/orangepi/scuderiaferrari/build/line_follower_control/build/lib/line_follower_control
[1.782s] copying line_follower_control/__init__.py -> /home/orangepi/scuderiaferrari/build/line_follower_control/build/lib/line_follower_control
[1.782s] running install
[1.783s] running install_lib
[1.784s] creating /home/orangepi/scuderiaferrari/install/line_follower_control/lib/python3.10/site-packages/line_follower_control
[1.784s] copying /home/orangepi/scuderiaferrari/build/line_follower_control/build/lib/line_follower_control/controller_node.py -> /home/orangepi/scuderiaferrari/install/line_follower_control/lib/python3.10/site-packages/line_follower_control
[1.784s] copying /home/orangepi/scuderiaferrari/build/line_follower_control/build/lib/line_follower_control/__init__.py -> /home/orangepi/scuderiaferrari/install/line_follower_control/lib/python3.10/site-packages/line_follower_control
[1.788s] byte-compiling /home/orangepi/scuderiaferrari/install/line_follower_control/lib/python3.10/site-packages/line_follower_control/controller_node.py to controller_node.cpython-310.pyc
[1.789s] byte-compiling /home/orangepi/scuderiaferrari/install/line_follower_control/lib/python3.10/site-packages/line_follower_control/__init__.py to __init__.cpython-310.pyc
[1.789s] running install_data
[1.789s] creating /home/orangepi/scuderiaferrari/install/line_follower_control/share/ament_index
[1.790s] creating /home/orangepi/scuderiaferrari/install/line_follower_control/share/ament_index/resource_index
[1.790s] creating /home/orangepi/scuderiaferrari/install/line_follower_control/share/ament_index/resource_index/packages
[1.790s] copying resource/line_follower_control -> /home/orangepi/scuderiaferrari/install/line_follower_control/share/ament_index/resource_index/packages
[1.791s] copying package.xml -> /home/orangepi/scuderiaferrari/install/line_follower_control/share/line_follower_control
[1.791s] creating /home/orangepi/scuderiaferrari/install/line_follower_control/share/line_follower_control/launch
[1.791s] copying launch/controller.launch.py -> /home/orangepi/scuderiaferrari/install/line_follower_control/share/line_follower_control/launch
[1.792s] creating /home/orangepi/scuderiaferrari/install/line_follower_control/share/line_follower_control/config
[1.792s] copying config/controller_params.yaml -> /home/orangepi/scuderiaferrari/install/line_follower_control/share/line_follower_control/config
[1.792s] running install_egg_info
[1.793s] Copying ../../build/line_follower_control/line_follower_control.egg-info to /home/orangepi/scuderiaferrari/install/line_follower_control/lib/python3.10/site-packages/line_follower_control-1.0.0-py3.10.egg-info
[1.794s] running install_scripts
[1.833s] Installing controller_node script to /home/orangepi/scuderiaferrari/install/line_follower_control/lib/line_follower_control
[1.834s] writing list of installed files to '/home/orangepi/scuderiaferrari/build/line_follower_control/install.log'
[1.948s] Invoked command in '/home/orangepi/scuderiaferrari/src/line_follower_control' returned '0': PYTHONPATH=/home/orangepi/scuderiaferrari/build/line_follower_control/prefix_override:/usr/lib/python3/dist-packages/colcon_core/task/python/colcon_distutils_commands:/home/orangepi/scuderiaferrari/install/line_follower_control/lib/python3.10/site-packages:${PYTHONPATH} /usr/bin/python3 -W ignore:setup.py install is deprecated -W ignore:easy_install command is deprecated setup.py egg_info --egg-base ../../build/line_follower_control build --build-base /home/orangepi/scuderiaferrari/build/line_follower_control/build install --record /home/orangepi/scuderiaferrari/build/line_follower_control/install.log --single-version-externally-managed install_data
