[3.446s] Invoking command in '/home/orangepi/scuderiaferrari/src/position_udp_bridge': PYTHONPATH=/home/orangepi/scuderiaferrari/build/position_udp_bridge/prefix_override:/usr/lib/python3/dist-packages/colcon_core/task/python/colcon_distutils_commands:/home/orangepi/scuderiaferrari/install/position_udp_bridge/lib/python3.10/site-packages:${PYTHONPATH} /usr/bin/python3 -W ignore:setup.py install is deprecated -W ignore:easy_install command is deprecated setup.py egg_info --egg-base ../../build/position_udp_bridge build --build-base /home/orangepi/scuderiaferrari/build/position_udp_bridge/build install --record /home/orangepi/scuderiaferrari/build/position_udp_bridge/install.log --single-version-externally-managed install_data
[3.811s] running egg_info
[3.813s] writing ../../build/position_udp_bridge/position_udp_bridge.egg-info/PKG-INFO
[3.854s] writing dependency_links to ../../build/position_udp_bridge/position_udp_bridge.egg-info/dependency_links.txt
[4.033s] writing entry points to ../../build/position_udp_bridge/position_udp_bridge.egg-info/entry_points.txt
[4.048s] writing requirements to ../../build/position_udp_bridge/position_udp_bridge.egg-info/requires.txt
[4.059s] writing top-level names to ../../build/position_udp_bridge/position_udp_bridge.egg-info/top_level.txt
[4.078s] reading manifest file '../../build/position_udp_bridge/position_udp_bridge.egg-info/SOURCES.txt'
[4.080s] writing manifest file '../../build/position_udp_bridge/position_udp_bridge.egg-info/SOURCES.txt'
[4.082s] running build
[4.083s] running build_py
[4.083s] running install
[4.084s] running install_lib
[4.085s] running install_data
[4.086s] running install_egg_info
[4.090s] removing '/home/orangepi/scuderiaferrari/install/position_udp_bridge/lib/python3.10/site-packages/position_udp_bridge-1.0.0-py3.10.egg-info' (and everything under it)
[4.186s] Copying ../../build/position_udp_bridge/position_udp_bridge.egg-info to /home/orangepi/scuderiaferrari/install/position_udp_bridge/lib/python3.10/site-packages/position_udp_bridge-1.0.0-py3.10.egg-info
[4.187s] running install_scripts
[4.220s] Installing udp_sender_node script to /home/orangepi/scuderiaferrari/install/position_udp_bridge/lib/position_udp_bridge
[4.225s] writing list of installed files to '/home/orangepi/scuderiaferrari/build/position_udp_bridge/install.log'
[4.321s] Invoked command in '/home/orangepi/scuderiaferrari/src/position_udp_bridge' returned '0': PYTHONPATH=/home/orangepi/scuderiaferrari/build/position_udp_bridge/prefix_override:/usr/lib/python3/dist-packages/colcon_core/task/python/colcon_distutils_commands:/home/orangepi/scuderiaferrari/install/position_udp_bridge/lib/python3.10/site-packages:${PYTHONPATH} /usr/bin/python3 -W ignore:setup.py install is deprecated -W ignore:easy_install command is deprecated setup.py egg_info --egg-base ../../build/position_udp_bridge build --build-base /home/orangepi/scuderiaferrari/build/position_udp_bridge/build install --record /home/orangepi/scuderiaferrari/build/position_udp_bridge/install.log --single-version-externally-managed install_data
