[1.277s] Invoking command in '/home/orangepi/scuderiaferrari/src/track_perception': PYTHONPATH=/home/orangepi/scuderiaferrari/build/track_perception/prefix_override:/usr/lib/python3/dist-packages/colcon_core/task/python/colcon_distutils_commands:/home/orangepi/scuderiaferrari/install/track_perception/lib/python3.10/site-packages:${PYTHONPATH} /usr/bin/python3 -W ignore:setup.py install is deprecated -W ignore:easy_install command is deprecated setup.py egg_info --egg-base ../../build/track_perception build --build-base /home/orangepi/scuderiaferrari/build/track_perception/build install --record /home/orangepi/scuderiaferrari/build/track_perception/install.log --single-version-externally-managed install_data
[1.647s] running egg_info
[1.648s] writing ../../build/track_perception/track_perception.egg-info/PKG-INFO
[1.678s] writing dependency_links to ../../build/track_perception/track_perception.egg-info/dependency_links.txt
[1.701s] writing entry points to ../../build/track_perception/track_perception.egg-info/entry_points.txt
[1.725s] writing requirements to ../../build/track_perception/track_perception.egg-info/requires.txt
[1.750s] writing top-level names to ../../build/track_perception/track_perception.egg-info/top_level.txt
[1.795s] reading manifest file '../../build/track_perception/track_perception.egg-info/SOURCES.txt'
[1.796s] writing manifest file '../../build/track_perception/track_perception.egg-info/SOURCES.txt'
[1.808s] running build
[1.809s] running build_py
[1.809s] copying track_perception_python/rknnpool.py -> /home/orangepi/scuderiaferrari/build/track_perception/build/lib/track_perception_python
[1.813s] copying track_perception_python/ppseg_infer.py -> /home/orangepi/scuderiaferrari/build/track_perception/build/lib/track_perception_python
[1.817s] copying track_perception_python/rknn_pool.py -> /home/orangepi/scuderiaferrari/build/track_perception/build/lib/track_perception_python
[1.820s] copying track_perception_python/object_detection_node.py -> /home/orangepi/scuderiaferrari/build/track_perception/build/lib/track_perception_python
[1.829s] copying track_perception_python/perception_decision_node.py -> /home/orangepi/scuderiaferrari/build/track_perception/build/lib/track_perception_python
[1.834s] copying track_perception_python/object_detection_infer.py -> /home/orangepi/scuderiaferrari/build/track_perception/build/lib/track_perception_python
[1.843s] running install
[1.845s] running install_lib
[1.850s] copying /home/orangepi/scuderiaferrari/build/track_perception/build/lib/track_perception_python/rknnpool.py -> /home/orangepi/scuderiaferrari/install/track_perception/lib/python3.10/site-packages/track_perception_python
[1.855s] copying /home/orangepi/scuderiaferrari/build/track_perception/build/lib/track_perception_python/ppseg_infer.py -> /home/orangepi/scuderiaferrari/install/track_perception/lib/python3.10/site-packages/track_perception_python
[1.865s] copying /home/orangepi/scuderiaferrari/build/track_perception/build/lib/track_perception_python/rknn_pool.py -> /home/orangepi/scuderiaferrari/install/track_perception/lib/python3.10/site-packages/track_perception_python
[1.871s] copying /home/orangepi/scuderiaferrari/build/track_perception/build/lib/track_perception_python/object_detection_node.py -> /home/orangepi/scuderiaferrari/install/track_perception/lib/python3.10/site-packages/track_perception_python
[1.877s] copying /home/orangepi/scuderiaferrari/build/track_perception/build/lib/track_perception_python/perception_decision_node.py -> /home/orangepi/scuderiaferrari/install/track_perception/lib/python3.10/site-packages/track_perception_python
[1.880s] copying /home/orangepi/scuderiaferrari/build/track_perception/build/lib/track_perception_python/object_detection_infer.py -> /home/orangepi/scuderiaferrari/install/track_perception/lib/python3.10/site-packages/track_perception_python
[1.888s] byte-compiling /home/orangepi/scuderiaferrari/install/track_perception/lib/python3.10/site-packages/track_perception_python/rknnpool.py to rknnpool.cpython-310.pyc
[1.900s] byte-compiling /home/orangepi/scuderiaferrari/install/track_perception/lib/python3.10/site-packages/track_perception_python/ppseg_infer.py to ppseg_infer.cpython-310.pyc
[1.909s] byte-compiling /home/orangepi/scuderiaferrari/install/track_perception/lib/python3.10/site-packages/track_perception_python/rknn_pool.py to rknn_pool.cpython-310.pyc
[1.917s] byte-compiling /home/orangepi/scuderiaferrari/install/track_perception/lib/python3.10/site-packages/track_perception_python/object_detection_node.py to object_detection_node.cpython-310.pyc
[1.934s] byte-compiling /home/orangepi/scuderiaferrari/install/track_perception/lib/python3.10/site-packages/track_perception_python/perception_decision_node.py to perception_decision_node.cpython-310.pyc
[1.974s] byte-compiling /home/orangepi/scuderiaferrari/install/track_perception/lib/python3.10/site-packages/track_perception_python/object_detection_infer.py to object_detection_infer.cpython-310.pyc
[1.982s] running install_data
[1.982s] copying track_perception_python/config/intersection_params.yaml -> /home/orangepi/scuderiaferrari/install/track_perception/share/track_perception/config
[1.986s] running install_egg_info
[1.989s] removing '/home/orangepi/scuderiaferrari/install/track_perception/lib/python3.10/site-packages/track_perception-2.0.0-py3.10.egg-info' (and everything under it)
[2.019s] Copying ../../build/track_perception/track_perception.egg-info to /home/orangepi/scuderiaferrari/install/track_perception/lib/python3.10/site-packages/track_perception-2.0.0-py3.10.egg-info
[2.020s] running install_scripts
[2.060s] Installing object_detection_node script to /home/orangepi/scuderiaferrari/install/track_perception/bin
[2.062s] Installing perception_decision_node script to /home/orangepi/scuderiaferrari/install/track_perception/bin
[2.070s] writing list of installed files to '/home/orangepi/scuderiaferrari/build/track_perception/install.log'
[2.137s] Invoked command in '/home/orangepi/scuderiaferrari/src/track_perception' returned '0': PYTHONPATH=/home/orangepi/scuderiaferrari/build/track_perception/prefix_override:/usr/lib/python3/dist-packages/colcon_core/task/python/colcon_distutils_commands:/home/orangepi/scuderiaferrari/install/track_perception/lib/python3.10/site-packages:${PYTHONPATH} /usr/bin/python3 -W ignore:setup.py install is deprecated -W ignore:easy_install command is deprecated setup.py egg_info --egg-base ../../build/track_perception build --build-base /home/orangepi/scuderiaferrari/build/track_perception/build install --record /home/orangepi/scuderiaferrari/build/track_perception/install.log --single-version-externally-managed install_data
