[1.379s] Invoking command in '/home/orangepi/scuderiaferrari/src/track_perception': PYTHONPATH=/home/orangepi/scuderiaferrari/build/track_perception/prefix_override:/usr/lib/python3/dist-packages/colcon_core/task/python/colcon_distutils_commands:/home/orangepi/scuderiaferrari/install/track_perception/lib/python3.10/site-packages:${PYTHONPATH} /usr/bin/python3 -W ignore:setup.py install is deprecated -W ignore:easy_install command is deprecated setup.py egg_info --egg-base ../../build/track_perception build --build-base /home/orangepi/scuderiaferrari/build/track_perception/build install --record /home/orangepi/scuderiaferrari/build/track_perception/install.log --single-version-externally-managed install_data
[1.841s] running egg_info
[1.844s] writing ../../build/track_perception/track_perception.egg-info/PKG-INFO
[1.852s] writing dependency_links to ../../build/track_perception/track_perception.egg-info/dependency_links.txt
[1.857s] writing entry points to ../../build/track_perception/track_perception.egg-info/entry_points.txt
[1.861s] writing requirements to ../../build/track_perception/track_perception.egg-info/requires.txt
[1.867s] writing top-level names to ../../build/track_perception/track_perception.egg-info/top_level.txt
[1.879s] reading manifest file '../../build/track_perception/track_perception.egg-info/SOURCES.txt'
[1.879s] writing manifest file '../../build/track_perception/track_perception.egg-info/SOURCES.txt'
[1.884s] running build
[1.884s] running build_py
[1.886s] copying track_perception_python/perception_decision_node.py -> /home/orangepi/scuderiaferrari/build/track_perception/build/lib/track_perception_python
[1.891s] running install
[1.894s] running install_lib
[1.896s] copying /home/orangepi/scuderiaferrari/build/track_perception/build/lib/track_perception_python/perception_decision_node.py -> /home/orangepi/scuderiaferrari/install/track_perception/lib/python3.10/site-packages/track_perception_python
[1.911s] byte-compiling /home/orangepi/scuderiaferrari/install/track_perception/lib/python3.10/site-packages/track_perception_python/perception_decision_node.py to perception_decision_node.cpython-310.pyc
[1.933s] running install_data
[1.936s] running install_egg_info
[1.937s] removing '/home/orangepi/scuderiaferrari/install/track_perception/lib/python3.10/site-packages/track_perception-2.0.0-py3.10.egg-info' (and everything under it)
[1.961s] Copying ../../build/track_perception/track_perception.egg-info to /home/orangepi/scuderiaferrari/install/track_perception/lib/python3.10/site-packages/track_perception-2.0.0-py3.10.egg-info
[1.963s] running install_scripts
[2.011s] Installing object_detection_node script to /home/orangepi/scuderiaferrari/install/track_perception/bin
[2.014s] Installing perception_decision_node script to /home/orangepi/scuderiaferrari/install/track_perception/bin
[2.022s] writing list of installed files to '/home/orangepi/scuderiaferrari/build/track_perception/install.log'
[2.120s] Invoked command in '/home/orangepi/scuderiaferrari/src/track_perception' returned '0': PYTHONPATH=/home/orangepi/scuderiaferrari/build/track_perception/prefix_override:/usr/lib/python3/dist-packages/colcon_core/task/python/colcon_distutils_commands:/home/orangepi/scuderiaferrari/install/track_perception/lib/python3.10/site-packages:${PYTHONPATH} /usr/bin/python3 -W ignore:setup.py install is deprecated -W ignore:easy_install command is deprecated setup.py egg_info --egg-base ../../build/track_perception build --build-base /home/orangepi/scuderiaferrari/build/track_perception/build install --record /home/orangepi/scuderiaferrari/build/track_perception/install.log --single-version-externally-managed install_data
