[4.806s] Invoking command in '/home/orangepi/scuderiaferrari/src/line_follower_control': PYTHONPATH=/home/orangepi/scuderiaferrari/build/line_follower_control/prefix_override:/usr/lib/python3/dist-packages/colcon_core/task/python/colcon_distutils_commands:/home/orangepi/scuderiaferrari/install/line_follower_control/lib/python3.10/site-packages:${PYTHONPATH} /usr/bin/python3 -W ignore:setup.py install is deprecated -W ignore:easy_install command is deprecated setup.py egg_info --egg-base ../../build/line_follower_control build --build-base /home/orangepi/scuderiaferrari/build/line_follower_control/build install --record /home/orangepi/scuderiaferrari/build/line_follower_control/install.log --single-version-externally-managed install_data
[5.488s] running egg_info
[5.493s] writing ../../build/line_follower_control/line_follower_control.egg-info/PKG-INFO
[5.595s] writing dependency_links to ../../build/line_follower_control/line_follower_control.egg-info/dependency_links.txt
[5.678s] writing entry points to ../../build/line_follower_control/line_follower_control.egg-info/entry_points.txt
[5.694s] writing requirements to ../../build/line_follower_control/line_follower_control.egg-info/requires.txt
[5.707s] writing top-level names to ../../build/line_follower_control/line_follower_control.egg-info/top_level.txt
[5.724s] reading manifest file '../../build/line_follower_control/line_follower_control.egg-info/SOURCES.txt'
[5.727s] writing manifest file '../../build/line_follower_control/line_follower_control.egg-info/SOURCES.txt'
[5.746s] running build
[5.746s] running build_py
[5.747s] running install
[5.747s] running install_lib
[5.749s] running install_data
[5.755s] copying config/controller_params.yaml -> /home/orangepi/scuderiaferrari/install/line_follower_control/share/line_follower_control/config
[5.773s] running install_egg_info
[5.778s] removing '/home/orangepi/scuderiaferrari/install/line_follower_control/lib/python3.10/site-packages/line_follower_control-1.0.0-py3.10.egg-info' (and everything under it)
[5.838s] Copying ../../build/line_follower_control/line_follower_control.egg-info to /home/orangepi/scuderiaferrari/install/line_follower_control/lib/python3.10/site-packages/line_follower_control-1.0.0-py3.10.egg-info
[5.839s] running install_scripts
[5.883s] Installing controller_node script to /home/orangepi/scuderiaferrari/install/line_follower_control/lib/line_follower_control
[5.886s] writing list of installed files to '/home/orangepi/scuderiaferrari/build/line_follower_control/install.log'
[5.970s] Invoked command in '/home/orangepi/scuderiaferrari/src/line_follower_control' returned '0': PYTHONPATH=/home/orangepi/scuderiaferrari/build/line_follower_control/prefix_override:/usr/lib/python3/dist-packages/colcon_core/task/python/colcon_distutils_commands:/home/orangepi/scuderiaferrari/install/line_follower_control/lib/python3.10/site-packages:${PYTHONPATH} /usr/bin/python3 -W ignore:setup.py install is deprecated -W ignore:easy_install command is deprecated setup.py egg_info --egg-base ../../build/line_follower_control build --build-base /home/orangepi/scuderiaferrari/build/line_follower_control/build install --record /home/orangepi/scuderiaferrari/build/line_follower_control/install.log --single-version-externally-managed install_data
