[4.367s] Invoking command in '/home/orangepi/scuderiaferrari/src/track_perception': PYTHONPATH=/home/orangepi/scuderiaferrari/build/track_perception/prefix_override:/usr/lib/python3/dist-packages/colcon_core/task/python/colcon_distutils_commands:/home/orangepi/scuderiaferrari/install/track_perception/lib/python3.10/site-packages:${PYTHONPATH} /usr/bin/python3 -W ignore:setup.py install is deprecated -W ignore:easy_install command is deprecated setup.py egg_info --egg-base ../../build/track_perception build --build-base /home/orangepi/scuderiaferrari/build/track_perception/build install --record /home/orangepi/scuderiaferrari/build/track_perception/install.log --single-version-externally-managed install_data
[5.156s] running egg_info
[5.157s] writing ../../build/track_perception/track_perception.egg-info/PKG-INFO
[5.168s] writing dependency_links to ../../build/track_perception/track_perception.egg-info/dependency_links.txt
[5.171s] writing entry points to ../../build/track_perception/track_perception.egg-info/entry_points.txt
[5.174s] writing requirements to ../../build/track_perception/track_perception.egg-info/requires.txt
[5.178s] writing top-level names to ../../build/track_perception/track_perception.egg-info/top_level.txt
[5.184s] reading manifest file '../../build/track_perception/track_perception.egg-info/SOURCES.txt'
[5.185s] writing manifest file '../../build/track_perception/track_perception.egg-info/SOURCES.txt'
[5.188s] running build
[5.188s] running build_py
[5.189s] copying track_perception_python/object_detection_node.py -> /home/orangepi/scuderiaferrari/build/track_perception/build/lib/track_perception_python
[5.198s] running install
[5.199s] running install_lib
[5.199s] copying /home/orangepi/scuderiaferrari/build/track_perception/build/lib/track_perception_python/object_detection_node.py -> /home/orangepi/scuderiaferrari/install/track_perception/lib/python3.10/site-packages/track_perception_python
[5.202s] byte-compiling /home/orangepi/scuderiaferrari/install/track_perception/lib/python3.10/site-packages/track_perception_python/object_detection_node.py to object_detection_node.cpython-310.pyc
[5.211s] running install_data
[5.213s] running install_egg_info
[5.225s] removing '/home/orangepi/scuderiaferrari/install/track_perception/lib/python3.10/site-packages/track_perception-2.0.0-py3.10.egg-info' (and everything under it)
[5.247s] Copying ../../build/track_perception/track_perception.egg-info to /home/orangepi/scuderiaferrari/install/track_perception/lib/python3.10/site-packages/track_perception-2.0.0-py3.10.egg-info
[5.252s] running install_scripts
[5.296s] Installing object_detection_node script to /home/orangepi/scuderiaferrari/install/track_perception/bin
[5.300s] Installing perception_decision_node script to /home/orangepi/scuderiaferrari/install/track_perception/bin
[5.305s] writing list of installed files to '/home/orangepi/scuderiaferrari/build/track_perception/install.log'
[5.390s] Invoked command in '/home/orangepi/scuderiaferrari/src/track_perception' returned '0': PYTHONPATH=/home/orangepi/scuderiaferrari/build/track_perception/prefix_override:/usr/lib/python3/dist-packages/colcon_core/task/python/colcon_distutils_commands:/home/orangepi/scuderiaferrari/install/track_perception/lib/python3.10/site-packages:${PYTHONPATH} /usr/bin/python3 -W ignore:setup.py install is deprecated -W ignore:easy_install command is deprecated setup.py egg_info --egg-base ../../build/track_perception build --build-base /home/orangepi/scuderiaferrari/build/track_perception/build install --record /home/orangepi/scuderiaferrari/build/track_perception/install.log --single-version-externally-managed install_data
