running egg_info
writing ../../build/track_perception/track_perception.egg-info/PKG-INFO
writing dependency_links to ../../build/track_perception/track_perception.egg-info/dependency_links.txt
writing entry points to ../../build/track_perception/track_perception.egg-info/entry_points.txt
writing requirements to ../../build/track_perception/track_perception.egg-info/requires.txt
writing top-level names to ../../build/track_perception/track_perception.egg-info/top_level.txt
reading manifest file '../../build/track_perception/track_perception.egg-info/SOURCES.txt'
writing manifest file '../../build/track_perception/track_perception.egg-info/SOURCES.txt'
running build
running build_py
running install
running install_lib
running install_data
copying config/intersection_params.yaml -> /home/orangepi/scuderiaferrari/install/track_perception/share/track_perception/config
running install_egg_info
removing '/home/orangepi/scuderiaferrari/install/track_perception/lib/python3.10/site-packages/track_perception-2.0.0-py3.10.egg-info' (and everything under it)
Copying ../../build/track_perception/track_perception.egg-info to /home/orangepi/scuderiaferrari/install/track_perception/lib/python3.10/site-packages/track_perception-2.0.0-py3.10.egg-info
running install_scripts
Installing object_detection_node script to /home/orangepi/scuderiaferrari/install/track_perception/lib/track_perception
Installing perception_decision_node script to /home/orangepi/scuderiaferrari/install/track_perception/lib/track_perception
writing list of installed files to '/home/orangepi/scuderiaferrari/build/track_perception/install.log'
