[4.561s] Invoking command in '/home/orangepi/scuderiaferrari/src/line_follower_control': PYTHONPATH=/home/orangepi/scuderiaferrari/build/line_follower_control/prefix_override:/usr/lib/python3/dist-packages/colcon_core/task/python/colcon_distutils_commands:/home/orangepi/scuderiaferrari/install/line_follower_control/lib/python3.10/site-packages:${PYTHONPATH} /usr/bin/python3 -W ignore:setup.py install is deprecated -W ignore:easy_install command is deprecated setup.py egg_info --egg-base ../../build/line_follower_control build --build-base /home/orangepi/scuderiaferrari/build/line_follower_control/build install --record /home/orangepi/scuderiaferrari/build/line_follower_control/install.log --single-version-externally-managed install_data
[5.847s] running egg_info
[5.848s] writing ../../build/line_follower_control/line_follower_control.egg-info/PKG-INFO
[5.895s] writing dependency_links to ../../build/line_follower_control/line_follower_control.egg-info/dependency_links.txt
[5.921s] writing entry points to ../../build/line_follower_control/line_follower_control.egg-info/entry_points.txt
[5.944s] writing requirements to ../../build/line_follower_control/line_follower_control.egg-info/requires.txt
[5.967s] writing top-level names to ../../build/line_follower_control/line_follower_control.egg-info/top_level.txt
[6.024s] reading manifest file '../../build/line_follower_control/line_follower_control.egg-info/SOURCES.txt'
[6.025s] writing manifest file '../../build/line_follower_control/line_follower_control.egg-info/SOURCES.txt'
[6.130s] running build
[6.131s] running build_py
[6.133s] running install
[6.142s] running install_lib
[6.161s] running install_data
[6.164s] running install_egg_info
[6.176s] removing '/home/orangepi/scuderiaferrari/install/line_follower_control/lib/python3.10/site-packages/line_follower_control-1.0.0-py3.10.egg-info' (and everything under it)
[6.230s] Copying ../../build/line_follower_control/line_follower_control.egg-info to /home/orangepi/scuderiaferrari/install/line_follower_control/lib/python3.10/site-packages/line_follower_control-1.0.0-py3.10.egg-info
[6.232s] running install_scripts
[6.393s] Installing controller_node script to /home/orangepi/scuderiaferrari/install/line_follower_control/lib/line_follower_control
[6.398s] writing list of installed files to '/home/orangepi/scuderiaferrari/build/line_follower_control/install.log'
[6.909s] Invoked command in '/home/orangepi/scuderiaferrari/src/line_follower_control' returned '0': PYTHONPATH=/home/orangepi/scuderiaferrari/build/line_follower_control/prefix_override:/usr/lib/python3/dist-packages/colcon_core/task/python/colcon_distutils_commands:/home/orangepi/scuderiaferrari/install/line_follower_control/lib/python3.10/site-packages:${PYTHONPATH} /usr/bin/python3 -W ignore:setup.py install is deprecated -W ignore:easy_install command is deprecated setup.py egg_info --egg-base ../../build/line_follower_control build --build-base /home/orangepi/scuderiaferrari/build/line_follower_control/build install --record /home/orangepi/scuderiaferrari/build/line_follower_control/install.log --single-version-externally-managed install_data
