[3.808s] Invoking command in '/home/orangepi/scuderiaferrari/src/chassis_controller': PYTHONPATH=/home/orangepi/scuderiaferrari/build/chassis_controller/prefix_override:/usr/lib/python3/dist-packages/colcon_core/task/python/colcon_distutils_commands:/home/orangepi/scuderiaferrari/install/chassis_controller/lib/python3.10/site-packages:${PYTHONPATH} /usr/bin/python3 -W ignore:setup.py install is deprecated -W ignore:easy_install command is deprecated setup.py egg_info --egg-base ../../build/chassis_controller build --build-base /home/orangepi/scuderiaferrari/build/chassis_controller/build install --record /home/orangepi/scuderiaferrari/build/chassis_controller/install.log --single-version-externally-managed install_data
[5.373s] running egg_info
[5.373s] writing ../../build/chassis_controller/chassis_controller.egg-info/PKG-INFO
[5.467s] writing dependency_links to ../../build/chassis_controller/chassis_controller.egg-info/dependency_links.txt
[5.544s] writing entry points to ../../build/chassis_controller/chassis_controller.egg-info/entry_points.txt
[5.614s] writing requirements to ../../build/chassis_controller/chassis_controller.egg-info/requires.txt
[5.639s] writing top-level names to ../../build/chassis_controller/chassis_controller.egg-info/top_level.txt
[5.695s] reading manifest file '../../build/chassis_controller/chassis_controller.egg-info/SOURCES.txt'
[5.700s] writing manifest file '../../build/chassis_controller/chassis_controller.egg-info/SOURCES.txt'
[5.746s] running build
[5.747s] running build_py
[5.747s] running install
[5.747s] running install_lib
[5.747s] running install_data
[5.748s] running install_egg_info
[5.748s] removing '/home/orangepi/scuderiaferrari/install/chassis_controller/lib/python3.10/site-packages/chassis_controller-0.0.0-py3.10.egg-info' (and everything under it)
[5.826s] Copying ../../build/chassis_controller/chassis_controller.egg-info to /home/orangepi/scuderiaferrari/install/chassis_controller/lib/python3.10/site-packages/chassis_controller-0.0.0-py3.10.egg-info
[5.827s] running install_scripts
[5.911s] Installing chassis_controller_node script to /home/orangepi/scuderiaferrari/install/chassis_controller/lib/chassis_controller
[5.917s] writing list of installed files to '/home/orangepi/scuderiaferrari/build/chassis_controller/install.log'
[6.147s] Invoked command in '/home/orangepi/scuderiaferrari/src/chassis_controller' returned '0': PYTHONPATH=/home/orangepi/scuderiaferrari/build/chassis_controller/prefix_override:/usr/lib/python3/dist-packages/colcon_core/task/python/colcon_distutils_commands:/home/orangepi/scuderiaferrari/install/chassis_controller/lib/python3.10/site-packages:${PYTHONPATH} /usr/bin/python3 -W ignore:setup.py install is deprecated -W ignore:easy_install command is deprecated setup.py egg_info --egg-base ../../build/chassis_controller build --build-base /home/orangepi/scuderiaferrari/build/chassis_controller/build install --record /home/orangepi/scuderiaferrari/build/chassis_controller/install.log --single-version-externally-managed install_data
