[3.232s] Invoking command in '/home/orangepi/scuderiaferrari/src/track_perception': PYTHONPATH=/home/orangepi/scuderiaferrari/build/track_perception/prefix_override:/usr/lib/python3/dist-packages/colcon_core/task/python/colcon_distutils_commands:/home/orangepi/scuderiaferrari/install/track_perception/lib/python3.10/site-packages:${PYTHONPATH} /usr/bin/python3 -W ignore:setup.py install is deprecated -W ignore:easy_install command is deprecated setup.py egg_info --egg-base ../../build/track_perception build --build-base /home/orangepi/scuderiaferrari/build/track_perception/build install --record /home/orangepi/scuderiaferrari/build/track_perception/install.log --single-version-externally-managed install_data
[3.570s] running egg_info
[3.571s] writing ../../build/track_perception/track_perception.egg-info/PKG-INFO
[3.576s] writing dependency_links to ../../build/track_perception/track_perception.egg-info/dependency_links.txt
[3.586s] writing entry points to ../../build/track_perception/track_perception.egg-info/entry_points.txt
[3.590s] writing requirements to ../../build/track_perception/track_perception.egg-info/requires.txt
[3.603s] writing top-level names to ../../build/track_perception/track_perception.egg-info/top_level.txt
[3.619s] reading manifest file '../../build/track_perception/track_perception.egg-info/SOURCES.txt'
[3.629s] writing manifest file '../../build/track_perception/track_perception.egg-info/SOURCES.txt'
[3.640s] running build
[3.641s] running build_py
[3.641s] copying track_perception_python/perception_decision_node.py -> /home/orangepi/scuderiaferrari/build/track_perception/build/lib/track_perception_python
[3.649s] running install
[3.649s] running install_lib
[3.650s] copying /home/orangepi/scuderiaferrari/build/track_perception/build/lib/track_perception_python/perception_decision_node.py -> /home/orangepi/scuderiaferrari/install/track_perception/lib/python3.10/site-packages/track_perception_python
[3.657s] byte-compiling /home/orangepi/scuderiaferrari/install/track_perception/lib/python3.10/site-packages/track_perception_python/perception_decision_node.py to perception_decision_node.cpython-310.pyc
[3.681s] running install_data
[3.682s] copying track_perception_python/config/intersection_params.yaml -> /home/orangepi/scuderiaferrari/install/track_perception/share/track_perception/config
[3.690s] running install_egg_info
[3.693s] removing '/home/orangepi/scuderiaferrari/install/track_perception/lib/python3.10/site-packages/track_perception-2.0.0-py3.10.egg-info' (and everything under it)
[3.733s] Copying ../../build/track_perception/track_perception.egg-info to /home/orangepi/scuderiaferrari/install/track_perception/lib/python3.10/site-packages/track_perception-2.0.0-py3.10.egg-info
[3.737s] running install_scripts
[3.793s] Installing object_detection_node script to /home/orangepi/scuderiaferrari/install/track_perception/bin
[3.800s] Installing perception_decision_node script to /home/orangepi/scuderiaferrari/install/track_perception/bin
[3.805s] writing list of installed files to '/home/orangepi/scuderiaferrari/build/track_perception/install.log'
[3.946s] Invoked command in '/home/orangepi/scuderiaferrari/src/track_perception' returned '0': PYTHONPATH=/home/orangepi/scuderiaferrari/build/track_perception/prefix_override:/usr/lib/python3/dist-packages/colcon_core/task/python/colcon_distutils_commands:/home/orangepi/scuderiaferrari/install/track_perception/lib/python3.10/site-packages:${PYTHONPATH} /usr/bin/python3 -W ignore:setup.py install is deprecated -W ignore:easy_install command is deprecated setup.py egg_info --egg-base ../../build/track_perception build --build-base /home/orangepi/scuderiaferrari/build/track_perception/build install --record /home/orangepi/scuderiaferrari/build/track_perception/install.log --single-version-externally-managed install_data
