[1.391s] Invoking command in '/home/orangepi/scuderiaferrari/src/line_follower_control': PYTHONPATH=/home/orangepi/scuderiaferrari/build/line_follower_control/prefix_override:/usr/lib/python3/dist-packages/colcon_core/task/python/colcon_distutils_commands:/home/orangepi/scuderiaferrari/install/line_follower_control/lib/python3.10/site-packages:${PYTHONPATH} /usr/bin/python3 -W ignore:setup.py install is deprecated -W ignore:easy_install command is deprecated setup.py egg_info --egg-base ../../build/line_follower_control build --build-base /home/orangepi/scuderiaferrari/build/line_follower_control/build install --record /home/orangepi/scuderiaferrari/build/line_follower_control/install.log --single-version-externally-managed install_data
[1.818s] running egg_info
[1.822s] creating ../../build/line_follower_control/line_follower_control.egg-info
[1.826s] writing ../../build/line_follower_control/line_follower_control.egg-info/PKG-INFO
[1.826s] writing dependency_links to ../../build/line_follower_control/line_follower_control.egg-info/dependency_links.txt
[1.827s] writing entry points to ../../build/line_follower_control/line_follower_control.egg-info/entry_points.txt
[1.828s] writing requirements to ../../build/line_follower_control/line_follower_control.egg-info/requires.txt
[1.828s] writing top-level names to ../../build/line_follower_control/line_follower_control.egg-info/top_level.txt
[1.828s] writing manifest file '../../build/line_follower_control/line_follower_control.egg-info/SOURCES.txt'
[1.833s] reading manifest file '../../build/line_follower_control/line_follower_control.egg-info/SOURCES.txt'
[1.834s] writing manifest file '../../build/line_follower_control/line_follower_control.egg-info/SOURCES.txt'
[1.834s] running build
[1.834s] running build_py
[1.834s] creating /home/orangepi/scuderiaferrari/build/line_follower_control/build
[1.834s] creating /home/orangepi/scuderiaferrari/build/line_follower_control/build/lib
[1.834s] creating /home/orangepi/scuderiaferrari/build/line_follower_control/build/lib/line_follower_control
[1.835s] copying line_follower_control/controller_node.py -> /home/orangepi/scuderiaferrari/build/line_follower_control/build/lib/line_follower_control
[1.836s] copying line_follower_control/__init__.py -> /home/orangepi/scuderiaferrari/build/line_follower_control/build/lib/line_follower_control
[1.837s] running install
[1.838s] running install_lib
[1.840s] creating /home/orangepi/scuderiaferrari/install/line_follower_control/lib/python3.10/site-packages/line_follower_control
[1.841s] copying /home/orangepi/scuderiaferrari/build/line_follower_control/build/lib/line_follower_control/controller_node.py -> /home/orangepi/scuderiaferrari/install/line_follower_control/lib/python3.10/site-packages/line_follower_control
[1.841s] copying /home/orangepi/scuderiaferrari/build/line_follower_control/build/lib/line_follower_control/__init__.py -> /home/orangepi/scuderiaferrari/install/line_follower_control/lib/python3.10/site-packages/line_follower_control
[1.843s] byte-compiling /home/orangepi/scuderiaferrari/install/line_follower_control/lib/python3.10/site-packages/line_follower_control/controller_node.py to controller_node.cpython-310.pyc
[1.847s] byte-compiling /home/orangepi/scuderiaferrari/install/line_follower_control/lib/python3.10/site-packages/line_follower_control/__init__.py to __init__.cpython-310.pyc
[1.848s] running install_data
[1.850s] creating /home/orangepi/scuderiaferrari/install/line_follower_control/share/ament_index
[1.851s] creating /home/orangepi/scuderiaferrari/install/line_follower_control/share/ament_index/resource_index
[1.851s] creating /home/orangepi/scuderiaferrari/install/line_follower_control/share/ament_index/resource_index/packages
[1.851s] copying resource/line_follower_control -> /home/orangepi/scuderiaferrari/install/line_follower_control/share/ament_index/resource_index/packages
[1.852s] copying package.xml -> /home/orangepi/scuderiaferrari/install/line_follower_control/share/line_follower_control
[1.852s] creating /home/orangepi/scuderiaferrari/install/line_follower_control/share/line_follower_control/launch
[1.853s] copying launch/controller.launch.py -> /home/orangepi/scuderiaferrari/install/line_follower_control/share/line_follower_control/launch
[1.853s] creating /home/orangepi/scuderiaferrari/install/line_follower_control/share/line_follower_control/config
[1.853s] copying config/controller_params.yaml -> /home/orangepi/scuderiaferrari/install/line_follower_control/share/line_follower_control/config
[1.853s] running install_egg_info
[1.853s] Copying ../../build/line_follower_control/line_follower_control.egg-info to /home/orangepi/scuderiaferrari/install/line_follower_control/lib/python3.10/site-packages/line_follower_control-1.0.0-py3.10.egg-info
[1.855s] running install_scripts
[1.900s] Installing controller_node script to /home/orangepi/scuderiaferrari/install/line_follower_control/lib/line_follower_control
[1.903s] writing list of installed files to '/home/orangepi/scuderiaferrari/build/line_follower_control/install.log'
[2.014s] Invoked command in '/home/orangepi/scuderiaferrari/src/line_follower_control' returned '0': PYTHONPATH=/home/orangepi/scuderiaferrari/build/line_follower_control/prefix_override:/usr/lib/python3/dist-packages/colcon_core/task/python/colcon_distutils_commands:/home/orangepi/scuderiaferrari/install/line_follower_control/lib/python3.10/site-packages:${PYTHONPATH} /usr/bin/python3 -W ignore:setup.py install is deprecated -W ignore:easy_install command is deprecated setup.py egg_info --egg-base ../../build/line_follower_control build --build-base /home/orangepi/scuderiaferrari/build/line_follower_control/build install --record /home/orangepi/scuderiaferrari/build/line_follower_control/install.log --single-version-externally-managed install_data
