[0.489s] DEBUG:colcon:Command line arguments: ['/usr/bin/colcon', 'build']
[0.490s] DEBUG:colcon:Parsed command line arguments: Namespace(log_base=None, log_level=None, verb_name='build', build_base='build', install_base='install', merge_install=False, symlink_install=False, test_result_base=None, continue_on_error=False, executor='parallel', parallel_workers=8, event_handlers=None, ignore_user_meta=False, metas=['./colcon.meta'], base_paths=['.'], packages_ignore=None, packages_ignore_regex=None, paths=None, packages_up_to=None, packages_up_to_regex=None, packages_above=None, packages_above_and_dependencies=None, packages_above_depth=None, packages_select_by_dep=None, packages_skip_by_dep=None, packages_skip_up_to=None, packages_select_build_failed=False, packages_skip_build_finished=False, packages_select_test_failures=False, packages_skip_test_passed=False, packages_select=None, packages_skip=None, packages_select_regex=None, packages_skip_regex=None, packages_start=None, packages_end=None, cmake_args=None, cmake_target=None, cmake_target_skip_unavailable=False, cmake_clean_cache=False, cmake_clean_first=False, cmake_force_configure=False, ament_cmake_args=None, catkin_cmake_args=None, catkin_skip_building_tests=False, verb_parser=<colcon_defaults.argument_parser.defaults.DefaultArgumentsDecorator object at 0x7f8858e5c0>, verb_extension=<colcon_core.verb.build.BuildVerb object at 0x7f8872fb20>, main=<bound method BuildVerb.main of <colcon_core.verb.build.BuildVerb object at 0x7f8872fb20>>)
[0.896s] Level 1:colcon.colcon_core.package_discovery:discover_packages(colcon_meta) check parameters
[0.896s] Level 1:colcon.colcon_core.package_discovery:discover_packages(recursive) check parameters
[0.896s] Level 1:colcon.colcon_core.package_discovery:discover_packages(ignore) check parameters
[0.896s] Level 1:colcon.colcon_core.package_discovery:discover_packages(path) check parameters
[0.896s] Level 1:colcon.colcon_core.package_discovery:discover_packages(colcon_meta) discover
[0.896s] Level 1:colcon.colcon_core.package_discovery:discover_packages(recursive) discover
[0.896s] INFO:colcon.colcon_core.package_discovery:Crawling recursively for packages in '/home/orangepi/scuderiaferrari'
[0.896s] Level 1:colcon.colcon_core.package_identification:_identify(.) by extensions ['ignore', 'ignore_ament_install']
[0.897s] Level 1:colcon.colcon_core.package_identification:_identify(.) by extension 'ignore'
[0.897s] Level 1:colcon.colcon_core.package_identification:_identify(.) by extension 'ignore_ament_install'
[0.897s] Level 1:colcon.colcon_core.package_identification:_identify(.) by extensions ['colcon_pkg']
[0.897s] Level 1:colcon.colcon_core.package_identification:_identify(.) by extension 'colcon_pkg'
[0.897s] Level 1:colcon.colcon_core.package_identification:_identify(.) by extensions ['colcon_meta']
[0.897s] Level 1:colcon.colcon_core.package_identification:_identify(.) by extension 'colcon_meta'
[0.897s] Level 1:colcon.colcon_core.package_identification:_identify(.) by extensions ['ros']
[0.897s] Level 1:colcon.colcon_core.package_identification:_identify(.) by extension 'ros'
[0.914s] Level 1:colcon.colcon_core.package_identification:_identify(.) by extensions ['cmake', 'python']
[0.914s] Level 1:colcon.colcon_core.package_identification:_identify(.) by extension 'cmake'
[0.915s] Level 1:colcon.colcon_core.package_identification:_identify(.) by extension 'python'
[0.915s] Level 1:colcon.colcon_core.package_identification:_identify(.) by extensions ['python_setup_py']
[0.915s] Level 1:colcon.colcon_core.package_identification:_identify(.) by extension 'python_setup_py'
[0.915s] Level 1:colcon.colcon_core.package_identification:_identify(build) by extensions ['ignore', 'ignore_ament_install']
[0.915s] Level 1:colcon.colcon_core.package_identification:_identify(build) by extension 'ignore'
[0.915s] Level 1:colcon.colcon_core.package_identification:_identify(build) ignored
[0.915s] Level 1:colcon.colcon_core.package_identification:_identify(install) by extensions ['ignore', 'ignore_ament_install']
[0.915s] Level 1:colcon.colcon_core.package_identification:_identify(install) by extension 'ignore'
[0.915s] Level 1:colcon.colcon_core.package_identification:_identify(install) ignored
[0.916s] Level 1:colcon.colcon_core.package_identification:_identify(log) by extensions ['ignore', 'ignore_ament_install']
[0.916s] Level 1:colcon.colcon_core.package_identification:_identify(log) by extension 'ignore'
[0.916s] Level 1:colcon.colcon_core.package_identification:_identify(log) ignored
[0.916s] Level 1:colcon.colcon_core.package_identification:_identify(setupUI) by extensions ['ignore', 'ignore_ament_install']
[0.916s] Level 1:colcon.colcon_core.package_identification:_identify(setupUI) by extension 'ignore'
[0.916s] Level 1:colcon.colcon_core.package_identification:_identify(setupUI) by extension 'ignore_ament_install'
[0.916s] Level 1:colcon.colcon_core.package_identification:_identify(setupUI) by extensions ['colcon_pkg']
[0.916s] Level 1:colcon.colcon_core.package_identification:_identify(setupUI) by extension 'colcon_pkg'
[0.916s] Level 1:colcon.colcon_core.package_identification:_identify(setupUI) by extensions ['colcon_meta']
[0.916s] Level 1:colcon.colcon_core.package_identification:_identify(setupUI) by extension 'colcon_meta'
[0.916s] Level 1:colcon.colcon_core.package_identification:_identify(setupUI) by extensions ['ros']
[0.916s] Level 1:colcon.colcon_core.package_identification:_identify(setupUI) by extension 'ros'
[0.916s] Level 1:colcon.colcon_core.package_identification:_identify(setupUI) by extensions ['cmake', 'python']
[0.916s] Level 1:colcon.colcon_core.package_identification:_identify(setupUI) by extension 'cmake'
[0.917s] Level 1:colcon.colcon_core.package_identification:_identify(setupUI) by extension 'python'
[0.917s] Level 1:colcon.colcon_core.package_identification:_identify(setupUI) by extensions ['python_setup_py']
[0.917s] Level 1:colcon.colcon_core.package_identification:_identify(setupUI) by extension 'python_setup_py'
[0.917s] Level 1:colcon.colcon_core.package_identification:_identify(setupUI/__pycache__) by extensions ['ignore', 'ignore_ament_install']
[0.917s] Level 1:colcon.colcon_core.package_identification:_identify(setupUI/__pycache__) by extension 'ignore'
[0.917s] Level 1:colcon.colcon_core.package_identification:_identify(setupUI/__pycache__) by extension 'ignore_ament_install'
[0.917s] Level 1:colcon.colcon_core.package_identification:_identify(setupUI/__pycache__) by extensions ['colcon_pkg']
[0.917s] Level 1:colcon.colcon_core.package_identification:_identify(setupUI/__pycache__) by extension 'colcon_pkg'
[0.917s] Level 1:colcon.colcon_core.package_identification:_identify(setupUI/__pycache__) by extensions ['colcon_meta']
[0.917s] Level 1:colcon.colcon_core.package_identification:_identify(setupUI/__pycache__) by extension 'colcon_meta'
[0.917s] Level 1:colcon.colcon_core.package_identification:_identify(setupUI/__pycache__) by extensions ['ros']
[0.917s] Level 1:colcon.colcon_core.package_identification:_identify(setupUI/__pycache__) by extension 'ros'
[0.917s] Level 1:colcon.colcon_core.package_identification:_identify(setupUI/__pycache__) by extensions ['cmake', 'python']
[0.917s] Level 1:colcon.colcon_core.package_identification:_identify(setupUI/__pycache__) by extension 'cmake'
[0.917s] Level 1:colcon.colcon_core.package_identification:_identify(setupUI/__pycache__) by extension 'python'
[0.917s] Level 1:colcon.colcon_core.package_identification:_identify(setupUI/__pycache__) by extensions ['python_setup_py']
[0.917s] Level 1:colcon.colcon_core.package_identification:_identify(setupUI/__pycache__) by extension 'python_setup_py'
[0.917s] Level 1:colcon.colcon_core.package_identification:_identify(setupUI/build) by extensions ['ignore', 'ignore_ament_install']
[0.918s] Level 1:colcon.colcon_core.package_identification:_identify(setupUI/build) by extension 'ignore'
[0.918s] Level 1:colcon.colcon_core.package_identification:_identify(setupUI/build) by extension 'ignore_ament_install'
[0.918s] Level 1:colcon.colcon_core.package_identification:_identify(setupUI/build) by extensions ['colcon_pkg']
[0.918s] Level 1:colcon.colcon_core.package_identification:_identify(setupUI/build) by extension 'colcon_pkg'
[0.918s] Level 1:colcon.colcon_core.package_identification:_identify(setupUI/build) by extensions ['colcon_meta']
[0.918s] Level 1:colcon.colcon_core.package_identification:_identify(setupUI/build) by extension 'colcon_meta'
[0.918s] Level 1:colcon.colcon_core.package_identification:_identify(setupUI/build) by extensions ['ros']
[0.918s] Level 1:colcon.colcon_core.package_identification:_identify(setupUI/build) by extension 'ros'
[0.918s] Level 1:colcon.colcon_core.package_identification:_identify(setupUI/build) by extensions ['cmake', 'python']
[0.918s] Level 1:colcon.colcon_core.package_identification:_identify(setupUI/build) by extension 'cmake'
[0.918s] Level 1:colcon.colcon_core.package_identification:_identify(setupUI/build) by extension 'python'
[0.918s] Level 1:colcon.colcon_core.package_identification:_identify(setupUI/build) by extensions ['python_setup_py']
[0.918s] Level 1:colcon.colcon_core.package_identification:_identify(setupUI/build) by extension 'python_setup_py'
[0.918s] Level 1:colcon.colcon_core.package_identification:_identify(setupUI/build/setup_webui) by extensions ['ignore', 'ignore_ament_install']
[0.918s] Level 1:colcon.colcon_core.package_identification:_identify(setupUI/build/setup_webui) by extension 'ignore'
[0.918s] Level 1:colcon.colcon_core.package_identification:_identify(setupUI/build/setup_webui) by extension 'ignore_ament_install'
[0.918s] Level 1:colcon.colcon_core.package_identification:_identify(setupUI/build/setup_webui) by extensions ['colcon_pkg']
[0.918s] Level 1:colcon.colcon_core.package_identification:_identify(setupUI/build/setup_webui) by extension 'colcon_pkg'
[0.918s] Level 1:colcon.colcon_core.package_identification:_identify(setupUI/build/setup_webui) by extensions ['colcon_meta']
[0.919s] Level 1:colcon.colcon_core.package_identification:_identify(setupUI/build/setup_webui) by extension 'colcon_meta'
[0.919s] Level 1:colcon.colcon_core.package_identification:_identify(setupUI/build/setup_webui) by extensions ['ros']
[0.919s] Level 1:colcon.colcon_core.package_identification:_identify(setupUI/build/setup_webui) by extension 'ros'
[0.919s] Level 1:colcon.colcon_core.package_identification:_identify(setupUI/build/setup_webui) by extensions ['cmake', 'python']
[0.919s] Level 1:colcon.colcon_core.package_identification:_identify(setupUI/build/setup_webui) by extension 'cmake'
[0.919s] Level 1:colcon.colcon_core.package_identification:_identify(setupUI/build/setup_webui) by extension 'python'
[0.919s] Level 1:colcon.colcon_core.package_identification:_identify(setupUI/build/setup_webui) by extensions ['python_setup_py']
[0.919s] Level 1:colcon.colcon_core.package_identification:_identify(setupUI/build/setup_webui) by extension 'python_setup_py'
[0.919s] Level 1:colcon.colcon_core.package_identification:_identify(setupUI/build/setup_webui/_pyi_gschema_compilation) by extensions ['ignore', 'ignore_ament_install']
[0.919s] Level 1:colcon.colcon_core.package_identification:_identify(setupUI/build/setup_webui/_pyi_gschema_compilation) by extension 'ignore'
[0.919s] Level 1:colcon.colcon_core.package_identification:_identify(setupUI/build/setup_webui/_pyi_gschema_compilation) by extension 'ignore_ament_install'
[0.919s] Level 1:colcon.colcon_core.package_identification:_identify(setupUI/build/setup_webui/_pyi_gschema_compilation) by extensions ['colcon_pkg']
[0.919s] Level 1:colcon.colcon_core.package_identification:_identify(setupUI/build/setup_webui/_pyi_gschema_compilation) by extension 'colcon_pkg'
[0.919s] Level 1:colcon.colcon_core.package_identification:_identify(setupUI/build/setup_webui/_pyi_gschema_compilation) by extensions ['colcon_meta']
[0.919s] Level 1:colcon.colcon_core.package_identification:_identify(setupUI/build/setup_webui/_pyi_gschema_compilation) by extension 'colcon_meta'
[0.919s] Level 1:colcon.colcon_core.package_identification:_identify(setupUI/build/setup_webui/_pyi_gschema_compilation) by extensions ['ros']
[0.919s] Level 1:colcon.colcon_core.package_identification:_identify(setupUI/build/setup_webui/_pyi_gschema_compilation) by extension 'ros'
[0.920s] Level 1:colcon.colcon_core.package_identification:_identify(setupUI/build/setup_webui/_pyi_gschema_compilation) by extensions ['cmake', 'python']
[0.920s] Level 1:colcon.colcon_core.package_identification:_identify(setupUI/build/setup_webui/_pyi_gschema_compilation) by extension 'cmake'
[0.920s] Level 1:colcon.colcon_core.package_identification:_identify(setupUI/build/setup_webui/_pyi_gschema_compilation) by extension 'python'
[0.920s] Level 1:colcon.colcon_core.package_identification:_identify(setupUI/build/setup_webui/_pyi_gschema_compilation) by extensions ['python_setup_py']
[0.920s] Level 1:colcon.colcon_core.package_identification:_identify(setupUI/build/setup_webui/_pyi_gschema_compilation) by extension 'python_setup_py'
[0.920s] Level 1:colcon.colcon_core.package_identification:_identify(setupUI/build/setup_webui/localpycs) by extensions ['ignore', 'ignore_ament_install']
[0.920s] Level 1:colcon.colcon_core.package_identification:_identify(setupUI/build/setup_webui/localpycs) by extension 'ignore'
[0.920s] Level 1:colcon.colcon_core.package_identification:_identify(setupUI/build/setup_webui/localpycs) by extension 'ignore_ament_install'
[0.920s] Level 1:colcon.colcon_core.package_identification:_identify(setupUI/build/setup_webui/localpycs) by extensions ['colcon_pkg']
[0.920s] Level 1:colcon.colcon_core.package_identification:_identify(setupUI/build/setup_webui/localpycs) by extension 'colcon_pkg'
[0.920s] Level 1:colcon.colcon_core.package_identification:_identify(setupUI/build/setup_webui/localpycs) by extensions ['colcon_meta']
[0.920s] Level 1:colcon.colcon_core.package_identification:_identify(setupUI/build/setup_webui/localpycs) by extension 'colcon_meta'
[0.920s] Level 1:colcon.colcon_core.package_identification:_identify(setupUI/build/setup_webui/localpycs) by extensions ['ros']
[0.920s] Level 1:colcon.colcon_core.package_identification:_identify(setupUI/build/setup_webui/localpycs) by extension 'ros'
[0.920s] Level 1:colcon.colcon_core.package_identification:_identify(setupUI/build/setup_webui/localpycs) by extensions ['cmake', 'python']
[0.920s] Level 1:colcon.colcon_core.package_identification:_identify(setupUI/build/setup_webui/localpycs) by extension 'cmake'
[0.920s] Level 1:colcon.colcon_core.package_identification:_identify(setupUI/build/setup_webui/localpycs) by extension 'python'
[0.920s] Level 1:colcon.colcon_core.package_identification:_identify(setupUI/build/setup_webui/localpycs) by extensions ['python_setup_py']
[0.920s] Level 1:colcon.colcon_core.package_identification:_identify(setupUI/build/setup_webui/localpycs) by extension 'python_setup_py'
[0.921s] Level 1:colcon.colcon_core.package_identification:_identify(setupUI/dist) by extensions ['ignore', 'ignore_ament_install']
[0.921s] Level 1:colcon.colcon_core.package_identification:_identify(setupUI/dist) by extension 'ignore'
[0.921s] Level 1:colcon.colcon_core.package_identification:_identify(setupUI/dist) by extension 'ignore_ament_install'
[0.921s] Level 1:colcon.colcon_core.package_identification:_identify(setupUI/dist) by extensions ['colcon_pkg']
[0.921s] Level 1:colcon.colcon_core.package_identification:_identify(setupUI/dist) by extension 'colcon_pkg'
[0.921s] Level 1:colcon.colcon_core.package_identification:_identify(setupUI/dist) by extensions ['colcon_meta']
[0.921s] Level 1:colcon.colcon_core.package_identification:_identify(setupUI/dist) by extension 'colcon_meta'
[0.921s] Level 1:colcon.colcon_core.package_identification:_identify(setupUI/dist) by extensions ['ros']
[0.921s] Level 1:colcon.colcon_core.package_identification:_identify(setupUI/dist) by extension 'ros'
[0.921s] Level 1:colcon.colcon_core.package_identification:_identify(setupUI/dist) by extensions ['cmake', 'python']
[0.921s] Level 1:colcon.colcon_core.package_identification:_identify(setupUI/dist) by extension 'cmake'
[0.921s] Level 1:colcon.colcon_core.package_identification:_identify(setupUI/dist) by extension 'python'
[0.921s] Level 1:colcon.colcon_core.package_identification:_identify(setupUI/dist) by extensions ['python_setup_py']
[0.921s] Level 1:colcon.colcon_core.package_identification:_identify(setupUI/dist) by extension 'python_setup_py'
[0.921s] Level 1:colcon.colcon_core.package_identification:_identify(setupUI/dist/models) by extensions ['ignore', 'ignore_ament_install']
[0.921s] Level 1:colcon.colcon_core.package_identification:_identify(setupUI/dist/models) by extension 'ignore'
[0.922s] Level 1:colcon.colcon_core.package_identification:_identify(setupUI/dist/models) by extension 'ignore_ament_install'
[0.922s] Level 1:colcon.colcon_core.package_identification:_identify(setupUI/dist/models) by extensions ['colcon_pkg']
[0.922s] Level 1:colcon.colcon_core.package_identification:_identify(setupUI/dist/models) by extension 'colcon_pkg'
[0.922s] Level 1:colcon.colcon_core.package_identification:_identify(setupUI/dist/models) by extensions ['colcon_meta']
[0.922s] Level 1:colcon.colcon_core.package_identification:_identify(setupUI/dist/models) by extension 'colcon_meta'
[0.922s] Level 1:colcon.colcon_core.package_identification:_identify(setupUI/dist/models) by extensions ['ros']
[0.922s] Level 1:colcon.colcon_core.package_identification:_identify(setupUI/dist/models) by extension 'ros'
[0.922s] Level 1:colcon.colcon_core.package_identification:_identify(setupUI/dist/models) by extensions ['cmake', 'python']
[0.922s] Level 1:colcon.colcon_core.package_identification:_identify(setupUI/dist/models) by extension 'cmake'
[0.922s] Level 1:colcon.colcon_core.package_identification:_identify(setupUI/dist/models) by extension 'python'
[0.922s] Level 1:colcon.colcon_core.package_identification:_identify(setupUI/dist/models) by extensions ['python_setup_py']
[0.922s] Level 1:colcon.colcon_core.package_identification:_identify(setupUI/dist/models) by extension 'python_setup_py'
[0.922s] Level 1:colcon.colcon_core.package_identification:_identify(setupUI/infer_wrap) by extensions ['ignore', 'ignore_ament_install']
[0.922s] Level 1:colcon.colcon_core.package_identification:_identify(setupUI/infer_wrap) by extension 'ignore'
[0.922s] Level 1:colcon.colcon_core.package_identification:_identify(setupUI/infer_wrap) by extension 'ignore_ament_install'
[0.922s] Level 1:colcon.colcon_core.package_identification:_identify(setupUI/infer_wrap) by extensions ['colcon_pkg']
[0.922s] Level 1:colcon.colcon_core.package_identification:_identify(setupUI/infer_wrap) by extension 'colcon_pkg'
[0.922s] Level 1:colcon.colcon_core.package_identification:_identify(setupUI/infer_wrap) by extensions ['colcon_meta']
[0.922s] Level 1:colcon.colcon_core.package_identification:_identify(setupUI/infer_wrap) by extension 'colcon_meta'
[0.922s] Level 1:colcon.colcon_core.package_identification:_identify(setupUI/infer_wrap) by extensions ['ros']
[0.923s] Level 1:colcon.colcon_core.package_identification:_identify(setupUI/infer_wrap) by extension 'ros'
[0.923s] Level 1:colcon.colcon_core.package_identification:_identify(setupUI/infer_wrap) by extensions ['cmake', 'python']
[0.923s] Level 1:colcon.colcon_core.package_identification:_identify(setupUI/infer_wrap) by extension 'cmake'
[0.923s] Level 1:colcon.colcon_core.package_identification:_identify(setupUI/infer_wrap) by extension 'python'
[0.923s] Level 1:colcon.colcon_core.package_identification:_identify(setupUI/infer_wrap) by extensions ['python_setup_py']
[0.923s] Level 1:colcon.colcon_core.package_identification:_identify(setupUI/infer_wrap) by extension 'python_setup_py'
[0.923s] Level 1:colcon.colcon_core.package_identification:_identify(setupUI/infer_wrap/__pycache__) by extensions ['ignore', 'ignore_ament_install']
[0.923s] Level 1:colcon.colcon_core.package_identification:_identify(setupUI/infer_wrap/__pycache__) by extension 'ignore'
[0.923s] Level 1:colcon.colcon_core.package_identification:_identify(setupUI/infer_wrap/__pycache__) by extension 'ignore_ament_install'
[0.923s] Level 1:colcon.colcon_core.package_identification:_identify(setupUI/infer_wrap/__pycache__) by extensions ['colcon_pkg']
[0.923s] Level 1:colcon.colcon_core.package_identification:_identify(setupUI/infer_wrap/__pycache__) by extension 'colcon_pkg'
[0.923s] Level 1:colcon.colcon_core.package_identification:_identify(setupUI/infer_wrap/__pycache__) by extensions ['colcon_meta']
[0.923s] Level 1:colcon.colcon_core.package_identification:_identify(setupUI/infer_wrap/__pycache__) by extension 'colcon_meta'
[0.923s] Level 1:colcon.colcon_core.package_identification:_identify(setupUI/infer_wrap/__pycache__) by extensions ['ros']
[0.923s] Level 1:colcon.colcon_core.package_identification:_identify(setupUI/infer_wrap/__pycache__) by extension 'ros'
[0.923s] Level 1:colcon.colcon_core.package_identification:_identify(setupUI/infer_wrap/__pycache__) by extensions ['cmake', 'python']
[0.923s] Level 1:colcon.colcon_core.package_identification:_identify(setupUI/infer_wrap/__pycache__) by extension 'cmake'
[0.923s] Level 1:colcon.colcon_core.package_identification:_identify(setupUI/infer_wrap/__pycache__) by extension 'python'
[0.923s] Level 1:colcon.colcon_core.package_identification:_identify(setupUI/infer_wrap/__pycache__) by extensions ['python_setup_py']
[0.923s] Level 1:colcon.colcon_core.package_identification:_identify(setupUI/infer_wrap/__pycache__) by extension 'python_setup_py'
[0.924s] Level 1:colcon.colcon_core.package_identification:_identify(setupUI/infer_wrap/base) by extensions ['ignore', 'ignore_ament_install']
[0.924s] Level 1:colcon.colcon_core.package_identification:_identify(setupUI/infer_wrap/base) by extension 'ignore'
[0.924s] Level 1:colcon.colcon_core.package_identification:_identify(setupUI/infer_wrap/base) by extension 'ignore_ament_install'
[0.924s] Level 1:colcon.colcon_core.package_identification:_identify(setupUI/infer_wrap/base) by extensions ['colcon_pkg']
[0.924s] Level 1:colcon.colcon_core.package_identification:_identify(setupUI/infer_wrap/base) by extension 'colcon_pkg'
[0.924s] Level 1:colcon.colcon_core.package_identification:_identify(setupUI/infer_wrap/base) by extensions ['colcon_meta']
[0.924s] Level 1:colcon.colcon_core.package_identification:_identify(setupUI/infer_wrap/base) by extension 'colcon_meta'
[0.924s] Level 1:colcon.colcon_core.package_identification:_identify(setupUI/infer_wrap/base) by extensions ['ros']
[0.924s] Level 1:colcon.colcon_core.package_identification:_identify(setupUI/infer_wrap/base) by extension 'ros'
[0.924s] Level 1:colcon.colcon_core.package_identification:_identify(setupUI/infer_wrap/base) by extensions ['cmake', 'python']
[0.924s] Level 1:colcon.colcon_core.package_identification:_identify(setupUI/infer_wrap/base) by extension 'cmake'
[0.924s] Level 1:colcon.colcon_core.package_identification:_identify(setupUI/infer_wrap/base) by extension 'python'
[0.924s] Level 1:colcon.colcon_core.package_identification:_identify(setupUI/infer_wrap/base) by extensions ['python_setup_py']
[0.924s] Level 1:colcon.colcon_core.package_identification:_identify(setupUI/infer_wrap/base) by extension 'python_setup_py'
[0.924s] Level 1:colcon.colcon_core.package_identification:_identify(setupUI/infer_wrap/base/__pycache__) by extensions ['ignore', 'ignore_ament_install']
[0.924s] Level 1:colcon.colcon_core.package_identification:_identify(setupUI/infer_wrap/base/__pycache__) by extension 'ignore'
[0.924s] Level 1:colcon.colcon_core.package_identification:_identify(setupUI/infer_wrap/base/__pycache__) by extension 'ignore_ament_install'
[0.925s] Level 1:colcon.colcon_core.package_identification:_identify(setupUI/infer_wrap/base/__pycache__) by extensions ['colcon_pkg']
[0.925s] Level 1:colcon.colcon_core.package_identification:_identify(setupUI/infer_wrap/base/__pycache__) by extension 'colcon_pkg'
[0.925s] Level 1:colcon.colcon_core.package_identification:_identify(setupUI/infer_wrap/base/__pycache__) by extensions ['colcon_meta']
[0.925s] Level 1:colcon.colcon_core.package_identification:_identify(setupUI/infer_wrap/base/__pycache__) by extension 'colcon_meta'
[0.925s] Level 1:colcon.colcon_core.package_identification:_identify(setupUI/infer_wrap/base/__pycache__) by extensions ['ros']
[0.925s] Level 1:colcon.colcon_core.package_identification:_identify(setupUI/infer_wrap/base/__pycache__) by extension 'ros'
[0.925s] Level 1:colcon.colcon_core.package_identification:_identify(setupUI/infer_wrap/base/__pycache__) by extensions ['cmake', 'python']
[0.925s] Level 1:colcon.colcon_core.package_identification:_identify(setupUI/infer_wrap/base/__pycache__) by extension 'cmake'
[0.925s] Level 1:colcon.colcon_core.package_identification:_identify(setupUI/infer_wrap/base/__pycache__) by extension 'python'
[0.925s] Level 1:colcon.colcon_core.package_identification:_identify(setupUI/infer_wrap/base/__pycache__) by extensions ['python_setup_py']
[0.925s] Level 1:colcon.colcon_core.package_identification:_identify(setupUI/infer_wrap/base/__pycache__) by extension 'python_setup_py'
[0.925s] Level 1:colcon.colcon_core.package_identification:_identify(setupUI/infer_wrap/base/model) by extensions ['ignore', 'ignore_ament_install']
[0.925s] Level 1:colcon.colcon_core.package_identification:_identify(setupUI/infer_wrap/base/model) by extension 'ignore'
[0.925s] Level 1:colcon.colcon_core.package_identification:_identify(setupUI/infer_wrap/base/model) by extension 'ignore_ament_install'
[0.925s] Level 1:colcon.colcon_core.package_identification:_identify(setupUI/infer_wrap/base/model) by extensions ['colcon_pkg']
[0.925s] Level 1:colcon.colcon_core.package_identification:_identify(setupUI/infer_wrap/base/model) by extension 'colcon_pkg'
[0.925s] Level 1:colcon.colcon_core.package_identification:_identify(setupUI/infer_wrap/base/model) by extensions ['colcon_meta']
[0.925s] Level 1:colcon.colcon_core.package_identification:_identify(setupUI/infer_wrap/base/model) by extension 'colcon_meta'
[0.926s] Level 1:colcon.colcon_core.package_identification:_identify(setupUI/infer_wrap/base/model) by extensions ['ros']
[0.926s] Level 1:colcon.colcon_core.package_identification:_identify(setupUI/infer_wrap/base/model) by extension 'ros'
[0.926s] Level 1:colcon.colcon_core.package_identification:_identify(setupUI/infer_wrap/base/model) by extensions ['cmake', 'python']
[0.926s] Level 1:colcon.colcon_core.package_identification:_identify(setupUI/infer_wrap/base/model) by extension 'cmake'
[0.926s] Level 1:colcon.colcon_core.package_identification:_identify(setupUI/infer_wrap/base/model) by extension 'python'
[0.926s] Level 1:colcon.colcon_core.package_identification:_identify(setupUI/infer_wrap/base/model) by extensions ['python_setup_py']
[0.926s] Level 1:colcon.colcon_core.package_identification:_identify(setupUI/infer_wrap/base/model) by extension 'python_setup_py'
[0.926s] Level 1:colcon.colcon_core.package_identification:_identify(setupUI/infer_wrap/base/result) by extensions ['ignore', 'ignore_ament_install']
[0.926s] Level 1:colcon.colcon_core.package_identification:_identify(setupUI/infer_wrap/base/result) by extension 'ignore'
[0.926s] Level 1:colcon.colcon_core.package_identification:_identify(setupUI/infer_wrap/base/result) by extension 'ignore_ament_install'
[0.926s] Level 1:colcon.colcon_core.package_identification:_identify(setupUI/infer_wrap/base/result) by extensions ['colcon_pkg']
[0.926s] Level 1:colcon.colcon_core.package_identification:_identify(setupUI/infer_wrap/base/result) by extension 'colcon_pkg'
[0.926s] Level 1:colcon.colcon_core.package_identification:_identify(setupUI/infer_wrap/base/result) by extensions ['colcon_meta']
[0.926s] Level 1:colcon.colcon_core.package_identification:_identify(setupUI/infer_wrap/base/result) by extension 'colcon_meta'
[0.926s] Level 1:colcon.colcon_core.package_identification:_identify(setupUI/infer_wrap/base/result) by extensions ['ros']
[0.926s] Level 1:colcon.colcon_core.package_identification:_identify(setupUI/infer_wrap/base/result) by extension 'ros'
[0.926s] Level 1:colcon.colcon_core.package_identification:_identify(setupUI/infer_wrap/base/result) by extensions ['cmake', 'python']
[0.926s] Level 1:colcon.colcon_core.package_identification:_identify(setupUI/infer_wrap/base/result) by extension 'cmake'
[0.927s] Level 1:colcon.colcon_core.package_identification:_identify(setupUI/infer_wrap/base/result) by extension 'python'
[0.927s] Level 1:colcon.colcon_core.package_identification:_identify(setupUI/infer_wrap/base/result) by extensions ['python_setup_py']
[0.927s] Level 1:colcon.colcon_core.package_identification:_identify(setupUI/infer_wrap/base/result) by extension 'python_setup_py'
[0.927s] Level 1:colcon.colcon_core.package_identification:_identify(setupUI/templates) by extensions ['ignore', 'ignore_ament_install']
[0.927s] Level 1:colcon.colcon_core.package_identification:_identify(setupUI/templates) by extension 'ignore'
[0.927s] Level 1:colcon.colcon_core.package_identification:_identify(setupUI/templates) by extension 'ignore_ament_install'
[0.927s] Level 1:colcon.colcon_core.package_identification:_identify(setupUI/templates) by extensions ['colcon_pkg']
[0.927s] Level 1:colcon.colcon_core.package_identification:_identify(setupUI/templates) by extension 'colcon_pkg'
[0.927s] Level 1:colcon.colcon_core.package_identification:_identify(setupUI/templates) by extensions ['colcon_meta']
[0.927s] Level 1:colcon.colcon_core.package_identification:_identify(setupUI/templates) by extension 'colcon_meta'
[0.927s] Level 1:colcon.colcon_core.package_identification:_identify(setupUI/templates) by extensions ['ros']
[0.927s] Level 1:colcon.colcon_core.package_identification:_identify(setupUI/templates) by extension 'ros'
[0.927s] Level 1:colcon.colcon_core.package_identification:_identify(setupUI/templates) by extensions ['cmake', 'python']
[0.927s] Level 1:colcon.colcon_core.package_identification:_identify(setupUI/templates) by extension 'cmake'
[0.927s] Level 1:colcon.colcon_core.package_identification:_identify(setupUI/templates) by extension 'python'
[0.927s] Level 1:colcon.colcon_core.package_identification:_identify(setupUI/templates) by extensions ['python_setup_py']
[0.927s] Level 1:colcon.colcon_core.package_identification:_identify(setupUI/templates) by extension 'python_setup_py'
[0.927s] Level 1:colcon.colcon_core.package_identification:_identify(src) by extensions ['ignore', 'ignore_ament_install']
[0.928s] Level 1:colcon.colcon_core.package_identification:_identify(src) by extension 'ignore'
[0.928s] Level 1:colcon.colcon_core.package_identification:_identify(src) by extension 'ignore_ament_install'
[0.928s] Level 1:colcon.colcon_core.package_identification:_identify(src) by extensions ['colcon_pkg']
[0.928s] Level 1:colcon.colcon_core.package_identification:_identify(src) by extension 'colcon_pkg'
[0.928s] Level 1:colcon.colcon_core.package_identification:_identify(src) by extensions ['colcon_meta']
[0.928s] Level 1:colcon.colcon_core.package_identification:_identify(src) by extension 'colcon_meta'
[0.928s] Level 1:colcon.colcon_core.package_identification:_identify(src) by extensions ['ros']
[0.928s] Level 1:colcon.colcon_core.package_identification:_identify(src) by extension 'ros'
[0.928s] Level 1:colcon.colcon_core.package_identification:_identify(src) by extensions ['cmake', 'python']
[0.928s] Level 1:colcon.colcon_core.package_identification:_identify(src) by extension 'cmake'
[0.928s] Level 1:colcon.colcon_core.package_identification:_identify(src) by extension 'python'
[0.928s] Level 1:colcon.colcon_core.package_identification:_identify(src) by extensions ['python_setup_py']
[0.928s] Level 1:colcon.colcon_core.package_identification:_identify(src) by extension 'python_setup_py'
[0.928s] Level 1:colcon.colcon_core.package_identification:_identify(src/chassis_controller) by extensions ['ignore', 'ignore_ament_install']
[0.928s] Level 1:colcon.colcon_core.package_identification:_identify(src/chassis_controller) by extension 'ignore'
[0.928s] Level 1:colcon.colcon_core.package_identification:_identify(src/chassis_controller) by extension 'ignore_ament_install'
[0.928s] Level 1:colcon.colcon_core.package_identification:_identify(src/chassis_controller) by extensions ['colcon_pkg']
[0.928s] Level 1:colcon.colcon_core.package_identification:_identify(src/chassis_controller) by extension 'colcon_pkg'
[0.928s] Level 1:colcon.colcon_core.package_identification:_identify(src/chassis_controller) by extensions ['colcon_meta']
[0.929s] Level 1:colcon.colcon_core.package_identification:_identify(src/chassis_controller) by extension 'colcon_meta'
[0.929s] Level 1:colcon.colcon_core.package_identification:_identify(src/chassis_controller) by extensions ['ros']
[0.929s] Level 1:colcon.colcon_core.package_identification:_identify(src/chassis_controller) by extension 'ros'
[0.937s] DEBUG:colcon.colcon_core.package_identification:Package 'src/chassis_controller' with type 'ros.ament_python' and name 'chassis_controller'
[0.937s] Level 1:colcon.colcon_core.package_identification:_identify(src/keyboard_controller) by extensions ['ignore', 'ignore_ament_install']
[0.937s] Level 1:colcon.colcon_core.package_identification:_identify(src/keyboard_controller) by extension 'ignore'
[0.938s] Level 1:colcon.colcon_core.package_identification:_identify(src/keyboard_controller) by extension 'ignore_ament_install'
[0.938s] Level 1:colcon.colcon_core.package_identification:_identify(src/keyboard_controller) by extensions ['colcon_pkg']
[0.938s] Level 1:colcon.colcon_core.package_identification:_identify(src/keyboard_controller) by extension 'colcon_pkg'
[0.938s] Level 1:colcon.colcon_core.package_identification:_identify(src/keyboard_controller) by extensions ['colcon_meta']
[0.938s] Level 1:colcon.colcon_core.package_identification:_identify(src/keyboard_controller) by extension 'colcon_meta'
[0.938s] Level 1:colcon.colcon_core.package_identification:_identify(src/keyboard_controller) by extensions ['ros']
[0.938s] Level 1:colcon.colcon_core.package_identification:_identify(src/keyboard_controller) by extension 'ros'
[0.939s] DEBUG:colcon.colcon_core.package_identification:Package 'src/keyboard_controller' with type 'ros.ament_python' and name 'keyboard_controller'
[0.940s] Level 1:colcon.colcon_core.package_identification:_identify(src/line_follower_control) by extensions ['ignore', 'ignore_ament_install']
[0.940s] Level 1:colcon.colcon_core.package_identification:_identify(src/line_follower_control) by extension 'ignore'
[0.940s] Level 1:colcon.colcon_core.package_identification:_identify(src/line_follower_control) by extension 'ignore_ament_install'
[0.940s] Level 1:colcon.colcon_core.package_identification:_identify(src/line_follower_control) by extensions ['colcon_pkg']
[0.940s] Level 1:colcon.colcon_core.package_identification:_identify(src/line_follower_control) by extension 'colcon_pkg'
[0.940s] Level 1:colcon.colcon_core.package_identification:_identify(src/line_follower_control) by extensions ['colcon_meta']
[0.940s] Level 1:colcon.colcon_core.package_identification:_identify(src/line_follower_control) by extension 'colcon_meta'
[0.940s] Level 1:colcon.colcon_core.package_identification:_identify(src/line_follower_control) by extensions ['ros']
[0.940s] Level 1:colcon.colcon_core.package_identification:_identify(src/line_follower_control) by extension 'ros'
[0.941s] DEBUG:colcon.colcon_core.package_identification:Package 'src/line_follower_control' with type 'ros.ament_python' and name 'line_follower_control'
[0.941s] Level 1:colcon.colcon_core.package_identification:_identify(src/position_udp_bridge) by extensions ['ignore', 'ignore_ament_install']
[0.942s] Level 1:colcon.colcon_core.package_identification:_identify(src/position_udp_bridge) by extension 'ignore'
[0.942s] Level 1:colcon.colcon_core.package_identification:_identify(src/position_udp_bridge) by extension 'ignore_ament_install'
[0.942s] Level 1:colcon.colcon_core.package_identification:_identify(src/position_udp_bridge) by extensions ['colcon_pkg']
[0.942s] Level 1:colcon.colcon_core.package_identification:_identify(src/position_udp_bridge) by extension 'colcon_pkg'
[0.942s] Level 1:colcon.colcon_core.package_identification:_identify(src/position_udp_bridge) by extensions ['colcon_meta']
[0.942s] Level 1:colcon.colcon_core.package_identification:_identify(src/position_udp_bridge) by extension 'colcon_meta'
[0.942s] Level 1:colcon.colcon_core.package_identification:_identify(src/position_udp_bridge) by extensions ['ros']
[0.942s] Level 1:colcon.colcon_core.package_identification:_identify(src/position_udp_bridge) by extension 'ros'
[0.943s] DEBUG:colcon.colcon_core.package_identification:Package 'src/position_udp_bridge' with type 'ros.ament_python' and name 'position_udp_bridge'
[0.943s] Level 1:colcon.colcon_core.package_identification:_identify(src/track_perception) by extensions ['ignore', 'ignore_ament_install']
[0.943s] Level 1:colcon.colcon_core.package_identification:_identify(src/track_perception) by extension 'ignore'
[0.944s] Level 1:colcon.colcon_core.package_identification:_identify(src/track_perception) by extension 'ignore_ament_install'
[0.944s] Level 1:colcon.colcon_core.package_identification:_identify(src/track_perception) by extensions ['colcon_pkg']
[0.944s] Level 1:colcon.colcon_core.package_identification:_identify(src/track_perception) by extension 'colcon_pkg'
[0.944s] Level 1:colcon.colcon_core.package_identification:_identify(src/track_perception) by extensions ['colcon_meta']
[0.944s] Level 1:colcon.colcon_core.package_identification:_identify(src/track_perception) by extension 'colcon_meta'
[0.944s] Level 1:colcon.colcon_core.package_identification:_identify(src/track_perception) by extensions ['ros']
[0.944s] Level 1:colcon.colcon_core.package_identification:_identify(src/track_perception) by extension 'ros'
[0.945s] DEBUG:colcon.colcon_core.package_identification:Package 'src/track_perception' with type 'ros.ament_python' and name 'track_perception'
[0.945s] Level 1:colcon.colcon_core.package_identification:_identify(src/uwb_locator) by extensions ['ignore', 'ignore_ament_install']
[0.945s] Level 1:colcon.colcon_core.package_identification:_identify(src/uwb_locator) by extension 'ignore'
[0.945s] Level 1:colcon.colcon_core.package_identification:_identify(src/uwb_locator) by extension 'ignore_ament_install'
[0.945s] Level 1:colcon.colcon_core.package_identification:_identify(src/uwb_locator) by extensions ['colcon_pkg']
[0.945s] Level 1:colcon.colcon_core.package_identification:_identify(src/uwb_locator) by extension 'colcon_pkg'
[0.945s] Level 1:colcon.colcon_core.package_identification:_identify(src/uwb_locator) by extensions ['colcon_meta']
[0.946s] Level 1:colcon.colcon_core.package_identification:_identify(src/uwb_locator) by extension 'colcon_meta'
[0.946s] Level 1:colcon.colcon_core.package_identification:_identify(src/uwb_locator) by extensions ['ros']
[0.946s] Level 1:colcon.colcon_core.package_identification:_identify(src/uwb_locator) by extension 'ros'
[0.947s] DEBUG:colcon.colcon_core.package_identification:Package 'src/uwb_locator' with type 'ros.ament_python' and name 'uwb_locator'
[0.947s] Level 1:colcon.colcon_core.package_discovery:discover_packages(recursive) using defaults
[0.947s] Level 1:colcon.colcon_core.package_discovery:discover_packages(ignore) discover
[0.947s] Level 1:colcon.colcon_core.package_discovery:discover_packages(ignore) using defaults
[0.947s] Level 1:colcon.colcon_core.package_discovery:discover_packages(path) discover
[0.947s] Level 1:colcon.colcon_core.package_discovery:discover_packages(path) using defaults
[1.026s] Level 5:colcon.colcon_core.verb:set package 'chassis_controller' build argument 'cmake_args' from command line to 'None'
[1.026s] Level 5:colcon.colcon_core.verb:set package 'chassis_controller' build argument 'cmake_target' from command line to 'None'
[1.026s] Level 5:colcon.colcon_core.verb:set package 'chassis_controller' build argument 'cmake_target_skip_unavailable' from command line to 'False'
[1.026s] Level 5:colcon.colcon_core.verb:set package 'chassis_controller' build argument 'cmake_clean_cache' from command line to 'False'
[1.026s] Level 5:colcon.colcon_core.verb:set package 'chassis_controller' build argument 'cmake_clean_first' from command line to 'False'
[1.026s] Level 5:colcon.colcon_core.verb:set package 'chassis_controller' build argument 'cmake_force_configure' from command line to 'False'
[1.027s] Level 5:colcon.colcon_core.verb:set package 'chassis_controller' build argument 'ament_cmake_args' from command line to 'None'
[1.027s] Level 5:colcon.colcon_core.verb:set package 'chassis_controller' build argument 'catkin_cmake_args' from command line to 'None'
[1.027s] Level 5:colcon.colcon_core.verb:set package 'chassis_controller' build argument 'catkin_skip_building_tests' from command line to 'False'
[1.027s] DEBUG:colcon.colcon_core.verb:Building package 'chassis_controller' with the following arguments: {'ament_cmake_args': None, 'build_base': '/home/orangepi/scuderiaferrari/build/chassis_controller', 'catkin_cmake_args': None, 'catkin_skip_building_tests': False, 'cmake_args': None, 'cmake_clean_cache': False, 'cmake_clean_first': False, 'cmake_force_configure': False, 'cmake_target': None, 'cmake_target_skip_unavailable': False, 'install_base': '/home/orangepi/scuderiaferrari/install/chassis_controller', 'merge_install': False, 'path': '/home/orangepi/scuderiaferrari/src/chassis_controller', 'symlink_install': False, 'test_result_base': None}
[1.027s] Level 5:colcon.colcon_core.verb:set package 'keyboard_controller' build argument 'cmake_args' from command line to 'None'
[1.027s] Level 5:colcon.colcon_core.verb:set package 'keyboard_controller' build argument 'cmake_target' from command line to 'None'
[1.027s] Level 5:colcon.colcon_core.verb:set package 'keyboard_controller' build argument 'cmake_target_skip_unavailable' from command line to 'False'
[1.027s] Level 5:colcon.colcon_core.verb:set package 'keyboard_controller' build argument 'cmake_clean_cache' from command line to 'False'
[1.027s] Level 5:colcon.colcon_core.verb:set package 'keyboard_controller' build argument 'cmake_clean_first' from command line to 'False'
[1.027s] Level 5:colcon.colcon_core.verb:set package 'keyboard_controller' build argument 'cmake_force_configure' from command line to 'False'
[1.027s] Level 5:colcon.colcon_core.verb:set package 'keyboard_controller' build argument 'ament_cmake_args' from command line to 'None'
[1.027s] Level 5:colcon.colcon_core.verb:set package 'keyboard_controller' build argument 'catkin_cmake_args' from command line to 'None'
[1.027s] Level 5:colcon.colcon_core.verb:set package 'keyboard_controller' build argument 'catkin_skip_building_tests' from command line to 'False'
[1.027s] DEBUG:colcon.colcon_core.verb:Building package 'keyboard_controller' with the following arguments: {'ament_cmake_args': None, 'build_base': '/home/orangepi/scuderiaferrari/build/keyboard_controller', 'catkin_cmake_args': None, 'catkin_skip_building_tests': False, 'cmake_args': None, 'cmake_clean_cache': False, 'cmake_clean_first': False, 'cmake_force_configure': False, 'cmake_target': None, 'cmake_target_skip_unavailable': False, 'install_base': '/home/orangepi/scuderiaferrari/install/keyboard_controller', 'merge_install': False, 'path': '/home/orangepi/scuderiaferrari/src/keyboard_controller', 'symlink_install': False, 'test_result_base': None}
[1.028s] Level 5:colcon.colcon_core.verb:set package 'line_follower_control' build argument 'cmake_args' from command line to 'None'
[1.028s] Level 5:colcon.colcon_core.verb:set package 'line_follower_control' build argument 'cmake_target' from command line to 'None'
[1.028s] Level 5:colcon.colcon_core.verb:set package 'line_follower_control' build argument 'cmake_target_skip_unavailable' from command line to 'False'
[1.028s] Level 5:colcon.colcon_core.verb:set package 'line_follower_control' build argument 'cmake_clean_cache' from command line to 'False'
[1.028s] Level 5:colcon.colcon_core.verb:set package 'line_follower_control' build argument 'cmake_clean_first' from command line to 'False'
[1.028s] Level 5:colcon.colcon_core.verb:set package 'line_follower_control' build argument 'cmake_force_configure' from command line to 'False'
[1.028s] Level 5:colcon.colcon_core.verb:set package 'line_follower_control' build argument 'ament_cmake_args' from command line to 'None'
[1.028s] Level 5:colcon.colcon_core.verb:set package 'line_follower_control' build argument 'catkin_cmake_args' from command line to 'None'
[1.028s] Level 5:colcon.colcon_core.verb:set package 'line_follower_control' build argument 'catkin_skip_building_tests' from command line to 'False'
[1.028s] DEBUG:colcon.colcon_core.verb:Building package 'line_follower_control' with the following arguments: {'ament_cmake_args': None, 'build_base': '/home/orangepi/scuderiaferrari/build/line_follower_control', 'catkin_cmake_args': None, 'catkin_skip_building_tests': False, 'cmake_args': None, 'cmake_clean_cache': False, 'cmake_clean_first': False, 'cmake_force_configure': False, 'cmake_target': None, 'cmake_target_skip_unavailable': False, 'install_base': '/home/orangepi/scuderiaferrari/install/line_follower_control', 'merge_install': False, 'path': '/home/orangepi/scuderiaferrari/src/line_follower_control', 'symlink_install': False, 'test_result_base': None}
[1.028s] Level 5:colcon.colcon_core.verb:set package 'position_udp_bridge' build argument 'cmake_args' from command line to 'None'
[1.029s] Level 5:colcon.colcon_core.verb:set package 'position_udp_bridge' build argument 'cmake_target' from command line to 'None'
[1.029s] Level 5:colcon.colcon_core.verb:set package 'position_udp_bridge' build argument 'cmake_target_skip_unavailable' from command line to 'False'
[1.029s] Level 5:colcon.colcon_core.verb:set package 'position_udp_bridge' build argument 'cmake_clean_cache' from command line to 'False'
[1.029s] Level 5:colcon.colcon_core.verb:set package 'position_udp_bridge' build argument 'cmake_clean_first' from command line to 'False'
[1.029s] Level 5:colcon.colcon_core.verb:set package 'position_udp_bridge' build argument 'cmake_force_configure' from command line to 'False'
[1.029s] Level 5:colcon.colcon_core.verb:set package 'position_udp_bridge' build argument 'ament_cmake_args' from command line to 'None'
[1.029s] Level 5:colcon.colcon_core.verb:set package 'position_udp_bridge' build argument 'catkin_cmake_args' from command line to 'None'
[1.029s] Level 5:colcon.colcon_core.verb:set package 'position_udp_bridge' build argument 'catkin_skip_building_tests' from command line to 'False'
[1.029s] DEBUG:colcon.colcon_core.verb:Building package 'position_udp_bridge' with the following arguments: {'ament_cmake_args': None, 'build_base': '/home/orangepi/scuderiaferrari/build/position_udp_bridge', 'catkin_cmake_args': None, 'catkin_skip_building_tests': False, 'cmake_args': None, 'cmake_clean_cache': False, 'cmake_clean_first': False, 'cmake_force_configure': False, 'cmake_target': None, 'cmake_target_skip_unavailable': False, 'install_base': '/home/orangepi/scuderiaferrari/install/position_udp_bridge', 'merge_install': False, 'path': '/home/orangepi/scuderiaferrari/src/position_udp_bridge', 'symlink_install': False, 'test_result_base': None}
[1.029s] Level 5:colcon.colcon_core.verb:set package 'track_perception' build argument 'cmake_args' from command line to 'None'
[1.029s] Level 5:colcon.colcon_core.verb:set package 'track_perception' build argument 'cmake_target' from command line to 'None'
[1.029s] Level 5:colcon.colcon_core.verb:set package 'track_perception' build argument 'cmake_target_skip_unavailable' from command line to 'False'
[1.029s] Level 5:colcon.colcon_core.verb:set package 'track_perception' build argument 'cmake_clean_cache' from command line to 'False'
[1.029s] Level 5:colcon.colcon_core.verb:set package 'track_perception' build argument 'cmake_clean_first' from command line to 'False'
[1.029s] Level 5:colcon.colcon_core.verb:set package 'track_perception' build argument 'cmake_force_configure' from command line to 'False'
[1.029s] Level 5:colcon.colcon_core.verb:set package 'track_perception' build argument 'ament_cmake_args' from command line to 'None'
[1.029s] Level 5:colcon.colcon_core.verb:set package 'track_perception' build argument 'catkin_cmake_args' from command line to 'None'
[1.029s] Level 5:colcon.colcon_core.verb:set package 'track_perception' build argument 'catkin_skip_building_tests' from command line to 'False'
[1.029s] DEBUG:colcon.colcon_core.verb:Building package 'track_perception' with the following arguments: {'ament_cmake_args': None, 'build_base': '/home/orangepi/scuderiaferrari/build/track_perception', 'catkin_cmake_args': None, 'catkin_skip_building_tests': False, 'cmake_args': None, 'cmake_clean_cache': False, 'cmake_clean_first': False, 'cmake_force_configure': False, 'cmake_target': None, 'cmake_target_skip_unavailable': False, 'install_base': '/home/orangepi/scuderiaferrari/install/track_perception', 'merge_install': False, 'path': '/home/orangepi/scuderiaferrari/src/track_perception', 'symlink_install': False, 'test_result_base': None}
[1.030s] Level 5:colcon.colcon_core.verb:set package 'uwb_locator' build argument 'cmake_args' from command line to 'None'
[1.030s] Level 5:colcon.colcon_core.verb:set package 'uwb_locator' build argument 'cmake_target' from command line to 'None'
[1.030s] Level 5:colcon.colcon_core.verb:set package 'uwb_locator' build argument 'cmake_target_skip_unavailable' from command line to 'False'
[1.030s] Level 5:colcon.colcon_core.verb:set package 'uwb_locator' build argument 'cmake_clean_cache' from command line to 'False'
[1.030s] Level 5:colcon.colcon_core.verb:set package 'uwb_locator' build argument 'cmake_clean_first' from command line to 'False'
[1.030s] Level 5:colcon.colcon_core.verb:set package 'uwb_locator' build argument 'cmake_force_configure' from command line to 'False'
[1.030s] Level 5:colcon.colcon_core.verb:set package 'uwb_locator' build argument 'ament_cmake_args' from command line to 'None'
[1.030s] Level 5:colcon.colcon_core.verb:set package 'uwb_locator' build argument 'catkin_cmake_args' from command line to 'None'
[1.030s] Level 5:colcon.colcon_core.verb:set package 'uwb_locator' build argument 'catkin_skip_building_tests' from command line to 'False'
[1.030s] DEBUG:colcon.colcon_core.verb:Building package 'uwb_locator' with the following arguments: {'ament_cmake_args': None, 'build_base': '/home/orangepi/scuderiaferrari/build/uwb_locator', 'catkin_cmake_args': None, 'catkin_skip_building_tests': False, 'cmake_args': None, 'cmake_clean_cache': False, 'cmake_clean_first': False, 'cmake_force_configure': False, 'cmake_target': None, 'cmake_target_skip_unavailable': False, 'install_base': '/home/orangepi/scuderiaferrari/install/uwb_locator', 'merge_install': False, 'path': '/home/orangepi/scuderiaferrari/src/uwb_locator', 'symlink_install': False, 'test_result_base': None}
[1.030s] INFO:colcon.colcon_core.executor:Executing jobs using 'parallel' executor
[1.032s] DEBUG:colcon.colcon_parallel_executor.executor.parallel:run_until_complete
[1.033s] INFO:colcon.colcon_ros.task.ament_python.build:Building ROS package in '/home/orangepi/scuderiaferrari/src/chassis_controller' with build type 'ament_python'
[1.033s] Level 1:colcon.colcon_core.shell:create_environment_hook('chassis_controller', 'ament_prefix_path')
[1.040s] INFO:colcon.colcon_core.plugin_system:Skipping extension 'colcon_core.shell.bat': Not used on non-Windows systems
[1.041s] INFO:colcon.colcon_core.shell:Creating environment hook '/home/orangepi/scuderiaferrari/install/chassis_controller/share/chassis_controller/hook/ament_prefix_path.ps1'
[1.045s] INFO:colcon.colcon_core.shell:Creating environment descriptor '/home/orangepi/scuderiaferrari/install/chassis_controller/share/chassis_controller/hook/ament_prefix_path.dsv'
[1.051s] INFO:colcon.colcon_core.shell:Creating environment hook '/home/orangepi/scuderiaferrari/install/chassis_controller/share/chassis_controller/hook/ament_prefix_path.sh'
[1.061s] INFO:colcon.colcon_core.shell:Skip shell extension 'powershell' for command environment: Not usable outside of PowerShell
[1.062s] DEBUG:colcon.colcon_core.shell:Skip shell extension 'dsv' for command environment
[1.091s] INFO:colcon.colcon_ros.task.ament_python.build:Building ROS package in '/home/orangepi/scuderiaferrari/src/keyboard_controller' with build type 'ament_python'
[1.091s] Level 1:colcon.colcon_core.shell:create_environment_hook('keyboard_controller', 'ament_prefix_path')
[1.092s] INFO:colcon.colcon_core.shell:Creating environment hook '/home/orangepi/scuderiaferrari/install/keyboard_controller/share/keyboard_controller/hook/ament_prefix_path.ps1'
[1.098s] INFO:colcon.colcon_core.shell:Creating environment descriptor '/home/orangepi/scuderiaferrari/install/keyboard_controller/share/keyboard_controller/hook/ament_prefix_path.dsv'
[1.103s] INFO:colcon.colcon_core.shell:Creating environment hook '/home/orangepi/scuderiaferrari/install/keyboard_controller/share/keyboard_controller/hook/ament_prefix_path.sh'
[1.110s] INFO:colcon.colcon_core.shell:Skip shell extension 'powershell' for command environment: Not usable outside of PowerShell
[1.110s] DEBUG:colcon.colcon_core.shell:Skip shell extension 'dsv' for command environment
[1.118s] INFO:colcon.colcon_ros.task.ament_python.build:Building ROS package in '/home/orangepi/scuderiaferrari/src/line_follower_control' with build type 'ament_python'
[1.118s] Level 1:colcon.colcon_core.shell:create_environment_hook('line_follower_control', 'ament_prefix_path')
[1.119s] INFO:colcon.colcon_core.shell:Creating environment hook '/home/orangepi/scuderiaferrari/install/line_follower_control/share/line_follower_control/hook/ament_prefix_path.ps1'
[1.124s] INFO:colcon.colcon_core.shell:Creating environment descriptor '/home/orangepi/scuderiaferrari/install/line_follower_control/share/line_follower_control/hook/ament_prefix_path.dsv'
[1.130s] INFO:colcon.colcon_core.shell:Creating environment hook '/home/orangepi/scuderiaferrari/install/line_follower_control/share/line_follower_control/hook/ament_prefix_path.sh'
[1.135s] INFO:colcon.colcon_core.shell:Skip shell extension 'powershell' for command environment: Not usable outside of PowerShell
[1.135s] DEBUG:colcon.colcon_core.shell:Skip shell extension 'dsv' for command environment
[1.144s] INFO:colcon.colcon_ros.task.ament_python.build:Building ROS package in '/home/orangepi/scuderiaferrari/src/position_udp_bridge' with build type 'ament_python'
[1.144s] Level 1:colcon.colcon_core.shell:create_environment_hook('position_udp_bridge', 'ament_prefix_path')
[1.145s] INFO:colcon.colcon_core.shell:Creating environment hook '/home/orangepi/scuderiaferrari/install/position_udp_bridge/share/position_udp_bridge/hook/ament_prefix_path.ps1'
[1.152s] INFO:colcon.colcon_core.shell:Creating environment descriptor '/home/orangepi/scuderiaferrari/install/position_udp_bridge/share/position_udp_bridge/hook/ament_prefix_path.dsv'
[1.156s] INFO:colcon.colcon_core.shell:Creating environment hook '/home/orangepi/scuderiaferrari/install/position_udp_bridge/share/position_udp_bridge/hook/ament_prefix_path.sh'
[1.163s] INFO:colcon.colcon_core.shell:Skip shell extension 'powershell' for command environment: Not usable outside of PowerShell
[1.163s] DEBUG:colcon.colcon_core.shell:Skip shell extension 'dsv' for command environment
[1.174s] INFO:colcon.colcon_ros.task.ament_python.build:Building ROS package in '/home/orangepi/scuderiaferrari/src/track_perception' with build type 'ament_python'
[1.174s] Level 1:colcon.colcon_core.shell:create_environment_hook('track_perception', 'ament_prefix_path')
[1.175s] INFO:colcon.colcon_core.shell:Creating environment hook '/home/orangepi/scuderiaferrari/install/track_perception/share/track_perception/hook/ament_prefix_path.ps1'
[1.180s] INFO:colcon.colcon_core.shell:Creating environment descriptor '/home/orangepi/scuderiaferrari/install/track_perception/share/track_perception/hook/ament_prefix_path.dsv'
[1.185s] INFO:colcon.colcon_core.shell:Creating environment hook '/home/orangepi/scuderiaferrari/install/track_perception/share/track_perception/hook/ament_prefix_path.sh'
[1.188s] INFO:colcon.colcon_core.shell:Skip shell extension 'powershell' for command environment: Not usable outside of PowerShell
[1.189s] DEBUG:colcon.colcon_core.shell:Skip shell extension 'dsv' for command environment
[1.202s] INFO:colcon.colcon_ros.task.ament_python.build:Building ROS package in '/home/orangepi/scuderiaferrari/src/uwb_locator' with build type 'ament_python'
[1.203s] Level 1:colcon.colcon_core.shell:create_environment_hook('uwb_locator', 'ament_prefix_path')
[1.203s] INFO:colcon.colcon_core.shell:Creating environment hook '/home/orangepi/scuderiaferrari/install/uwb_locator/share/uwb_locator/hook/ament_prefix_path.ps1'
[1.207s] INFO:colcon.colcon_core.shell:Creating environment descriptor '/home/orangepi/scuderiaferrari/install/uwb_locator/share/uwb_locator/hook/ament_prefix_path.dsv'
[1.210s] INFO:colcon.colcon_core.shell:Creating environment hook '/home/orangepi/scuderiaferrari/install/uwb_locator/share/uwb_locator/hook/ament_prefix_path.sh'
[1.215s] INFO:colcon.colcon_core.shell:Skip shell extension 'powershell' for command environment: Not usable outside of PowerShell
[1.216s] DEBUG:colcon.colcon_core.shell:Skip shell extension 'dsv' for command environment
[1.674s] INFO:colcon.colcon_core.task.python.build:Building Python package in '/home/orangepi/scuderiaferrari/src/chassis_controller'
[1.674s] INFO:colcon.colcon_core.shell:Skip shell extension 'powershell' for command environment: Not usable outside of PowerShell
[1.674s] DEBUG:colcon.colcon_core.shell:Skip shell extension 'dsv' for command environment
[2.183s] INFO:colcon.colcon_core.task.python.build:Building Python package in '/home/orangepi/scuderiaferrari/src/keyboard_controller'
[2.184s] INFO:colcon.colcon_core.shell:Skip shell extension 'powershell' for command environment: Not usable outside of PowerShell
[2.184s] DEBUG:colcon.colcon_core.shell:Skip shell extension 'dsv' for command environment
[2.651s] INFO:colcon.colcon_core.task.python.build:Building Python package in '/home/orangepi/scuderiaferrari/src/line_follower_control'
[2.651s] INFO:colcon.colcon_core.shell:Skip shell extension 'powershell' for command environment: Not usable outside of PowerShell
[2.651s] DEBUG:colcon.colcon_core.shell:Skip shell extension 'dsv' for command environment
[3.101s] INFO:colcon.colcon_core.task.python.build:Building Python package in '/home/orangepi/scuderiaferrari/src/position_udp_bridge'
[3.102s] INFO:colcon.colcon_core.shell:Skip shell extension 'powershell' for command environment: Not usable outside of PowerShell
[3.102s] DEBUG:colcon.colcon_core.shell:Skip shell extension 'dsv' for command environment
[3.556s] INFO:colcon.colcon_core.task.python.build:Building Python package in '/home/orangepi/scuderiaferrari/src/track_perception'
[3.557s] INFO:colcon.colcon_core.shell:Skip shell extension 'powershell' for command environment: Not usable outside of PowerShell
[3.557s] DEBUG:colcon.colcon_core.shell:Skip shell extension 'dsv' for command environment
[4.037s] INFO:colcon.colcon_core.task.python.build:Building Python package in '/home/orangepi/scuderiaferrari/src/uwb_locator'
[4.039s] INFO:colcon.colcon_core.shell:Skip shell extension 'powershell' for command environment: Not usable outside of PowerShell
[4.039s] DEBUG:colcon.colcon_core.shell:Skip shell extension 'dsv' for command environment
[5.450s] DEBUG:colcon.colcon_core.event_handler.log_command:Invoking command in '/home/orangepi/scuderiaferrari/src/track_perception': PYTHONPATH=/home/orangepi/scuderiaferrari/build/track_perception/prefix_override:/usr/lib/python3/dist-packages/colcon_core/task/python/colcon_distutils_commands:/home/orangepi/scuderiaferrari/install/track_perception/lib/python3.10/site-packages:${PYTHONPATH} /usr/bin/python3 -W ignore:setup.py install is deprecated -W ignore:easy_install command is deprecated setup.py egg_info --egg-base ../../build/track_perception build --build-base /home/orangepi/scuderiaferrari/build/track_perception/build install --record /home/orangepi/scuderiaferrari/build/track_perception/install.log --single-version-externally-managed install_data
[5.680s] DEBUG:colcon.colcon_core.event_handler.log_command:Invoking command in '/home/orangepi/scuderiaferrari/src/line_follower_control': PYTHONPATH=/home/orangepi/scuderiaferrari/build/line_follower_control/prefix_override:/usr/lib/python3/dist-packages/colcon_core/task/python/colcon_distutils_commands:/home/orangepi/scuderiaferrari/install/line_follower_control/lib/python3.10/site-packages:${PYTHONPATH} /usr/bin/python3 -W ignore:setup.py install is deprecated -W ignore:easy_install command is deprecated setup.py egg_info --egg-base ../../build/line_follower_control build --build-base /home/orangepi/scuderiaferrari/build/line_follower_control/build install --record /home/orangepi/scuderiaferrari/build/line_follower_control/install.log --single-version-externally-managed install_data
[5.737s] DEBUG:colcon.colcon_core.event_handler.log_command:Invoking command in '/home/orangepi/scuderiaferrari/src/chassis_controller': PYTHONPATH=/home/orangepi/scuderiaferrari/build/chassis_controller/prefix_override:/usr/lib/python3/dist-packages/colcon_core/task/python/colcon_distutils_commands:/home/orangepi/scuderiaferrari/install/chassis_controller/lib/python3.10/site-packages:${PYTHONPATH} /usr/bin/python3 -W ignore:setup.py install is deprecated -W ignore:easy_install command is deprecated setup.py egg_info --egg-base ../../build/chassis_controller build --build-base /home/orangepi/scuderiaferrari/build/chassis_controller/build install --record /home/orangepi/scuderiaferrari/build/chassis_controller/install.log --single-version-externally-managed install_data
[5.844s] DEBUG:colcon.colcon_core.event_handler.log_command:Invoking command in '/home/orangepi/scuderiaferrari/src/uwb_locator': PYTHONPATH=/home/orangepi/scuderiaferrari/build/uwb_locator/prefix_override:/usr/lib/python3/dist-packages/colcon_core/task/python/colcon_distutils_commands:/home/orangepi/scuderiaferrari/install/uwb_locator/lib/python3.10/site-packages:${PYTHONPATH} /usr/bin/python3 -W ignore:setup.py install is deprecated -W ignore:easy_install command is deprecated setup.py egg_info --egg-base ../../build/uwb_locator build --build-base /home/orangepi/scuderiaferrari/build/uwb_locator/build install --record /home/orangepi/scuderiaferrari/build/uwb_locator/install.log --single-version-externally-managed install_data
[6.218s] DEBUG:colcon.colcon_core.event_handler.log_command:Invoking command in '/home/orangepi/scuderiaferrari/src/keyboard_controller': PYTHONPATH=/home/orangepi/scuderiaferrari/build/keyboard_controller/prefix_override:/usr/lib/python3/dist-packages/colcon_core/task/python/colcon_distutils_commands:/home/orangepi/scuderiaferrari/install/keyboard_controller/lib/python3.10/site-packages:${PYTHONPATH} /usr/bin/python3 -W ignore:setup.py install is deprecated -W ignore:easy_install command is deprecated setup.py egg_info --egg-base ../../build/keyboard_controller build --build-base /home/orangepi/scuderiaferrari/build/keyboard_controller/build install --record /home/orangepi/scuderiaferrari/build/keyboard_controller/install.log --single-version-externally-managed install_data
[6.397s] DEBUG:colcon.colcon_core.event_handler.log_command:Invoking command in '/home/orangepi/scuderiaferrari/src/position_udp_bridge': PYTHONPATH=/home/orangepi/scuderiaferrari/build/position_udp_bridge/prefix_override:/usr/lib/python3/dist-packages/colcon_core/task/python/colcon_distutils_commands:/home/orangepi/scuderiaferrari/install/position_udp_bridge/lib/python3.10/site-packages:${PYTHONPATH} /usr/bin/python3 -W ignore:setup.py install is deprecated -W ignore:easy_install command is deprecated setup.py egg_info --egg-base ../../build/position_udp_bridge build --build-base /home/orangepi/scuderiaferrari/build/position_udp_bridge/build install --record /home/orangepi/scuderiaferrari/build/position_udp_bridge/install.log --single-version-externally-managed install_data
[7.378s] DEBUG:colcon.colcon_core.event_handler.log_command:Invoked command in '/home/orangepi/scuderiaferrari/src/track_perception' returned '0': PYTHONPATH=/home/orangepi/scuderiaferrari/build/track_perception/prefix_override:/usr/lib/python3/dist-packages/colcon_core/task/python/colcon_distutils_commands:/home/orangepi/scuderiaferrari/install/track_perception/lib/python3.10/site-packages:${PYTHONPATH} /usr/bin/python3 -W ignore:setup.py install is deprecated -W ignore:easy_install command is deprecated setup.py egg_info --egg-base ../../build/track_perception build --build-base /home/orangepi/scuderiaferrari/build/track_perception/build install --record /home/orangepi/scuderiaferrari/build/track_perception/install.log --single-version-externally-managed install_data
[7.426s] Level 1:colcon.colcon_core.environment:checking '/home/orangepi/scuderiaferrari/install/track_perception' for CMake module files
[7.430s] Level 1:colcon.colcon_core.environment:checking '/home/orangepi/scuderiaferrari/install/track_perception' for CMake config files
[7.445s] Level 1:colcon.colcon_core.environment:checking '/home/orangepi/scuderiaferrari/install/track_perception/lib'
[7.447s] Level 1:colcon.colcon_core.environment:checking '/home/orangepi/scuderiaferrari/install/track_perception/bin'
[7.448s] Level 1:colcon.colcon_core.shell:create_environment_hook('track_perception', 'path')
[7.460s] INFO:colcon.colcon_core.shell:Creating environment hook '/home/orangepi/scuderiaferrari/install/track_perception/share/track_perception/hook/path.ps1'
[7.467s] INFO:colcon.colcon_core.shell:Creating environment descriptor '/home/orangepi/scuderiaferrari/install/track_perception/share/track_perception/hook/path.dsv'
[7.485s] INFO:colcon.colcon_core.shell:Creating environment hook '/home/orangepi/scuderiaferrari/install/track_perception/share/track_perception/hook/path.sh'
[7.494s] Level 1:colcon.colcon_core.environment:checking '/home/orangepi/scuderiaferrari/install/track_perception/lib/pkgconfig/track_perception.pc'
[7.497s] Level 1:colcon.colcon_core.environment:checking '/home/orangepi/scuderiaferrari/install/track_perception/lib/python3.10/site-packages'
[7.499s] Level 1:colcon.colcon_core.shell:create_environment_hook('track_perception', 'pythonpath')
[7.499s] INFO:colcon.colcon_core.shell:Creating environment hook '/home/orangepi/scuderiaferrari/install/track_perception/share/track_perception/hook/pythonpath.ps1'
[7.502s] INFO:colcon.colcon_core.shell:Creating environment descriptor '/home/orangepi/scuderiaferrari/install/track_perception/share/track_perception/hook/pythonpath.dsv'
[7.520s] INFO:colcon.colcon_core.shell:Creating environment hook '/home/orangepi/scuderiaferrari/install/track_perception/share/track_perception/hook/pythonpath.sh'
[7.530s] Level 1:colcon.colcon_core.environment:checking '/home/orangepi/scuderiaferrari/install/track_perception/bin'
[7.531s] Level 1:colcon.colcon_core.shell:create_environment_hook('track_perception', 'pythonscriptspath')
[7.538s] INFO:colcon.colcon_core.shell:Creating environment hook '/home/orangepi/scuderiaferrari/install/track_perception/share/track_perception/hook/pythonscriptspath.ps1'
[7.553s] INFO:colcon.colcon_core.shell:Creating environment descriptor '/home/orangepi/scuderiaferrari/install/track_perception/share/track_perception/hook/pythonscriptspath.dsv'
[7.560s] INFO:colcon.colcon_core.shell:Creating environment hook '/home/orangepi/scuderiaferrari/install/track_perception/share/track_perception/hook/pythonscriptspath.sh'
[7.569s] Level 1:colcon.colcon_core.environment:create_environment_scripts_only(track_perception)
[7.570s] INFO:colcon.colcon_core.shell:Creating package script '/home/orangepi/scuderiaferrari/install/track_perception/share/track_perception/package.ps1'
[7.608s] INFO:colcon.colcon_core.shell:Creating package descriptor '/home/orangepi/scuderiaferrari/install/track_perception/share/track_perception/package.dsv'
[7.627s] INFO:colcon.colcon_core.shell:Creating package script '/home/orangepi/scuderiaferrari/install/track_perception/share/track_perception/package.sh'
[7.661s] INFO:colcon.colcon_core.shell:Creating package script '/home/orangepi/scuderiaferrari/install/track_perception/share/track_perception/package.bash'
[7.677s] INFO:colcon.colcon_core.shell:Creating package script '/home/orangepi/scuderiaferrari/install/track_perception/share/track_perception/package.zsh'
[7.694s] Level 1:colcon.colcon_core.environment:create_file_with_runtime_dependencies(/home/orangepi/scuderiaferrari/install/track_perception/share/colcon-core/packages/track_perception)
[7.738s] Level 1:colcon.colcon_core.environment:checking '/home/orangepi/scuderiaferrari/install/keyboard_controller' for CMake module files
[7.743s] DEBUG:colcon.colcon_core.event_handler.log_command:Invoked command in '/home/orangepi/scuderiaferrari/src/keyboard_controller' returned '0': PYTHONPATH=/home/orangepi/scuderiaferrari/build/keyboard_controller/prefix_override:/usr/lib/python3/dist-packages/colcon_core/task/python/colcon_distutils_commands:/home/orangepi/scuderiaferrari/install/keyboard_controller/lib/python3.10/site-packages:${PYTHONPATH} /usr/bin/python3 -W ignore:setup.py install is deprecated -W ignore:easy_install command is deprecated setup.py egg_info --egg-base ../../build/keyboard_controller build --build-base /home/orangepi/scuderiaferrari/build/keyboard_controller/build install --record /home/orangepi/scuderiaferrari/build/keyboard_controller/install.log --single-version-externally-managed install_data
[7.751s] Level 1:colcon.colcon_core.environment:checking '/home/orangepi/scuderiaferrari/install/keyboard_controller' for CMake config files
[7.756s] Level 1:colcon.colcon_core.environment:checking '/home/orangepi/scuderiaferrari/install/keyboard_controller/lib'
[7.757s] Level 1:colcon.colcon_core.environment:checking '/home/orangepi/scuderiaferrari/install/keyboard_controller/bin'
[7.759s] Level 1:colcon.colcon_core.environment:checking '/home/orangepi/scuderiaferrari/install/keyboard_controller/lib/pkgconfig/keyboard_controller.pc'
[7.762s] Level 1:colcon.colcon_core.environment:checking '/home/orangepi/scuderiaferrari/install/keyboard_controller/lib/python3.10/site-packages'
[7.763s] Level 1:colcon.colcon_core.shell:create_environment_hook('keyboard_controller', 'pythonpath')
[7.775s] INFO:colcon.colcon_core.shell:Creating environment hook '/home/orangepi/scuderiaferrari/install/keyboard_controller/share/keyboard_controller/hook/pythonpath.ps1'
[7.787s] INFO:colcon.colcon_core.shell:Creating environment descriptor '/home/orangepi/scuderiaferrari/install/keyboard_controller/share/keyboard_controller/hook/pythonpath.dsv'
[7.801s] INFO:colcon.colcon_core.shell:Creating environment hook '/home/orangepi/scuderiaferrari/install/keyboard_controller/share/keyboard_controller/hook/pythonpath.sh'
[7.816s] Level 1:colcon.colcon_core.environment:checking '/home/orangepi/scuderiaferrari/install/keyboard_controller/bin'
[7.819s] Level 1:colcon.colcon_core.environment:create_environment_scripts_only(keyboard_controller)
[7.822s] INFO:colcon.colcon_core.shell:Creating package script '/home/orangepi/scuderiaferrari/install/keyboard_controller/share/keyboard_controller/package.ps1'
[7.836s] INFO:colcon.colcon_core.shell:Creating package descriptor '/home/orangepi/scuderiaferrari/install/keyboard_controller/share/keyboard_controller/package.dsv'
[7.841s] INFO:colcon.colcon_core.shell:Creating package script '/home/orangepi/scuderiaferrari/install/keyboard_controller/share/keyboard_controller/package.sh'
[7.846s] INFO:colcon.colcon_core.shell:Creating package script '/home/orangepi/scuderiaferrari/install/keyboard_controller/share/keyboard_controller/package.bash'
[7.853s] INFO:colcon.colcon_core.shell:Creating package script '/home/orangepi/scuderiaferrari/install/keyboard_controller/share/keyboard_controller/package.zsh'
[7.858s] Level 1:colcon.colcon_core.environment:create_file_with_runtime_dependencies(/home/orangepi/scuderiaferrari/install/keyboard_controller/share/colcon-core/packages/keyboard_controller)
[7.862s] Level 1:colcon.colcon_core.environment:checking '/home/orangepi/scuderiaferrari/install/uwb_locator' for CMake module files
[7.865s] Level 1:colcon.colcon_core.environment:checking '/home/orangepi/scuderiaferrari/install/uwb_locator' for CMake config files
[7.867s] DEBUG:colcon.colcon_core.event_handler.log_command:Invoked command in '/home/orangepi/scuderiaferrari/src/uwb_locator' returned '0': PYTHONPATH=/home/orangepi/scuderiaferrari/build/uwb_locator/prefix_override:/usr/lib/python3/dist-packages/colcon_core/task/python/colcon_distutils_commands:/home/orangepi/scuderiaferrari/install/uwb_locator/lib/python3.10/site-packages:${PYTHONPATH} /usr/bin/python3 -W ignore:setup.py install is deprecated -W ignore:easy_install command is deprecated setup.py egg_info --egg-base ../../build/uwb_locator build --build-base /home/orangepi/scuderiaferrari/build/uwb_locator/build install --record /home/orangepi/scuderiaferrari/build/uwb_locator/install.log --single-version-externally-managed install_data
[7.870s] Level 1:colcon.colcon_core.environment:checking '/home/orangepi/scuderiaferrari/install/uwb_locator/lib'
[7.871s] Level 1:colcon.colcon_core.environment:checking '/home/orangepi/scuderiaferrari/install/uwb_locator/bin'
[7.871s] Level 1:colcon.colcon_core.shell:create_environment_hook('uwb_locator', 'path')
[7.872s] INFO:colcon.colcon_core.shell:Creating environment hook '/home/orangepi/scuderiaferrari/install/uwb_locator/share/uwb_locator/hook/path.ps1'
[7.877s] INFO:colcon.colcon_core.shell:Creating environment descriptor '/home/orangepi/scuderiaferrari/install/uwb_locator/share/uwb_locator/hook/path.dsv'
[7.883s] INFO:colcon.colcon_core.shell:Creating environment hook '/home/orangepi/scuderiaferrari/install/uwb_locator/share/uwb_locator/hook/path.sh'
[7.886s] Level 1:colcon.colcon_core.environment:checking '/home/orangepi/scuderiaferrari/install/uwb_locator/lib/pkgconfig/uwb_locator.pc'
[7.887s] Level 1:colcon.colcon_core.environment:checking '/home/orangepi/scuderiaferrari/install/uwb_locator/lib/python3.10/site-packages'
[7.887s] Level 1:colcon.colcon_core.shell:create_environment_hook('uwb_locator', 'pythonpath')
[7.888s] INFO:colcon.colcon_core.shell:Creating environment hook '/home/orangepi/scuderiaferrari/install/uwb_locator/share/uwb_locator/hook/pythonpath.ps1'
[7.895s] INFO:colcon.colcon_core.shell:Creating environment descriptor '/home/orangepi/scuderiaferrari/install/uwb_locator/share/uwb_locator/hook/pythonpath.dsv'
[7.899s] INFO:colcon.colcon_core.shell:Creating environment hook '/home/orangepi/scuderiaferrari/install/uwb_locator/share/uwb_locator/hook/pythonpath.sh'
[7.907s] Level 1:colcon.colcon_core.environment:checking '/home/orangepi/scuderiaferrari/install/uwb_locator/bin'
[7.907s] Level 1:colcon.colcon_core.shell:create_environment_hook('uwb_locator', 'pythonscriptspath')
[7.908s] INFO:colcon.colcon_core.shell:Creating environment hook '/home/orangepi/scuderiaferrari/install/uwb_locator/share/uwb_locator/hook/pythonscriptspath.ps1'
[7.912s] INFO:colcon.colcon_core.shell:Creating environment descriptor '/home/orangepi/scuderiaferrari/install/uwb_locator/share/uwb_locator/hook/pythonscriptspath.dsv'
[7.917s] INFO:colcon.colcon_core.shell:Creating environment hook '/home/orangepi/scuderiaferrari/install/uwb_locator/share/uwb_locator/hook/pythonscriptspath.sh'
[7.922s] Level 1:colcon.colcon_core.environment:create_environment_scripts_only(uwb_locator)
[7.923s] INFO:colcon.colcon_core.shell:Creating package script '/home/orangepi/scuderiaferrari/install/uwb_locator/share/uwb_locator/package.ps1'
[7.926s] INFO:colcon.colcon_core.shell:Creating package descriptor '/home/orangepi/scuderiaferrari/install/uwb_locator/share/uwb_locator/package.dsv'
[7.934s] INFO:colcon.colcon_core.shell:Creating package script '/home/orangepi/scuderiaferrari/install/uwb_locator/share/uwb_locator/package.sh'
[7.941s] INFO:colcon.colcon_core.shell:Creating package script '/home/orangepi/scuderiaferrari/install/uwb_locator/share/uwb_locator/package.bash'
[7.948s] INFO:colcon.colcon_core.shell:Creating package script '/home/orangepi/scuderiaferrari/install/uwb_locator/share/uwb_locator/package.zsh'
[7.954s] Level 1:colcon.colcon_core.environment:create_file_with_runtime_dependencies(/home/orangepi/scuderiaferrari/install/uwb_locator/share/colcon-core/packages/uwb_locator)
[7.959s] Level 1:colcon.colcon_core.environment:checking '/home/orangepi/scuderiaferrari/install/chassis_controller' for CMake module files
[7.960s] Level 1:colcon.colcon_core.environment:checking '/home/orangepi/scuderiaferrari/install/chassis_controller' for CMake config files
[7.961s] Level 1:colcon.colcon_core.environment:checking '/home/orangepi/scuderiaferrari/install/chassis_controller/lib'
[7.962s] DEBUG:colcon.colcon_core.event_handler.log_command:Invoked command in '/home/orangepi/scuderiaferrari/src/chassis_controller' returned '0': PYTHONPATH=/home/orangepi/scuderiaferrari/build/chassis_controller/prefix_override:/usr/lib/python3/dist-packages/colcon_core/task/python/colcon_distutils_commands:/home/orangepi/scuderiaferrari/install/chassis_controller/lib/python3.10/site-packages:${PYTHONPATH} /usr/bin/python3 -W ignore:setup.py install is deprecated -W ignore:easy_install command is deprecated setup.py egg_info --egg-base ../../build/chassis_controller build --build-base /home/orangepi/scuderiaferrari/build/chassis_controller/build install --record /home/orangepi/scuderiaferrari/build/chassis_controller/install.log --single-version-externally-managed install_data
[7.963s] Level 1:colcon.colcon_core.environment:checking '/home/orangepi/scuderiaferrari/install/chassis_controller/bin'
[7.963s] Level 1:colcon.colcon_core.environment:checking '/home/orangepi/scuderiaferrari/install/chassis_controller/lib/pkgconfig/chassis_controller.pc'
[7.964s] Level 1:colcon.colcon_core.environment:checking '/home/orangepi/scuderiaferrari/install/chassis_controller/lib/python3.10/site-packages'
[7.964s] Level 1:colcon.colcon_core.shell:create_environment_hook('chassis_controller', 'pythonpath')
[7.965s] INFO:colcon.colcon_core.shell:Creating environment hook '/home/orangepi/scuderiaferrari/install/chassis_controller/share/chassis_controller/hook/pythonpath.ps1'
[7.971s] INFO:colcon.colcon_core.shell:Creating environment descriptor '/home/orangepi/scuderiaferrari/install/chassis_controller/share/chassis_controller/hook/pythonpath.dsv'
[7.975s] INFO:colcon.colcon_core.shell:Creating environment hook '/home/orangepi/scuderiaferrari/install/chassis_controller/share/chassis_controller/hook/pythonpath.sh'
[7.982s] Level 1:colcon.colcon_core.environment:checking '/home/orangepi/scuderiaferrari/install/chassis_controller/bin'
[7.983s] Level 1:colcon.colcon_core.environment:create_environment_scripts_only(chassis_controller)
[7.984s] INFO:colcon.colcon_core.shell:Creating package script '/home/orangepi/scuderiaferrari/install/chassis_controller/share/chassis_controller/package.ps1'
[7.989s] INFO:colcon.colcon_core.shell:Creating package descriptor '/home/orangepi/scuderiaferrari/install/chassis_controller/share/chassis_controller/package.dsv'
[7.993s] INFO:colcon.colcon_core.shell:Creating package script '/home/orangepi/scuderiaferrari/install/chassis_controller/share/chassis_controller/package.sh'
[7.996s] INFO:colcon.colcon_core.shell:Creating package script '/home/orangepi/scuderiaferrari/install/chassis_controller/share/chassis_controller/package.bash'
[8.001s] INFO:colcon.colcon_core.shell:Creating package script '/home/orangepi/scuderiaferrari/install/chassis_controller/share/chassis_controller/package.zsh'
[8.004s] Level 1:colcon.colcon_core.environment:create_file_with_runtime_dependencies(/home/orangepi/scuderiaferrari/install/chassis_controller/share/colcon-core/packages/chassis_controller)
[8.023s] Level 1:colcon.colcon_core.environment:checking '/home/orangepi/scuderiaferrari/install/line_follower_control' for CMake module files
[8.029s] DEBUG:colcon.colcon_core.event_handler.log_command:Invoked command in '/home/orangepi/scuderiaferrari/src/line_follower_control' returned '0': PYTHONPATH=/home/orangepi/scuderiaferrari/build/line_follower_control/prefix_override:/usr/lib/python3/dist-packages/colcon_core/task/python/colcon_distutils_commands:/home/orangepi/scuderiaferrari/install/line_follower_control/lib/python3.10/site-packages:${PYTHONPATH} /usr/bin/python3 -W ignore:setup.py install is deprecated -W ignore:easy_install command is deprecated setup.py egg_info --egg-base ../../build/line_follower_control build --build-base /home/orangepi/scuderiaferrari/build/line_follower_control/build install --record /home/orangepi/scuderiaferrari/build/line_follower_control/install.log --single-version-externally-managed install_data
[8.030s] Level 1:colcon.colcon_core.environment:checking '/home/orangepi/scuderiaferrari/install/line_follower_control' for CMake config files
[8.031s] Level 1:colcon.colcon_core.environment:checking '/home/orangepi/scuderiaferrari/install/line_follower_control/lib'
[8.031s] Level 1:colcon.colcon_core.environment:checking '/home/orangepi/scuderiaferrari/install/line_follower_control/bin'
[8.031s] Level 1:colcon.colcon_core.environment:checking '/home/orangepi/scuderiaferrari/install/line_follower_control/lib/pkgconfig/line_follower_control.pc'
[8.031s] Level 1:colcon.colcon_core.environment:checking '/home/orangepi/scuderiaferrari/install/line_follower_control/lib/python3.10/site-packages'
[8.031s] Level 1:colcon.colcon_core.shell:create_environment_hook('line_follower_control', 'pythonpath')
[8.032s] INFO:colcon.colcon_core.shell:Creating environment hook '/home/orangepi/scuderiaferrari/install/line_follower_control/share/line_follower_control/hook/pythonpath.ps1'
[8.038s] INFO:colcon.colcon_core.shell:Creating environment descriptor '/home/orangepi/scuderiaferrari/install/line_follower_control/share/line_follower_control/hook/pythonpath.dsv'
[8.044s] INFO:colcon.colcon_core.shell:Creating environment hook '/home/orangepi/scuderiaferrari/install/line_follower_control/share/line_follower_control/hook/pythonpath.sh'
[8.056s] Level 1:colcon.colcon_core.environment:checking '/home/orangepi/scuderiaferrari/install/line_follower_control/bin'
[8.056s] Level 1:colcon.colcon_core.environment:create_environment_scripts_only(line_follower_control)
[8.060s] INFO:colcon.colcon_core.shell:Creating package script '/home/orangepi/scuderiaferrari/install/line_follower_control/share/line_follower_control/package.ps1'
[8.068s] INFO:colcon.colcon_core.shell:Creating package descriptor '/home/orangepi/scuderiaferrari/install/line_follower_control/share/line_follower_control/package.dsv'
[8.075s] INFO:colcon.colcon_core.shell:Creating package script '/home/orangepi/scuderiaferrari/install/line_follower_control/share/line_follower_control/package.sh'
[8.078s] INFO:colcon.colcon_core.shell:Creating package script '/home/orangepi/scuderiaferrari/install/line_follower_control/share/line_follower_control/package.bash'
[8.082s] INFO:colcon.colcon_core.shell:Creating package script '/home/orangepi/scuderiaferrari/install/line_follower_control/share/line_follower_control/package.zsh'
[8.087s] Level 1:colcon.colcon_core.environment:create_file_with_runtime_dependencies(/home/orangepi/scuderiaferrari/install/line_follower_control/share/colcon-core/packages/line_follower_control)
[8.092s] Level 1:colcon.colcon_core.environment:checking '/home/orangepi/scuderiaferrari/install/position_udp_bridge' for CMake module files
[8.093s] Level 1:colcon.colcon_core.environment:checking '/home/orangepi/scuderiaferrari/install/position_udp_bridge' for CMake config files
[8.094s] Level 1:colcon.colcon_core.environment:checking '/home/orangepi/scuderiaferrari/install/position_udp_bridge/lib'
[8.094s] Level 1:colcon.colcon_core.environment:checking '/home/orangepi/scuderiaferrari/install/position_udp_bridge/bin'
[8.094s] Level 1:colcon.colcon_core.environment:checking '/home/orangepi/scuderiaferrari/install/position_udp_bridge/lib/pkgconfig/position_udp_bridge.pc'
[8.094s] Level 1:colcon.colcon_core.environment:checking '/home/orangepi/scuderiaferrari/install/position_udp_bridge/lib/python3.10/site-packages'
[8.094s] Level 1:colcon.colcon_core.shell:create_environment_hook('position_udp_bridge', 'pythonpath')
[8.095s] INFO:colcon.colcon_core.shell:Creating environment hook '/home/orangepi/scuderiaferrari/install/position_udp_bridge/share/position_udp_bridge/hook/pythonpath.ps1'
[8.096s] DEBUG:colcon.colcon_core.event_handler.log_command:Invoked command in '/home/orangepi/scuderiaferrari/src/position_udp_bridge' returned '0': PYTHONPATH=/home/orangepi/scuderiaferrari/build/position_udp_bridge/prefix_override:/usr/lib/python3/dist-packages/colcon_core/task/python/colcon_distutils_commands:/home/orangepi/scuderiaferrari/install/position_udp_bridge/lib/python3.10/site-packages:${PYTHONPATH} /usr/bin/python3 -W ignore:setup.py install is deprecated -W ignore:easy_install command is deprecated setup.py egg_info --egg-base ../../build/position_udp_bridge build --build-base /home/orangepi/scuderiaferrari/build/position_udp_bridge/build install --record /home/orangepi/scuderiaferrari/build/position_udp_bridge/install.log --single-version-externally-managed install_data
[8.099s] INFO:colcon.colcon_core.shell:Creating environment descriptor '/home/orangepi/scuderiaferrari/install/position_udp_bridge/share/position_udp_bridge/hook/pythonpath.dsv'
[8.102s] INFO:colcon.colcon_core.shell:Creating environment hook '/home/orangepi/scuderiaferrari/install/position_udp_bridge/share/position_udp_bridge/hook/pythonpath.sh'
[8.106s] Level 1:colcon.colcon_core.environment:checking '/home/orangepi/scuderiaferrari/install/position_udp_bridge/bin'
[8.106s] Level 1:colcon.colcon_core.environment:create_environment_scripts_only(position_udp_bridge)
[8.107s] INFO:colcon.colcon_core.shell:Creating package script '/home/orangepi/scuderiaferrari/install/position_udp_bridge/share/position_udp_bridge/package.ps1'
[8.111s] INFO:colcon.colcon_core.shell:Creating package descriptor '/home/orangepi/scuderiaferrari/install/position_udp_bridge/share/position_udp_bridge/package.dsv'
[8.114s] INFO:colcon.colcon_core.shell:Creating package script '/home/orangepi/scuderiaferrari/install/position_udp_bridge/share/position_udp_bridge/package.sh'
[8.121s] INFO:colcon.colcon_core.shell:Creating package script '/home/orangepi/scuderiaferrari/install/position_udp_bridge/share/position_udp_bridge/package.bash'
[8.125s] INFO:colcon.colcon_core.shell:Creating package script '/home/orangepi/scuderiaferrari/install/position_udp_bridge/share/position_udp_bridge/package.zsh'
[8.130s] Level 1:colcon.colcon_core.environment:create_file_with_runtime_dependencies(/home/orangepi/scuderiaferrari/install/position_udp_bridge/share/colcon-core/packages/position_udp_bridge)
[8.134s] DEBUG:colcon.colcon_parallel_executor.executor.parallel:closing loop
[8.135s] DEBUG:colcon.colcon_parallel_executor.executor.parallel:loop closed
[8.135s] DEBUG:colcon.colcon_parallel_executor.executor.parallel:run_until_complete finished with '0'
[8.135s] DEBUG:colcon.colcon_core.event_reactor:joining thread
[8.150s] INFO:colcon.colcon_core.plugin_system:Skipping extension 'colcon_notification.desktop_notification.terminal_notifier': Not used on non-Darwin systems
[8.150s] INFO:colcon.colcon_core.plugin_system:Skipping extension 'colcon_notification.desktop_notification.win32': Not used on non-Windows systems
[8.150s] INFO:colcon.colcon_notification.desktop_notification:Sending desktop notification using 'notify2'
[8.166s] DEBUG:colcon.colcon_core.event_reactor:joined thread
[8.167s] INFO:colcon.colcon_core.shell:Creating prefix script '/home/orangepi/scuderiaferrari/install/local_setup.ps1'
[8.172s] INFO:colcon.colcon_core.shell:Creating prefix util module '/home/orangepi/scuderiaferrari/install/_local_setup_util_ps1.py'
[8.185s] INFO:colcon.colcon_core.shell:Creating prefix chain script '/home/orangepi/scuderiaferrari/install/setup.ps1'
[8.193s] INFO:colcon.colcon_core.shell:Creating prefix script '/home/orangepi/scuderiaferrari/install/local_setup.sh'
[8.198s] INFO:colcon.colcon_core.shell:Creating prefix util module '/home/orangepi/scuderiaferrari/install/_local_setup_util_sh.py'
[8.204s] INFO:colcon.colcon_core.shell:Creating prefix chain script '/home/orangepi/scuderiaferrari/install/setup.sh'
[8.210s] INFO:colcon.colcon_core.shell:Creating prefix script '/home/orangepi/scuderiaferrari/install/local_setup.bash'
[8.221s] INFO:colcon.colcon_core.shell:Creating prefix chain script '/home/orangepi/scuderiaferrari/install/setup.bash'
[8.228s] INFO:colcon.colcon_core.shell:Creating prefix script '/home/orangepi/scuderiaferrari/install/local_setup.zsh'
[8.237s] INFO:colcon.colcon_core.shell:Creating prefix chain script '/home/orangepi/scuderiaferrari/install/setup.zsh'
