[3.589s] Invoking command in '/home/orangepi/scuderiaferrari/src/track_perception': PYTHONPATH=/home/orangepi/scuderiaferrari/build/track_perception/prefix_override:/usr/lib/python3/dist-packages/colcon_core/task/python/colcon_distutils_commands:/home/orangepi/scuderiaferrari/install/track_perception/lib/python3.10/site-packages:${PYTHONPATH} /usr/bin/python3 -W ignore:setup.py install is deprecated -W ignore:easy_install command is deprecated setup.py egg_info --egg-base ../../build/track_perception build --build-base /home/orangepi/scuderiaferrari/build/track_perception/build install --record /home/orangepi/scuderiaferrari/build/track_perception/install.log --single-version-externally-managed install_data
[3.931s] running egg_info
[3.933s] writing ../../build/track_perception/track_perception.egg-info/PKG-INFO
[3.965s] writing dependency_links to ../../build/track_perception/track_perception.egg-info/dependency_links.txt
[4.075s] writing entry points to ../../build/track_perception/track_perception.egg-info/entry_points.txt
[4.103s] writing requirements to ../../build/track_perception/track_perception.egg-info/requires.txt
[4.118s] writing top-level names to ../../build/track_perception/track_perception.egg-info/top_level.txt
[4.132s] reading manifest file '../../build/track_perception/track_perception.egg-info/SOURCES.txt'
[4.139s] writing manifest file '../../build/track_perception/track_perception.egg-info/SOURCES.txt'
[4.142s] running build
[4.142s] running build_py
[4.143s] running install
[4.144s] running install_lib
[4.147s] running install_data
[4.148s] running install_egg_info
[4.149s] removing '/home/orangepi/scuderiaferrari/install/track_perception/lib/python3.10/site-packages/track_perception-2.0.0-py3.10.egg-info' (and everything under it)
[4.154s] Copying ../../build/track_perception/track_perception.egg-info to /home/orangepi/scuderiaferrari/install/track_perception/lib/python3.10/site-packages/track_perception-2.0.0-py3.10.egg-info
[4.156s] running install_scripts
[4.187s] Installing object_detection_node script to /home/orangepi/scuderiaferrari/install/track_perception/bin
[4.194s] Installing perception_decision_node script to /home/orangepi/scuderiaferrari/install/track_perception/bin
[4.218s] writing list of installed files to '/home/orangepi/scuderiaferrari/build/track_perception/install.log'
[4.414s] Invoked command in '/home/orangepi/scuderiaferrari/src/track_perception' returned '0': PYTHONPATH=/home/orangepi/scuderiaferrari/build/track_perception/prefix_override:/usr/lib/python3/dist-packages/colcon_core/task/python/colcon_distutils_commands:/home/orangepi/scuderiaferrari/install/track_perception/lib/python3.10/site-packages:${PYTHONPATH} /usr/bin/python3 -W ignore:setup.py install is deprecated -W ignore:easy_install command is deprecated setup.py egg_info --egg-base ../../build/track_perception build --build-base /home/orangepi/scuderiaferrari/build/track_perception/build install --record /home/orangepi/scuderiaferrari/build/track_perception/install.log --single-version-externally-managed install_data
