[7.078s] Invoking command in '/home/orangepi/scuderiaferrari/src/position_udp_bridge': PYTHONPATH=/home/orangepi/scuderiaferrari/build/position_udp_bridge/prefix_override:/usr/lib/python3/dist-packages/colcon_core/task/python/colcon_distutils_commands:/home/orangepi/scuderiaferrari/install/position_udp_bridge/lib/python3.10/site-packages:${PYTHONPATH} /usr/bin/python3 -W ignore:setup.py install is deprecated -W ignore:easy_install command is deprecated setup.py egg_info --egg-base ../../build/position_udp_bridge build --build-base /home/orangepi/scuderiaferrari/build/position_udp_bridge/build install --record /home/orangepi/scuderiaferrari/build/position_udp_bridge/install.log --single-version-externally-managed install_data
[8.714s] running egg_info
[8.720s] writing ../../build/position_udp_bridge/position_udp_bridge.egg-info/PKG-INFO
[8.720s] writing dependency_links to ../../build/position_udp_bridge/position_udp_bridge.egg-info/dependency_links.txt
[8.891s] writing entry points to ../../build/position_udp_bridge/position_udp_bridge.egg-info/entry_points.txt
[9.021s] writing requirements to ../../build/position_udp_bridge/position_udp_bridge.egg-info/requires.txt
[9.110s] writing top-level names to ../../build/position_udp_bridge/position_udp_bridge.egg-info/top_level.txt
[9.137s] reading manifest file '../../build/position_udp_bridge/position_udp_bridge.egg-info/SOURCES.txt'
[9.139s] writing manifest file '../../build/position_udp_bridge/position_udp_bridge.egg-info/SOURCES.txt'
[9.150s] running build
[9.151s] running build_py
[9.165s] running install
[9.165s] running install_lib
[9.181s] running install_data
[9.181s] running install_egg_info
[9.222s] removing '/home/orangepi/scuderiaferrari/install/position_udp_bridge/lib/python3.10/site-packages/position_udp_bridge-1.0.0-py3.10.egg-info' (and everything under it)
[9.290s] Copying ../../build/position_udp_bridge/position_udp_bridge.egg-info to /home/orangepi/scuderiaferrari/install/position_udp_bridge/lib/python3.10/site-packages/position_udp_bridge-1.0.0-py3.10.egg-info
[9.302s] running install_scripts
[9.303s] Installing udp_sender_node script to /home/orangepi/scuderiaferrari/install/position_udp_bridge/lib/position_udp_bridge
[9.354s] writing list of installed files to '/home/orangepi/scuderiaferrari/build/position_udp_bridge/install.log'
[9.740s] Invoked command in '/home/orangepi/scuderiaferrari/src/position_udp_bridge' returned '0': PYTHONPATH=/home/orangepi/scuderiaferrari/build/position_udp_bridge/prefix_override:/usr/lib/python3/dist-packages/colcon_core/task/python/colcon_distutils_commands:/home/orangepi/scuderiaferrari/install/position_udp_bridge/lib/python3.10/site-packages:${PYTHONPATH} /usr/bin/python3 -W ignore:setup.py install is deprecated -W ignore:easy_install command is deprecated setup.py egg_info --egg-base ../../build/position_udp_bridge build --build-base /home/orangepi/scuderiaferrari/build/position_udp_bridge/build install --record /home/orangepi/scuderiaferrari/build/position_udp_bridge/install.log --single-version-externally-managed install_data
