[1.715s] Invoking command in '/home/orangepi/scuderiaferrari/src/track_perception': PYTHONPATH=/home/orangepi/scuderiaferrari/build/track_perception/prefix_override:/usr/lib/python3/dist-packages/colcon_core/task/python/colcon_distutils_commands:/home/orangepi/scuderiaferrari/install/track_perception/lib/python3.10/site-packages:${PYTHONPATH} /usr/bin/python3 -W ignore:setup.py install is deprecated -W ignore:easy_install command is deprecated setup.py egg_info --egg-base ../../build/track_perception build --build-base /home/orangepi/scuderiaferrari/build/track_perception/build install --record /home/orangepi/scuderiaferrari/build/track_perception/install.log --single-version-externally-managed install_data
[2.199s] running egg_info
[2.203s] writing ../../build/track_perception/track_perception.egg-info/PKG-INFO
[2.208s] writing dependency_links to ../../build/track_perception/track_perception.egg-info/dependency_links.txt
[2.214s] writing entry points to ../../build/track_perception/track_perception.egg-info/entry_points.txt
[2.221s] writing requirements to ../../build/track_perception/track_perception.egg-info/requires.txt
[2.235s] writing top-level names to ../../build/track_perception/track_perception.egg-info/top_level.txt
[2.252s] reading manifest file '../../build/track_perception/track_perception.egg-info/SOURCES.txt'
[2.253s] writing manifest file '../../build/track_perception/track_perception.egg-info/SOURCES.txt'
[2.258s] running build
[2.258s] running build_py
[2.259s] copying track_perception/perception_decision_node.py -> /home/orangepi/scuderiaferrari/build/track_perception/build/lib/track_perception
[2.269s] running install
[2.271s] running install_lib
[2.276s] copying /home/orangepi/scuderiaferrari/build/track_perception/build/lib/track_perception/perception_decision_node.py -> /home/orangepi/scuderiaferrari/install/track_perception/lib/python3.10/site-packages/track_perception
[2.286s] byte-compiling /home/orangepi/scuderiaferrari/install/track_perception/lib/python3.10/site-packages/track_perception/perception_decision_node.py to perception_decision_node.cpython-310.pyc
[2.326s] running install_data
[2.328s] copying config/intersection_params.yaml -> /home/orangepi/scuderiaferrari/install/track_perception/share/track_perception/config
[2.347s] running install_egg_info
[2.352s] removing '/home/orangepi/scuderiaferrari/install/track_perception/lib/python3.10/site-packages/track_perception-2.0.0-py3.10.egg-info' (and everything under it)
[2.379s] Copying ../../build/track_perception/track_perception.egg-info to /home/orangepi/scuderiaferrari/install/track_perception/lib/python3.10/site-packages/track_perception-2.0.0-py3.10.egg-info
[2.381s] running install_scripts
[2.434s] Installing object_detection_node script to /home/orangepi/scuderiaferrari/install/track_perception/lib/track_perception
[2.442s] Installing perception_decision_node script to /home/orangepi/scuderiaferrari/install/track_perception/lib/track_perception
[2.451s] writing list of installed files to '/home/orangepi/scuderiaferrari/build/track_perception/install.log'
[2.580s] Invoked command in '/home/orangepi/scuderiaferrari/src/track_perception' returned '0': PYTHONPATH=/home/orangepi/scuderiaferrari/build/track_perception/prefix_override:/usr/lib/python3/dist-packages/colcon_core/task/python/colcon_distutils_commands:/home/orangepi/scuderiaferrari/install/track_perception/lib/python3.10/site-packages:${PYTHONPATH} /usr/bin/python3 -W ignore:setup.py install is deprecated -W ignore:easy_install command is deprecated setup.py egg_info --egg-base ../../build/track_perception build --build-base /home/orangepi/scuderiaferrari/build/track_perception/build install --record /home/orangepi/scuderiaferrari/build/track_perception/install.log --single-version-externally-managed install_data
