[0.181s] DEBUG:colcon:Command line arguments: ['/usr/bin/colcon', 'build', '--packages-select', 'line_follower_control']
[0.181s] DEBUG:colcon:Parsed command line arguments: Namespace(log_base=None, log_level=None, verb_name='build', build_base='build', install_base='install', merge_install=False, symlink_install=False, test_result_base=None, continue_on_error=False, executor='parallel', parallel_workers=8, event_handlers=None, ignore_user_meta=False, metas=['./colcon.meta'], base_paths=['.'], packages_ignore=None, packages_ignore_regex=None, paths=None, packages_up_to=None, packages_up_to_regex=None, packages_above=None, packages_above_and_dependencies=None, packages_above_depth=None, packages_select_by_dep=None, packages_skip_by_dep=None, packages_skip_up_to=None, packages_select_build_failed=False, packages_skip_build_finished=False, packages_select_test_failures=False, packages_skip_test_passed=False, packages_select=['line_follower_control'], packages_skip=None, packages_select_regex=None, packages_skip_regex=None, packages_start=None, packages_end=None, cmake_args=None, cmake_target=None, cmake_target_skip_unavailable=False, cmake_clean_cache=False, cmake_clean_first=False, cmake_force_configure=False, ament_cmake_args=None, catkin_cmake_args=None, catkin_skip_building_tests=False, verb_parser=<colcon_defaults.argument_parser.defaults.DefaultArgumentsDecorator object at 0x7f8c10e230>, verb_extension=<colcon_core.verb.build.BuildVerb object at 0x7f8c2bb790>, main=<bound method BuildVerb.main of <colcon_core.verb.build.BuildVerb object at 0x7f8c2bb790>>)
[0.434s] Level 1:colcon.colcon_core.package_discovery:discover_packages(colcon_meta) check parameters
[0.434s] Level 1:colcon.colcon_core.package_discovery:discover_packages(recursive) check parameters
[0.434s] Level 1:colcon.colcon_core.package_discovery:discover_packages(ignore) check parameters
[0.434s] Level 1:colcon.colcon_core.package_discovery:discover_packages(path) check parameters
[0.434s] Level 1:colcon.colcon_core.package_discovery:discover_packages(colcon_meta) discover
[0.435s] Level 1:colcon.colcon_core.package_discovery:discover_packages(recursive) discover
[0.435s] INFO:colcon.colcon_core.package_discovery:Crawling recursively for packages in '/home/orangepi/scuderiaferrari'
[0.435s] Level 1:colcon.colcon_core.package_identification:_identify(.) by extensions ['ignore', 'ignore_ament_install']
[0.436s] Level 1:colcon.colcon_core.package_identification:_identify(.) by extension 'ignore'
[0.436s] Level 1:colcon.colcon_core.package_identification:_identify(.) by extension 'ignore_ament_install'
[0.436s] Level 1:colcon.colcon_core.package_identification:_identify(.) by extensions ['colcon_pkg']
[0.436s] Level 1:colcon.colcon_core.package_identification:_identify(.) by extension 'colcon_pkg'
[0.436s] Level 1:colcon.colcon_core.package_identification:_identify(.) by extensions ['colcon_meta']
[0.437s] Level 1:colcon.colcon_core.package_identification:_identify(.) by extension 'colcon_meta'
[0.437s] Level 1:colcon.colcon_core.package_identification:_identify(.) by extensions ['ros']
[0.437s] Level 1:colcon.colcon_core.package_identification:_identify(.) by extension 'ros'
[0.458s] Level 1:colcon.colcon_core.package_identification:_identify(.) by extensions ['cmake', 'python']
[0.459s] Level 1:colcon.colcon_core.package_identification:_identify(.) by extension 'cmake'
[0.459s] Level 1:colcon.colcon_core.package_identification:_identify(.) by extension 'python'
[0.459s] Level 1:colcon.colcon_core.package_identification:_identify(.) by extensions ['python_setup_py']
[0.459s] Level 1:colcon.colcon_core.package_identification:_identify(.) by extension 'python_setup_py'
[0.459s] Level 1:colcon.colcon_core.package_identification:_identify(build) by extensions ['ignore', 'ignore_ament_install']
[0.459s] Level 1:colcon.colcon_core.package_identification:_identify(build) by extension 'ignore'
[0.459s] Level 1:colcon.colcon_core.package_identification:_identify(build) ignored
[0.459s] Level 1:colcon.colcon_core.package_identification:_identify(install) by extensions ['ignore', 'ignore_ament_install']
[0.460s] Level 1:colcon.colcon_core.package_identification:_identify(install) by extension 'ignore'
[0.460s] Level 1:colcon.colcon_core.package_identification:_identify(install) ignored
[0.460s] Level 1:colcon.colcon_core.package_identification:_identify(log) by extensions ['ignore', 'ignore_ament_install']
[0.460s] Level 1:colcon.colcon_core.package_identification:_identify(log) by extension 'ignore'
[0.460s] Level 1:colcon.colcon_core.package_identification:_identify(log) ignored
[0.460s] Level 1:colcon.colcon_core.package_identification:_identify(setupUI) by extensions ['ignore', 'ignore_ament_install']
[0.460s] Level 1:colcon.colcon_core.package_identification:_identify(setupUI) by extension 'ignore'
[0.460s] Level 1:colcon.colcon_core.package_identification:_identify(setupUI) by extension 'ignore_ament_install'
[0.460s] Level 1:colcon.colcon_core.package_identification:_identify(setupUI) by extensions ['colcon_pkg']
[0.460s] Level 1:colcon.colcon_core.package_identification:_identify(setupUI) by extension 'colcon_pkg'
[0.460s] Level 1:colcon.colcon_core.package_identification:_identify(setupUI) by extensions ['colcon_meta']
[0.460s] Level 1:colcon.colcon_core.package_identification:_identify(setupUI) by extension 'colcon_meta'
[0.460s] Level 1:colcon.colcon_core.package_identification:_identify(setupUI) by extensions ['ros']
[0.460s] Level 1:colcon.colcon_core.package_identification:_identify(setupUI) by extension 'ros'
[0.461s] Level 1:colcon.colcon_core.package_identification:_identify(setupUI) by extensions ['cmake', 'python']
[0.461s] Level 1:colcon.colcon_core.package_identification:_identify(setupUI) by extension 'cmake'
[0.461s] Level 1:colcon.colcon_core.package_identification:_identify(setupUI) by extension 'python'
[0.461s] Level 1:colcon.colcon_core.package_identification:_identify(setupUI) by extensions ['python_setup_py']
[0.461s] Level 1:colcon.colcon_core.package_identification:_identify(setupUI) by extension 'python_setup_py'
[0.461s] Level 1:colcon.colcon_core.package_identification:_identify(setupUI/__pycache__) by extensions ['ignore', 'ignore_ament_install']
[0.461s] Level 1:colcon.colcon_core.package_identification:_identify(setupUI/__pycache__) by extension 'ignore'
[0.461s] Level 1:colcon.colcon_core.package_identification:_identify(setupUI/__pycache__) by extension 'ignore_ament_install'
[0.461s] Level 1:colcon.colcon_core.package_identification:_identify(setupUI/__pycache__) by extensions ['colcon_pkg']
[0.461s] Level 1:colcon.colcon_core.package_identification:_identify(setupUI/__pycache__) by extension 'colcon_pkg'
[0.461s] Level 1:colcon.colcon_core.package_identification:_identify(setupUI/__pycache__) by extensions ['colcon_meta']
[0.461s] Level 1:colcon.colcon_core.package_identification:_identify(setupUI/__pycache__) by extension 'colcon_meta'
[0.461s] Level 1:colcon.colcon_core.package_identification:_identify(setupUI/__pycache__) by extensions ['ros']
[0.461s] Level 1:colcon.colcon_core.package_identification:_identify(setupUI/__pycache__) by extension 'ros'
[0.461s] Level 1:colcon.colcon_core.package_identification:_identify(setupUI/__pycache__) by extensions ['cmake', 'python']
[0.461s] Level 1:colcon.colcon_core.package_identification:_identify(setupUI/__pycache__) by extension 'cmake'
[0.461s] Level 1:colcon.colcon_core.package_identification:_identify(setupUI/__pycache__) by extension 'python'
[0.461s] Level 1:colcon.colcon_core.package_identification:_identify(setupUI/__pycache__) by extensions ['python_setup_py']
[0.461s] Level 1:colcon.colcon_core.package_identification:_identify(setupUI/__pycache__) by extension 'python_setup_py'
[0.462s] Level 1:colcon.colcon_core.package_identification:_identify(setupUI/build) by extensions ['ignore', 'ignore_ament_install']
[0.462s] Level 1:colcon.colcon_core.package_identification:_identify(setupUI/build) by extension 'ignore'
[0.462s] Level 1:colcon.colcon_core.package_identification:_identify(setupUI/build) by extension 'ignore_ament_install'
[0.462s] Level 1:colcon.colcon_core.package_identification:_identify(setupUI/build) by extensions ['colcon_pkg']
[0.462s] Level 1:colcon.colcon_core.package_identification:_identify(setupUI/build) by extension 'colcon_pkg'
[0.462s] Level 1:colcon.colcon_core.package_identification:_identify(setupUI/build) by extensions ['colcon_meta']
[0.462s] Level 1:colcon.colcon_core.package_identification:_identify(setupUI/build) by extension 'colcon_meta'
[0.462s] Level 1:colcon.colcon_core.package_identification:_identify(setupUI/build) by extensions ['ros']
[0.462s] Level 1:colcon.colcon_core.package_identification:_identify(setupUI/build) by extension 'ros'
[0.462s] Level 1:colcon.colcon_core.package_identification:_identify(setupUI/build) by extensions ['cmake', 'python']
[0.462s] Level 1:colcon.colcon_core.package_identification:_identify(setupUI/build) by extension 'cmake'
[0.462s] Level 1:colcon.colcon_core.package_identification:_identify(setupUI/build) by extension 'python'
[0.462s] Level 1:colcon.colcon_core.package_identification:_identify(setupUI/build) by extensions ['python_setup_py']
[0.462s] Level 1:colcon.colcon_core.package_identification:_identify(setupUI/build) by extension 'python_setup_py'
[0.462s] Level 1:colcon.colcon_core.package_identification:_identify(setupUI/build/setup_webui) by extensions ['ignore', 'ignore_ament_install']
[0.462s] Level 1:colcon.colcon_core.package_identification:_identify(setupUI/build/setup_webui) by extension 'ignore'
[0.463s] Level 1:colcon.colcon_core.package_identification:_identify(setupUI/build/setup_webui) by extension 'ignore_ament_install'
[0.463s] Level 1:colcon.colcon_core.package_identification:_identify(setupUI/build/setup_webui) by extensions ['colcon_pkg']
[0.463s] Level 1:colcon.colcon_core.package_identification:_identify(setupUI/build/setup_webui) by extension 'colcon_pkg'
[0.463s] Level 1:colcon.colcon_core.package_identification:_identify(setupUI/build/setup_webui) by extensions ['colcon_meta']
[0.463s] Level 1:colcon.colcon_core.package_identification:_identify(setupUI/build/setup_webui) by extension 'colcon_meta'
[0.463s] Level 1:colcon.colcon_core.package_identification:_identify(setupUI/build/setup_webui) by extensions ['ros']
[0.463s] Level 1:colcon.colcon_core.package_identification:_identify(setupUI/build/setup_webui) by extension 'ros'
[0.463s] Level 1:colcon.colcon_core.package_identification:_identify(setupUI/build/setup_webui) by extensions ['cmake', 'python']
[0.463s] Level 1:colcon.colcon_core.package_identification:_identify(setupUI/build/setup_webui) by extension 'cmake'
[0.463s] Level 1:colcon.colcon_core.package_identification:_identify(setupUI/build/setup_webui) by extension 'python'
[0.463s] Level 1:colcon.colcon_core.package_identification:_identify(setupUI/build/setup_webui) by extensions ['python_setup_py']
[0.463s] Level 1:colcon.colcon_core.package_identification:_identify(setupUI/build/setup_webui) by extension 'python_setup_py'
[0.463s] Level 1:colcon.colcon_core.package_identification:_identify(setupUI/build/setup_webui/_pyi_gschema_compilation) by extensions ['ignore', 'ignore_ament_install']
[0.463s] Level 1:colcon.colcon_core.package_identification:_identify(setupUI/build/setup_webui/_pyi_gschema_compilation) by extension 'ignore'
[0.463s] Level 1:colcon.colcon_core.package_identification:_identify(setupUI/build/setup_webui/_pyi_gschema_compilation) by extension 'ignore_ament_install'
[0.463s] Level 1:colcon.colcon_core.package_identification:_identify(setupUI/build/setup_webui/_pyi_gschema_compilation) by extensions ['colcon_pkg']
[0.463s] Level 1:colcon.colcon_core.package_identification:_identify(setupUI/build/setup_webui/_pyi_gschema_compilation) by extension 'colcon_pkg'
[0.464s] Level 1:colcon.colcon_core.package_identification:_identify(setupUI/build/setup_webui/_pyi_gschema_compilation) by extensions ['colcon_meta']
[0.464s] Level 1:colcon.colcon_core.package_identification:_identify(setupUI/build/setup_webui/_pyi_gschema_compilation) by extension 'colcon_meta'
[0.464s] Level 1:colcon.colcon_core.package_identification:_identify(setupUI/build/setup_webui/_pyi_gschema_compilation) by extensions ['ros']
[0.464s] Level 1:colcon.colcon_core.package_identification:_identify(setupUI/build/setup_webui/_pyi_gschema_compilation) by extension 'ros'
[0.464s] Level 1:colcon.colcon_core.package_identification:_identify(setupUI/build/setup_webui/_pyi_gschema_compilation) by extensions ['cmake', 'python']
[0.464s] Level 1:colcon.colcon_core.package_identification:_identify(setupUI/build/setup_webui/_pyi_gschema_compilation) by extension 'cmake'
[0.464s] Level 1:colcon.colcon_core.package_identification:_identify(setupUI/build/setup_webui/_pyi_gschema_compilation) by extension 'python'
[0.464s] Level 1:colcon.colcon_core.package_identification:_identify(setupUI/build/setup_webui/_pyi_gschema_compilation) by extensions ['python_setup_py']
[0.464s] Level 1:colcon.colcon_core.package_identification:_identify(setupUI/build/setup_webui/_pyi_gschema_compilation) by extension 'python_setup_py'
[0.464s] Level 1:colcon.colcon_core.package_identification:_identify(setupUI/build/setup_webui/localpycs) by extensions ['ignore', 'ignore_ament_install']
[0.464s] Level 1:colcon.colcon_core.package_identification:_identify(setupUI/build/setup_webui/localpycs) by extension 'ignore'
[0.464s] Level 1:colcon.colcon_core.package_identification:_identify(setupUI/build/setup_webui/localpycs) by extension 'ignore_ament_install'
[0.464s] Level 1:colcon.colcon_core.package_identification:_identify(setupUI/build/setup_webui/localpycs) by extensions ['colcon_pkg']
[0.464s] Level 1:colcon.colcon_core.package_identification:_identify(setupUI/build/setup_webui/localpycs) by extension 'colcon_pkg'
[0.464s] Level 1:colcon.colcon_core.package_identification:_identify(setupUI/build/setup_webui/localpycs) by extensions ['colcon_meta']
[0.464s] Level 1:colcon.colcon_core.package_identification:_identify(setupUI/build/setup_webui/localpycs) by extension 'colcon_meta'
[0.465s] Level 1:colcon.colcon_core.package_identification:_identify(setupUI/build/setup_webui/localpycs) by extensions ['ros']
[0.465s] Level 1:colcon.colcon_core.package_identification:_identify(setupUI/build/setup_webui/localpycs) by extension 'ros'
[0.465s] Level 1:colcon.colcon_core.package_identification:_identify(setupUI/build/setup_webui/localpycs) by extensions ['cmake', 'python']
[0.465s] Level 1:colcon.colcon_core.package_identification:_identify(setupUI/build/setup_webui/localpycs) by extension 'cmake'
[0.465s] Level 1:colcon.colcon_core.package_identification:_identify(setupUI/build/setup_webui/localpycs) by extension 'python'
[0.465s] Level 1:colcon.colcon_core.package_identification:_identify(setupUI/build/setup_webui/localpycs) by extensions ['python_setup_py']
[0.465s] Level 1:colcon.colcon_core.package_identification:_identify(setupUI/build/setup_webui/localpycs) by extension 'python_setup_py'
[0.465s] Level 1:colcon.colcon_core.package_identification:_identify(setupUI/dist) by extensions ['ignore', 'ignore_ament_install']
[0.465s] Level 1:colcon.colcon_core.package_identification:_identify(setupUI/dist) by extension 'ignore'
[0.465s] Level 1:colcon.colcon_core.package_identification:_identify(setupUI/dist) by extension 'ignore_ament_install'
[0.465s] Level 1:colcon.colcon_core.package_identification:_identify(setupUI/dist) by extensions ['colcon_pkg']
[0.465s] Level 1:colcon.colcon_core.package_identification:_identify(setupUI/dist) by extension 'colcon_pkg'
[0.465s] Level 1:colcon.colcon_core.package_identification:_identify(setupUI/dist) by extensions ['colcon_meta']
[0.465s] Level 1:colcon.colcon_core.package_identification:_identify(setupUI/dist) by extension 'colcon_meta'
[0.465s] Level 1:colcon.colcon_core.package_identification:_identify(setupUI/dist) by extensions ['ros']
[0.465s] Level 1:colcon.colcon_core.package_identification:_identify(setupUI/dist) by extension 'ros'
[0.465s] Level 1:colcon.colcon_core.package_identification:_identify(setupUI/dist) by extensions ['cmake', 'python']
[0.465s] Level 1:colcon.colcon_core.package_identification:_identify(setupUI/dist) by extension 'cmake'
[0.466s] Level 1:colcon.colcon_core.package_identification:_identify(setupUI/dist) by extension 'python'
[0.466s] Level 1:colcon.colcon_core.package_identification:_identify(setupUI/dist) by extensions ['python_setup_py']
[0.466s] Level 1:colcon.colcon_core.package_identification:_identify(setupUI/dist) by extension 'python_setup_py'
[0.466s] Level 1:colcon.colcon_core.package_identification:_identify(setupUI/dist/models) by extensions ['ignore', 'ignore_ament_install']
[0.466s] Level 1:colcon.colcon_core.package_identification:_identify(setupUI/dist/models) by extension 'ignore'
[0.466s] Level 1:colcon.colcon_core.package_identification:_identify(setupUI/dist/models) by extension 'ignore_ament_install'
[0.466s] Level 1:colcon.colcon_core.package_identification:_identify(setupUI/dist/models) by extensions ['colcon_pkg']
[0.466s] Level 1:colcon.colcon_core.package_identification:_identify(setupUI/dist/models) by extension 'colcon_pkg'
[0.466s] Level 1:colcon.colcon_core.package_identification:_identify(setupUI/dist/models) by extensions ['colcon_meta']
[0.466s] Level 1:colcon.colcon_core.package_identification:_identify(setupUI/dist/models) by extension 'colcon_meta'
[0.466s] Level 1:colcon.colcon_core.package_identification:_identify(setupUI/dist/models) by extensions ['ros']
[0.466s] Level 1:colcon.colcon_core.package_identification:_identify(setupUI/dist/models) by extension 'ros'
[0.466s] Level 1:colcon.colcon_core.package_identification:_identify(setupUI/dist/models) by extensions ['cmake', 'python']
[0.466s] Level 1:colcon.colcon_core.package_identification:_identify(setupUI/dist/models) by extension 'cmake'
[0.466s] Level 1:colcon.colcon_core.package_identification:_identify(setupUI/dist/models) by extension 'python'
[0.466s] Level 1:colcon.colcon_core.package_identification:_identify(setupUI/dist/models) by extensions ['python_setup_py']
[0.466s] Level 1:colcon.colcon_core.package_identification:_identify(setupUI/dist/models) by extension 'python_setup_py'
[0.467s] Level 1:colcon.colcon_core.package_identification:_identify(setupUI/infer_wrap) by extensions ['ignore', 'ignore_ament_install']
[0.467s] Level 1:colcon.colcon_core.package_identification:_identify(setupUI/infer_wrap) by extension 'ignore'
[0.467s] Level 1:colcon.colcon_core.package_identification:_identify(setupUI/infer_wrap) by extension 'ignore_ament_install'
[0.467s] Level 1:colcon.colcon_core.package_identification:_identify(setupUI/infer_wrap) by extensions ['colcon_pkg']
[0.467s] Level 1:colcon.colcon_core.package_identification:_identify(setupUI/infer_wrap) by extension 'colcon_pkg'
[0.467s] Level 1:colcon.colcon_core.package_identification:_identify(setupUI/infer_wrap) by extensions ['colcon_meta']
[0.467s] Level 1:colcon.colcon_core.package_identification:_identify(setupUI/infer_wrap) by extension 'colcon_meta'
[0.467s] Level 1:colcon.colcon_core.package_identification:_identify(setupUI/infer_wrap) by extensions ['ros']
[0.467s] Level 1:colcon.colcon_core.package_identification:_identify(setupUI/infer_wrap) by extension 'ros'
[0.467s] Level 1:colcon.colcon_core.package_identification:_identify(setupUI/infer_wrap) by extensions ['cmake', 'python']
[0.467s] Level 1:colcon.colcon_core.package_identification:_identify(setupUI/infer_wrap) by extension 'cmake'
[0.467s] Level 1:colcon.colcon_core.package_identification:_identify(setupUI/infer_wrap) by extension 'python'
[0.467s] Level 1:colcon.colcon_core.package_identification:_identify(setupUI/infer_wrap) by extensions ['python_setup_py']
[0.467s] Level 1:colcon.colcon_core.package_identification:_identify(setupUI/infer_wrap) by extension 'python_setup_py'
[0.467s] Level 1:colcon.colcon_core.package_identification:_identify(setupUI/infer_wrap/__pycache__) by extensions ['ignore', 'ignore_ament_install']
[0.467s] Level 1:colcon.colcon_core.package_identification:_identify(setupUI/infer_wrap/__pycache__) by extension 'ignore'
[0.467s] Level 1:colcon.colcon_core.package_identification:_identify(setupUI/infer_wrap/__pycache__) by extension 'ignore_ament_install'
[0.467s] Level 1:colcon.colcon_core.package_identification:_identify(setupUI/infer_wrap/__pycache__) by extensions ['colcon_pkg']
[0.468s] Level 1:colcon.colcon_core.package_identification:_identify(setupUI/infer_wrap/__pycache__) by extension 'colcon_pkg'
[0.468s] Level 1:colcon.colcon_core.package_identification:_identify(setupUI/infer_wrap/__pycache__) by extensions ['colcon_meta']
[0.468s] Level 1:colcon.colcon_core.package_identification:_identify(setupUI/infer_wrap/__pycache__) by extension 'colcon_meta'
[0.468s] Level 1:colcon.colcon_core.package_identification:_identify(setupUI/infer_wrap/__pycache__) by extensions ['ros']
[0.468s] Level 1:colcon.colcon_core.package_identification:_identify(setupUI/infer_wrap/__pycache__) by extension 'ros'
[0.468s] Level 1:colcon.colcon_core.package_identification:_identify(setupUI/infer_wrap/__pycache__) by extensions ['cmake', 'python']
[0.468s] Level 1:colcon.colcon_core.package_identification:_identify(setupUI/infer_wrap/__pycache__) by extension 'cmake'
[0.468s] Level 1:colcon.colcon_core.package_identification:_identify(setupUI/infer_wrap/__pycache__) by extension 'python'
[0.468s] Level 1:colcon.colcon_core.package_identification:_identify(setupUI/infer_wrap/__pycache__) by extensions ['python_setup_py']
[0.468s] Level 1:colcon.colcon_core.package_identification:_identify(setupUI/infer_wrap/__pycache__) by extension 'python_setup_py'
[0.468s] Level 1:colcon.colcon_core.package_identification:_identify(setupUI/infer_wrap/base) by extensions ['ignore', 'ignore_ament_install']
[0.468s] Level 1:colcon.colcon_core.package_identification:_identify(setupUI/infer_wrap/base) by extension 'ignore'
[0.468s] Level 1:colcon.colcon_core.package_identification:_identify(setupUI/infer_wrap/base) by extension 'ignore_ament_install'
[0.468s] Level 1:colcon.colcon_core.package_identification:_identify(setupUI/infer_wrap/base) by extensions ['colcon_pkg']
[0.468s] Level 1:colcon.colcon_core.package_identification:_identify(setupUI/infer_wrap/base) by extension 'colcon_pkg'
[0.468s] Level 1:colcon.colcon_core.package_identification:_identify(setupUI/infer_wrap/base) by extensions ['colcon_meta']
[0.468s] Level 1:colcon.colcon_core.package_identification:_identify(setupUI/infer_wrap/base) by extension 'colcon_meta'
[0.468s] Level 1:colcon.colcon_core.package_identification:_identify(setupUI/infer_wrap/base) by extensions ['ros']
[0.468s] Level 1:colcon.colcon_core.package_identification:_identify(setupUI/infer_wrap/base) by extension 'ros'
[0.469s] Level 1:colcon.colcon_core.package_identification:_identify(setupUI/infer_wrap/base) by extensions ['cmake', 'python']
[0.469s] Level 1:colcon.colcon_core.package_identification:_identify(setupUI/infer_wrap/base) by extension 'cmake'
[0.469s] Level 1:colcon.colcon_core.package_identification:_identify(setupUI/infer_wrap/base) by extension 'python'
[0.469s] Level 1:colcon.colcon_core.package_identification:_identify(setupUI/infer_wrap/base) by extensions ['python_setup_py']
[0.469s] Level 1:colcon.colcon_core.package_identification:_identify(setupUI/infer_wrap/base) by extension 'python_setup_py'
[0.469s] Level 1:colcon.colcon_core.package_identification:_identify(setupUI/infer_wrap/base/__pycache__) by extensions ['ignore', 'ignore_ament_install']
[0.469s] Level 1:colcon.colcon_core.package_identification:_identify(setupUI/infer_wrap/base/__pycache__) by extension 'ignore'
[0.469s] Level 1:colcon.colcon_core.package_identification:_identify(setupUI/infer_wrap/base/__pycache__) by extension 'ignore_ament_install'
[0.469s] Level 1:colcon.colcon_core.package_identification:_identify(setupUI/infer_wrap/base/__pycache__) by extensions ['colcon_pkg']
[0.469s] Level 1:colcon.colcon_core.package_identification:_identify(setupUI/infer_wrap/base/__pycache__) by extension 'colcon_pkg'
[0.469s] Level 1:colcon.colcon_core.package_identification:_identify(setupUI/infer_wrap/base/__pycache__) by extensions ['colcon_meta']
[0.469s] Level 1:colcon.colcon_core.package_identification:_identify(setupUI/infer_wrap/base/__pycache__) by extension 'colcon_meta'
[0.469s] Level 1:colcon.colcon_core.package_identification:_identify(setupUI/infer_wrap/base/__pycache__) by extensions ['ros']
[0.469s] Level 1:colcon.colcon_core.package_identification:_identify(setupUI/infer_wrap/base/__pycache__) by extension 'ros'
[0.469s] Level 1:colcon.colcon_core.package_identification:_identify(setupUI/infer_wrap/base/__pycache__) by extensions ['cmake', 'python']
[0.469s] Level 1:colcon.colcon_core.package_identification:_identify(setupUI/infer_wrap/base/__pycache__) by extension 'cmake'
[0.469s] Level 1:colcon.colcon_core.package_identification:_identify(setupUI/infer_wrap/base/__pycache__) by extension 'python'
[0.469s] Level 1:colcon.colcon_core.package_identification:_identify(setupUI/infer_wrap/base/__pycache__) by extensions ['python_setup_py']
[0.469s] Level 1:colcon.colcon_core.package_identification:_identify(setupUI/infer_wrap/base/__pycache__) by extension 'python_setup_py'
[0.470s] Level 1:colcon.colcon_core.package_identification:_identify(setupUI/infer_wrap/base/model) by extensions ['ignore', 'ignore_ament_install']
[0.470s] Level 1:colcon.colcon_core.package_identification:_identify(setupUI/infer_wrap/base/model) by extension 'ignore'
[0.470s] Level 1:colcon.colcon_core.package_identification:_identify(setupUI/infer_wrap/base/model) by extension 'ignore_ament_install'
[0.470s] Level 1:colcon.colcon_core.package_identification:_identify(setupUI/infer_wrap/base/model) by extensions ['colcon_pkg']
[0.470s] Level 1:colcon.colcon_core.package_identification:_identify(setupUI/infer_wrap/base/model) by extension 'colcon_pkg'
[0.470s] Level 1:colcon.colcon_core.package_identification:_identify(setupUI/infer_wrap/base/model) by extensions ['colcon_meta']
[0.470s] Level 1:colcon.colcon_core.package_identification:_identify(setupUI/infer_wrap/base/model) by extension 'colcon_meta'
[0.470s] Level 1:colcon.colcon_core.package_identification:_identify(setupUI/infer_wrap/base/model) by extensions ['ros']
[0.470s] Level 1:colcon.colcon_core.package_identification:_identify(setupUI/infer_wrap/base/model) by extension 'ros'
[0.470s] Level 1:colcon.colcon_core.package_identification:_identify(setupUI/infer_wrap/base/model) by extensions ['cmake', 'python']
[0.470s] Level 1:colcon.colcon_core.package_identification:_identify(setupUI/infer_wrap/base/model) by extension 'cmake'
[0.470s] Level 1:colcon.colcon_core.package_identification:_identify(setupUI/infer_wrap/base/model) by extension 'python'
[0.470s] Level 1:colcon.colcon_core.package_identification:_identify(setupUI/infer_wrap/base/model) by extensions ['python_setup_py']
[0.470s] Level 1:colcon.colcon_core.package_identification:_identify(setupUI/infer_wrap/base/model) by extension 'python_setup_py'
[0.470s] Level 1:colcon.colcon_core.package_identification:_identify(setupUI/infer_wrap/base/result) by extensions ['ignore', 'ignore_ament_install']
[0.470s] Level 1:colcon.colcon_core.package_identification:_identify(setupUI/infer_wrap/base/result) by extension 'ignore'
[0.471s] Level 1:colcon.colcon_core.package_identification:_identify(setupUI/infer_wrap/base/result) by extension 'ignore_ament_install'
[0.471s] Level 1:colcon.colcon_core.package_identification:_identify(setupUI/infer_wrap/base/result) by extensions ['colcon_pkg']
[0.471s] Level 1:colcon.colcon_core.package_identification:_identify(setupUI/infer_wrap/base/result) by extension 'colcon_pkg'
[0.471s] Level 1:colcon.colcon_core.package_identification:_identify(setupUI/infer_wrap/base/result) by extensions ['colcon_meta']
[0.471s] Level 1:colcon.colcon_core.package_identification:_identify(setupUI/infer_wrap/base/result) by extension 'colcon_meta'
[0.471s] Level 1:colcon.colcon_core.package_identification:_identify(setupUI/infer_wrap/base/result) by extensions ['ros']
[0.471s] Level 1:colcon.colcon_core.package_identification:_identify(setupUI/infer_wrap/base/result) by extension 'ros'
[0.471s] Level 1:colcon.colcon_core.package_identification:_identify(setupUI/infer_wrap/base/result) by extensions ['cmake', 'python']
[0.471s] Level 1:colcon.colcon_core.package_identification:_identify(setupUI/infer_wrap/base/result) by extension 'cmake'
[0.471s] Level 1:colcon.colcon_core.package_identification:_identify(setupUI/infer_wrap/base/result) by extension 'python'
[0.471s] Level 1:colcon.colcon_core.package_identification:_identify(setupUI/infer_wrap/base/result) by extensions ['python_setup_py']
[0.471s] Level 1:colcon.colcon_core.package_identification:_identify(setupUI/infer_wrap/base/result) by extension 'python_setup_py'
[0.471s] Level 1:colcon.colcon_core.package_identification:_identify(setupUI/templates) by extensions ['ignore', 'ignore_ament_install']
[0.471s] Level 1:colcon.colcon_core.package_identification:_identify(setupUI/templates) by extension 'ignore'
[0.471s] Level 1:colcon.colcon_core.package_identification:_identify(setupUI/templates) by extension 'ignore_ament_install'
[0.471s] Level 1:colcon.colcon_core.package_identification:_identify(setupUI/templates) by extensions ['colcon_pkg']
[0.471s] Level 1:colcon.colcon_core.package_identification:_identify(setupUI/templates) by extension 'colcon_pkg'
[0.471s] Level 1:colcon.colcon_core.package_identification:_identify(setupUI/templates) by extensions ['colcon_meta']
[0.472s] Level 1:colcon.colcon_core.package_identification:_identify(setupUI/templates) by extension 'colcon_meta'
[0.472s] Level 1:colcon.colcon_core.package_identification:_identify(setupUI/templates) by extensions ['ros']
[0.472s] Level 1:colcon.colcon_core.package_identification:_identify(setupUI/templates) by extension 'ros'
[0.472s] Level 1:colcon.colcon_core.package_identification:_identify(setupUI/templates) by extensions ['cmake', 'python']
[0.472s] Level 1:colcon.colcon_core.package_identification:_identify(setupUI/templates) by extension 'cmake'
[0.472s] Level 1:colcon.colcon_core.package_identification:_identify(setupUI/templates) by extension 'python'
[0.472s] Level 1:colcon.colcon_core.package_identification:_identify(setupUI/templates) by extensions ['python_setup_py']
[0.472s] Level 1:colcon.colcon_core.package_identification:_identify(setupUI/templates) by extension 'python_setup_py'
[0.472s] Level 1:colcon.colcon_core.package_identification:_identify(src) by extensions ['ignore', 'ignore_ament_install']
[0.472s] Level 1:colcon.colcon_core.package_identification:_identify(src) by extension 'ignore'
[0.472s] Level 1:colcon.colcon_core.package_identification:_identify(src) by extension 'ignore_ament_install'
[0.472s] Level 1:colcon.colcon_core.package_identification:_identify(src) by extensions ['colcon_pkg']
[0.472s] Level 1:colcon.colcon_core.package_identification:_identify(src) by extension 'colcon_pkg'
[0.472s] Level 1:colcon.colcon_core.package_identification:_identify(src) by extensions ['colcon_meta']
[0.472s] Level 1:colcon.colcon_core.package_identification:_identify(src) by extension 'colcon_meta'
[0.472s] Level 1:colcon.colcon_core.package_identification:_identify(src) by extensions ['ros']
[0.472s] Level 1:colcon.colcon_core.package_identification:_identify(src) by extension 'ros'
[0.472s] Level 1:colcon.colcon_core.package_identification:_identify(src) by extensions ['cmake', 'python']
[0.473s] Level 1:colcon.colcon_core.package_identification:_identify(src) by extension 'cmake'
[0.473s] Level 1:colcon.colcon_core.package_identification:_identify(src) by extension 'python'
[0.473s] Level 1:colcon.colcon_core.package_identification:_identify(src) by extensions ['python_setup_py']
[0.473s] Level 1:colcon.colcon_core.package_identification:_identify(src) by extension 'python_setup_py'
[0.473s] Level 1:colcon.colcon_core.package_identification:_identify(src/chassis_controller) by extensions ['ignore', 'ignore_ament_install']
[0.473s] Level 1:colcon.colcon_core.package_identification:_identify(src/chassis_controller) by extension 'ignore'
[0.473s] Level 1:colcon.colcon_core.package_identification:_identify(src/chassis_controller) by extension 'ignore_ament_install'
[0.473s] Level 1:colcon.colcon_core.package_identification:_identify(src/chassis_controller) by extensions ['colcon_pkg']
[0.473s] Level 1:colcon.colcon_core.package_identification:_identify(src/chassis_controller) by extension 'colcon_pkg'
[0.473s] Level 1:colcon.colcon_core.package_identification:_identify(src/chassis_controller) by extensions ['colcon_meta']
[0.473s] Level 1:colcon.colcon_core.package_identification:_identify(src/chassis_controller) by extension 'colcon_meta'
[0.473s] Level 1:colcon.colcon_core.package_identification:_identify(src/chassis_controller) by extensions ['ros']
[0.473s] Level 1:colcon.colcon_core.package_identification:_identify(src/chassis_controller) by extension 'ros'
[0.479s] DEBUG:colcon.colcon_core.package_identification:Package 'src/chassis_controller' with type 'ros.ament_python' and name 'chassis_controller'
[0.480s] Level 1:colcon.colcon_core.package_identification:_identify(src/keyboard_controller) by extensions ['ignore', 'ignore_ament_install']
[0.480s] Level 1:colcon.colcon_core.package_identification:_identify(src/keyboard_controller) by extension 'ignore'
[0.480s] Level 1:colcon.colcon_core.package_identification:_identify(src/keyboard_controller) by extension 'ignore_ament_install'
[0.481s] Level 1:colcon.colcon_core.package_identification:_identify(src/keyboard_controller) by extensions ['colcon_pkg']
[0.481s] Level 1:colcon.colcon_core.package_identification:_identify(src/keyboard_controller) by extension 'colcon_pkg'
[0.481s] Level 1:colcon.colcon_core.package_identification:_identify(src/keyboard_controller) by extensions ['colcon_meta']
[0.481s] Level 1:colcon.colcon_core.package_identification:_identify(src/keyboard_controller) by extension 'colcon_meta'
[0.481s] Level 1:colcon.colcon_core.package_identification:_identify(src/keyboard_controller) by extensions ['ros']
[0.481s] Level 1:colcon.colcon_core.package_identification:_identify(src/keyboard_controller) by extension 'ros'
[0.483s] DEBUG:colcon.colcon_core.package_identification:Package 'src/keyboard_controller' with type 'ros.ament_python' and name 'keyboard_controller'
[0.483s] Level 1:colcon.colcon_core.package_identification:_identify(src/line_follower_control) by extensions ['ignore', 'ignore_ament_install']
[0.483s] Level 1:colcon.colcon_core.package_identification:_identify(src/line_follower_control) by extension 'ignore'
[0.483s] Level 1:colcon.colcon_core.package_identification:_identify(src/line_follower_control) by extension 'ignore_ament_install'
[0.484s] Level 1:colcon.colcon_core.package_identification:_identify(src/line_follower_control) by extensions ['colcon_pkg']
[0.484s] Level 1:colcon.colcon_core.package_identification:_identify(src/line_follower_control) by extension 'colcon_pkg'
[0.484s] Level 1:colcon.colcon_core.package_identification:_identify(src/line_follower_control) by extensions ['colcon_meta']
[0.484s] Level 1:colcon.colcon_core.package_identification:_identify(src/line_follower_control) by extension 'colcon_meta'
[0.484s] Level 1:colcon.colcon_core.package_identification:_identify(src/line_follower_control) by extensions ['ros']
[0.484s] Level 1:colcon.colcon_core.package_identification:_identify(src/line_follower_control) by extension 'ros'
[0.485s] DEBUG:colcon.colcon_core.package_identification:Package 'src/line_follower_control' with type 'ros.ament_python' and name 'line_follower_control'
[0.485s] Level 1:colcon.colcon_core.package_identification:_identify(src/position_udp_bridge) by extensions ['ignore', 'ignore_ament_install']
[0.486s] Level 1:colcon.colcon_core.package_identification:_identify(src/position_udp_bridge) by extension 'ignore'
[0.486s] Level 1:colcon.colcon_core.package_identification:_identify(src/position_udp_bridge) by extension 'ignore_ament_install'
[0.486s] Level 1:colcon.colcon_core.package_identification:_identify(src/position_udp_bridge) by extensions ['colcon_pkg']
[0.486s] Level 1:colcon.colcon_core.package_identification:_identify(src/position_udp_bridge) by extension 'colcon_pkg'
[0.486s] Level 1:colcon.colcon_core.package_identification:_identify(src/position_udp_bridge) by extensions ['colcon_meta']
[0.486s] Level 1:colcon.colcon_core.package_identification:_identify(src/position_udp_bridge) by extension 'colcon_meta'
[0.486s] Level 1:colcon.colcon_core.package_identification:_identify(src/position_udp_bridge) by extensions ['ros']
[0.486s] Level 1:colcon.colcon_core.package_identification:_identify(src/position_udp_bridge) by extension 'ros'
[0.487s] DEBUG:colcon.colcon_core.package_identification:Package 'src/position_udp_bridge' with type 'ros.ament_python' and name 'position_udp_bridge'
[0.488s] Level 1:colcon.colcon_core.package_identification:_identify(src/track_perception) by extensions ['ignore', 'ignore_ament_install']
[0.488s] Level 1:colcon.colcon_core.package_identification:_identify(src/track_perception) by extension 'ignore'
[0.488s] Level 1:colcon.colcon_core.package_identification:_identify(src/track_perception) by extension 'ignore_ament_install'
[0.488s] Level 1:colcon.colcon_core.package_identification:_identify(src/track_perception) by extensions ['colcon_pkg']
[0.488s] Level 1:colcon.colcon_core.package_identification:_identify(src/track_perception) by extension 'colcon_pkg'
[0.488s] Level 1:colcon.colcon_core.package_identification:_identify(src/track_perception) by extensions ['colcon_meta']
[0.488s] Level 1:colcon.colcon_core.package_identification:_identify(src/track_perception) by extension 'colcon_meta'
[0.488s] Level 1:colcon.colcon_core.package_identification:_identify(src/track_perception) by extensions ['ros']
[0.488s] Level 1:colcon.colcon_core.package_identification:_identify(src/track_perception) by extension 'ros'
[0.490s] DEBUG:colcon.colcon_core.package_identification:Package 'src/track_perception' with type 'ros.ament_python' and name 'track_perception'
[0.490s] Level 1:colcon.colcon_core.package_identification:_identify(src/uwb_locator) by extensions ['ignore', 'ignore_ament_install']
[0.490s] Level 1:colcon.colcon_core.package_identification:_identify(src/uwb_locator) by extension 'ignore'
[0.490s] Level 1:colcon.colcon_core.package_identification:_identify(src/uwb_locator) by extension 'ignore_ament_install'
[0.490s] Level 1:colcon.colcon_core.package_identification:_identify(src/uwb_locator) by extensions ['colcon_pkg']
[0.490s] Level 1:colcon.colcon_core.package_identification:_identify(src/uwb_locator) by extension 'colcon_pkg'
[0.490s] Level 1:colcon.colcon_core.package_identification:_identify(src/uwb_locator) by extensions ['colcon_meta']
[0.490s] Level 1:colcon.colcon_core.package_identification:_identify(src/uwb_locator) by extension 'colcon_meta'
[0.490s] Level 1:colcon.colcon_core.package_identification:_identify(src/uwb_locator) by extensions ['ros']
[0.490s] Level 1:colcon.colcon_core.package_identification:_identify(src/uwb_locator) by extension 'ros'
[0.492s] DEBUG:colcon.colcon_core.package_identification:Package 'src/uwb_locator' with type 'ros.ament_python' and name 'uwb_locator'
[0.492s] Level 1:colcon.colcon_core.package_discovery:discover_packages(recursive) using defaults
[0.492s] Level 1:colcon.colcon_core.package_discovery:discover_packages(ignore) discover
[0.492s] Level 1:colcon.colcon_core.package_discovery:discover_packages(ignore) using defaults
[0.492s] Level 1:colcon.colcon_core.package_discovery:discover_packages(path) discover
[0.492s] Level 1:colcon.colcon_core.package_discovery:discover_packages(path) using defaults
[0.569s] INFO:colcon.colcon_core.package_selection:Skipping not selected package 'chassis_controller' in 'src/chassis_controller'
[0.569s] INFO:colcon.colcon_core.package_selection:Skipping not selected package 'keyboard_controller' in 'src/keyboard_controller'
[0.569s] INFO:colcon.colcon_core.package_selection:Skipping not selected package 'position_udp_bridge' in 'src/position_udp_bridge'
[0.569s] INFO:colcon.colcon_core.package_selection:Skipping not selected package 'track_perception' in 'src/track_perception'
[0.569s] INFO:colcon.colcon_core.package_selection:Skipping not selected package 'uwb_locator' in 'src/uwb_locator'
[0.570s] Level 5:colcon.colcon_core.verb:set package 'line_follower_control' build argument 'cmake_args' from command line to 'None'
[0.570s] Level 5:colcon.colcon_core.verb:set package 'line_follower_control' build argument 'cmake_target' from command line to 'None'
[0.570s] Level 5:colcon.colcon_core.verb:set package 'line_follower_control' build argument 'cmake_target_skip_unavailable' from command line to 'False'
[0.570s] Level 5:colcon.colcon_core.verb:set package 'line_follower_control' build argument 'cmake_clean_cache' from command line to 'False'
[0.570s] Level 5:colcon.colcon_core.verb:set package 'line_follower_control' build argument 'cmake_clean_first' from command line to 'False'
[0.570s] Level 5:colcon.colcon_core.verb:set package 'line_follower_control' build argument 'cmake_force_configure' from command line to 'False'
[0.570s] Level 5:colcon.colcon_core.verb:set package 'line_follower_control' build argument 'ament_cmake_args' from command line to 'None'
[0.570s] Level 5:colcon.colcon_core.verb:set package 'line_follower_control' build argument 'catkin_cmake_args' from command line to 'None'
[0.570s] Level 5:colcon.colcon_core.verb:set package 'line_follower_control' build argument 'catkin_skip_building_tests' from command line to 'False'
[0.570s] DEBUG:colcon.colcon_core.verb:Building package 'line_follower_control' with the following arguments: {'ament_cmake_args': None, 'build_base': '/home/orangepi/scuderiaferrari/build/line_follower_control', 'catkin_cmake_args': None, 'catkin_skip_building_tests': False, 'cmake_args': None, 'cmake_clean_cache': False, 'cmake_clean_first': False, 'cmake_force_configure': False, 'cmake_target': None, 'cmake_target_skip_unavailable': False, 'install_base': '/home/orangepi/scuderiaferrari/install/line_follower_control', 'merge_install': False, 'path': '/home/orangepi/scuderiaferrari/src/line_follower_control', 'symlink_install': False, 'test_result_base': None}
[0.571s] INFO:colcon.colcon_core.executor:Executing jobs using 'parallel' executor
[0.573s] DEBUG:colcon.colcon_parallel_executor.executor.parallel:run_until_complete
[0.574s] INFO:colcon.colcon_ros.task.ament_python.build:Building ROS package in '/home/orangepi/scuderiaferrari/src/line_follower_control' with build type 'ament_python'
[0.575s] Level 1:colcon.colcon_core.shell:create_environment_hook('line_follower_control', 'ament_prefix_path')
[0.579s] INFO:colcon.colcon_core.plugin_system:Skipping extension 'colcon_core.shell.bat': Not used on non-Windows systems
[0.579s] INFO:colcon.colcon_core.shell:Creating environment hook '/home/orangepi/scuderiaferrari/install/line_follower_control/share/line_follower_control/hook/ament_prefix_path.ps1'
[0.583s] INFO:colcon.colcon_core.shell:Creating environment descriptor '/home/orangepi/scuderiaferrari/install/line_follower_control/share/line_follower_control/hook/ament_prefix_path.dsv'
[0.589s] INFO:colcon.colcon_core.shell:Creating environment hook '/home/orangepi/scuderiaferrari/install/line_follower_control/share/line_follower_control/hook/ament_prefix_path.sh'
[0.595s] INFO:colcon.colcon_core.shell:Skip shell extension 'powershell' for command environment: Not usable outside of PowerShell
[0.595s] DEBUG:colcon.colcon_core.shell:Skip shell extension 'dsv' for command environment
[1.141s] INFO:colcon.colcon_core.task.python.build:Building Python package in '/home/orangepi/scuderiaferrari/src/line_follower_control'
[1.142s] INFO:colcon.colcon_core.shell:Skip shell extension 'powershell' for command environment: Not usable outside of PowerShell
[1.142s] DEBUG:colcon.colcon_core.shell:Skip shell extension 'dsv' for command environment
[1.872s] DEBUG:colcon.colcon_core.event_handler.log_command:Invoking command in '/home/orangepi/scuderiaferrari/src/line_follower_control': PYTHONPATH=/home/orangepi/scuderiaferrari/build/line_follower_control/prefix_override:/usr/lib/python3/dist-packages/colcon_core/task/python/colcon_distutils_commands:/home/orangepi/scuderiaferrari/install/line_follower_control/lib/python3.10/site-packages:${PYTHONPATH} /usr/bin/python3 -W ignore:setup.py install is deprecated -W ignore:easy_install command is deprecated setup.py egg_info --egg-base ../../build/line_follower_control build --build-base /home/orangepi/scuderiaferrari/build/line_follower_control/build install --record /home/orangepi/scuderiaferrari/build/line_follower_control/install.log --single-version-externally-managed install_data
[2.578s] DEBUG:colcon.colcon_core.event_handler.log_command:Invoked command in '/home/orangepi/scuderiaferrari/src/line_follower_control' returned '0': PYTHONPATH=/home/orangepi/scuderiaferrari/build/line_follower_control/prefix_override:/usr/lib/python3/dist-packages/colcon_core/task/python/colcon_distutils_commands:/home/orangepi/scuderiaferrari/install/line_follower_control/lib/python3.10/site-packages:${PYTHONPATH} /usr/bin/python3 -W ignore:setup.py install is deprecated -W ignore:easy_install command is deprecated setup.py egg_info --egg-base ../../build/line_follower_control build --build-base /home/orangepi/scuderiaferrari/build/line_follower_control/build install --record /home/orangepi/scuderiaferrari/build/line_follower_control/install.log --single-version-externally-managed install_data
[2.588s] Level 1:colcon.colcon_core.environment:checking '/home/orangepi/scuderiaferrari/install/line_follower_control' for CMake module files
[2.590s] Level 1:colcon.colcon_core.environment:checking '/home/orangepi/scuderiaferrari/install/line_follower_control' for CMake config files
[2.594s] Level 1:colcon.colcon_core.environment:checking '/home/orangepi/scuderiaferrari/install/line_follower_control/lib'
[2.597s] Level 1:colcon.colcon_core.environment:checking '/home/orangepi/scuderiaferrari/install/line_follower_control/bin'
[2.598s] Level 1:colcon.colcon_core.environment:checking '/home/orangepi/scuderiaferrari/install/line_follower_control/lib/pkgconfig/line_follower_control.pc'
[2.600s] Level 1:colcon.colcon_core.environment:checking '/home/orangepi/scuderiaferrari/install/line_follower_control/lib/python3.10/site-packages'
[2.601s] Level 1:colcon.colcon_core.shell:create_environment_hook('line_follower_control', 'pythonpath')
[2.602s] INFO:colcon.colcon_core.shell:Creating environment hook '/home/orangepi/scuderiaferrari/install/line_follower_control/share/line_follower_control/hook/pythonpath.ps1'
[2.609s] INFO:colcon.colcon_core.shell:Creating environment descriptor '/home/orangepi/scuderiaferrari/install/line_follower_control/share/line_follower_control/hook/pythonpath.dsv'
[2.615s] INFO:colcon.colcon_core.shell:Creating environment hook '/home/orangepi/scuderiaferrari/install/line_follower_control/share/line_follower_control/hook/pythonpath.sh'
[2.622s] Level 1:colcon.colcon_core.environment:checking '/home/orangepi/scuderiaferrari/install/line_follower_control/bin'
[2.622s] Level 1:colcon.colcon_core.environment:create_environment_scripts_only(line_follower_control)
[2.623s] INFO:colcon.colcon_core.shell:Creating package script '/home/orangepi/scuderiaferrari/install/line_follower_control/share/line_follower_control/package.ps1'
[2.629s] INFO:colcon.colcon_core.shell:Creating package descriptor '/home/orangepi/scuderiaferrari/install/line_follower_control/share/line_follower_control/package.dsv'
[2.639s] INFO:colcon.colcon_core.shell:Creating package script '/home/orangepi/scuderiaferrari/install/line_follower_control/share/line_follower_control/package.sh'
[2.650s] INFO:colcon.colcon_core.shell:Creating package script '/home/orangepi/scuderiaferrari/install/line_follower_control/share/line_follower_control/package.bash'
[2.657s] INFO:colcon.colcon_core.shell:Creating package script '/home/orangepi/scuderiaferrari/install/line_follower_control/share/line_follower_control/package.zsh'
[2.661s] Level 1:colcon.colcon_core.environment:create_file_with_runtime_dependencies(/home/orangepi/scuderiaferrari/install/line_follower_control/share/colcon-core/packages/line_follower_control)
[2.664s] DEBUG:colcon.colcon_parallel_executor.executor.parallel:closing loop
[2.665s] DEBUG:colcon.colcon_parallel_executor.executor.parallel:loop closed
[2.666s] DEBUG:colcon.colcon_parallel_executor.executor.parallel:run_until_complete finished with '0'
[2.666s] DEBUG:colcon.colcon_core.event_reactor:joining thread
[2.670s] DEBUG:colcon.colcon_core.event_reactor:joined thread
[2.671s] INFO:colcon.colcon_core.shell:Creating prefix script '/home/orangepi/scuderiaferrari/install/local_setup.ps1'
[2.687s] INFO:colcon.colcon_core.shell:Creating prefix util module '/home/orangepi/scuderiaferrari/install/_local_setup_util_ps1.py'
[2.712s] INFO:colcon.colcon_core.shell:Creating prefix chain script '/home/orangepi/scuderiaferrari/install/setup.ps1'
[2.729s] INFO:colcon.colcon_core.shell:Creating prefix script '/home/orangepi/scuderiaferrari/install/local_setup.sh'
[2.734s] INFO:colcon.colcon_core.shell:Creating prefix util module '/home/orangepi/scuderiaferrari/install/_local_setup_util_sh.py'
[2.745s] INFO:colcon.colcon_core.shell:Creating prefix chain script '/home/orangepi/scuderiaferrari/install/setup.sh'
[2.753s] INFO:colcon.colcon_core.shell:Creating prefix script '/home/orangepi/scuderiaferrari/install/local_setup.bash'
[2.757s] INFO:colcon.colcon_core.shell:Creating prefix chain script '/home/orangepi/scuderiaferrari/install/setup.bash'
[2.761s] INFO:colcon.colcon_core.shell:Creating prefix script '/home/orangepi/scuderiaferrari/install/local_setup.zsh'
[2.765s] INFO:colcon.colcon_core.shell:Creating prefix chain script '/home/orangepi/scuderiaferrari/install/setup.zsh'
