[1.072s] Invoking command in '/home/orangepi/scuderiaferrari/src/track_perception': PYTHONPATH=/home/orangepi/scuderiaferrari/build/track_perception/prefix_override:/usr/lib/python3/dist-packages/colcon_core/task/python/colcon_distutils_commands:/home/orangepi/scuderiaferrari/install/track_perception/lib/python3.10/site-packages:${PYTHONPATH} /usr/bin/python3 -W ignore:setup.py install is deprecated -W ignore:easy_install command is deprecated setup.py egg_info --egg-base ../../build/track_perception build --build-base /home/orangepi/scuderiaferrari/build/track_perception/build install --record /home/orangepi/scuderiaferrari/build/track_perception/install.log --single-version-externally-managed install_data
[1.414s] running egg_info
[1.417s] writing ../../build/track_perception/track_perception.egg-info/PKG-INFO
[1.420s] writing dependency_links to ../../build/track_perception/track_perception.egg-info/dependency_links.txt
[1.422s] writing entry points to ../../build/track_perception/track_perception.egg-info/entry_points.txt
[1.434s] writing requirements to ../../build/track_perception/track_perception.egg-info/requires.txt
[1.438s] writing top-level names to ../../build/track_perception/track_perception.egg-info/top_level.txt
[1.452s] reading manifest file '../../build/track_perception/track_perception.egg-info/SOURCES.txt'
[1.454s] writing manifest file '../../build/track_perception/track_perception.egg-info/SOURCES.txt'
[1.458s] running build
[1.458s] running build_py
[1.459s] copying track_perception_python/object_detection_node.py -> /home/orangepi/scuderiaferrari/build/track_perception/build/lib/track_perception_python
[1.464s] running install
[1.465s] running install_lib
[1.466s] copying /home/orangepi/scuderiaferrari/build/track_perception/build/lib/track_perception_python/object_detection_node.py -> /home/orangepi/scuderiaferrari/install/track_perception/lib/python3.10/site-packages/track_perception_python
[1.476s] byte-compiling /home/orangepi/scuderiaferrari/install/track_perception/lib/python3.10/site-packages/track_perception_python/object_detection_node.py to object_detection_node.cpython-310.pyc
[1.482s] running install_data
[1.482s] copying track_perception_python/config/intersection_params.yaml -> /home/orangepi/scuderiaferrari/install/track_perception/share/track_perception/config
[1.486s] running install_egg_info
[1.489s] removing '/home/orangepi/scuderiaferrari/install/track_perception/lib/python3.10/site-packages/track_perception-2.0.0-py3.10.egg-info' (and everything under it)
[1.517s] Copying ../../build/track_perception/track_perception.egg-info to /home/orangepi/scuderiaferrari/install/track_perception/lib/python3.10/site-packages/track_perception-2.0.0-py3.10.egg-info
[1.518s] running install_scripts
[1.551s] Installing object_detection_node script to /home/orangepi/scuderiaferrari/install/track_perception/bin
[1.564s] Installing perception_decision_node script to /home/orangepi/scuderiaferrari/install/track_perception/bin
[1.569s] writing list of installed files to '/home/orangepi/scuderiaferrari/build/track_perception/install.log'
[1.663s] Invoked command in '/home/orangepi/scuderiaferrari/src/track_perception' returned '0': PYTHONPATH=/home/orangepi/scuderiaferrari/build/track_perception/prefix_override:/usr/lib/python3/dist-packages/colcon_core/task/python/colcon_distutils_commands:/home/orangepi/scuderiaferrari/install/track_perception/lib/python3.10/site-packages:${PYTHONPATH} /usr/bin/python3 -W ignore:setup.py install is deprecated -W ignore:easy_install command is deprecated setup.py egg_info --egg-base ../../build/track_perception build --build-base /home/orangepi/scuderiaferrari/build/track_perception/build install --record /home/orangepi/scuderiaferrari/build/track_perception/install.log --single-version-externally-managed install_data
