[3.464s] Invoking command in '/home/orangepi/scuderiaferrari/src/track_perception': PYTHONPATH=/home/orangepi/scuderiaferrari/build/track_perception/prefix_override:/usr/lib/python3/dist-packages/colcon_core/task/python/colcon_distutils_commands:/home/orangepi/scuderiaferrari/install/track_perception/lib/python3.10/site-packages:${PYTHONPATH} /usr/bin/python3 -W ignore:setup.py install is deprecated -W ignore:easy_install command is deprecated setup.py egg_info --egg-base ../../build/track_perception build --build-base /home/orangepi/scuderiaferrari/build/track_perception/build install --record /home/orangepi/scuderiaferrari/build/track_perception/install.log --single-version-externally-managed install_data
[3.913s] running egg_info
[3.914s] writing ../../build/track_perception/track_perception.egg-info/PKG-INFO
[3.917s] writing dependency_links to ../../build/track_perception/track_perception.egg-info/dependency_links.txt
[3.928s] writing entry points to ../../build/track_perception/track_perception.egg-info/entry_points.txt
[3.931s] writing requirements to ../../build/track_perception/track_perception.egg-info/requires.txt
[3.936s] writing top-level names to ../../build/track_perception/track_perception.egg-info/top_level.txt
[3.943s] reading manifest file '../../build/track_perception/track_perception.egg-info/SOURCES.txt'
[3.945s] writing manifest file '../../build/track_perception/track_perception.egg-info/SOURCES.txt'
[3.949s] running build
[3.949s] running build_py
[3.950s] running install
[3.952s] running install_lib
[3.953s] running install_data
[3.953s] copying track_perception_python/config/intersection_params.yaml -> /home/orangepi/scuderiaferrari/install/track_perception/share/track_perception/config
[3.959s] running install_egg_info
[3.963s] removing '/home/orangepi/scuderiaferrari/install/track_perception/lib/python3.10/site-packages/track_perception-2.0.0-py3.10.egg-info' (and everything under it)
[3.992s] Copying ../../build/track_perception/track_perception.egg-info to /home/orangepi/scuderiaferrari/install/track_perception/lib/python3.10/site-packages/track_perception-2.0.0-py3.10.egg-info
[3.995s] running install_scripts
[4.035s] Installing object_detection_node script to /home/orangepi/scuderiaferrari/install/track_perception/bin
[4.037s] Installing perception_decision_node script to /home/orangepi/scuderiaferrari/install/track_perception/bin
[4.045s] writing list of installed files to '/home/orangepi/scuderiaferrari/build/track_perception/install.log'
[4.118s] Invoked command in '/home/orangepi/scuderiaferrari/src/track_perception' returned '0': PYTHONPATH=/home/orangepi/scuderiaferrari/build/track_perception/prefix_override:/usr/lib/python3/dist-packages/colcon_core/task/python/colcon_distutils_commands:/home/orangepi/scuderiaferrari/install/track_perception/lib/python3.10/site-packages:${PYTHONPATH} /usr/bin/python3 -W ignore:setup.py install is deprecated -W ignore:easy_install command is deprecated setup.py egg_info --egg-base ../../build/track_perception build --build-base /home/orangepi/scuderiaferrari/build/track_perception/build install --record /home/orangepi/scuderiaferrari/build/track_perception/install.log --single-version-externally-managed install_data
