running egg_info
creating ../../build/keyboard_controller/keyboard_controller.egg-info
writing ../../build/keyboard_controller/keyboard_controller.egg-info/PKG-INFO
writing dependency_links to ../../build/keyboard_controller/keyboard_controller.egg-info/dependency_links.txt
writing entry points to ../../build/keyboard_controller/keyboard_controller.egg-info/entry_points.txt
writing requirements to ../../build/keyboard_controller/keyboard_controller.egg-info/requires.txt
writing top-level names to ../../build/keyboard_controller/keyboard_controller.egg-info/top_level.txt
writing manifest file '../../build/keyboard_controller/keyboard_controller.egg-info/SOURCES.txt'
reading manifest file '../../build/keyboard_controller/keyboard_controller.egg-info/SOURCES.txt'
writing manifest file '../../build/keyboard_controller/keyboard_controller.egg-info/SOURCES.txt'
running build
running build_py
creating /home/orangepi/scuderiaferrari/build/keyboard_controller/build
creating /home/orangepi/scuderiaferrari/build/keyboard_controller/build/lib
creating /home/orangepi/scuderiaferrari/build/keyboard_controller/build/lib/keyboard_controller
copying keyboard_controller/__init__.py -> /home/orangepi/scuderiaferrari/build/keyboard_controller/build/lib/keyboard_controller
copying keyboard_controller/keyboard_control_node.py -> /home/orangepi/scuderiaferrari/build/keyboard_controller/build/lib/keyboard_controller
copying keyboard_controller/terminal_keyboard_node.py -> /home/orangepi/scuderiaferrari/build/keyboard_controller/build/lib/keyboard_controller
running install
running install_lib
creating /home/orangepi/scuderiaferrari/install/keyboard_controller/lib/python3.10/site-packages/keyboard_controller
copying /home/orangepi/scuderiaferrari/build/keyboard_controller/build/lib/keyboard_controller/__init__.py -> /home/orangepi/scuderiaferrari/install/keyboard_controller/lib/python3.10/site-packages/keyboard_controller
copying /home/orangepi/scuderiaferrari/build/keyboard_controller/build/lib/keyboard_controller/keyboard_control_node.py -> /home/orangepi/scuderiaferrari/install/keyboard_controller/lib/python3.10/site-packages/keyboard_controller
copying /home/orangepi/scuderiaferrari/build/keyboard_controller/build/lib/keyboard_controller/terminal_keyboard_node.py -> /home/orangepi/scuderiaferrari/install/keyboard_controller/lib/python3.10/site-packages/keyboard_controller
byte-compiling /home/orangepi/scuderiaferrari/install/keyboard_controller/lib/python3.10/site-packages/keyboard_controller/__init__.py to __init__.cpython-310.pyc
byte-compiling /home/orangepi/scuderiaferrari/install/keyboard_controller/lib/python3.10/site-packages/keyboard_controller/keyboard_control_node.py to keyboard_control_node.cpython-310.pyc
byte-compiling /home/orangepi/scuderiaferrari/install/keyboard_controller/lib/python3.10/site-packages/keyboard_controller/terminal_keyboard_node.py to terminal_keyboard_node.cpython-310.pyc
running install_data
creating /home/orangepi/scuderiaferrari/install/keyboard_controller/share/ament_index
creating /home/orangepi/scuderiaferrari/install/keyboard_controller/share/ament_index/resource_index
creating /home/orangepi/scuderiaferrari/install/keyboard_controller/share/ament_index/resource_index/packages
copying resource/keyboard_controller -> /home/orangepi/scuderiaferrari/install/keyboard_controller/share/ament_index/resource_index/packages
copying package.xml -> /home/orangepi/scuderiaferrari/install/keyboard_controller/share/keyboard_controller
creating /home/orangepi/scuderiaferrari/install/keyboard_controller/share/keyboard_controller/launch
copying launch/keyboard_control.launch.py -> /home/orangepi/scuderiaferrari/install/keyboard_controller/share/keyboard_controller/launch
copying launch/terminal_keyboard_control.launch.py -> /home/orangepi/scuderiaferrari/install/keyboard_controller/share/keyboard_controller/launch
creating /home/orangepi/scuderiaferrari/install/keyboard_controller/share/keyboard_controller/config
copying config/keyboard_params.yaml -> /home/orangepi/scuderiaferrari/install/keyboard_controller/share/keyboard_controller/config
copying config/conservative_params.yaml -> /home/orangepi/scuderiaferrari/install/keyboard_controller/share/keyboard_controller/config
copying config/sport_params.yaml -> /home/orangepi/scuderiaferrari/install/keyboard_controller/share/keyboard_controller/config
running install_egg_info
Copying ../../build/keyboard_controller/keyboard_controller.egg-info to /home/orangepi/scuderiaferrari/install/keyboard_controller/lib/python3.10/site-packages/keyboard_controller-0.0.0-py3.10.egg-info
running install_scripts
Installing keyboard_control_node script to /home/orangepi/scuderiaferrari/install/keyboard_controller/lib/keyboard_controller
Installing terminal_keyboard_node script to /home/orangepi/scuderiaferrari/install/keyboard_controller/lib/keyboard_controller
writing list of installed files to '/home/orangepi/scuderiaferrari/build/keyboard_controller/install.log'
