[3.153s] Invoking command in '/home/orangepi/scuderiaferrari/src/keyboard_controller': PYTHONPATH=/home/orangepi/scuderiaferrari/build/keyboard_controller/prefix_override:/usr/lib/python3/dist-packages/colcon_core/task/python/colcon_distutils_commands:/home/orangepi/scuderiaferrari/install/keyboard_controller/lib/python3.10/site-packages:${PYTHONPATH} /usr/bin/python3 -W ignore:setup.py install is deprecated -W ignore:easy_install command is deprecated setup.py egg_info --egg-base ../../build/keyboard_controller build --build-base /home/orangepi/scuderiaferrari/build/keyboard_controller/build install --record /home/orangepi/scuderiaferrari/build/keyboard_controller/install.log --single-version-externally-managed install_data
[3.729s] running egg_info
[3.731s] creating ../../build/keyboard_controller/keyboard_controller.egg-info
[3.731s] writing ../../build/keyboard_controller/keyboard_controller.egg-info/PKG-INFO
[3.732s] writing dependency_links to ../../build/keyboard_controller/keyboard_controller.egg-info/dependency_links.txt
[3.733s] writing entry points to ../../build/keyboard_controller/keyboard_controller.egg-info/entry_points.txt
[3.733s] writing requirements to ../../build/keyboard_controller/keyboard_controller.egg-info/requires.txt
[3.734s] writing top-level names to ../../build/keyboard_controller/keyboard_controller.egg-info/top_level.txt
[3.734s] writing manifest file '../../build/keyboard_controller/keyboard_controller.egg-info/SOURCES.txt'
[3.738s] reading manifest file '../../build/keyboard_controller/keyboard_controller.egg-info/SOURCES.txt'
[3.739s] writing manifest file '../../build/keyboard_controller/keyboard_controller.egg-info/SOURCES.txt'
[3.739s] running build
[3.740s] running build_py
[3.740s] creating /home/orangepi/scuderiaferrari/build/keyboard_controller/build
[3.740s] creating /home/orangepi/scuderiaferrari/build/keyboard_controller/build/lib
[3.741s] creating /home/orangepi/scuderiaferrari/build/keyboard_controller/build/lib/keyboard_controller
[3.742s] copying keyboard_controller/__init__.py -> /home/orangepi/scuderiaferrari/build/keyboard_controller/build/lib/keyboard_controller
[3.743s] copying keyboard_controller/keyboard_control_node.py -> /home/orangepi/scuderiaferrari/build/keyboard_controller/build/lib/keyboard_controller
[3.743s] copying keyboard_controller/terminal_keyboard_node.py -> /home/orangepi/scuderiaferrari/build/keyboard_controller/build/lib/keyboard_controller
[3.743s] running install
[3.744s] running install_lib
[3.744s] creating /home/orangepi/scuderiaferrari/install/keyboard_controller/lib/python3.10/site-packages/keyboard_controller
[3.744s] copying /home/orangepi/scuderiaferrari/build/keyboard_controller/build/lib/keyboard_controller/__init__.py -> /home/orangepi/scuderiaferrari/install/keyboard_controller/lib/python3.10/site-packages/keyboard_controller
[3.745s] copying /home/orangepi/scuderiaferrari/build/keyboard_controller/build/lib/keyboard_controller/keyboard_control_node.py -> /home/orangepi/scuderiaferrari/install/keyboard_controller/lib/python3.10/site-packages/keyboard_controller
[3.745s] copying /home/orangepi/scuderiaferrari/build/keyboard_controller/build/lib/keyboard_controller/terminal_keyboard_node.py -> /home/orangepi/scuderiaferrari/install/keyboard_controller/lib/python3.10/site-packages/keyboard_controller
[3.746s] byte-compiling /home/orangepi/scuderiaferrari/install/keyboard_controller/lib/python3.10/site-packages/keyboard_controller/__init__.py to __init__.cpython-310.pyc
[3.746s] byte-compiling /home/orangepi/scuderiaferrari/install/keyboard_controller/lib/python3.10/site-packages/keyboard_controller/keyboard_control_node.py to keyboard_control_node.cpython-310.pyc
[3.746s] byte-compiling /home/orangepi/scuderiaferrari/install/keyboard_controller/lib/python3.10/site-packages/keyboard_controller/terminal_keyboard_node.py to terminal_keyboard_node.cpython-310.pyc
[3.747s] running install_data
[3.747s] creating /home/orangepi/scuderiaferrari/install/keyboard_controller/share/ament_index
[3.747s] creating /home/orangepi/scuderiaferrari/install/keyboard_controller/share/ament_index/resource_index
[3.748s] creating /home/orangepi/scuderiaferrari/install/keyboard_controller/share/ament_index/resource_index/packages
[3.748s] copying resource/keyboard_controller -> /home/orangepi/scuderiaferrari/install/keyboard_controller/share/ament_index/resource_index/packages
[3.749s] copying package.xml -> /home/orangepi/scuderiaferrari/install/keyboard_controller/share/keyboard_controller
[3.749s] creating /home/orangepi/scuderiaferrari/install/keyboard_controller/share/keyboard_controller/launch
[3.749s] copying launch/keyboard_control.launch.py -> /home/orangepi/scuderiaferrari/install/keyboard_controller/share/keyboard_controller/launch
[3.750s] copying launch/terminal_keyboard_control.launch.py -> /home/orangepi/scuderiaferrari/install/keyboard_controller/share/keyboard_controller/launch
[3.750s] creating /home/orangepi/scuderiaferrari/install/keyboard_controller/share/keyboard_controller/config
[3.750s] copying config/keyboard_params.yaml -> /home/orangepi/scuderiaferrari/install/keyboard_controller/share/keyboard_controller/config
[3.751s] copying config/conservative_params.yaml -> /home/orangepi/scuderiaferrari/install/keyboard_controller/share/keyboard_controller/config
[3.751s] copying config/sport_params.yaml -> /home/orangepi/scuderiaferrari/install/keyboard_controller/share/keyboard_controller/config
[3.752s] running install_egg_info
[3.752s] Copying ../../build/keyboard_controller/keyboard_controller.egg-info to /home/orangepi/scuderiaferrari/install/keyboard_controller/lib/python3.10/site-packages/keyboard_controller-0.0.0-py3.10.egg-info
[3.752s] running install_scripts
[3.783s] Installing keyboard_control_node script to /home/orangepi/scuderiaferrari/install/keyboard_controller/lib/keyboard_controller
[3.784s] Installing terminal_keyboard_node script to /home/orangepi/scuderiaferrari/install/keyboard_controller/lib/keyboard_controller
[3.784s] writing list of installed files to '/home/orangepi/scuderiaferrari/build/keyboard_controller/install.log'
[3.870s] Invoked command in '/home/orangepi/scuderiaferrari/src/keyboard_controller' returned '0': PYTHONPATH=/home/orangepi/scuderiaferrari/build/keyboard_controller/prefix_override:/usr/lib/python3/dist-packages/colcon_core/task/python/colcon_distutils_commands:/home/orangepi/scuderiaferrari/install/keyboard_controller/lib/python3.10/site-packages:${PYTHONPATH} /usr/bin/python3 -W ignore:setup.py install is deprecated -W ignore:easy_install command is deprecated setup.py egg_info --egg-base ../../build/keyboard_controller build --build-base /home/orangepi/scuderiaferrari/build/keyboard_controller/build install --record /home/orangepi/scuderiaferrari/build/keyboard_controller/install.log --single-version-externally-managed install_data
