[6.960s] Invoking command in '/home/orangepi/scuderiaferrari/src/line_follower_control': PYTHONPATH=/home/orangepi/scuderiaferrari/build/line_follower_control/prefix_override:/usr/lib/python3/dist-packages/colcon_core/task/python/colcon_distutils_commands:/home/orangepi/scuderiaferrari/install/line_follower_control/lib/python3.10/site-packages:${PYTHONPATH} /usr/bin/python3 -W ignore:setup.py install is deprecated -W ignore:easy_install command is deprecated setup.py egg_info --egg-base ../../build/line_follower_control build --build-base /home/orangepi/scuderiaferrari/build/line_follower_control/build install --record /home/orangepi/scuderiaferrari/build/line_follower_control/install.log --single-version-externally-managed install_data
[8.669s] running egg_info
[8.670s] writing ../../build/line_follower_control/line_follower_control.egg-info/PKG-INFO
[8.711s] writing dependency_links to ../../build/line_follower_control/line_follower_control.egg-info/dependency_links.txt
[8.738s] writing entry points to ../../build/line_follower_control/line_follower_control.egg-info/entry_points.txt
[8.751s] writing requirements to ../../build/line_follower_control/line_follower_control.egg-info/requires.txt
[8.770s] writing top-level names to ../../build/line_follower_control/line_follower_control.egg-info/top_level.txt
[8.777s] reading manifest file '../../build/line_follower_control/line_follower_control.egg-info/SOURCES.txt'
[8.777s] writing manifest file '../../build/line_follower_control/line_follower_control.egg-info/SOURCES.txt'
[8.777s] running build
[8.779s] running build_py
[8.779s] running install
[8.779s] running install_lib
[8.779s] running install_data
[8.780s] running install_egg_info
[8.780s] removing '/home/orangepi/scuderiaferrari/install/line_follower_control/lib/python3.10/site-packages/line_follower_control-1.0.0-py3.10.egg-info' (and everything under it)
[9.229s] Copying ../../build/line_follower_control/line_follower_control.egg-info to /home/orangepi/scuderiaferrari/install/line_follower_control/lib/python3.10/site-packages/line_follower_control-1.0.0-py3.10.egg-info
[9.230s] running install_scripts
[9.343s] Installing controller_node script to /home/orangepi/scuderiaferrari/install/line_follower_control/lib/line_follower_control
[9.344s] writing list of installed files to '/home/orangepi/scuderiaferrari/build/line_follower_control/install.log'
[9.526s] Invoked command in '/home/orangepi/scuderiaferrari/src/line_follower_control' returned '0': PYTHONPATH=/home/orangepi/scuderiaferrari/build/line_follower_control/prefix_override:/usr/lib/python3/dist-packages/colcon_core/task/python/colcon_distutils_commands:/home/orangepi/scuderiaferrari/install/line_follower_control/lib/python3.10/site-packages:${PYTHONPATH} /usr/bin/python3 -W ignore:setup.py install is deprecated -W ignore:easy_install command is deprecated setup.py egg_info --egg-base ../../build/line_follower_control build --build-base /home/orangepi/scuderiaferrari/build/line_follower_control/build install --record /home/orangepi/scuderiaferrari/build/line_follower_control/install.log --single-version-externally-managed install_data
