[3.434s] Invoking command in '/home/orangepi/scuderiaferrari/src/chassis_controller': PYTHONPATH=/home/orangepi/scuderiaferrari/build/chassis_controller/prefix_override:/usr/lib/python3/dist-packages/colcon_core/task/python/colcon_distutils_commands:/home/orangepi/scuderiaferrari/install/chassis_controller/lib/python3.10/site-packages:${PYTHONPATH} /usr/bin/python3 -W ignore:setup.py install is deprecated -W ignore:easy_install command is deprecated setup.py egg_info --egg-base ../../build/chassis_controller build --build-base /home/orangepi/scuderiaferrari/build/chassis_controller/build install --record /home/orangepi/scuderiaferrari/build/chassis_controller/install.log --single-version-externally-managed install_data
[3.976s] running egg_info
[3.978s] writing ../../build/chassis_controller/chassis_controller.egg-info/PKG-INFO
[3.979s] writing dependency_links to ../../build/chassis_controller/chassis_controller.egg-info/dependency_links.txt
[3.982s] writing entry points to ../../build/chassis_controller/chassis_controller.egg-info/entry_points.txt
[3.985s] writing requirements to ../../build/chassis_controller/chassis_controller.egg-info/requires.txt
[3.989s] writing top-level names to ../../build/chassis_controller/chassis_controller.egg-info/top_level.txt
[3.995s] reading manifest file '../../build/chassis_controller/chassis_controller.egg-info/SOURCES.txt'
[3.997s] writing manifest file '../../build/chassis_controller/chassis_controller.egg-info/SOURCES.txt'
[4.001s] running build
[4.001s] running build_py
[4.001s] running install
[4.002s] running install_lib
[4.004s] running install_data
[4.005s] running install_egg_info
[4.008s] removing '/home/orangepi/scuderiaferrari/install/chassis_controller/lib/python3.10/site-packages/chassis_controller-0.0.0-py3.10.egg-info' (and everything under it)
[4.029s] Copying ../../build/chassis_controller/chassis_controller.egg-info to /home/orangepi/scuderiaferrari/install/chassis_controller/lib/python3.10/site-packages/chassis_controller-0.0.0-py3.10.egg-info
[4.030s] running install_scripts
[4.066s] Installing chassis_controller_node script to /home/orangepi/scuderiaferrari/install/chassis_controller/lib/chassis_controller
[4.070s] writing list of installed files to '/home/orangepi/scuderiaferrari/build/chassis_controller/install.log'
[4.245s] Invoked command in '/home/orangepi/scuderiaferrari/src/chassis_controller' returned '0': PYTHONPATH=/home/orangepi/scuderiaferrari/build/chassis_controller/prefix_override:/usr/lib/python3/dist-packages/colcon_core/task/python/colcon_distutils_commands:/home/orangepi/scuderiaferrari/install/chassis_controller/lib/python3.10/site-packages:${PYTHONPATH} /usr/bin/python3 -W ignore:setup.py install is deprecated -W ignore:easy_install command is deprecated setup.py egg_info --egg-base ../../build/chassis_controller build --build-base /home/orangepi/scuderiaferrari/build/chassis_controller/build install --record /home/orangepi/scuderiaferrari/build/chassis_controller/install.log --single-version-externally-managed install_data
