[0.164s] DEBUG:colcon:Command line arguments: ['/usr/bin/colcon', 'build']
[0.164s] DEBUG:colcon:Parsed command line arguments: Namespace(log_base=None, log_level=None, verb_name='build', build_base='build', install_base='install', merge_install=False, symlink_install=False, test_result_base=None, continue_on_error=False, executor='parallel', parallel_workers=8, event_handlers=None, ignore_user_meta=False, metas=['./colcon.meta'], base_paths=['.'], packages_ignore=None, packages_ignore_regex=None, paths=None, packages_up_to=None, packages_up_to_regex=None, packages_above=None, packages_above_and_dependencies=None, packages_above_depth=None, packages_select_by_dep=None, packages_skip_by_dep=None, packages_skip_up_to=None, packages_select_build_failed=False, packages_skip_build_finished=False, packages_select_test_failures=False, packages_skip_test_passed=False, packages_select=None, packages_skip=None, packages_select_regex=None, packages_skip_regex=None, packages_start=None, packages_end=None, cmake_args=None, cmake_target=None, cmake_target_skip_unavailable=False, cmake_clean_cache=False, cmake_clean_first=False, cmake_force_configure=False, ament_cmake_args=None, catkin_cmake_args=None, catkin_skip_building_tests=False, verb_parser=<colcon_defaults.argument_parser.defaults.DefaultArgumentsDecorator object at 0x7fb7f7e5c0>, verb_extension=<colcon_core.verb.build.BuildVerb object at 0x7fb811fb20>, main=<bound method BuildVerb.main of <colcon_core.verb.build.BuildVerb object at 0x7fb811fb20>>)
[0.388s] Level 1:colcon.colcon_core.package_discovery:discover_packages(colcon_meta) check parameters
[0.389s] Level 1:colcon.colcon_core.package_discovery:discover_packages(recursive) check parameters
[0.389s] Level 1:colcon.colcon_core.package_discovery:discover_packages(ignore) check parameters
[0.389s] Level 1:colcon.colcon_core.package_discovery:discover_packages(path) check parameters
[0.389s] Level 1:colcon.colcon_core.package_discovery:discover_packages(colcon_meta) discover
[0.389s] Level 1:colcon.colcon_core.package_discovery:discover_packages(recursive) discover
[0.389s] INFO:colcon.colcon_core.package_discovery:Crawling recursively for packages in '/home/orangepi/scuderiaferrari'
[0.389s] Level 1:colcon.colcon_core.package_identification:_identify(.) by extensions ['ignore', 'ignore_ament_install']
[0.389s] Level 1:colcon.colcon_core.package_identification:_identify(.) by extension 'ignore'
[0.390s] Level 1:colcon.colcon_core.package_identification:_identify(.) by extension 'ignore_ament_install'
[0.390s] Level 1:colcon.colcon_core.package_identification:_identify(.) by extensions ['colcon_pkg']
[0.390s] Level 1:colcon.colcon_core.package_identification:_identify(.) by extension 'colcon_pkg'
[0.390s] Level 1:colcon.colcon_core.package_identification:_identify(.) by extensions ['colcon_meta']
[0.390s] Level 1:colcon.colcon_core.package_identification:_identify(.) by extension 'colcon_meta'
[0.390s] Level 1:colcon.colcon_core.package_identification:_identify(.) by extensions ['ros']
[0.390s] Level 1:colcon.colcon_core.package_identification:_identify(.) by extension 'ros'
[0.410s] Level 1:colcon.colcon_core.package_identification:_identify(.) by extensions ['cmake', 'python']
[0.411s] Level 1:colcon.colcon_core.package_identification:_identify(.) by extension 'cmake'
[0.411s] Level 1:colcon.colcon_core.package_identification:_identify(.) by extension 'python'
[0.411s] Level 1:colcon.colcon_core.package_identification:_identify(.) by extensions ['python_setup_py']
[0.411s] Level 1:colcon.colcon_core.package_identification:_identify(.) by extension 'python_setup_py'
[0.412s] Level 1:colcon.colcon_core.package_identification:_identify(build) by extensions ['ignore', 'ignore_ament_install']
[0.412s] Level 1:colcon.colcon_core.package_identification:_identify(build) by extension 'ignore'
[0.412s] Level 1:colcon.colcon_core.package_identification:_identify(build) ignored
[0.412s] Level 1:colcon.colcon_core.package_identification:_identify(install) by extensions ['ignore', 'ignore_ament_install']
[0.413s] Level 1:colcon.colcon_core.package_identification:_identify(install) by extension 'ignore'
[0.413s] Level 1:colcon.colcon_core.package_identification:_identify(install) ignored
[0.413s] Level 1:colcon.colcon_core.package_identification:_identify(log) by extensions ['ignore', 'ignore_ament_install']
[0.414s] Level 1:colcon.colcon_core.package_identification:_identify(log) by extension 'ignore'
[0.414s] Level 1:colcon.colcon_core.package_identification:_identify(log) ignored
[0.414s] Level 1:colcon.colcon_core.package_identification:_identify(setupUI) by extensions ['ignore', 'ignore_ament_install']
[0.414s] Level 1:colcon.colcon_core.package_identification:_identify(setupUI) by extension 'ignore'
[0.414s] Level 1:colcon.colcon_core.package_identification:_identify(setupUI) by extension 'ignore_ament_install'
[0.414s] Level 1:colcon.colcon_core.package_identification:_identify(setupUI) by extensions ['colcon_pkg']
[0.414s] Level 1:colcon.colcon_core.package_identification:_identify(setupUI) by extension 'colcon_pkg'
[0.415s] Level 1:colcon.colcon_core.package_identification:_identify(setupUI) by extensions ['colcon_meta']
[0.415s] Level 1:colcon.colcon_core.package_identification:_identify(setupUI) by extension 'colcon_meta'
[0.415s] Level 1:colcon.colcon_core.package_identification:_identify(setupUI) by extensions ['ros']
[0.415s] Level 1:colcon.colcon_core.package_identification:_identify(setupUI) by extension 'ros'
[0.415s] Level 1:colcon.colcon_core.package_identification:_identify(setupUI) by extensions ['cmake', 'python']
[0.415s] Level 1:colcon.colcon_core.package_identification:_identify(setupUI) by extension 'cmake'
[0.415s] Level 1:colcon.colcon_core.package_identification:_identify(setupUI) by extension 'python'
[0.415s] Level 1:colcon.colcon_core.package_identification:_identify(setupUI) by extensions ['python_setup_py']
[0.415s] Level 1:colcon.colcon_core.package_identification:_identify(setupUI) by extension 'python_setup_py'
[0.415s] Level 1:colcon.colcon_core.package_identification:_identify(setupUI/__pycache__) by extensions ['ignore', 'ignore_ament_install']
[0.415s] Level 1:colcon.colcon_core.package_identification:_identify(setupUI/__pycache__) by extension 'ignore'
[0.415s] Level 1:colcon.colcon_core.package_identification:_identify(setupUI/__pycache__) by extension 'ignore_ament_install'
[0.415s] Level 1:colcon.colcon_core.package_identification:_identify(setupUI/__pycache__) by extensions ['colcon_pkg']
[0.415s] Level 1:colcon.colcon_core.package_identification:_identify(setupUI/__pycache__) by extension 'colcon_pkg'
[0.415s] Level 1:colcon.colcon_core.package_identification:_identify(setupUI/__pycache__) by extensions ['colcon_meta']
[0.415s] Level 1:colcon.colcon_core.package_identification:_identify(setupUI/__pycache__) by extension 'colcon_meta'
[0.415s] Level 1:colcon.colcon_core.package_identification:_identify(setupUI/__pycache__) by extensions ['ros']
[0.415s] Level 1:colcon.colcon_core.package_identification:_identify(setupUI/__pycache__) by extension 'ros'
[0.416s] Level 1:colcon.colcon_core.package_identification:_identify(setupUI/__pycache__) by extensions ['cmake', 'python']
[0.416s] Level 1:colcon.colcon_core.package_identification:_identify(setupUI/__pycache__) by extension 'cmake'
[0.416s] Level 1:colcon.colcon_core.package_identification:_identify(setupUI/__pycache__) by extension 'python'
[0.416s] Level 1:colcon.colcon_core.package_identification:_identify(setupUI/__pycache__) by extensions ['python_setup_py']
[0.416s] Level 1:colcon.colcon_core.package_identification:_identify(setupUI/__pycache__) by extension 'python_setup_py'
[0.416s] Level 1:colcon.colcon_core.package_identification:_identify(setupUI/build) by extensions ['ignore', 'ignore_ament_install']
[0.416s] Level 1:colcon.colcon_core.package_identification:_identify(setupUI/build) by extension 'ignore'
[0.416s] Level 1:colcon.colcon_core.package_identification:_identify(setupUI/build) by extension 'ignore_ament_install'
[0.416s] Level 1:colcon.colcon_core.package_identification:_identify(setupUI/build) by extensions ['colcon_pkg']
[0.416s] Level 1:colcon.colcon_core.package_identification:_identify(setupUI/build) by extension 'colcon_pkg'
[0.416s] Level 1:colcon.colcon_core.package_identification:_identify(setupUI/build) by extensions ['colcon_meta']
[0.416s] Level 1:colcon.colcon_core.package_identification:_identify(setupUI/build) by extension 'colcon_meta'
[0.416s] Level 1:colcon.colcon_core.package_identification:_identify(setupUI/build) by extensions ['ros']
[0.416s] Level 1:colcon.colcon_core.package_identification:_identify(setupUI/build) by extension 'ros'
[0.416s] Level 1:colcon.colcon_core.package_identification:_identify(setupUI/build) by extensions ['cmake', 'python']
[0.416s] Level 1:colcon.colcon_core.package_identification:_identify(setupUI/build) by extension 'cmake'
[0.416s] Level 1:colcon.colcon_core.package_identification:_identify(setupUI/build) by extension 'python'
[0.417s] Level 1:colcon.colcon_core.package_identification:_identify(setupUI/build) by extensions ['python_setup_py']
[0.417s] Level 1:colcon.colcon_core.package_identification:_identify(setupUI/build) by extension 'python_setup_py'
[0.417s] Level 1:colcon.colcon_core.package_identification:_identify(setupUI/build/setup_webui) by extensions ['ignore', 'ignore_ament_install']
[0.417s] Level 1:colcon.colcon_core.package_identification:_identify(setupUI/build/setup_webui) by extension 'ignore'
[0.417s] Level 1:colcon.colcon_core.package_identification:_identify(setupUI/build/setup_webui) by extension 'ignore_ament_install'
[0.417s] Level 1:colcon.colcon_core.package_identification:_identify(setupUI/build/setup_webui) by extensions ['colcon_pkg']
[0.417s] Level 1:colcon.colcon_core.package_identification:_identify(setupUI/build/setup_webui) by extension 'colcon_pkg'
[0.417s] Level 1:colcon.colcon_core.package_identification:_identify(setupUI/build/setup_webui) by extensions ['colcon_meta']
[0.417s] Level 1:colcon.colcon_core.package_identification:_identify(setupUI/build/setup_webui) by extension 'colcon_meta'
[0.417s] Level 1:colcon.colcon_core.package_identification:_identify(setupUI/build/setup_webui) by extensions ['ros']
[0.417s] Level 1:colcon.colcon_core.package_identification:_identify(setupUI/build/setup_webui) by extension 'ros'
[0.417s] Level 1:colcon.colcon_core.package_identification:_identify(setupUI/build/setup_webui) by extensions ['cmake', 'python']
[0.417s] Level 1:colcon.colcon_core.package_identification:_identify(setupUI/build/setup_webui) by extension 'cmake'
[0.417s] Level 1:colcon.colcon_core.package_identification:_identify(setupUI/build/setup_webui) by extension 'python'
[0.417s] Level 1:colcon.colcon_core.package_identification:_identify(setupUI/build/setup_webui) by extensions ['python_setup_py']
[0.417s] Level 1:colcon.colcon_core.package_identification:_identify(setupUI/build/setup_webui) by extension 'python_setup_py'
[0.418s] Level 1:colcon.colcon_core.package_identification:_identify(setupUI/build/setup_webui/_pyi_gschema_compilation) by extensions ['ignore', 'ignore_ament_install']
[0.418s] Level 1:colcon.colcon_core.package_identification:_identify(setupUI/build/setup_webui/_pyi_gschema_compilation) by extension 'ignore'
[0.418s] Level 1:colcon.colcon_core.package_identification:_identify(setupUI/build/setup_webui/_pyi_gschema_compilation) by extension 'ignore_ament_install'
[0.418s] Level 1:colcon.colcon_core.package_identification:_identify(setupUI/build/setup_webui/_pyi_gschema_compilation) by extensions ['colcon_pkg']
[0.418s] Level 1:colcon.colcon_core.package_identification:_identify(setupUI/build/setup_webui/_pyi_gschema_compilation) by extension 'colcon_pkg'
[0.418s] Level 1:colcon.colcon_core.package_identification:_identify(setupUI/build/setup_webui/_pyi_gschema_compilation) by extensions ['colcon_meta']
[0.418s] Level 1:colcon.colcon_core.package_identification:_identify(setupUI/build/setup_webui/_pyi_gschema_compilation) by extension 'colcon_meta'
[0.418s] Level 1:colcon.colcon_core.package_identification:_identify(setupUI/build/setup_webui/_pyi_gschema_compilation) by extensions ['ros']
[0.418s] Level 1:colcon.colcon_core.package_identification:_identify(setupUI/build/setup_webui/_pyi_gschema_compilation) by extension 'ros'
[0.418s] Level 1:colcon.colcon_core.package_identification:_identify(setupUI/build/setup_webui/_pyi_gschema_compilation) by extensions ['cmake', 'python']
[0.418s] Level 1:colcon.colcon_core.package_identification:_identify(setupUI/build/setup_webui/_pyi_gschema_compilation) by extension 'cmake'
[0.418s] Level 1:colcon.colcon_core.package_identification:_identify(setupUI/build/setup_webui/_pyi_gschema_compilation) by extension 'python'
[0.418s] Level 1:colcon.colcon_core.package_identification:_identify(setupUI/build/setup_webui/_pyi_gschema_compilation) by extensions ['python_setup_py']
[0.418s] Level 1:colcon.colcon_core.package_identification:_identify(setupUI/build/setup_webui/_pyi_gschema_compilation) by extension 'python_setup_py'
[0.418s] Level 1:colcon.colcon_core.package_identification:_identify(setupUI/build/setup_webui/localpycs) by extensions ['ignore', 'ignore_ament_install']
[0.419s] Level 1:colcon.colcon_core.package_identification:_identify(setupUI/build/setup_webui/localpycs) by extension 'ignore'
[0.419s] Level 1:colcon.colcon_core.package_identification:_identify(setupUI/build/setup_webui/localpycs) by extension 'ignore_ament_install'
[0.419s] Level 1:colcon.colcon_core.package_identification:_identify(setupUI/build/setup_webui/localpycs) by extensions ['colcon_pkg']
[0.419s] Level 1:colcon.colcon_core.package_identification:_identify(setupUI/build/setup_webui/localpycs) by extension 'colcon_pkg'
[0.419s] Level 1:colcon.colcon_core.package_identification:_identify(setupUI/build/setup_webui/localpycs) by extensions ['colcon_meta']
[0.419s] Level 1:colcon.colcon_core.package_identification:_identify(setupUI/build/setup_webui/localpycs) by extension 'colcon_meta'
[0.419s] Level 1:colcon.colcon_core.package_identification:_identify(setupUI/build/setup_webui/localpycs) by extensions ['ros']
[0.419s] Level 1:colcon.colcon_core.package_identification:_identify(setupUI/build/setup_webui/localpycs) by extension 'ros'
[0.419s] Level 1:colcon.colcon_core.package_identification:_identify(setupUI/build/setup_webui/localpycs) by extensions ['cmake', 'python']
[0.419s] Level 1:colcon.colcon_core.package_identification:_identify(setupUI/build/setup_webui/localpycs) by extension 'cmake'
[0.419s] Level 1:colcon.colcon_core.package_identification:_identify(setupUI/build/setup_webui/localpycs) by extension 'python'
[0.419s] Level 1:colcon.colcon_core.package_identification:_identify(setupUI/build/setup_webui/localpycs) by extensions ['python_setup_py']
[0.419s] Level 1:colcon.colcon_core.package_identification:_identify(setupUI/build/setup_webui/localpycs) by extension 'python_setup_py'
[0.419s] Level 1:colcon.colcon_core.package_identification:_identify(setupUI/dist) by extensions ['ignore', 'ignore_ament_install']
[0.419s] Level 1:colcon.colcon_core.package_identification:_identify(setupUI/dist) by extension 'ignore'
[0.419s] Level 1:colcon.colcon_core.package_identification:_identify(setupUI/dist) by extension 'ignore_ament_install'
[0.420s] Level 1:colcon.colcon_core.package_identification:_identify(setupUI/dist) by extensions ['colcon_pkg']
[0.420s] Level 1:colcon.colcon_core.package_identification:_identify(setupUI/dist) by extension 'colcon_pkg'
[0.420s] Level 1:colcon.colcon_core.package_identification:_identify(setupUI/dist) by extensions ['colcon_meta']
[0.420s] Level 1:colcon.colcon_core.package_identification:_identify(setupUI/dist) by extension 'colcon_meta'
[0.420s] Level 1:colcon.colcon_core.package_identification:_identify(setupUI/dist) by extensions ['ros']
[0.420s] Level 1:colcon.colcon_core.package_identification:_identify(setupUI/dist) by extension 'ros'
[0.420s] Level 1:colcon.colcon_core.package_identification:_identify(setupUI/dist) by extensions ['cmake', 'python']
[0.420s] Level 1:colcon.colcon_core.package_identification:_identify(setupUI/dist) by extension 'cmake'
[0.420s] Level 1:colcon.colcon_core.package_identification:_identify(setupUI/dist) by extension 'python'
[0.420s] Level 1:colcon.colcon_core.package_identification:_identify(setupUI/dist) by extensions ['python_setup_py']
[0.420s] Level 1:colcon.colcon_core.package_identification:_identify(setupUI/dist) by extension 'python_setup_py'
[0.420s] Level 1:colcon.colcon_core.package_identification:_identify(setupUI/dist/models) by extensions ['ignore', 'ignore_ament_install']
[0.420s] Level 1:colcon.colcon_core.package_identification:_identify(setupUI/dist/models) by extension 'ignore'
[0.420s] Level 1:colcon.colcon_core.package_identification:_identify(setupUI/dist/models) by extension 'ignore_ament_install'
[0.420s] Level 1:colcon.colcon_core.package_identification:_identify(setupUI/dist/models) by extensions ['colcon_pkg']
[0.420s] Level 1:colcon.colcon_core.package_identification:_identify(setupUI/dist/models) by extension 'colcon_pkg'
[0.420s] Level 1:colcon.colcon_core.package_identification:_identify(setupUI/dist/models) by extensions ['colcon_meta']
[0.420s] Level 1:colcon.colcon_core.package_identification:_identify(setupUI/dist/models) by extension 'colcon_meta'
[0.421s] Level 1:colcon.colcon_core.package_identification:_identify(setupUI/dist/models) by extensions ['ros']
[0.421s] Level 1:colcon.colcon_core.package_identification:_identify(setupUI/dist/models) by extension 'ros'
[0.421s] Level 1:colcon.colcon_core.package_identification:_identify(setupUI/dist/models) by extensions ['cmake', 'python']
[0.421s] Level 1:colcon.colcon_core.package_identification:_identify(setupUI/dist/models) by extension 'cmake'
[0.421s] Level 1:colcon.colcon_core.package_identification:_identify(setupUI/dist/models) by extension 'python'
[0.421s] Level 1:colcon.colcon_core.package_identification:_identify(setupUI/dist/models) by extensions ['python_setup_py']
[0.421s] Level 1:colcon.colcon_core.package_identification:_identify(setupUI/dist/models) by extension 'python_setup_py'
[0.421s] Level 1:colcon.colcon_core.package_identification:_identify(setupUI/infer_wrap) by extensions ['ignore', 'ignore_ament_install']
[0.421s] Level 1:colcon.colcon_core.package_identification:_identify(setupUI/infer_wrap) by extension 'ignore'
[0.421s] Level 1:colcon.colcon_core.package_identification:_identify(setupUI/infer_wrap) by extension 'ignore_ament_install'
[0.421s] Level 1:colcon.colcon_core.package_identification:_identify(setupUI/infer_wrap) by extensions ['colcon_pkg']
[0.421s] Level 1:colcon.colcon_core.package_identification:_identify(setupUI/infer_wrap) by extension 'colcon_pkg'
[0.421s] Level 1:colcon.colcon_core.package_identification:_identify(setupUI/infer_wrap) by extensions ['colcon_meta']
[0.421s] Level 1:colcon.colcon_core.package_identification:_identify(setupUI/infer_wrap) by extension 'colcon_meta'
[0.421s] Level 1:colcon.colcon_core.package_identification:_identify(setupUI/infer_wrap) by extensions ['ros']
[0.421s] Level 1:colcon.colcon_core.package_identification:_identify(setupUI/infer_wrap) by extension 'ros'
[0.421s] Level 1:colcon.colcon_core.package_identification:_identify(setupUI/infer_wrap) by extensions ['cmake', 'python']
[0.421s] Level 1:colcon.colcon_core.package_identification:_identify(setupUI/infer_wrap) by extension 'cmake'
[0.421s] Level 1:colcon.colcon_core.package_identification:_identify(setupUI/infer_wrap) by extension 'python'
[0.422s] Level 1:colcon.colcon_core.package_identification:_identify(setupUI/infer_wrap) by extensions ['python_setup_py']
[0.422s] Level 1:colcon.colcon_core.package_identification:_identify(setupUI/infer_wrap) by extension 'python_setup_py'
[0.422s] Level 1:colcon.colcon_core.package_identification:_identify(setupUI/infer_wrap/__pycache__) by extensions ['ignore', 'ignore_ament_install']
[0.422s] Level 1:colcon.colcon_core.package_identification:_identify(setupUI/infer_wrap/__pycache__) by extension 'ignore'
[0.422s] Level 1:colcon.colcon_core.package_identification:_identify(setupUI/infer_wrap/__pycache__) by extension 'ignore_ament_install'
[0.422s] Level 1:colcon.colcon_core.package_identification:_identify(setupUI/infer_wrap/__pycache__) by extensions ['colcon_pkg']
[0.422s] Level 1:colcon.colcon_core.package_identification:_identify(setupUI/infer_wrap/__pycache__) by extension 'colcon_pkg'
[0.422s] Level 1:colcon.colcon_core.package_identification:_identify(setupUI/infer_wrap/__pycache__) by extensions ['colcon_meta']
[0.422s] Level 1:colcon.colcon_core.package_identification:_identify(setupUI/infer_wrap/__pycache__) by extension 'colcon_meta'
[0.422s] Level 1:colcon.colcon_core.package_identification:_identify(setupUI/infer_wrap/__pycache__) by extensions ['ros']
[0.422s] Level 1:colcon.colcon_core.package_identification:_identify(setupUI/infer_wrap/__pycache__) by extension 'ros'
[0.422s] Level 1:colcon.colcon_core.package_identification:_identify(setupUI/infer_wrap/__pycache__) by extensions ['cmake', 'python']
[0.422s] Level 1:colcon.colcon_core.package_identification:_identify(setupUI/infer_wrap/__pycache__) by extension 'cmake'
[0.422s] Level 1:colcon.colcon_core.package_identification:_identify(setupUI/infer_wrap/__pycache__) by extension 'python'
[0.422s] Level 1:colcon.colcon_core.package_identification:_identify(setupUI/infer_wrap/__pycache__) by extensions ['python_setup_py']
[0.422s] Level 1:colcon.colcon_core.package_identification:_identify(setupUI/infer_wrap/__pycache__) by extension 'python_setup_py'
[0.422s] Level 1:colcon.colcon_core.package_identification:_identify(setupUI/infer_wrap/base) by extensions ['ignore', 'ignore_ament_install']
[0.423s] Level 1:colcon.colcon_core.package_identification:_identify(setupUI/infer_wrap/base) by extension 'ignore'
[0.423s] Level 1:colcon.colcon_core.package_identification:_identify(setupUI/infer_wrap/base) by extension 'ignore_ament_install'
[0.423s] Level 1:colcon.colcon_core.package_identification:_identify(setupUI/infer_wrap/base) by extensions ['colcon_pkg']
[0.423s] Level 1:colcon.colcon_core.package_identification:_identify(setupUI/infer_wrap/base) by extension 'colcon_pkg'
[0.423s] Level 1:colcon.colcon_core.package_identification:_identify(setupUI/infer_wrap/base) by extensions ['colcon_meta']
[0.423s] Level 1:colcon.colcon_core.package_identification:_identify(setupUI/infer_wrap/base) by extension 'colcon_meta'
[0.423s] Level 1:colcon.colcon_core.package_identification:_identify(setupUI/infer_wrap/base) by extensions ['ros']
[0.423s] Level 1:colcon.colcon_core.package_identification:_identify(setupUI/infer_wrap/base) by extension 'ros'
[0.423s] Level 1:colcon.colcon_core.package_identification:_identify(setupUI/infer_wrap/base) by extensions ['cmake', 'python']
[0.423s] Level 1:colcon.colcon_core.package_identification:_identify(setupUI/infer_wrap/base) by extension 'cmake'
[0.423s] Level 1:colcon.colcon_core.package_identification:_identify(setupUI/infer_wrap/base) by extension 'python'
[0.423s] Level 1:colcon.colcon_core.package_identification:_identify(setupUI/infer_wrap/base) by extensions ['python_setup_py']
[0.423s] Level 1:colcon.colcon_core.package_identification:_identify(setupUI/infer_wrap/base) by extension 'python_setup_py'
[0.423s] Level 1:colcon.colcon_core.package_identification:_identify(setupUI/infer_wrap/base/__pycache__) by extensions ['ignore', 'ignore_ament_install']
[0.423s] Level 1:colcon.colcon_core.package_identification:_identify(setupUI/infer_wrap/base/__pycache__) by extension 'ignore'
[0.423s] Level 1:colcon.colcon_core.package_identification:_identify(setupUI/infer_wrap/base/__pycache__) by extension 'ignore_ament_install'
[0.424s] Level 1:colcon.colcon_core.package_identification:_identify(setupUI/infer_wrap/base/__pycache__) by extensions ['colcon_pkg']
[0.424s] Level 1:colcon.colcon_core.package_identification:_identify(setupUI/infer_wrap/base/__pycache__) by extension 'colcon_pkg'
[0.424s] Level 1:colcon.colcon_core.package_identification:_identify(setupUI/infer_wrap/base/__pycache__) by extensions ['colcon_meta']
[0.424s] Level 1:colcon.colcon_core.package_identification:_identify(setupUI/infer_wrap/base/__pycache__) by extension 'colcon_meta'
[0.424s] Level 1:colcon.colcon_core.package_identification:_identify(setupUI/infer_wrap/base/__pycache__) by extensions ['ros']
[0.424s] Level 1:colcon.colcon_core.package_identification:_identify(setupUI/infer_wrap/base/__pycache__) by extension 'ros'
[0.424s] Level 1:colcon.colcon_core.package_identification:_identify(setupUI/infer_wrap/base/__pycache__) by extensions ['cmake', 'python']
[0.424s] Level 1:colcon.colcon_core.package_identification:_identify(setupUI/infer_wrap/base/__pycache__) by extension 'cmake'
[0.424s] Level 1:colcon.colcon_core.package_identification:_identify(setupUI/infer_wrap/base/__pycache__) by extension 'python'
[0.424s] Level 1:colcon.colcon_core.package_identification:_identify(setupUI/infer_wrap/base/__pycache__) by extensions ['python_setup_py']
[0.424s] Level 1:colcon.colcon_core.package_identification:_identify(setupUI/infer_wrap/base/__pycache__) by extension 'python_setup_py'
[0.424s] Level 1:colcon.colcon_core.package_identification:_identify(setupUI/infer_wrap/base/model) by extensions ['ignore', 'ignore_ament_install']
[0.424s] Level 1:colcon.colcon_core.package_identification:_identify(setupUI/infer_wrap/base/model) by extension 'ignore'
[0.424s] Level 1:colcon.colcon_core.package_identification:_identify(setupUI/infer_wrap/base/model) by extension 'ignore_ament_install'
[0.424s] Level 1:colcon.colcon_core.package_identification:_identify(setupUI/infer_wrap/base/model) by extensions ['colcon_pkg']
[0.424s] Level 1:colcon.colcon_core.package_identification:_identify(setupUI/infer_wrap/base/model) by extension 'colcon_pkg'
[0.424s] Level 1:colcon.colcon_core.package_identification:_identify(setupUI/infer_wrap/base/model) by extensions ['colcon_meta']
[0.425s] Level 1:colcon.colcon_core.package_identification:_identify(setupUI/infer_wrap/base/model) by extension 'colcon_meta'
[0.425s] Level 1:colcon.colcon_core.package_identification:_identify(setupUI/infer_wrap/base/model) by extensions ['ros']
[0.425s] Level 1:colcon.colcon_core.package_identification:_identify(setupUI/infer_wrap/base/model) by extension 'ros'
[0.425s] Level 1:colcon.colcon_core.package_identification:_identify(setupUI/infer_wrap/base/model) by extensions ['cmake', 'python']
[0.425s] Level 1:colcon.colcon_core.package_identification:_identify(setupUI/infer_wrap/base/model) by extension 'cmake'
[0.425s] Level 1:colcon.colcon_core.package_identification:_identify(setupUI/infer_wrap/base/model) by extension 'python'
[0.425s] Level 1:colcon.colcon_core.package_identification:_identify(setupUI/infer_wrap/base/model) by extensions ['python_setup_py']
[0.425s] Level 1:colcon.colcon_core.package_identification:_identify(setupUI/infer_wrap/base/model) by extension 'python_setup_py'
[0.425s] Level 1:colcon.colcon_core.package_identification:_identify(setupUI/infer_wrap/base/result) by extensions ['ignore', 'ignore_ament_install']
[0.425s] Level 1:colcon.colcon_core.package_identification:_identify(setupUI/infer_wrap/base/result) by extension 'ignore'
[0.425s] Level 1:colcon.colcon_core.package_identification:_identify(setupUI/infer_wrap/base/result) by extension 'ignore_ament_install'
[0.425s] Level 1:colcon.colcon_core.package_identification:_identify(setupUI/infer_wrap/base/result) by extensions ['colcon_pkg']
[0.425s] Level 1:colcon.colcon_core.package_identification:_identify(setupUI/infer_wrap/base/result) by extension 'colcon_pkg'
[0.425s] Level 1:colcon.colcon_core.package_identification:_identify(setupUI/infer_wrap/base/result) by extensions ['colcon_meta']
[0.425s] Level 1:colcon.colcon_core.package_identification:_identify(setupUI/infer_wrap/base/result) by extension 'colcon_meta'
[0.425s] Level 1:colcon.colcon_core.package_identification:_identify(setupUI/infer_wrap/base/result) by extensions ['ros']
[0.425s] Level 1:colcon.colcon_core.package_identification:_identify(setupUI/infer_wrap/base/result) by extension 'ros'
[0.425s] Level 1:colcon.colcon_core.package_identification:_identify(setupUI/infer_wrap/base/result) by extensions ['cmake', 'python']
[0.426s] Level 1:colcon.colcon_core.package_identification:_identify(setupUI/infer_wrap/base/result) by extension 'cmake'
[0.426s] Level 1:colcon.colcon_core.package_identification:_identify(setupUI/infer_wrap/base/result) by extension 'python'
[0.426s] Level 1:colcon.colcon_core.package_identification:_identify(setupUI/infer_wrap/base/result) by extensions ['python_setup_py']
[0.426s] Level 1:colcon.colcon_core.package_identification:_identify(setupUI/infer_wrap/base/result) by extension 'python_setup_py'
[0.426s] Level 1:colcon.colcon_core.package_identification:_identify(setupUI/templates) by extensions ['ignore', 'ignore_ament_install']
[0.426s] Level 1:colcon.colcon_core.package_identification:_identify(setupUI/templates) by extension 'ignore'
[0.426s] Level 1:colcon.colcon_core.package_identification:_identify(setupUI/templates) by extension 'ignore_ament_install'
[0.426s] Level 1:colcon.colcon_core.package_identification:_identify(setupUI/templates) by extensions ['colcon_pkg']
[0.426s] Level 1:colcon.colcon_core.package_identification:_identify(setupUI/templates) by extension 'colcon_pkg'
[0.426s] Level 1:colcon.colcon_core.package_identification:_identify(setupUI/templates) by extensions ['colcon_meta']
[0.426s] Level 1:colcon.colcon_core.package_identification:_identify(setupUI/templates) by extension 'colcon_meta'
[0.426s] Level 1:colcon.colcon_core.package_identification:_identify(setupUI/templates) by extensions ['ros']
[0.426s] Level 1:colcon.colcon_core.package_identification:_identify(setupUI/templates) by extension 'ros'
[0.426s] Level 1:colcon.colcon_core.package_identification:_identify(setupUI/templates) by extensions ['cmake', 'python']
[0.426s] Level 1:colcon.colcon_core.package_identification:_identify(setupUI/templates) by extension 'cmake'
[0.426s] Level 1:colcon.colcon_core.package_identification:_identify(setupUI/templates) by extension 'python'
[0.426s] Level 1:colcon.colcon_core.package_identification:_identify(setupUI/templates) by extensions ['python_setup_py']
[0.426s] Level 1:colcon.colcon_core.package_identification:_identify(setupUI/templates) by extension 'python_setup_py'
[0.427s] Level 1:colcon.colcon_core.package_identification:_identify(src) by extensions ['ignore', 'ignore_ament_install']
[0.427s] Level 1:colcon.colcon_core.package_identification:_identify(src) by extension 'ignore'
[0.427s] Level 1:colcon.colcon_core.package_identification:_identify(src) by extension 'ignore_ament_install'
[0.427s] Level 1:colcon.colcon_core.package_identification:_identify(src) by extensions ['colcon_pkg']
[0.427s] Level 1:colcon.colcon_core.package_identification:_identify(src) by extension 'colcon_pkg'
[0.427s] Level 1:colcon.colcon_core.package_identification:_identify(src) by extensions ['colcon_meta']
[0.427s] Level 1:colcon.colcon_core.package_identification:_identify(src) by extension 'colcon_meta'
[0.427s] Level 1:colcon.colcon_core.package_identification:_identify(src) by extensions ['ros']
[0.427s] Level 1:colcon.colcon_core.package_identification:_identify(src) by extension 'ros'
[0.427s] Level 1:colcon.colcon_core.package_identification:_identify(src) by extensions ['cmake', 'python']
[0.427s] Level 1:colcon.colcon_core.package_identification:_identify(src) by extension 'cmake'
[0.427s] Level 1:colcon.colcon_core.package_identification:_identify(src) by extension 'python'
[0.427s] Level 1:colcon.colcon_core.package_identification:_identify(src) by extensions ['python_setup_py']
[0.427s] Level 1:colcon.colcon_core.package_identification:_identify(src) by extension 'python_setup_py'
[0.427s] Level 1:colcon.colcon_core.package_identification:_identify(src/chassis_controller) by extensions ['ignore', 'ignore_ament_install']
[0.428s] Level 1:colcon.colcon_core.package_identification:_identify(src/chassis_controller) by extension 'ignore'
[0.428s] Level 1:colcon.colcon_core.package_identification:_identify(src/chassis_controller) by extension 'ignore_ament_install'
[0.428s] Level 1:colcon.colcon_core.package_identification:_identify(src/chassis_controller) by extensions ['colcon_pkg']
[0.428s] Level 1:colcon.colcon_core.package_identification:_identify(src/chassis_controller) by extension 'colcon_pkg'
[0.428s] Level 1:colcon.colcon_core.package_identification:_identify(src/chassis_controller) by extensions ['colcon_meta']
[0.428s] Level 1:colcon.colcon_core.package_identification:_identify(src/chassis_controller) by extension 'colcon_meta'
[0.428s] Level 1:colcon.colcon_core.package_identification:_identify(src/chassis_controller) by extensions ['ros']
[0.428s] Level 1:colcon.colcon_core.package_identification:_identify(src/chassis_controller) by extension 'ros'
[0.436s] DEBUG:colcon.colcon_core.package_identification:Package 'src/chassis_controller' with type 'ros.ament_python' and name 'chassis_controller'
[0.436s] Level 1:colcon.colcon_core.package_identification:_identify(src/keyboard_controller) by extensions ['ignore', 'ignore_ament_install']
[0.437s] Level 1:colcon.colcon_core.package_identification:_identify(src/keyboard_controller) by extension 'ignore'
[0.437s] Level 1:colcon.colcon_core.package_identification:_identify(src/keyboard_controller) by extension 'ignore_ament_install'
[0.437s] Level 1:colcon.colcon_core.package_identification:_identify(src/keyboard_controller) by extensions ['colcon_pkg']
[0.437s] Level 1:colcon.colcon_core.package_identification:_identify(src/keyboard_controller) by extension 'colcon_pkg'
[0.438s] Level 1:colcon.colcon_core.package_identification:_identify(src/keyboard_controller) by extensions ['colcon_meta']
[0.438s] Level 1:colcon.colcon_core.package_identification:_identify(src/keyboard_controller) by extension 'colcon_meta'
[0.438s] Level 1:colcon.colcon_core.package_identification:_identify(src/keyboard_controller) by extensions ['ros']
[0.438s] Level 1:colcon.colcon_core.package_identification:_identify(src/keyboard_controller) by extension 'ros'
[0.439s] DEBUG:colcon.colcon_core.package_identification:Package 'src/keyboard_controller' with type 'ros.ament_python' and name 'keyboard_controller'
[0.440s] Level 1:colcon.colcon_core.package_identification:_identify(src/line_follower_control) by extensions ['ignore', 'ignore_ament_install']
[0.440s] Level 1:colcon.colcon_core.package_identification:_identify(src/line_follower_control) by extension 'ignore'
[0.440s] Level 1:colcon.colcon_core.package_identification:_identify(src/line_follower_control) by extension 'ignore_ament_install'
[0.440s] Level 1:colcon.colcon_core.package_identification:_identify(src/line_follower_control) by extensions ['colcon_pkg']
[0.440s] Level 1:colcon.colcon_core.package_identification:_identify(src/line_follower_control) by extension 'colcon_pkg'
[0.440s] Level 1:colcon.colcon_core.package_identification:_identify(src/line_follower_control) by extensions ['colcon_meta']
[0.440s] Level 1:colcon.colcon_core.package_identification:_identify(src/line_follower_control) by extension 'colcon_meta'
[0.440s] Level 1:colcon.colcon_core.package_identification:_identify(src/line_follower_control) by extensions ['ros']
[0.440s] Level 1:colcon.colcon_core.package_identification:_identify(src/line_follower_control) by extension 'ros'
[0.442s] DEBUG:colcon.colcon_core.package_identification:Package 'src/line_follower_control' with type 'ros.ament_python' and name 'line_follower_control'
[0.442s] Level 1:colcon.colcon_core.package_identification:_identify(src/position_udp_bridge) by extensions ['ignore', 'ignore_ament_install']
[0.442s] Level 1:colcon.colcon_core.package_identification:_identify(src/position_udp_bridge) by extension 'ignore'
[0.442s] Level 1:colcon.colcon_core.package_identification:_identify(src/position_udp_bridge) by extension 'ignore_ament_install'
[0.442s] Level 1:colcon.colcon_core.package_identification:_identify(src/position_udp_bridge) by extensions ['colcon_pkg']
[0.443s] Level 1:colcon.colcon_core.package_identification:_identify(src/position_udp_bridge) by extension 'colcon_pkg'
[0.443s] Level 1:colcon.colcon_core.package_identification:_identify(src/position_udp_bridge) by extensions ['colcon_meta']
[0.443s] Level 1:colcon.colcon_core.package_identification:_identify(src/position_udp_bridge) by extension 'colcon_meta'
[0.443s] Level 1:colcon.colcon_core.package_identification:_identify(src/position_udp_bridge) by extensions ['ros']
[0.443s] Level 1:colcon.colcon_core.package_identification:_identify(src/position_udp_bridge) by extension 'ros'
[0.444s] DEBUG:colcon.colcon_core.package_identification:Package 'src/position_udp_bridge' with type 'ros.ament_python' and name 'position_udp_bridge'
[0.445s] Level 1:colcon.colcon_core.package_identification:_identify(src/track_perception) by extensions ['ignore', 'ignore_ament_install']
[0.445s] Level 1:colcon.colcon_core.package_identification:_identify(src/track_perception) by extension 'ignore'
[0.445s] Level 1:colcon.colcon_core.package_identification:_identify(src/track_perception) by extension 'ignore_ament_install'
[0.445s] Level 1:colcon.colcon_core.package_identification:_identify(src/track_perception) by extensions ['colcon_pkg']
[0.445s] Level 1:colcon.colcon_core.package_identification:_identify(src/track_perception) by extension 'colcon_pkg'
[0.445s] Level 1:colcon.colcon_core.package_identification:_identify(src/track_perception) by extensions ['colcon_meta']
[0.445s] Level 1:colcon.colcon_core.package_identification:_identify(src/track_perception) by extension 'colcon_meta'
[0.445s] Level 1:colcon.colcon_core.package_identification:_identify(src/track_perception) by extensions ['ros']
[0.445s] Level 1:colcon.colcon_core.package_identification:_identify(src/track_perception) by extension 'ros'
[0.447s] DEBUG:colcon.colcon_core.package_identification:Package 'src/track_perception' with type 'ros.ament_python' and name 'track_perception'
[0.447s] Level 1:colcon.colcon_core.package_identification:_identify(src/uwb_locator) by extensions ['ignore', 'ignore_ament_install']
[0.447s] Level 1:colcon.colcon_core.package_identification:_identify(src/uwb_locator) by extension 'ignore'
[0.447s] Level 1:colcon.colcon_core.package_identification:_identify(src/uwb_locator) by extension 'ignore_ament_install'
[0.447s] Level 1:colcon.colcon_core.package_identification:_identify(src/uwb_locator) by extensions ['colcon_pkg']
[0.447s] Level 1:colcon.colcon_core.package_identification:_identify(src/uwb_locator) by extension 'colcon_pkg'
[0.448s] Level 1:colcon.colcon_core.package_identification:_identify(src/uwb_locator) by extensions ['colcon_meta']
[0.448s] Level 1:colcon.colcon_core.package_identification:_identify(src/uwb_locator) by extension 'colcon_meta'
[0.448s] Level 1:colcon.colcon_core.package_identification:_identify(src/uwb_locator) by extensions ['ros']
[0.448s] Level 1:colcon.colcon_core.package_identification:_identify(src/uwb_locator) by extension 'ros'
[0.449s] DEBUG:colcon.colcon_core.package_identification:Package 'src/uwb_locator' with type 'ros.ament_python' and name 'uwb_locator'
[0.450s] Level 1:colcon.colcon_core.package_discovery:discover_packages(recursive) using defaults
[0.450s] Level 1:colcon.colcon_core.package_discovery:discover_packages(ignore) discover
[0.450s] Level 1:colcon.colcon_core.package_discovery:discover_packages(ignore) using defaults
[0.450s] Level 1:colcon.colcon_core.package_discovery:discover_packages(path) discover
[0.450s] Level 1:colcon.colcon_core.package_discovery:discover_packages(path) using defaults
[0.518s] Level 5:colcon.colcon_core.verb:set package 'chassis_controller' build argument 'cmake_args' from command line to 'None'
[0.518s] Level 5:colcon.colcon_core.verb:set package 'chassis_controller' build argument 'cmake_target' from command line to 'None'
[0.518s] Level 5:colcon.colcon_core.verb:set package 'chassis_controller' build argument 'cmake_target_skip_unavailable' from command line to 'False'
[0.518s] Level 5:colcon.colcon_core.verb:set package 'chassis_controller' build argument 'cmake_clean_cache' from command line to 'False'
[0.518s] Level 5:colcon.colcon_core.verb:set package 'chassis_controller' build argument 'cmake_clean_first' from command line to 'False'
[0.518s] Level 5:colcon.colcon_core.verb:set package 'chassis_controller' build argument 'cmake_force_configure' from command line to 'False'
[0.518s] Level 5:colcon.colcon_core.verb:set package 'chassis_controller' build argument 'ament_cmake_args' from command line to 'None'
[0.518s] Level 5:colcon.colcon_core.verb:set package 'chassis_controller' build argument 'catkin_cmake_args' from command line to 'None'
[0.519s] Level 5:colcon.colcon_core.verb:set package 'chassis_controller' build argument 'catkin_skip_building_tests' from command line to 'False'
[0.519s] DEBUG:colcon.colcon_core.verb:Building package 'chassis_controller' with the following arguments: {'ament_cmake_args': None, 'build_base': '/home/orangepi/scuderiaferrari/build/chassis_controller', 'catkin_cmake_args': None, 'catkin_skip_building_tests': False, 'cmake_args': None, 'cmake_clean_cache': False, 'cmake_clean_first': False, 'cmake_force_configure': False, 'cmake_target': None, 'cmake_target_skip_unavailable': False, 'install_base': '/home/orangepi/scuderiaferrari/install/chassis_controller', 'merge_install': False, 'path': '/home/orangepi/scuderiaferrari/src/chassis_controller', 'symlink_install': False, 'test_result_base': None}
[0.519s] Level 5:colcon.colcon_core.verb:set package 'keyboard_controller' build argument 'cmake_args' from command line to 'None'
[0.519s] Level 5:colcon.colcon_core.verb:set package 'keyboard_controller' build argument 'cmake_target' from command line to 'None'
[0.519s] Level 5:colcon.colcon_core.verb:set package 'keyboard_controller' build argument 'cmake_target_skip_unavailable' from command line to 'False'
[0.519s] Level 5:colcon.colcon_core.verb:set package 'keyboard_controller' build argument 'cmake_clean_cache' from command line to 'False'
[0.519s] Level 5:colcon.colcon_core.verb:set package 'keyboard_controller' build argument 'cmake_clean_first' from command line to 'False'
[0.519s] Level 5:colcon.colcon_core.verb:set package 'keyboard_controller' build argument 'cmake_force_configure' from command line to 'False'
[0.519s] Level 5:colcon.colcon_core.verb:set package 'keyboard_controller' build argument 'ament_cmake_args' from command line to 'None'
[0.519s] Level 5:colcon.colcon_core.verb:set package 'keyboard_controller' build argument 'catkin_cmake_args' from command line to 'None'
[0.519s] Level 5:colcon.colcon_core.verb:set package 'keyboard_controller' build argument 'catkin_skip_building_tests' from command line to 'False'
[0.519s] DEBUG:colcon.colcon_core.verb:Building package 'keyboard_controller' with the following arguments: {'ament_cmake_args': None, 'build_base': '/home/orangepi/scuderiaferrari/build/keyboard_controller', 'catkin_cmake_args': None, 'catkin_skip_building_tests': False, 'cmake_args': None, 'cmake_clean_cache': False, 'cmake_clean_first': False, 'cmake_force_configure': False, 'cmake_target': None, 'cmake_target_skip_unavailable': False, 'install_base': '/home/orangepi/scuderiaferrari/install/keyboard_controller', 'merge_install': False, 'path': '/home/orangepi/scuderiaferrari/src/keyboard_controller', 'symlink_install': False, 'test_result_base': None}
[0.520s] Level 5:colcon.colcon_core.verb:set package 'line_follower_control' build argument 'cmake_args' from command line to 'None'
[0.520s] Level 5:colcon.colcon_core.verb:set package 'line_follower_control' build argument 'cmake_target' from command line to 'None'
[0.520s] Level 5:colcon.colcon_core.verb:set package 'line_follower_control' build argument 'cmake_target_skip_unavailable' from command line to 'False'
[0.520s] Level 5:colcon.colcon_core.verb:set package 'line_follower_control' build argument 'cmake_clean_cache' from command line to 'False'
[0.520s] Level 5:colcon.colcon_core.verb:set package 'line_follower_control' build argument 'cmake_clean_first' from command line to 'False'
[0.520s] Level 5:colcon.colcon_core.verb:set package 'line_follower_control' build argument 'cmake_force_configure' from command line to 'False'
[0.520s] Level 5:colcon.colcon_core.verb:set package 'line_follower_control' build argument 'ament_cmake_args' from command line to 'None'
[0.520s] Level 5:colcon.colcon_core.verb:set package 'line_follower_control' build argument 'catkin_cmake_args' from command line to 'None'
[0.520s] Level 5:colcon.colcon_core.verb:set package 'line_follower_control' build argument 'catkin_skip_building_tests' from command line to 'False'
[0.520s] DEBUG:colcon.colcon_core.verb:Building package 'line_follower_control' with the following arguments: {'ament_cmake_args': None, 'build_base': '/home/orangepi/scuderiaferrari/build/line_follower_control', 'catkin_cmake_args': None, 'catkin_skip_building_tests': False, 'cmake_args': None, 'cmake_clean_cache': False, 'cmake_clean_first': False, 'cmake_force_configure': False, 'cmake_target': None, 'cmake_target_skip_unavailable': False, 'install_base': '/home/orangepi/scuderiaferrari/install/line_follower_control', 'merge_install': False, 'path': '/home/orangepi/scuderiaferrari/src/line_follower_control', 'symlink_install': False, 'test_result_base': None}
[0.521s] Level 5:colcon.colcon_core.verb:set package 'position_udp_bridge' build argument 'cmake_args' from command line to 'None'
[0.521s] Level 5:colcon.colcon_core.verb:set package 'position_udp_bridge' build argument 'cmake_target' from command line to 'None'
[0.521s] Level 5:colcon.colcon_core.verb:set package 'position_udp_bridge' build argument 'cmake_target_skip_unavailable' from command line to 'False'
[0.521s] Level 5:colcon.colcon_core.verb:set package 'position_udp_bridge' build argument 'cmake_clean_cache' from command line to 'False'
[0.521s] Level 5:colcon.colcon_core.verb:set package 'position_udp_bridge' build argument 'cmake_clean_first' from command line to 'False'
[0.521s] Level 5:colcon.colcon_core.verb:set package 'position_udp_bridge' build argument 'cmake_force_configure' from command line to 'False'
[0.521s] Level 5:colcon.colcon_core.verb:set package 'position_udp_bridge' build argument 'ament_cmake_args' from command line to 'None'
[0.521s] Level 5:colcon.colcon_core.verb:set package 'position_udp_bridge' build argument 'catkin_cmake_args' from command line to 'None'
[0.521s] Level 5:colcon.colcon_core.verb:set package 'position_udp_bridge' build argument 'catkin_skip_building_tests' from command line to 'False'
[0.521s] DEBUG:colcon.colcon_core.verb:Building package 'position_udp_bridge' with the following arguments: {'ament_cmake_args': None, 'build_base': '/home/orangepi/scuderiaferrari/build/position_udp_bridge', 'catkin_cmake_args': None, 'catkin_skip_building_tests': False, 'cmake_args': None, 'cmake_clean_cache': False, 'cmake_clean_first': False, 'cmake_force_configure': False, 'cmake_target': None, 'cmake_target_skip_unavailable': False, 'install_base': '/home/orangepi/scuderiaferrari/install/position_udp_bridge', 'merge_install': False, 'path': '/home/orangepi/scuderiaferrari/src/position_udp_bridge', 'symlink_install': False, 'test_result_base': None}
[0.521s] Level 5:colcon.colcon_core.verb:set package 'track_perception' build argument 'cmake_args' from command line to 'None'
[0.521s] Level 5:colcon.colcon_core.verb:set package 'track_perception' build argument 'cmake_target' from command line to 'None'
[0.521s] Level 5:colcon.colcon_core.verb:set package 'track_perception' build argument 'cmake_target_skip_unavailable' from command line to 'False'
[0.521s] Level 5:colcon.colcon_core.verb:set package 'track_perception' build argument 'cmake_clean_cache' from command line to 'False'
[0.521s] Level 5:colcon.colcon_core.verb:set package 'track_perception' build argument 'cmake_clean_first' from command line to 'False'
[0.521s] Level 5:colcon.colcon_core.verb:set package 'track_perception' build argument 'cmake_force_configure' from command line to 'False'
[0.522s] Level 5:colcon.colcon_core.verb:set package 'track_perception' build argument 'ament_cmake_args' from command line to 'None'
[0.522s] Level 5:colcon.colcon_core.verb:set package 'track_perception' build argument 'catkin_cmake_args' from command line to 'None'
[0.522s] Level 5:colcon.colcon_core.verb:set package 'track_perception' build argument 'catkin_skip_building_tests' from command line to 'False'
[0.522s] DEBUG:colcon.colcon_core.verb:Building package 'track_perception' with the following arguments: {'ament_cmake_args': None, 'build_base': '/home/orangepi/scuderiaferrari/build/track_perception', 'catkin_cmake_args': None, 'catkin_skip_building_tests': False, 'cmake_args': None, 'cmake_clean_cache': False, 'cmake_clean_first': False, 'cmake_force_configure': False, 'cmake_target': None, 'cmake_target_skip_unavailable': False, 'install_base': '/home/orangepi/scuderiaferrari/install/track_perception', 'merge_install': False, 'path': '/home/orangepi/scuderiaferrari/src/track_perception', 'symlink_install': False, 'test_result_base': None}
[0.522s] Level 5:colcon.colcon_core.verb:set package 'uwb_locator' build argument 'cmake_args' from command line to 'None'
[0.522s] Level 5:colcon.colcon_core.verb:set package 'uwb_locator' build argument 'cmake_target' from command line to 'None'
[0.522s] Level 5:colcon.colcon_core.verb:set package 'uwb_locator' build argument 'cmake_target_skip_unavailable' from command line to 'False'
[0.522s] Level 5:colcon.colcon_core.verb:set package 'uwb_locator' build argument 'cmake_clean_cache' from command line to 'False'
[0.522s] Level 5:colcon.colcon_core.verb:set package 'uwb_locator' build argument 'cmake_clean_first' from command line to 'False'
[0.522s] Level 5:colcon.colcon_core.verb:set package 'uwb_locator' build argument 'cmake_force_configure' from command line to 'False'
[0.522s] Level 5:colcon.colcon_core.verb:set package 'uwb_locator' build argument 'ament_cmake_args' from command line to 'None'
[0.522s] Level 5:colcon.colcon_core.verb:set package 'uwb_locator' build argument 'catkin_cmake_args' from command line to 'None'
[0.522s] Level 5:colcon.colcon_core.verb:set package 'uwb_locator' build argument 'catkin_skip_building_tests' from command line to 'False'
[0.522s] DEBUG:colcon.colcon_core.verb:Building package 'uwb_locator' with the following arguments: {'ament_cmake_args': None, 'build_base': '/home/orangepi/scuderiaferrari/build/uwb_locator', 'catkin_cmake_args': None, 'catkin_skip_building_tests': False, 'cmake_args': None, 'cmake_clean_cache': False, 'cmake_clean_first': False, 'cmake_force_configure': False, 'cmake_target': None, 'cmake_target_skip_unavailable': False, 'install_base': '/home/orangepi/scuderiaferrari/install/uwb_locator', 'merge_install': False, 'path': '/home/orangepi/scuderiaferrari/src/uwb_locator', 'symlink_install': False, 'test_result_base': None}
[0.523s] INFO:colcon.colcon_core.executor:Executing jobs using 'parallel' executor
[0.524s] DEBUG:colcon.colcon_parallel_executor.executor.parallel:run_until_complete
[0.525s] INFO:colcon.colcon_ros.task.ament_python.build:Building ROS package in '/home/orangepi/scuderiaferrari/src/chassis_controller' with build type 'ament_python'
[0.525s] Level 1:colcon.colcon_core.shell:create_environment_hook('chassis_controller', 'ament_prefix_path')
[0.529s] INFO:colcon.colcon_core.plugin_system:Skipping extension 'colcon_core.shell.bat': Not used on non-Windows systems
[0.530s] INFO:colcon.colcon_core.shell:Creating environment hook '/home/orangepi/scuderiaferrari/install/chassis_controller/share/chassis_controller/hook/ament_prefix_path.ps1'
[0.536s] INFO:colcon.colcon_core.shell:Creating environment descriptor '/home/orangepi/scuderiaferrari/install/chassis_controller/share/chassis_controller/hook/ament_prefix_path.dsv'
[0.541s] INFO:colcon.colcon_core.shell:Creating environment hook '/home/orangepi/scuderiaferrari/install/chassis_controller/share/chassis_controller/hook/ament_prefix_path.sh'
[0.547s] INFO:colcon.colcon_core.shell:Skip shell extension 'powershell' for command environment: Not usable outside of PowerShell
[0.547s] DEBUG:colcon.colcon_core.shell:Skip shell extension 'dsv' for command environment
[0.566s] INFO:colcon.colcon_ros.task.ament_python.build:Building ROS package in '/home/orangepi/scuderiaferrari/src/keyboard_controller' with build type 'ament_python'
[0.567s] Level 1:colcon.colcon_core.shell:create_environment_hook('keyboard_controller', 'ament_prefix_path')
[0.567s] INFO:colcon.colcon_core.shell:Creating environment hook '/home/orangepi/scuderiaferrari/install/keyboard_controller/share/keyboard_controller/hook/ament_prefix_path.ps1'
[0.573s] INFO:colcon.colcon_core.shell:Creating environment descriptor '/home/orangepi/scuderiaferrari/install/keyboard_controller/share/keyboard_controller/hook/ament_prefix_path.dsv'
[0.580s] INFO:colcon.colcon_core.shell:Creating environment hook '/home/orangepi/scuderiaferrari/install/keyboard_controller/share/keyboard_controller/hook/ament_prefix_path.sh'
[0.589s] INFO:colcon.colcon_core.shell:Skip shell extension 'powershell' for command environment: Not usable outside of PowerShell
[0.590s] DEBUG:colcon.colcon_core.shell:Skip shell extension 'dsv' for command environment
[0.611s] INFO:colcon.colcon_ros.task.ament_python.build:Building ROS package in '/home/orangepi/scuderiaferrari/src/line_follower_control' with build type 'ament_python'
[0.612s] Level 1:colcon.colcon_core.shell:create_environment_hook('line_follower_control', 'ament_prefix_path')
[0.613s] INFO:colcon.colcon_core.shell:Creating environment hook '/home/orangepi/scuderiaferrari/install/line_follower_control/share/line_follower_control/hook/ament_prefix_path.ps1'
[0.619s] INFO:colcon.colcon_core.shell:Creating environment descriptor '/home/orangepi/scuderiaferrari/install/line_follower_control/share/line_follower_control/hook/ament_prefix_path.dsv'
[0.624s] INFO:colcon.colcon_core.shell:Creating environment hook '/home/orangepi/scuderiaferrari/install/line_follower_control/share/line_follower_control/hook/ament_prefix_path.sh'
[0.630s] INFO:colcon.colcon_core.shell:Skip shell extension 'powershell' for command environment: Not usable outside of PowerShell
[0.630s] DEBUG:colcon.colcon_core.shell:Skip shell extension 'dsv' for command environment
[0.639s] INFO:colcon.colcon_ros.task.ament_python.build:Building ROS package in '/home/orangepi/scuderiaferrari/src/position_udp_bridge' with build type 'ament_python'
[0.640s] Level 1:colcon.colcon_core.shell:create_environment_hook('position_udp_bridge', 'ament_prefix_path')
[0.640s] INFO:colcon.colcon_core.shell:Creating environment hook '/home/orangepi/scuderiaferrari/install/position_udp_bridge/share/position_udp_bridge/hook/ament_prefix_path.ps1'
[0.645s] INFO:colcon.colcon_core.shell:Creating environment descriptor '/home/orangepi/scuderiaferrari/install/position_udp_bridge/share/position_udp_bridge/hook/ament_prefix_path.dsv'
[0.651s] INFO:colcon.colcon_core.shell:Creating environment hook '/home/orangepi/scuderiaferrari/install/position_udp_bridge/share/position_udp_bridge/hook/ament_prefix_path.sh'
[0.657s] INFO:colcon.colcon_core.shell:Skip shell extension 'powershell' for command environment: Not usable outside of PowerShell
[0.658s] DEBUG:colcon.colcon_core.shell:Skip shell extension 'dsv' for command environment
[0.679s] INFO:colcon.colcon_ros.task.ament_python.build:Building ROS package in '/home/orangepi/scuderiaferrari/src/track_perception' with build type 'ament_python'
[0.680s] Level 1:colcon.colcon_core.shell:create_environment_hook('track_perception', 'ament_prefix_path')
[0.681s] INFO:colcon.colcon_core.shell:Creating environment hook '/home/orangepi/scuderiaferrari/install/track_perception/share/track_perception/hook/ament_prefix_path.ps1'
[0.688s] INFO:colcon.colcon_core.shell:Creating environment descriptor '/home/orangepi/scuderiaferrari/install/track_perception/share/track_perception/hook/ament_prefix_path.dsv'
[0.696s] INFO:colcon.colcon_core.shell:Creating environment hook '/home/orangepi/scuderiaferrari/install/track_perception/share/track_perception/hook/ament_prefix_path.sh'
[0.699s] INFO:colcon.colcon_core.shell:Skip shell extension 'powershell' for command environment: Not usable outside of PowerShell
[0.700s] DEBUG:colcon.colcon_core.shell:Skip shell extension 'dsv' for command environment
[0.720s] INFO:colcon.colcon_ros.task.ament_python.build:Building ROS package in '/home/orangepi/scuderiaferrari/src/uwb_locator' with build type 'ament_python'
[0.721s] Level 1:colcon.colcon_core.shell:create_environment_hook('uwb_locator', 'ament_prefix_path')
[0.722s] INFO:colcon.colcon_core.shell:Creating environment hook '/home/orangepi/scuderiaferrari/install/uwb_locator/share/uwb_locator/hook/ament_prefix_path.ps1'
[0.727s] INFO:colcon.colcon_core.shell:Creating environment descriptor '/home/orangepi/scuderiaferrari/install/uwb_locator/share/uwb_locator/hook/ament_prefix_path.dsv'
[0.732s] INFO:colcon.colcon_core.shell:Creating environment hook '/home/orangepi/scuderiaferrari/install/uwb_locator/share/uwb_locator/hook/ament_prefix_path.sh'
[0.735s] INFO:colcon.colcon_core.shell:Skip shell extension 'powershell' for command environment: Not usable outside of PowerShell
[0.735s] DEBUG:colcon.colcon_core.shell:Skip shell extension 'dsv' for command environment
[1.167s] INFO:colcon.colcon_core.task.python.build:Building Python package in '/home/orangepi/scuderiaferrari/src/chassis_controller'
[1.167s] INFO:colcon.colcon_core.shell:Skip shell extension 'powershell' for command environment: Not usable outside of PowerShell
[1.167s] DEBUG:colcon.colcon_core.shell:Skip shell extension 'dsv' for command environment
[1.669s] INFO:colcon.colcon_core.task.python.build:Building Python package in '/home/orangepi/scuderiaferrari/src/keyboard_controller'
[1.670s] INFO:colcon.colcon_core.shell:Skip shell extension 'powershell' for command environment: Not usable outside of PowerShell
[1.670s] DEBUG:colcon.colcon_core.shell:Skip shell extension 'dsv' for command environment
[2.129s] INFO:colcon.colcon_core.task.python.build:Building Python package in '/home/orangepi/scuderiaferrari/src/line_follower_control'
[2.129s] INFO:colcon.colcon_core.shell:Skip shell extension 'powershell' for command environment: Not usable outside of PowerShell
[2.129s] DEBUG:colcon.colcon_core.shell:Skip shell extension 'dsv' for command environment
[2.609s] INFO:colcon.colcon_core.task.python.build:Building Python package in '/home/orangepi/scuderiaferrari/src/position_udp_bridge'
[2.610s] INFO:colcon.colcon_core.shell:Skip shell extension 'powershell' for command environment: Not usable outside of PowerShell
[2.610s] DEBUG:colcon.colcon_core.shell:Skip shell extension 'dsv' for command environment
[3.010s] INFO:colcon.colcon_core.task.python.build:Building Python package in '/home/orangepi/scuderiaferrari/src/track_perception'
[3.011s] INFO:colcon.colcon_core.shell:Skip shell extension 'powershell' for command environment: Not usable outside of PowerShell
[3.011s] DEBUG:colcon.colcon_core.shell:Skip shell extension 'dsv' for command environment
[3.458s] INFO:colcon.colcon_core.task.python.build:Building Python package in '/home/orangepi/scuderiaferrari/src/uwb_locator'
[3.459s] INFO:colcon.colcon_core.shell:Skip shell extension 'powershell' for command environment: Not usable outside of PowerShell
[3.460s] DEBUG:colcon.colcon_core.shell:Skip shell extension 'dsv' for command environment
[4.377s] DEBUG:colcon.colcon_core.event_handler.log_command:Invoking command in '/home/orangepi/scuderiaferrari/src/line_follower_control': PYTHONPATH=/home/orangepi/scuderiaferrari/build/line_follower_control/prefix_override:/usr/lib/python3/dist-packages/colcon_core/task/python/colcon_distutils_commands:/home/orangepi/scuderiaferrari/install/line_follower_control/lib/python3.10/site-packages:${PYTHONPATH} /usr/bin/python3 -W ignore:setup.py install is deprecated -W ignore:easy_install command is deprecated setup.py egg_info --egg-base ../../build/line_follower_control build --build-base /home/orangepi/scuderiaferrari/build/line_follower_control/build install --record /home/orangepi/scuderiaferrari/build/line_follower_control/install.log --single-version-externally-managed install_data
[4.928s] DEBUG:colcon.colcon_core.event_handler.log_command:Invoking command in '/home/orangepi/scuderiaferrari/src/keyboard_controller': PYTHONPATH=/home/orangepi/scuderiaferrari/build/keyboard_controller/prefix_override:/usr/lib/python3/dist-packages/colcon_core/task/python/colcon_distutils_commands:/home/orangepi/scuderiaferrari/install/keyboard_controller/lib/python3.10/site-packages:${PYTHONPATH} /usr/bin/python3 -W ignore:setup.py install is deprecated -W ignore:easy_install command is deprecated setup.py egg_info --egg-base ../../build/keyboard_controller build --build-base /home/orangepi/scuderiaferrari/build/keyboard_controller/build install --record /home/orangepi/scuderiaferrari/build/keyboard_controller/install.log --single-version-externally-managed install_data
[4.992s] DEBUG:colcon.colcon_core.event_handler.log_command:Invoking command in '/home/orangepi/scuderiaferrari/src/chassis_controller': PYTHONPATH=/home/orangepi/scuderiaferrari/build/chassis_controller/prefix_override:/usr/lib/python3/dist-packages/colcon_core/task/python/colcon_distutils_commands:/home/orangepi/scuderiaferrari/install/chassis_controller/lib/python3.10/site-packages:${PYTHONPATH} /usr/bin/python3 -W ignore:setup.py install is deprecated -W ignore:easy_install command is deprecated setup.py egg_info --egg-base ../../build/chassis_controller build --build-base /home/orangepi/scuderiaferrari/build/chassis_controller/build install --record /home/orangepi/scuderiaferrari/build/chassis_controller/install.log --single-version-externally-managed install_data
[5.056s] DEBUG:colcon.colcon_core.event_handler.log_command:Invoking command in '/home/orangepi/scuderiaferrari/src/position_udp_bridge': PYTHONPATH=/home/orangepi/scuderiaferrari/build/position_udp_bridge/prefix_override:/usr/lib/python3/dist-packages/colcon_core/task/python/colcon_distutils_commands:/home/orangepi/scuderiaferrari/install/position_udp_bridge/lib/python3.10/site-packages:${PYTHONPATH} /usr/bin/python3 -W ignore:setup.py install is deprecated -W ignore:easy_install command is deprecated setup.py egg_info --egg-base ../../build/position_udp_bridge build --build-base /home/orangepi/scuderiaferrari/build/position_udp_bridge/build install --record /home/orangepi/scuderiaferrari/build/position_udp_bridge/install.log --single-version-externally-managed install_data
[5.412s] DEBUG:colcon.colcon_core.event_handler.log_command:Invoking command in '/home/orangepi/scuderiaferrari/src/uwb_locator': PYTHONPATH=/home/orangepi/scuderiaferrari/build/uwb_locator/prefix_override:/usr/lib/python3/dist-packages/colcon_core/task/python/colcon_distutils_commands:/home/orangepi/scuderiaferrari/install/uwb_locator/lib/python3.10/site-packages:${PYTHONPATH} /usr/bin/python3 -W ignore:setup.py install is deprecated -W ignore:easy_install command is deprecated setup.py egg_info --egg-base ../../build/uwb_locator build --build-base /home/orangepi/scuderiaferrari/build/uwb_locator/build install --record /home/orangepi/scuderiaferrari/build/uwb_locator/install.log --single-version-externally-managed install_data
[5.758s] DEBUG:colcon.colcon_core.event_handler.log_command:Invoking command in '/home/orangepi/scuderiaferrari/src/track_perception': PYTHONPATH=/home/orangepi/scuderiaferrari/build/track_perception/prefix_override:/usr/lib/python3/dist-packages/colcon_core/task/python/colcon_distutils_commands:/home/orangepi/scuderiaferrari/install/track_perception/lib/python3.10/site-packages:${PYTHONPATH} /usr/bin/python3 -W ignore:setup.py install is deprecated -W ignore:easy_install command is deprecated setup.py egg_info --egg-base ../../build/track_perception build --build-base /home/orangepi/scuderiaferrari/build/track_perception/build install --record /home/orangepi/scuderiaferrari/build/track_perception/install.log --single-version-externally-managed install_data
[5.937s] Level 1:colcon.colcon_core.environment:checking '/home/orangepi/scuderiaferrari/install/line_follower_control' for CMake module files
[5.938s] Level 1:colcon.colcon_core.environment:checking '/home/orangepi/scuderiaferrari/install/line_follower_control' for CMake config files
[5.939s] Level 1:colcon.colcon_core.environment:checking '/home/orangepi/scuderiaferrari/install/line_follower_control/lib'
[5.939s] Level 1:colcon.colcon_core.environment:checking '/home/orangepi/scuderiaferrari/install/line_follower_control/bin'
[5.939s] Level 1:colcon.colcon_core.environment:checking '/home/orangepi/scuderiaferrari/install/line_follower_control/lib/pkgconfig/line_follower_control.pc'
[5.939s] Level 1:colcon.colcon_core.environment:checking '/home/orangepi/scuderiaferrari/install/line_follower_control/lib/python3.10/site-packages'
[5.940s] Level 1:colcon.colcon_core.shell:create_environment_hook('line_follower_control', 'pythonpath')
[5.940s] INFO:colcon.colcon_core.shell:Creating environment hook '/home/orangepi/scuderiaferrari/install/line_follower_control/share/line_follower_control/hook/pythonpath.ps1'
[5.941s] DEBUG:colcon.colcon_core.event_handler.log_command:Invoked command in '/home/orangepi/scuderiaferrari/src/line_follower_control' returned '0': PYTHONPATH=/home/orangepi/scuderiaferrari/build/line_follower_control/prefix_override:/usr/lib/python3/dist-packages/colcon_core/task/python/colcon_distutils_commands:/home/orangepi/scuderiaferrari/install/line_follower_control/lib/python3.10/site-packages:${PYTHONPATH} /usr/bin/python3 -W ignore:setup.py install is deprecated -W ignore:easy_install command is deprecated setup.py egg_info --egg-base ../../build/line_follower_control build --build-base /home/orangepi/scuderiaferrari/build/line_follower_control/build install --record /home/orangepi/scuderiaferrari/build/line_follower_control/install.log --single-version-externally-managed install_data
[6.018s] INFO:colcon.colcon_core.shell:Creating environment descriptor '/home/orangepi/scuderiaferrari/install/line_follower_control/share/line_follower_control/hook/pythonpath.dsv'
[6.075s] INFO:colcon.colcon_core.shell:Creating environment hook '/home/orangepi/scuderiaferrari/install/line_follower_control/share/line_follower_control/hook/pythonpath.sh'
[6.087s] Level 1:colcon.colcon_core.environment:checking '/home/orangepi/scuderiaferrari/install/line_follower_control/bin'
[6.087s] Level 1:colcon.colcon_core.environment:create_environment_scripts_only(line_follower_control)
[6.087s] INFO:colcon.colcon_core.shell:Creating package script '/home/orangepi/scuderiaferrari/install/line_follower_control/share/line_follower_control/package.ps1'
[6.096s] INFO:colcon.colcon_core.shell:Creating package descriptor '/home/orangepi/scuderiaferrari/install/line_follower_control/share/line_follower_control/package.dsv'
[6.112s] INFO:colcon.colcon_core.shell:Creating package script '/home/orangepi/scuderiaferrari/install/line_follower_control/share/line_follower_control/package.sh'
[6.119s] INFO:colcon.colcon_core.shell:Creating package script '/home/orangepi/scuderiaferrari/install/line_follower_control/share/line_follower_control/package.bash'
[6.125s] INFO:colcon.colcon_core.shell:Creating package script '/home/orangepi/scuderiaferrari/install/line_follower_control/share/line_follower_control/package.zsh'
[6.133s] Level 1:colcon.colcon_core.environment:create_file_with_runtime_dependencies(/home/orangepi/scuderiaferrari/install/line_follower_control/share/colcon-core/packages/line_follower_control)
[6.414s] Level 1:colcon.colcon_core.environment:checking '/home/orangepi/scuderiaferrari/install/uwb_locator' for CMake module files
[6.414s] Level 1:colcon.colcon_core.environment:checking '/home/orangepi/scuderiaferrari/install/uwb_locator' for CMake config files
[6.415s] Level 1:colcon.colcon_core.environment:checking '/home/orangepi/scuderiaferrari/install/uwb_locator/lib'
[6.415s] Level 1:colcon.colcon_core.environment:checking '/home/orangepi/scuderiaferrari/install/uwb_locator/bin'
[6.415s] Level 1:colcon.colcon_core.shell:create_environment_hook('uwb_locator', 'path')
[6.416s] INFO:colcon.colcon_core.shell:Creating environment hook '/home/orangepi/scuderiaferrari/install/uwb_locator/share/uwb_locator/hook/path.ps1'
[6.418s] DEBUG:colcon.colcon_core.event_handler.log_command:Invoked command in '/home/orangepi/scuderiaferrari/src/uwb_locator' returned '0': PYTHONPATH=/home/orangepi/scuderiaferrari/build/uwb_locator/prefix_override:/usr/lib/python3/dist-packages/colcon_core/task/python/colcon_distutils_commands:/home/orangepi/scuderiaferrari/install/uwb_locator/lib/python3.10/site-packages:${PYTHONPATH} /usr/bin/python3 -W ignore:setup.py install is deprecated -W ignore:easy_install command is deprecated setup.py egg_info --egg-base ../../build/uwb_locator build --build-base /home/orangepi/scuderiaferrari/build/uwb_locator/build install --record /home/orangepi/scuderiaferrari/build/uwb_locator/install.log --single-version-externally-managed install_data
[6.419s] INFO:colcon.colcon_core.shell:Creating environment descriptor '/home/orangepi/scuderiaferrari/install/uwb_locator/share/uwb_locator/hook/path.dsv'
[6.424s] INFO:colcon.colcon_core.shell:Creating environment hook '/home/orangepi/scuderiaferrari/install/uwb_locator/share/uwb_locator/hook/path.sh'
[6.428s] Level 1:colcon.colcon_core.environment:checking '/home/orangepi/scuderiaferrari/install/uwb_locator/lib/pkgconfig/uwb_locator.pc'
[6.430s] Level 1:colcon.colcon_core.environment:checking '/home/orangepi/scuderiaferrari/install/uwb_locator/lib/python3.10/site-packages'
[6.430s] Level 1:colcon.colcon_core.shell:create_environment_hook('uwb_locator', 'pythonpath')
[6.432s] INFO:colcon.colcon_core.shell:Creating environment hook '/home/orangepi/scuderiaferrari/install/uwb_locator/share/uwb_locator/hook/pythonpath.ps1'
[6.439s] INFO:colcon.colcon_core.shell:Creating environment descriptor '/home/orangepi/scuderiaferrari/install/uwb_locator/share/uwb_locator/hook/pythonpath.dsv'
[6.446s] INFO:colcon.colcon_core.shell:Creating environment hook '/home/orangepi/scuderiaferrari/install/uwb_locator/share/uwb_locator/hook/pythonpath.sh'
[6.453s] Level 1:colcon.colcon_core.environment:checking '/home/orangepi/scuderiaferrari/install/uwb_locator/bin'
[6.455s] Level 1:colcon.colcon_core.shell:create_environment_hook('uwb_locator', 'pythonscriptspath')
[6.456s] INFO:colcon.colcon_core.shell:Creating environment hook '/home/orangepi/scuderiaferrari/install/uwb_locator/share/uwb_locator/hook/pythonscriptspath.ps1'
[6.467s] INFO:colcon.colcon_core.shell:Creating environment descriptor '/home/orangepi/scuderiaferrari/install/uwb_locator/share/uwb_locator/hook/pythonscriptspath.dsv'
[6.473s] INFO:colcon.colcon_core.shell:Creating environment hook '/home/orangepi/scuderiaferrari/install/uwb_locator/share/uwb_locator/hook/pythonscriptspath.sh'
[6.480s] Level 1:colcon.colcon_core.environment:create_environment_scripts_only(uwb_locator)
[6.485s] INFO:colcon.colcon_core.shell:Creating package script '/home/orangepi/scuderiaferrari/install/uwb_locator/share/uwb_locator/package.ps1'
[6.495s] INFO:colcon.colcon_core.shell:Creating package descriptor '/home/orangepi/scuderiaferrari/install/uwb_locator/share/uwb_locator/package.dsv'
[6.499s] INFO:colcon.colcon_core.shell:Creating package script '/home/orangepi/scuderiaferrari/install/uwb_locator/share/uwb_locator/package.sh'
[6.506s] INFO:colcon.colcon_core.shell:Creating package script '/home/orangepi/scuderiaferrari/install/uwb_locator/share/uwb_locator/package.bash'
[6.511s] INFO:colcon.colcon_core.shell:Creating package script '/home/orangepi/scuderiaferrari/install/uwb_locator/share/uwb_locator/package.zsh'
[6.515s] Level 1:colcon.colcon_core.environment:create_file_with_runtime_dependencies(/home/orangepi/scuderiaferrari/install/uwb_locator/share/colcon-core/packages/uwb_locator)
[6.524s] Level 1:colcon.colcon_core.environment:checking '/home/orangepi/scuderiaferrari/install/keyboard_controller' for CMake module files
[6.525s] DEBUG:colcon.colcon_core.event_handler.log_command:Invoked command in '/home/orangepi/scuderiaferrari/src/keyboard_controller' returned '0': PYTHONPATH=/home/orangepi/scuderiaferrari/build/keyboard_controller/prefix_override:/usr/lib/python3/dist-packages/colcon_core/task/python/colcon_distutils_commands:/home/orangepi/scuderiaferrari/install/keyboard_controller/lib/python3.10/site-packages:${PYTHONPATH} /usr/bin/python3 -W ignore:setup.py install is deprecated -W ignore:easy_install command is deprecated setup.py egg_info --egg-base ../../build/keyboard_controller build --build-base /home/orangepi/scuderiaferrari/build/keyboard_controller/build install --record /home/orangepi/scuderiaferrari/build/keyboard_controller/install.log --single-version-externally-managed install_data
[6.528s] Level 1:colcon.colcon_core.environment:checking '/home/orangepi/scuderiaferrari/install/keyboard_controller' for CMake config files
[6.530s] Level 1:colcon.colcon_core.environment:checking '/home/orangepi/scuderiaferrari/install/keyboard_controller/lib'
[6.530s] Level 1:colcon.colcon_core.environment:checking '/home/orangepi/scuderiaferrari/install/keyboard_controller/bin'
[6.531s] Level 1:colcon.colcon_core.environment:checking '/home/orangepi/scuderiaferrari/install/keyboard_controller/lib/pkgconfig/keyboard_controller.pc'
[6.531s] Level 1:colcon.colcon_core.environment:checking '/home/orangepi/scuderiaferrari/install/keyboard_controller/lib/python3.10/site-packages'
[6.532s] Level 1:colcon.colcon_core.shell:create_environment_hook('keyboard_controller', 'pythonpath')
[6.532s] INFO:colcon.colcon_core.shell:Creating environment hook '/home/orangepi/scuderiaferrari/install/keyboard_controller/share/keyboard_controller/hook/pythonpath.ps1'
[6.535s] INFO:colcon.colcon_core.shell:Creating environment descriptor '/home/orangepi/scuderiaferrari/install/keyboard_controller/share/keyboard_controller/hook/pythonpath.dsv'
[6.543s] INFO:colcon.colcon_core.shell:Creating environment hook '/home/orangepi/scuderiaferrari/install/keyboard_controller/share/keyboard_controller/hook/pythonpath.sh'
[6.547s] Level 1:colcon.colcon_core.environment:checking '/home/orangepi/scuderiaferrari/install/keyboard_controller/bin'
[6.547s] Level 1:colcon.colcon_core.environment:create_environment_scripts_only(keyboard_controller)
[6.547s] INFO:colcon.colcon_core.shell:Creating package script '/home/orangepi/scuderiaferrari/install/keyboard_controller/share/keyboard_controller/package.ps1'
[6.551s] INFO:colcon.colcon_core.shell:Creating package descriptor '/home/orangepi/scuderiaferrari/install/keyboard_controller/share/keyboard_controller/package.dsv'
[6.554s] INFO:colcon.colcon_core.shell:Creating package script '/home/orangepi/scuderiaferrari/install/keyboard_controller/share/keyboard_controller/package.sh'
[6.560s] INFO:colcon.colcon_core.shell:Creating package script '/home/orangepi/scuderiaferrari/install/keyboard_controller/share/keyboard_controller/package.bash'
[6.565s] INFO:colcon.colcon_core.shell:Creating package script '/home/orangepi/scuderiaferrari/install/keyboard_controller/share/keyboard_controller/package.zsh'
[6.575s] Level 1:colcon.colcon_core.environment:create_file_with_runtime_dependencies(/home/orangepi/scuderiaferrari/install/keyboard_controller/share/colcon-core/packages/keyboard_controller)
[6.579s] Level 1:colcon.colcon_core.environment:checking '/home/orangepi/scuderiaferrari/install/position_udp_bridge' for CMake module files
[6.584s] DEBUG:colcon.colcon_core.event_handler.log_command:Invoked command in '/home/orangepi/scuderiaferrari/src/position_udp_bridge' returned '0': PYTHONPATH=/home/orangepi/scuderiaferrari/build/position_udp_bridge/prefix_override:/usr/lib/python3/dist-packages/colcon_core/task/python/colcon_distutils_commands:/home/orangepi/scuderiaferrari/install/position_udp_bridge/lib/python3.10/site-packages:${PYTHONPATH} /usr/bin/python3 -W ignore:setup.py install is deprecated -W ignore:easy_install command is deprecated setup.py egg_info --egg-base ../../build/position_udp_bridge build --build-base /home/orangepi/scuderiaferrari/build/position_udp_bridge/build install --record /home/orangepi/scuderiaferrari/build/position_udp_bridge/install.log --single-version-externally-managed install_data
[6.585s] Level 1:colcon.colcon_core.environment:checking '/home/orangepi/scuderiaferrari/install/position_udp_bridge' for CMake config files
[6.586s] Level 1:colcon.colcon_core.environment:checking '/home/orangepi/scuderiaferrari/install/position_udp_bridge/lib'
[6.586s] Level 1:colcon.colcon_core.environment:checking '/home/orangepi/scuderiaferrari/install/position_udp_bridge/bin'
[6.586s] Level 1:colcon.colcon_core.environment:checking '/home/orangepi/scuderiaferrari/install/position_udp_bridge/lib/pkgconfig/position_udp_bridge.pc'
[6.587s] Level 1:colcon.colcon_core.environment:checking '/home/orangepi/scuderiaferrari/install/position_udp_bridge/lib/python3.10/site-packages'
[6.587s] Level 1:colcon.colcon_core.shell:create_environment_hook('position_udp_bridge', 'pythonpath')
[6.587s] INFO:colcon.colcon_core.shell:Creating environment hook '/home/orangepi/scuderiaferrari/install/position_udp_bridge/share/position_udp_bridge/hook/pythonpath.ps1'
[6.593s] INFO:colcon.colcon_core.shell:Creating environment descriptor '/home/orangepi/scuderiaferrari/install/position_udp_bridge/share/position_udp_bridge/hook/pythonpath.dsv'
[6.597s] INFO:colcon.colcon_core.shell:Creating environment hook '/home/orangepi/scuderiaferrari/install/position_udp_bridge/share/position_udp_bridge/hook/pythonpath.sh'
[6.606s] Level 1:colcon.colcon_core.environment:checking '/home/orangepi/scuderiaferrari/install/position_udp_bridge/bin'
[6.607s] Level 1:colcon.colcon_core.environment:create_environment_scripts_only(position_udp_bridge)
[6.607s] INFO:colcon.colcon_core.shell:Creating package script '/home/orangepi/scuderiaferrari/install/position_udp_bridge/share/position_udp_bridge/package.ps1'
[6.615s] INFO:colcon.colcon_core.shell:Creating package descriptor '/home/orangepi/scuderiaferrari/install/position_udp_bridge/share/position_udp_bridge/package.dsv'
[6.632s] INFO:colcon.colcon_core.shell:Creating package script '/home/orangepi/scuderiaferrari/install/position_udp_bridge/share/position_udp_bridge/package.sh'
[6.637s] INFO:colcon.colcon_core.shell:Creating package script '/home/orangepi/scuderiaferrari/install/position_udp_bridge/share/position_udp_bridge/package.bash'
[6.644s] INFO:colcon.colcon_core.shell:Creating package script '/home/orangepi/scuderiaferrari/install/position_udp_bridge/share/position_udp_bridge/package.zsh'
[6.649s] Level 1:colcon.colcon_core.environment:create_file_with_runtime_dependencies(/home/orangepi/scuderiaferrari/install/position_udp_bridge/share/colcon-core/packages/position_udp_bridge)
[6.654s] Level 1:colcon.colcon_core.environment:checking '/home/orangepi/scuderiaferrari/install/chassis_controller' for CMake module files
[6.655s] Level 1:colcon.colcon_core.environment:checking '/home/orangepi/scuderiaferrari/install/chassis_controller' for CMake config files
[6.655s] Level 1:colcon.colcon_core.environment:checking '/home/orangepi/scuderiaferrari/install/chassis_controller/lib'
[6.656s] Level 1:colcon.colcon_core.environment:checking '/home/orangepi/scuderiaferrari/install/chassis_controller/bin'
[6.656s] Level 1:colcon.colcon_core.environment:checking '/home/orangepi/scuderiaferrari/install/chassis_controller/lib/pkgconfig/chassis_controller.pc'
[6.656s] Level 1:colcon.colcon_core.environment:checking '/home/orangepi/scuderiaferrari/install/chassis_controller/lib/python3.10/site-packages'
[6.656s] Level 1:colcon.colcon_core.shell:create_environment_hook('chassis_controller', 'pythonpath')
[6.656s] INFO:colcon.colcon_core.shell:Creating environment hook '/home/orangepi/scuderiaferrari/install/chassis_controller/share/chassis_controller/hook/pythonpath.ps1'
[6.661s] INFO:colcon.colcon_core.shell:Creating environment descriptor '/home/orangepi/scuderiaferrari/install/chassis_controller/share/chassis_controller/hook/pythonpath.dsv'
[6.667s] DEBUG:colcon.colcon_core.event_handler.log_command:Invoked command in '/home/orangepi/scuderiaferrari/src/chassis_controller' returned '0': PYTHONPATH=/home/orangepi/scuderiaferrari/build/chassis_controller/prefix_override:/usr/lib/python3/dist-packages/colcon_core/task/python/colcon_distutils_commands:/home/orangepi/scuderiaferrari/install/chassis_controller/lib/python3.10/site-packages:${PYTHONPATH} /usr/bin/python3 -W ignore:setup.py install is deprecated -W ignore:easy_install command is deprecated setup.py egg_info --egg-base ../../build/chassis_controller build --build-base /home/orangepi/scuderiaferrari/build/chassis_controller/build install --record /home/orangepi/scuderiaferrari/build/chassis_controller/install.log --single-version-externally-managed install_data
[6.670s] INFO:colcon.colcon_core.shell:Creating environment hook '/home/orangepi/scuderiaferrari/install/chassis_controller/share/chassis_controller/hook/pythonpath.sh'
[6.674s] Level 1:colcon.colcon_core.environment:checking '/home/orangepi/scuderiaferrari/install/chassis_controller/bin'
[6.674s] Level 1:colcon.colcon_core.environment:create_environment_scripts_only(chassis_controller)
[6.674s] INFO:colcon.colcon_core.shell:Creating package script '/home/orangepi/scuderiaferrari/install/chassis_controller/share/chassis_controller/package.ps1'
[6.677s] INFO:colcon.colcon_core.shell:Creating package descriptor '/home/orangepi/scuderiaferrari/install/chassis_controller/share/chassis_controller/package.dsv'
[6.680s] INFO:colcon.colcon_core.shell:Creating package script '/home/orangepi/scuderiaferrari/install/chassis_controller/share/chassis_controller/package.sh'
[6.684s] INFO:colcon.colcon_core.shell:Creating package script '/home/orangepi/scuderiaferrari/install/chassis_controller/share/chassis_controller/package.bash'
[6.688s] INFO:colcon.colcon_core.shell:Creating package script '/home/orangepi/scuderiaferrari/install/chassis_controller/share/chassis_controller/package.zsh'
[6.693s] Level 1:colcon.colcon_core.environment:create_file_with_runtime_dependencies(/home/orangepi/scuderiaferrari/install/chassis_controller/share/colcon-core/packages/chassis_controller)
[6.853s] Level 1:colcon.colcon_core.environment:checking '/home/orangepi/scuderiaferrari/install/track_perception' for CMake module files
[6.856s] DEBUG:colcon.colcon_core.event_handler.log_command:Invoked command in '/home/orangepi/scuderiaferrari/src/track_perception' returned '0': PYTHONPATH=/home/orangepi/scuderiaferrari/build/track_perception/prefix_override:/usr/lib/python3/dist-packages/colcon_core/task/python/colcon_distutils_commands:/home/orangepi/scuderiaferrari/install/track_perception/lib/python3.10/site-packages:${PYTHONPATH} /usr/bin/python3 -W ignore:setup.py install is deprecated -W ignore:easy_install command is deprecated setup.py egg_info --egg-base ../../build/track_perception build --build-base /home/orangepi/scuderiaferrari/build/track_perception/build install --record /home/orangepi/scuderiaferrari/build/track_perception/install.log --single-version-externally-managed install_data
[6.858s] Level 1:colcon.colcon_core.environment:checking '/home/orangepi/scuderiaferrari/install/track_perception' for CMake config files
[6.861s] Level 1:colcon.colcon_core.environment:checking '/home/orangepi/scuderiaferrari/install/track_perception/lib'
[6.862s] Level 1:colcon.colcon_core.environment:checking '/home/orangepi/scuderiaferrari/install/track_perception/bin'
[6.862s] Level 1:colcon.colcon_core.shell:create_environment_hook('track_perception', 'path')
[6.864s] INFO:colcon.colcon_core.shell:Creating environment hook '/home/orangepi/scuderiaferrari/install/track_perception/share/track_perception/hook/path.ps1'
[6.870s] INFO:colcon.colcon_core.shell:Creating environment descriptor '/home/orangepi/scuderiaferrari/install/track_perception/share/track_perception/hook/path.dsv'
[6.874s] INFO:colcon.colcon_core.shell:Creating environment hook '/home/orangepi/scuderiaferrari/install/track_perception/share/track_perception/hook/path.sh'
[6.878s] Level 1:colcon.colcon_core.environment:checking '/home/orangepi/scuderiaferrari/install/track_perception/lib/pkgconfig/track_perception.pc'
[6.878s] Level 1:colcon.colcon_core.environment:checking '/home/orangepi/scuderiaferrari/install/track_perception/lib/python3.10/site-packages'
[6.878s] Level 1:colcon.colcon_core.shell:create_environment_hook('track_perception', 'pythonpath')
[6.879s] INFO:colcon.colcon_core.shell:Creating environment hook '/home/orangepi/scuderiaferrari/install/track_perception/share/track_perception/hook/pythonpath.ps1'
[6.884s] INFO:colcon.colcon_core.shell:Creating environment descriptor '/home/orangepi/scuderiaferrari/install/track_perception/share/track_perception/hook/pythonpath.dsv'
[6.891s] INFO:colcon.colcon_core.shell:Creating environment hook '/home/orangepi/scuderiaferrari/install/track_perception/share/track_perception/hook/pythonpath.sh'
[6.900s] Level 1:colcon.colcon_core.environment:checking '/home/orangepi/scuderiaferrari/install/track_perception/bin'
[6.901s] Level 1:colcon.colcon_core.shell:create_environment_hook('track_perception', 'pythonscriptspath')
[6.902s] INFO:colcon.colcon_core.shell:Creating environment hook '/home/orangepi/scuderiaferrari/install/track_perception/share/track_perception/hook/pythonscriptspath.ps1'
[6.910s] INFO:colcon.colcon_core.shell:Creating environment descriptor '/home/orangepi/scuderiaferrari/install/track_perception/share/track_perception/hook/pythonscriptspath.dsv'
[6.915s] INFO:colcon.colcon_core.shell:Creating environment hook '/home/orangepi/scuderiaferrari/install/track_perception/share/track_perception/hook/pythonscriptspath.sh'
[6.925s] Level 1:colcon.colcon_core.environment:create_environment_scripts_only(track_perception)
[6.926s] INFO:colcon.colcon_core.shell:Creating package script '/home/orangepi/scuderiaferrari/install/track_perception/share/track_perception/package.ps1'
[6.934s] INFO:colcon.colcon_core.shell:Creating package descriptor '/home/orangepi/scuderiaferrari/install/track_perception/share/track_perception/package.dsv'
[6.939s] INFO:colcon.colcon_core.shell:Creating package script '/home/orangepi/scuderiaferrari/install/track_perception/share/track_perception/package.sh'
[6.945s] INFO:colcon.colcon_core.shell:Creating package script '/home/orangepi/scuderiaferrari/install/track_perception/share/track_perception/package.bash'
[6.950s] INFO:colcon.colcon_core.shell:Creating package script '/home/orangepi/scuderiaferrari/install/track_perception/share/track_perception/package.zsh'
[6.954s] Level 1:colcon.colcon_core.environment:create_file_with_runtime_dependencies(/home/orangepi/scuderiaferrari/install/track_perception/share/colcon-core/packages/track_perception)
[6.960s] DEBUG:colcon.colcon_parallel_executor.executor.parallel:closing loop
[6.962s] DEBUG:colcon.colcon_parallel_executor.executor.parallel:loop closed
[6.965s] DEBUG:colcon.colcon_parallel_executor.executor.parallel:run_until_complete finished with '0'
[6.966s] DEBUG:colcon.colcon_core.event_reactor:joining thread
[6.982s] INFO:colcon.colcon_core.plugin_system:Skipping extension 'colcon_notification.desktop_notification.terminal_notifier': Not used on non-Darwin systems
[6.982s] INFO:colcon.colcon_core.plugin_system:Skipping extension 'colcon_notification.desktop_notification.win32': Not used on non-Windows systems
[6.982s] INFO:colcon.colcon_notification.desktop_notification:Sending desktop notification using 'notify2'
[7.004s] DEBUG:colcon.colcon_core.event_reactor:joined thread
[7.005s] INFO:colcon.colcon_core.shell:Creating prefix script '/home/orangepi/scuderiaferrari/install/local_setup.ps1'
[7.010s] INFO:colcon.colcon_core.shell:Creating prefix util module '/home/orangepi/scuderiaferrari/install/_local_setup_util_ps1.py'
[7.017s] INFO:colcon.colcon_core.shell:Creating prefix chain script '/home/orangepi/scuderiaferrari/install/setup.ps1'
[7.021s] INFO:colcon.colcon_core.shell:Creating prefix script '/home/orangepi/scuderiaferrari/install/local_setup.sh'
[7.024s] INFO:colcon.colcon_core.shell:Creating prefix util module '/home/orangepi/scuderiaferrari/install/_local_setup_util_sh.py'
[7.027s] INFO:colcon.colcon_core.shell:Creating prefix chain script '/home/orangepi/scuderiaferrari/install/setup.sh'
[7.031s] INFO:colcon.colcon_core.shell:Creating prefix script '/home/orangepi/scuderiaferrari/install/local_setup.bash'
[7.035s] INFO:colcon.colcon_core.shell:Creating prefix chain script '/home/orangepi/scuderiaferrari/install/setup.bash'
[7.039s] INFO:colcon.colcon_core.shell:Creating prefix script '/home/orangepi/scuderiaferrari/install/local_setup.zsh'
[7.046s] INFO:colcon.colcon_core.shell:Creating prefix chain script '/home/orangepi/scuderiaferrari/install/setup.zsh'
