[1.279s] Invoking command in '/home/orangepi/scuderiaferrari/src/line_follower_control': PYTHONPATH=/home/orangepi/scuderiaferrari/build/line_follower_control/prefix_override:/usr/lib/python3/dist-packages/colcon_core/task/python/colcon_distutils_commands:/home/orangepi/scuderiaferrari/install/line_follower_control/lib/python3.10/site-packages:${PYTHONPATH} /usr/bin/python3 -W ignore:setup.py install is deprecated -W ignore:easy_install command is deprecated setup.py egg_info --egg-base ../../build/line_follower_control build --build-base /home/orangepi/scuderiaferrari/build/line_follower_control/build install --record /home/orangepi/scuderiaferrari/build/line_follower_control/install.log --single-version-externally-managed install_data
[1.613s] running egg_info
[1.615s] writing ../../build/line_follower_control/line_follower_control.egg-info/PKG-INFO
[1.620s] writing dependency_links to ../../build/line_follower_control/line_follower_control.egg-info/dependency_links.txt
[1.624s] writing entry points to ../../build/line_follower_control/line_follower_control.egg-info/entry_points.txt
[1.632s] writing requirements to ../../build/line_follower_control/line_follower_control.egg-info/requires.txt
[1.634s] writing top-level names to ../../build/line_follower_control/line_follower_control.egg-info/top_level.txt
[1.645s] reading manifest file '../../build/line_follower_control/line_follower_control.egg-info/SOURCES.txt'
[1.648s] writing manifest file '../../build/line_follower_control/line_follower_control.egg-info/SOURCES.txt'
[1.652s] running build
[1.652s] running build_py
[1.652s] copying line_follower_control/controller_node.py -> /home/orangepi/scuderiaferrari/build/line_follower_control/build/lib/line_follower_control
[1.658s] running install
[1.659s] running install_lib
[1.661s] copying /home/orangepi/scuderiaferrari/build/line_follower_control/build/lib/line_follower_control/controller_node.py -> /home/orangepi/scuderiaferrari/install/line_follower_control/lib/python3.10/site-packages/line_follower_control
[1.668s] byte-compiling /home/orangepi/scuderiaferrari/install/line_follower_control/lib/python3.10/site-packages/line_follower_control/controller_node.py to controller_node.cpython-310.pyc
[1.679s] running install_data
[1.679s] copying config/controller_params.yaml -> /home/orangepi/scuderiaferrari/install/line_follower_control/share/line_follower_control/config
[1.683s] running install_egg_info
[1.686s] removing '/home/orangepi/scuderiaferrari/install/line_follower_control/lib/python3.10/site-packages/line_follower_control-1.0.0-py3.10.egg-info' (and everything under it)
[1.728s] Copying ../../build/line_follower_control/line_follower_control.egg-info to /home/orangepi/scuderiaferrari/install/line_follower_control/lib/python3.10/site-packages/line_follower_control-1.0.0-py3.10.egg-info
[1.731s] running install_scripts
[1.773s] Installing controller_node script to /home/orangepi/scuderiaferrari/install/line_follower_control/lib/line_follower_control
[1.783s] writing list of installed files to '/home/orangepi/scuderiaferrari/build/line_follower_control/install.log'
[1.861s] Invoked command in '/home/orangepi/scuderiaferrari/src/line_follower_control' returned '0': PYTHONPATH=/home/orangepi/scuderiaferrari/build/line_follower_control/prefix_override:/usr/lib/python3/dist-packages/colcon_core/task/python/colcon_distutils_commands:/home/orangepi/scuderiaferrari/install/line_follower_control/lib/python3.10/site-packages:${PYTHONPATH} /usr/bin/python3 -W ignore:setup.py install is deprecated -W ignore:easy_install command is deprecated setup.py egg_info --egg-base ../../build/line_follower_control build --build-base /home/orangepi/scuderiaferrari/build/line_follower_control/build install --record /home/orangepi/scuderiaferrari/build/line_follower_control/install.log --single-version-externally-managed install_data
