[3.604s] Invoking command in '/home/orangepi/scuderiaferrari/src/track_perception': PYTHONPATH=/home/orangepi/scuderiaferrari/build/track_perception/prefix_override:/usr/lib/python3/dist-packages/colcon_core/task/python/colcon_distutils_commands:/home/orangepi/scuderiaferrari/install/track_perception/lib/python3.10/site-packages:${PYTHONPATH} /usr/bin/python3 -W ignore:setup.py install is deprecated -W ignore:easy_install command is deprecated setup.py egg_info --egg-base ../../build/track_perception build --build-base /home/orangepi/scuderiaferrari/build/track_perception/build install --record /home/orangepi/scuderiaferrari/build/track_perception/install.log --single-version-externally-managed install_data
[3.931s] running egg_info
[3.932s] writing ../../build/track_perception/track_perception.egg-info/PKG-INFO
[3.935s] writing dependency_links to ../../build/track_perception/track_perception.egg-info/dependency_links.txt
[3.944s] writing entry points to ../../build/track_perception/track_perception.egg-info/entry_points.txt
[3.965s] writing requirements to ../../build/track_perception/track_perception.egg-info/requires.txt
[3.985s] writing top-level names to ../../build/track_perception/track_perception.egg-info/top_level.txt
[3.990s] reading manifest file '../../build/track_perception/track_perception.egg-info/SOURCES.txt'
[3.991s] writing manifest file '../../build/track_perception/track_perception.egg-info/SOURCES.txt'
[3.998s] running build
[3.999s] running build_py
[3.999s] running install
[3.999s] running install_lib
[4.000s] running install_data
[4.001s] running install_egg_info
[4.004s] removing '/home/orangepi/scuderiaferrari/install/track_perception/lib/python3.10/site-packages/track_perception-2.0.0-py3.10.egg-info' (and everything under it)
[4.072s] Copying ../../build/track_perception/track_perception.egg-info to /home/orangepi/scuderiaferrari/install/track_perception/lib/python3.10/site-packages/track_perception-2.0.0-py3.10.egg-info
[4.073s] running install_scripts
[4.110s] Installing object_detection_node script to /home/orangepi/scuderiaferrari/install/track_perception/bin
[4.114s] Installing perception_decision_node script to /home/orangepi/scuderiaferrari/install/track_perception/bin
[4.126s] writing list of installed files to '/home/orangepi/scuderiaferrari/build/track_perception/install.log'
[4.274s] Invoked command in '/home/orangepi/scuderiaferrari/src/track_perception' returned '0': PYTHONPATH=/home/orangepi/scuderiaferrari/build/track_perception/prefix_override:/usr/lib/python3/dist-packages/colcon_core/task/python/colcon_distutils_commands:/home/orangepi/scuderiaferrari/install/track_perception/lib/python3.10/site-packages:${PYTHONPATH} /usr/bin/python3 -W ignore:setup.py install is deprecated -W ignore:easy_install command is deprecated setup.py egg_info --egg-base ../../build/track_perception build --build-base /home/orangepi/scuderiaferrari/build/track_perception/build install --record /home/orangepi/scuderiaferrari/build/track_perception/install.log --single-version-externally-managed install_data
