[4.081s] Invoking command in '/home/orangepi/scuderiaferrari/src/uwb_locator': PYTHONPATH=/home/orangepi/scuderiaferrari/build/uwb_locator/prefix_override:/usr/lib/python3/dist-packages/colcon_core/task/python/colcon_distutils_commands:/home/orangepi/scuderiaferrari/install/uwb_locator/lib/python3.10/site-packages:${PYTHONPATH} /usr/bin/python3 -W ignore:setup.py install is deprecated -W ignore:easy_install command is deprecated setup.py egg_info --egg-base ../../build/uwb_locator build --build-base /home/orangepi/scuderiaferrari/build/uwb_locator/build install --record /home/orangepi/scuderiaferrari/build/uwb_locator/install.log --single-version-externally-managed install_data
[4.940s] running egg_info
[4.940s] writing ../../build/uwb_locator/uwb_locator.egg-info/PKG-INFO
[4.992s] writing dependency_links to ../../build/uwb_locator/uwb_locator.egg-info/dependency_links.txt
[5.181s] writing entry points to ../../build/uwb_locator/uwb_locator.egg-info/entry_points.txt
[5.208s] writing requirements to ../../build/uwb_locator/uwb_locator.egg-info/requires.txt
[5.218s] writing top-level names to ../../build/uwb_locator/uwb_locator.egg-info/top_level.txt
[5.239s] reading manifest file '../../build/uwb_locator/uwb_locator.egg-info/SOURCES.txt'
[5.259s] writing manifest file '../../build/uwb_locator/uwb_locator.egg-info/SOURCES.txt'
[5.263s] running build
[5.263s] running build_py
[5.263s] running install
[5.264s] running install_lib
[5.266s] running install_data
[5.267s] running install_egg_info
[5.269s] removing '/home/orangepi/scuderiaferrari/install/uwb_locator/lib/python3.10/site-packages/uwb_locator-1.0.0-py3.10.egg-info' (and everything under it)
[5.346s] Copying ../../build/uwb_locator/uwb_locator.egg-info to /home/orangepi/scuderiaferrari/install/uwb_locator/lib/python3.10/site-packages/uwb_locator-1.0.0-py3.10.egg-info
[5.349s] running install_scripts
[5.389s] Installing uwb_tag_node script to /home/orangepi/scuderiaferrari/install/uwb_locator/bin
[5.394s] writing list of installed files to '/home/orangepi/scuderiaferrari/build/uwb_locator/install.log'
[5.885s] Invoked command in '/home/orangepi/scuderiaferrari/src/uwb_locator' returned '0': PYTHONPATH=/home/orangepi/scuderiaferrari/build/uwb_locator/prefix_override:/usr/lib/python3/dist-packages/colcon_core/task/python/colcon_distutils_commands:/home/orangepi/scuderiaferrari/install/uwb_locator/lib/python3.10/site-packages:${PYTHONPATH} /usr/bin/python3 -W ignore:setup.py install is deprecated -W ignore:easy_install command is deprecated setup.py egg_info --egg-base ../../build/uwb_locator build --build-base /home/orangepi/scuderiaferrari/build/uwb_locator/build install --record /home/orangepi/scuderiaferrari/build/uwb_locator/install.log --single-version-externally-managed install_data
