[4.018s] Invoking command in '/home/orangepi/scuderiaferrari/src/track_perception': PYTHONPATH=/home/orangepi/scuderiaferrari/build/track_perception/prefix_override:/usr/lib/python3/dist-packages/colcon_core/task/python/colcon_distutils_commands:/home/orangepi/scuderiaferrari/install/track_perception/lib/python3.10/site-packages:${PYTHONPATH} /usr/bin/python3 -W ignore:setup.py install is deprecated -W ignore:easy_install command is deprecated setup.py egg_info --egg-base ../../build/track_perception build --build-base /home/orangepi/scuderiaferrari/build/track_perception/build install --record /home/orangepi/scuderiaferrari/build/track_perception/install.log --single-version-externally-managed install_data
[4.513s] running egg_info
[4.516s] writing ../../build/track_perception/track_perception.egg-info/PKG-INFO
[4.528s] writing dependency_links to ../../build/track_perception/track_perception.egg-info/dependency_links.txt
[4.531s] writing entry points to ../../build/track_perception/track_perception.egg-info/entry_points.txt
[4.534s] writing requirements to ../../build/track_perception/track_perception.egg-info/requires.txt
[4.559s] writing top-level names to ../../build/track_perception/track_perception.egg-info/top_level.txt
[4.559s] reading manifest file '../../build/track_perception/track_perception.egg-info/SOURCES.txt'
[4.559s] writing manifest file '../../build/track_perception/track_perception.egg-info/SOURCES.txt'
[4.559s] running build
[4.559s] running build_py
[4.559s] copying track_perception_python/perception_decision_node.py -> /home/orangepi/scuderiaferrari/build/track_perception/build/lib/track_perception_python
[4.559s] running install
[4.559s] running install_lib
[4.560s] copying /home/orangepi/scuderiaferrari/build/track_perception/build/lib/track_perception_python/perception_decision_node.py -> /home/orangepi/scuderiaferrari/install/track_perception/lib/python3.10/site-packages/track_perception_python
[4.565s] byte-compiling /home/orangepi/scuderiaferrari/install/track_perception/lib/python3.10/site-packages/track_perception_python/perception_decision_node.py to perception_decision_node.cpython-310.pyc
[4.601s] running install_data
[4.601s] copying track_perception_python/config/intersection_params.yaml -> /home/orangepi/scuderiaferrari/install/track_perception/share/track_perception/config
[4.601s] running install_egg_info
[4.601s] removing '/home/orangepi/scuderiaferrari/install/track_perception/lib/python3.10/site-packages/track_perception-2.0.0-py3.10.egg-info' (and everything under it)
[4.645s] Copying ../../build/track_perception/track_perception.egg-info to /home/orangepi/scuderiaferrari/install/track_perception/lib/python3.10/site-packages/track_perception-2.0.0-py3.10.egg-info
[4.650s] running install_scripts
[4.824s] Installing object_detection_node script to /home/orangepi/scuderiaferrari/install/track_perception/bin
[4.834s] Installing perception_decision_node script to /home/orangepi/scuderiaferrari/install/track_perception/bin
[4.845s] writing list of installed files to '/home/orangepi/scuderiaferrari/build/track_perception/install.log'
[5.044s] Invoked command in '/home/orangepi/scuderiaferrari/src/track_perception' returned '0': PYTHONPATH=/home/orangepi/scuderiaferrari/build/track_perception/prefix_override:/usr/lib/python3/dist-packages/colcon_core/task/python/colcon_distutils_commands:/home/orangepi/scuderiaferrari/install/track_perception/lib/python3.10/site-packages:${PYTHONPATH} /usr/bin/python3 -W ignore:setup.py install is deprecated -W ignore:easy_install command is deprecated setup.py egg_info --egg-base ../../build/track_perception build --build-base /home/orangepi/scuderiaferrari/build/track_perception/build install --record /home/orangepi/scuderiaferrari/build/track_perception/install.log --single-version-externally-managed install_data
