[6.392s] Invoking command in '/home/orangepi/scuderiaferrari/src/track_perception': PYTHONPATH=/home/orangepi/scuderiaferrari/build/track_perception/prefix_override:/usr/lib/python3/dist-packages/colcon_core/task/python/colcon_distutils_commands:/home/orangepi/scuderiaferrari/install/track_perception/lib/python3.10/site-packages:${PYTHONPATH} /usr/bin/python3 -W ignore:setup.py install is deprecated -W ignore:easy_install command is deprecated setup.py egg_info --egg-base ../../build/track_perception build --build-base /home/orangepi/scuderiaferrari/build/track_perception/build install --record /home/orangepi/scuderiaferrari/build/track_perception/install.log --single-version-externally-managed install_data
[8.352s] running egg_info
[8.353s] writing ../../build/track_perception/track_perception.egg-info/PKG-INFO
[8.484s] writing dependency_links to ../../build/track_perception/track_perception.egg-info/dependency_links.txt
[8.556s] writing entry points to ../../build/track_perception/track_perception.egg-info/entry_points.txt
[8.582s] writing requirements to ../../build/track_perception/track_perception.egg-info/requires.txt
[8.590s] writing top-level names to ../../build/track_perception/track_perception.egg-info/top_level.txt
[8.627s] reading manifest file '../../build/track_perception/track_perception.egg-info/SOURCES.txt'
[8.632s] writing manifest file '../../build/track_perception/track_perception.egg-info/SOURCES.txt'
[8.636s] running build
[8.638s] running build_py
[8.640s] running install
[8.642s] running install_lib
[8.665s] running install_data
[8.666s] copying config/intersection_params.yaml -> /home/orangepi/scuderiaferrari/install/track_perception/share/track_perception/config
[8.666s] running install_egg_info
[8.672s] removing '/home/orangepi/scuderiaferrari/install/track_perception/lib/python3.10/site-packages/track_perception-2.0.0-py3.10.egg-info' (and everything under it)
[8.710s] Copying ../../build/track_perception/track_perception.egg-info to /home/orangepi/scuderiaferrari/install/track_perception/lib/python3.10/site-packages/track_perception-2.0.0-py3.10.egg-info
[8.728s] running install_scripts
[8.838s] Installing object_detection_node script to /home/orangepi/scuderiaferrari/install/track_perception/lib/track_perception
[8.859s] Installing perception_decision_node script to /home/orangepi/scuderiaferrari/install/track_perception/lib/track_perception
[8.877s] writing list of installed files to '/home/orangepi/scuderiaferrari/build/track_perception/install.log'
[9.166s] Invoked command in '/home/orangepi/scuderiaferrari/src/track_perception' returned '0': PYTHONPATH=/home/orangepi/scuderiaferrari/build/track_perception/prefix_override:/usr/lib/python3/dist-packages/colcon_core/task/python/colcon_distutils_commands:/home/orangepi/scuderiaferrari/install/track_perception/lib/python3.10/site-packages:${PYTHONPATH} /usr/bin/python3 -W ignore:setup.py install is deprecated -W ignore:easy_install command is deprecated setup.py egg_info --egg-base ../../build/track_perception build --build-base /home/orangepi/scuderiaferrari/build/track_perception/build install --record /home/orangepi/scuderiaferrari/build/track_perception/install.log --single-version-externally-managed install_data
