[3.437s] Invoking command in '/home/orangepi/scuderiaferrari/src/keyboard_controller': PYTHONPATH=/home/orangepi/scuderiaferrari/build/keyboard_controller/prefix_override:/usr/lib/python3/dist-packages/colcon_core/task/python/colcon_distutils_commands:/home/orangepi/scuderiaferrari/install/keyboard_controller/lib/python3.10/site-packages:${PYTHONPATH} /usr/bin/python3 -W ignore:setup.py install is deprecated -W ignore:easy_install command is deprecated setup.py egg_info --egg-base ../../build/keyboard_controller build --build-base /home/orangepi/scuderiaferrari/build/keyboard_controller/build install --record /home/orangepi/scuderiaferrari/build/keyboard_controller/install.log --single-version-externally-managed install_data
[4.123s] running egg_info
[4.124s] writing ../../build/keyboard_controller/keyboard_controller.egg-info/PKG-INFO
[4.134s] writing dependency_links to ../../build/keyboard_controller/keyboard_controller.egg-info/dependency_links.txt
[4.142s] writing entry points to ../../build/keyboard_controller/keyboard_controller.egg-info/entry_points.txt
[4.154s] writing requirements to ../../build/keyboard_controller/keyboard_controller.egg-info/requires.txt
[4.169s] writing top-level names to ../../build/keyboard_controller/keyboard_controller.egg-info/top_level.txt
[4.190s] reading manifest file '../../build/keyboard_controller/keyboard_controller.egg-info/SOURCES.txt'
[4.192s] writing manifest file '../../build/keyboard_controller/keyboard_controller.egg-info/SOURCES.txt'
[4.199s] running build
[4.200s] running build_py
[4.212s] running install
[4.213s] running install_lib
[4.213s] running install_data
[4.213s] running install_egg_info
[4.217s] removing '/home/orangepi/scuderiaferrari/install/keyboard_controller/lib/python3.10/site-packages/keyboard_controller-0.0.0-py3.10.egg-info' (and everything under it)
[4.239s] Copying ../../build/keyboard_controller/keyboard_controller.egg-info to /home/orangepi/scuderiaferrari/install/keyboard_controller/lib/python3.10/site-packages/keyboard_controller-0.0.0-py3.10.egg-info
[4.242s] running install_scripts
[4.281s] Installing keyboard_control_node script to /home/orangepi/scuderiaferrari/install/keyboard_controller/lib/keyboard_controller
[4.288s] Installing terminal_keyboard_node script to /home/orangepi/scuderiaferrari/install/keyboard_controller/lib/keyboard_controller
[4.303s] writing list of installed files to '/home/orangepi/scuderiaferrari/build/keyboard_controller/install.log'
[4.445s] Invoked command in '/home/orangepi/scuderiaferrari/src/keyboard_controller' returned '0': PYTHONPATH=/home/orangepi/scuderiaferrari/build/keyboard_controller/prefix_override:/usr/lib/python3/dist-packages/colcon_core/task/python/colcon_distutils_commands:/home/orangepi/scuderiaferrari/install/keyboard_controller/lib/python3.10/site-packages:${PYTHONPATH} /usr/bin/python3 -W ignore:setup.py install is deprecated -W ignore:easy_install command is deprecated setup.py egg_info --egg-base ../../build/keyboard_controller build --build-base /home/orangepi/scuderiaferrari/build/keyboard_controller/build install --record /home/orangepi/scuderiaferrari/build/keyboard_controller/install.log --single-version-externally-managed install_data
