running egg_info
writing ../../build/track_perception/track_perception.egg-info/PKG-INFO
writing dependency_links to ../../build/track_perception/track_perception.egg-info/dependency_links.txt
writing entry points to ../../build/track_perception/track_perception.egg-info/entry_points.txt
writing requirements to ../../build/track_perception/track_perception.egg-info/requires.txt
writing top-level names to ../../build/track_perception/track_perception.egg-info/top_level.txt
reading manifest file '../../build/track_perception/track_perception.egg-info/SOURCES.txt'
writing manifest file '../../build/track_perception/track_perception.egg-info/SOURCES.txt'
running build
running build_py
creating /home/orangepi/scuderiaferrari/build/track_perception/build/lib/track_perception
copying track_perception/rknnpool.py -> /home/orangepi/scuderiaferrari/build/track_perception/build/lib/track_perception
copying track_perception/ppseg_infer.py -> /home/orangepi/scuderiaferrari/build/track_perception/build/lib/track_perception
copying track_perception/rknn_pool.py -> /home/orangepi/scuderiaferrari/build/track_perception/build/lib/track_perception
copying track_perception/object_detection_node.py -> /home/orangepi/scuderiaferrari/build/track_perception/build/lib/track_perception
copying track_perception/__init__.py -> /home/orangepi/scuderiaferrari/build/track_perception/build/lib/track_perception
copying track_perception/perception_decision_node.py -> /home/orangepi/scuderiaferrari/build/track_perception/build/lib/track_perception
copying track_perception/object_detection_infer.py -> /home/orangepi/scuderiaferrari/build/track_perception/build/lib/track_perception
running install
running install_lib
creating /home/orangepi/scuderiaferrari/install/track_perception/lib/python3.10/site-packages/track_perception
copying /home/orangepi/scuderiaferrari/build/track_perception/build/lib/track_perception/rknnpool.py -> /home/orangepi/scuderiaferrari/install/track_perception/lib/python3.10/site-packages/track_perception
copying /home/orangepi/scuderiaferrari/build/track_perception/build/lib/track_perception/ppseg_infer.py -> /home/orangepi/scuderiaferrari/install/track_perception/lib/python3.10/site-packages/track_perception
copying /home/orangepi/scuderiaferrari/build/track_perception/build/lib/track_perception/rknn_pool.py -> /home/orangepi/scuderiaferrari/install/track_perception/lib/python3.10/site-packages/track_perception
copying /home/orangepi/scuderiaferrari/build/track_perception/build/lib/track_perception/object_detection_node.py -> /home/orangepi/scuderiaferrari/install/track_perception/lib/python3.10/site-packages/track_perception
copying /home/orangepi/scuderiaferrari/build/track_perception/build/lib/track_perception/__init__.py -> /home/orangepi/scuderiaferrari/install/track_perception/lib/python3.10/site-packages/track_perception
copying /home/orangepi/scuderiaferrari/build/track_perception/build/lib/track_perception/perception_decision_node.py -> /home/orangepi/scuderiaferrari/install/track_perception/lib/python3.10/site-packages/track_perception
copying /home/orangepi/scuderiaferrari/build/track_perception/build/lib/track_perception/object_detection_infer.py -> /home/orangepi/scuderiaferrari/install/track_perception/lib/python3.10/site-packages/track_perception
byte-compiling /home/orangepi/scuderiaferrari/install/track_perception/lib/python3.10/site-packages/track_perception/rknnpool.py to rknnpool.cpython-310.pyc
byte-compiling /home/orangepi/scuderiaferrari/install/track_perception/lib/python3.10/site-packages/track_perception/ppseg_infer.py to ppseg_infer.cpython-310.pyc
byte-compiling /home/orangepi/scuderiaferrari/install/track_perception/lib/python3.10/site-packages/track_perception/rknn_pool.py to rknn_pool.cpython-310.pyc
byte-compiling /home/orangepi/scuderiaferrari/install/track_perception/lib/python3.10/site-packages/track_perception/object_detection_node.py to object_detection_node.cpython-310.pyc
byte-compiling /home/orangepi/scuderiaferrari/install/track_perception/lib/python3.10/site-packages/track_perception/__init__.py to __init__.cpython-310.pyc
byte-compiling /home/orangepi/scuderiaferrari/install/track_perception/lib/python3.10/site-packages/track_perception/perception_decision_node.py to perception_decision_node.cpython-310.pyc
byte-compiling /home/orangepi/scuderiaferrari/install/track_perception/lib/python3.10/site-packages/track_perception/object_detection_infer.py to object_detection_infer.cpython-310.pyc
running install_data
copying launch/perception.launch.py -> /home/orangepi/scuderiaferrari/install/track_perception/share/track_perception/launch
creating /home/orangepi/scuderiaferrari/install/track_perception/share/track_perception/model
copying model/pp_liteseg_v2.rknn -> /home/orangepi/scuderiaferrari/install/track_perception/share/track_perception/model
copying model/pp_liteseg_v3.rknn -> /home/orangepi/scuderiaferrari/install/track_perception/share/track_perception/model
copying model/rknn_lt_v2.rknn -> /home/orangepi/scuderiaferrari/install/track_perception/share/track_perception/model
copying model/rknn_lt.rknn -> /home/orangepi/scuderiaferrari/install/track_perception/share/track_perception/model
copying model/pp_liteseg.rknn -> /home/orangepi/scuderiaferrari/install/track_perception/share/track_perception/model
copying model/label_list.txt -> /home/orangepi/scuderiaferrari/install/track_perception/share/track_perception/model
running install_egg_info
removing '/home/orangepi/scuderiaferrari/install/track_perception/lib/python3.10/site-packages/track_perception-2.0.0-py3.10.egg-info' (and everything under it)
Copying ../../build/track_perception/track_perception.egg-info to /home/orangepi/scuderiaferrari/install/track_perception/lib/python3.10/site-packages/track_perception-2.0.0-py3.10.egg-info
running install_scripts
Installing object_detection_node script to /home/orangepi/scuderiaferrari/install/track_perception/lib/track_perception
Installing perception_decision_node script to /home/orangepi/scuderiaferrari/install/track_perception/lib/track_perception
writing list of installed files to '/home/orangepi/scuderiaferrari/build/track_perception/install.log'
