[0.943s] Invoking command in '/home/orangepi/scuderiaferrari/src/track_perception': PYTHONPATH=/home/orangepi/scuderiaferrari/build/track_perception/prefix_override:/usr/lib/python3/dist-packages/colcon_core/task/python/colcon_distutils_commands:/home/orangepi/scuderiaferrari/install/track_perception/lib/python3.10/site-packages:${PYTHONPATH} /usr/bin/python3 -W ignore:setup.py install is deprecated -W ignore:easy_install command is deprecated setup.py egg_info --egg-base ../../build/track_perception build --build-base /home/orangepi/scuderiaferrari/build/track_perception/build install --record /home/orangepi/scuderiaferrari/build/track_perception/install.log --single-version-externally-managed install_data
[1.285s] running egg_info
[1.286s] writing ../../build/track_perception/track_perception.egg-info/PKG-INFO
[1.288s] writing dependency_links to ../../build/track_perception/track_perception.egg-info/dependency_links.txt
[1.292s] writing entry points to ../../build/track_perception/track_perception.egg-info/entry_points.txt
[1.295s] writing requirements to ../../build/track_perception/track_perception.egg-info/requires.txt
[1.297s] writing top-level names to ../../build/track_perception/track_perception.egg-info/top_level.txt
[1.303s] reading manifest file '../../build/track_perception/track_perception.egg-info/SOURCES.txt'
[1.305s] writing manifest file '../../build/track_perception/track_perception.egg-info/SOURCES.txt'
[1.308s] running build
[1.309s] running build_py
[1.309s] creating /home/orangepi/scuderiaferrari/build/track_perception/build/lib/track_perception
[1.309s] copying track_perception/rknnpool.py -> /home/orangepi/scuderiaferrari/build/track_perception/build/lib/track_perception
[1.311s] copying track_perception/ppseg_infer.py -> /home/orangepi/scuderiaferrari/build/track_perception/build/lib/track_perception
[1.311s] copying track_perception/rknn_pool.py -> /home/orangepi/scuderiaferrari/build/track_perception/build/lib/track_perception
[1.312s] copying track_perception/object_detection_node.py -> /home/orangepi/scuderiaferrari/build/track_perception/build/lib/track_perception
[1.312s] copying track_perception/__init__.py -> /home/orangepi/scuderiaferrari/build/track_perception/build/lib/track_perception
[1.312s] copying track_perception/perception_decision_node.py -> /home/orangepi/scuderiaferrari/build/track_perception/build/lib/track_perception
[1.313s] copying track_perception/object_detection_infer.py -> /home/orangepi/scuderiaferrari/build/track_perception/build/lib/track_perception
[1.313s] running install
[1.314s] running install_lib
[1.314s] creating /home/orangepi/scuderiaferrari/install/track_perception/lib/python3.10/site-packages/track_perception
[1.314s] copying /home/orangepi/scuderiaferrari/build/track_perception/build/lib/track_perception/rknnpool.py -> /home/orangepi/scuderiaferrari/install/track_perception/lib/python3.10/site-packages/track_perception
[1.315s] copying /home/orangepi/scuderiaferrari/build/track_perception/build/lib/track_perception/ppseg_infer.py -> /home/orangepi/scuderiaferrari/install/track_perception/lib/python3.10/site-packages/track_perception
[1.315s] copying /home/orangepi/scuderiaferrari/build/track_perception/build/lib/track_perception/rknn_pool.py -> /home/orangepi/scuderiaferrari/install/track_perception/lib/python3.10/site-packages/track_perception
[1.315s] copying /home/orangepi/scuderiaferrari/build/track_perception/build/lib/track_perception/object_detection_node.py -> /home/orangepi/scuderiaferrari/install/track_perception/lib/python3.10/site-packages/track_perception
[1.316s] copying /home/orangepi/scuderiaferrari/build/track_perception/build/lib/track_perception/__init__.py -> /home/orangepi/scuderiaferrari/install/track_perception/lib/python3.10/site-packages/track_perception
[1.316s] copying /home/orangepi/scuderiaferrari/build/track_perception/build/lib/track_perception/perception_decision_node.py -> /home/orangepi/scuderiaferrari/install/track_perception/lib/python3.10/site-packages/track_perception
[1.317s] copying /home/orangepi/scuderiaferrari/build/track_perception/build/lib/track_perception/object_detection_infer.py -> /home/orangepi/scuderiaferrari/install/track_perception/lib/python3.10/site-packages/track_perception
[1.317s] byte-compiling /home/orangepi/scuderiaferrari/install/track_perception/lib/python3.10/site-packages/track_perception/rknnpool.py to rknnpool.cpython-310.pyc
[1.318s] byte-compiling /home/orangepi/scuderiaferrari/install/track_perception/lib/python3.10/site-packages/track_perception/ppseg_infer.py to ppseg_infer.cpython-310.pyc
[1.318s] byte-compiling /home/orangepi/scuderiaferrari/install/track_perception/lib/python3.10/site-packages/track_perception/rknn_pool.py to rknn_pool.cpython-310.pyc
[1.318s] byte-compiling /home/orangepi/scuderiaferrari/install/track_perception/lib/python3.10/site-packages/track_perception/object_detection_node.py to object_detection_node.cpython-310.pyc
[1.321s] byte-compiling /home/orangepi/scuderiaferrari/install/track_perception/lib/python3.10/site-packages/track_perception/__init__.py to __init__.cpython-310.pyc
[1.324s] byte-compiling /home/orangepi/scuderiaferrari/install/track_perception/lib/python3.10/site-packages/track_perception/perception_decision_node.py to perception_decision_node.cpython-310.pyc
[1.330s] byte-compiling /home/orangepi/scuderiaferrari/install/track_perception/lib/python3.10/site-packages/track_perception/object_detection_infer.py to object_detection_infer.cpython-310.pyc
[1.336s] running install_data
[1.336s] copying launch/perception.launch.py -> /home/orangepi/scuderiaferrari/install/track_perception/share/track_perception/launch
[1.338s] creating /home/orangepi/scuderiaferrari/install/track_perception/share/track_perception/model
[1.338s] copying model/pp_liteseg_v2.rknn -> /home/orangepi/scuderiaferrari/install/track_perception/share/track_perception/model
[1.693s] copying model/pp_liteseg_v3.rknn -> /home/orangepi/scuderiaferrari/install/track_perception/share/track_perception/model
[1.937s] copying model/rknn_lt_v2.rknn -> /home/orangepi/scuderiaferrari/install/track_perception/share/track_perception/model
[2.413s] copying model/rknn_lt.rknn -> /home/orangepi/scuderiaferrari/install/track_perception/share/track_perception/model
[3.031s] copying model/pp_liteseg.rknn -> /home/orangepi/scuderiaferrari/install/track_perception/share/track_perception/model
[4.216s] copying model/label_list.txt -> /home/orangepi/scuderiaferrari/install/track_perception/share/track_perception/model
[4.216s] running install_egg_info
[4.223s] removing '/home/orangepi/scuderiaferrari/install/track_perception/lib/python3.10/site-packages/track_perception-2.0.0-py3.10.egg-info' (and everything under it)
[4.277s] Copying ../../build/track_perception/track_perception.egg-info to /home/orangepi/scuderiaferrari/install/track_perception/lib/python3.10/site-packages/track_perception-2.0.0-py3.10.egg-info
[4.277s] running install_scripts
[4.308s] Installing object_detection_node script to /home/orangepi/scuderiaferrari/install/track_perception/lib/track_perception
[4.382s] Installing perception_decision_node script to /home/orangepi/scuderiaferrari/install/track_perception/lib/track_perception
[4.388s] writing list of installed files to '/home/orangepi/scuderiaferrari/build/track_perception/install.log'
[4.472s] Invoked command in '/home/orangepi/scuderiaferrari/src/track_perception' returned '0': PYTHONPATH=/home/orangepi/scuderiaferrari/build/track_perception/prefix_override:/usr/lib/python3/dist-packages/colcon_core/task/python/colcon_distutils_commands:/home/orangepi/scuderiaferrari/install/track_perception/lib/python3.10/site-packages:${PYTHONPATH} /usr/bin/python3 -W ignore:setup.py install is deprecated -W ignore:easy_install command is deprecated setup.py egg_info --egg-base ../../build/track_perception build --build-base /home/orangepi/scuderiaferrari/build/track_perception/build install --record /home/orangepi/scuderiaferrari/build/track_perception/install.log --single-version-externally-managed install_data
