[1.150s] Invoking command in '/home/orangepi/scuderiaferrari/src/track_perception': PYTHONPATH=/home/orangepi/scuderiaferrari/build/track_perception/prefix_override:/usr/lib/python3/dist-packages/colcon_core/task/python/colcon_distutils_commands:/home/orangepi/scuderiaferrari/install/track_perception/lib/python3.10/site-packages:${PYTHONPATH} /usr/bin/python3 -W ignore:setup.py install is deprecated -W ignore:easy_install command is deprecated setup.py egg_info --egg-base ../../build/track_perception build --build-base /home/orangepi/scuderiaferrari/build/track_perception/build install --record /home/orangepi/scuderiaferrari/build/track_perception/install.log --single-version-externally-managed install_data
[1.497s] running egg_info
[1.498s] writing ../../build/track_perception/track_perception.egg-info/PKG-INFO
[1.558s] writing dependency_links to ../../build/track_perception/track_perception.egg-info/dependency_links.txt
[1.654s] writing entry points to ../../build/track_perception/track_perception.egg-info/entry_points.txt
[1.690s] writing requirements to ../../build/track_perception/track_perception.egg-info/requires.txt
[1.734s] writing top-level names to ../../build/track_perception/track_perception.egg-info/top_level.txt
[1.781s] reading manifest file '../../build/track_perception/track_perception.egg-info/SOURCES.txt'
[1.782s] writing manifest file '../../build/track_perception/track_perception.egg-info/SOURCES.txt'
[1.802s] running build
[1.805s] running build_py
[1.805s] copying track_perception_python/object_detection_node.py -> /home/orangepi/scuderiaferrari/build/track_perception/build/lib/track_perception_python
[1.829s] running install
[1.830s] running install_lib
[1.832s] copying /home/orangepi/scuderiaferrari/build/track_perception/build/lib/track_perception_python/object_detection_node.py -> /home/orangepi/scuderiaferrari/install/track_perception/lib/python3.10/site-packages/track_perception_python
[1.892s] byte-compiling /home/orangepi/scuderiaferrari/install/track_perception/lib/python3.10/site-packages/track_perception_python/object_detection_node.py to object_detection_node.cpython-310.pyc
[1.912s] running install_data
[1.913s] copying track_perception_python/launch/perception.launch.py -> /home/orangepi/scuderiaferrari/install/track_perception/share/track_perception/launch
[1.917s] running install_egg_info
[1.921s] removing '/home/orangepi/scuderiaferrari/install/track_perception/lib/python3.10/site-packages/track_perception-2.0.0-py3.10.egg-info' (and everything under it)
[1.950s] Copying ../../build/track_perception/track_perception.egg-info to /home/orangepi/scuderiaferrari/install/track_perception/lib/python3.10/site-packages/track_perception-2.0.0-py3.10.egg-info
[1.951s] running install_scripts
[2.002s] Installing object_detection_node script to /home/orangepi/scuderiaferrari/install/track_perception/bin
[2.007s] Installing perception_decision_node script to /home/orangepi/scuderiaferrari/install/track_perception/bin
[2.012s] writing list of installed files to '/home/orangepi/scuderiaferrari/build/track_perception/install.log'
[2.082s] Invoked command in '/home/orangepi/scuderiaferrari/src/track_perception' returned '0': PYTHONPATH=/home/orangepi/scuderiaferrari/build/track_perception/prefix_override:/usr/lib/python3/dist-packages/colcon_core/task/python/colcon_distutils_commands:/home/orangepi/scuderiaferrari/install/track_perception/lib/python3.10/site-packages:${PYTHONPATH} /usr/bin/python3 -W ignore:setup.py install is deprecated -W ignore:easy_install command is deprecated setup.py egg_info --egg-base ../../build/track_perception build --build-base /home/orangepi/scuderiaferrari/build/track_perception/build install --record /home/orangepi/scuderiaferrari/build/track_perception/install.log --single-version-externally-managed install_data
