running egg_info
writing ../../build/chassis_controller/chassis_controller.egg-info/PKG-INFO
writing dependency_links to ../../build/chassis_controller/chassis_controller.egg-info/dependency_links.txt
writing entry points to ../../build/chassis_controller/chassis_controller.egg-info/entry_points.txt
writing requirements to ../../build/chassis_controller/chassis_controller.egg-info/requires.txt
writing top-level names to ../../build/chassis_controller/chassis_controller.egg-info/top_level.txt
reading manifest file '../../build/chassis_controller/chassis_controller.egg-info/SOURCES.txt'
writing manifest file '../../build/chassis_controller/chassis_controller.egg-info/SOURCES.txt'
running build
running build_py
copying chassis_controller/chassis_controller_node.py -> /home/orangepi/scuderiaferrari/build/chassis_controller/build/lib/chassis_controller
running install
running install_lib
copying /home/orangepi/scuderiaferrari/build/chassis_controller/build/lib/chassis_controller/chassis_controller_node.py -> /home/orangepi/scuderiaferrari/install/chassis_controller/lib/python3.10/site-packages/chassis_controller
byte-compiling /home/orangepi/scuderiaferrari/install/chassis_controller/lib/python3.10/site-packages/chassis_controller/chassis_controller_node.py to chassis_controller_node.cpython-310.pyc
running install_data
copying launch/chassis_controller.launch.py -> /home/orangepi/scuderiaferrari/install/chassis_controller/share/chassis_controller/launch
running install_egg_info
removing '/home/orangepi/scuderiaferrari/install/chassis_controller/lib/python3.10/site-packages/chassis_controller-0.0.0-py3.10.egg-info' (and everything under it)
Copying ../../build/chassis_controller/chassis_controller.egg-info to /home/orangepi/scuderiaferrari/install/chassis_controller/lib/python3.10/site-packages/chassis_controller-0.0.0-py3.10.egg-info
running install_scripts
Installing chassis_controller_node script to /home/orangepi/scuderiaferrari/install/chassis_controller/lib/chassis_controller
writing list of installed files to '/home/orangepi/scuderiaferrari/build/chassis_controller/install.log'
