[2.223s] Invoking command in '/home/orangepi/scuderiaferrari/src/track_perception': PYTHONPATH=/home/orangepi/scuderiaferrari/build/track_perception/prefix_override:/usr/lib/python3/dist-packages/colcon_core/task/python/colcon_distutils_commands:/home/orangepi/scuderiaferrari/install/track_perception/lib/python3.10/site-packages:${PYTHONPATH} /usr/bin/python3 -W ignore:setup.py install is deprecated -W ignore:easy_install command is deprecated setup.py egg_info --egg-base ../../build/track_perception build --build-base /home/orangepi/scuderiaferrari/build/track_perception/build install --record /home/orangepi/scuderiaferrari/build/track_perception/install.log --single-version-externally-managed install_data
[2.912s] running egg_info
[2.916s] writing ../../build/track_perception/track_perception.egg-info/PKG-INFO
[2.925s] writing dependency_links to ../../build/track_perception/track_perception.egg-info/dependency_links.txt
[2.931s] writing entry points to ../../build/track_perception/track_perception.egg-info/entry_points.txt
[2.935s] writing requirements to ../../build/track_perception/track_perception.egg-info/requires.txt
[2.939s] writing top-level names to ../../build/track_perception/track_perception.egg-info/top_level.txt
[2.946s] reading manifest file '../../build/track_perception/track_perception.egg-info/SOURCES.txt'
[2.953s] writing manifest file '../../build/track_perception/track_perception.egg-info/SOURCES.txt'
[2.960s] running build
[2.961s] running build_py
[2.962s] copying track_perception_python/object_detection_node.py -> /home/orangepi/scuderiaferrari/build/track_perception/build/lib/track_perception_python
[2.982s] copying track_perception_python/object_detection_infer.py -> /home/orangepi/scuderiaferrari/build/track_perception/build/lib/track_perception_python
[2.982s] running install
[2.982s] running install_lib
[2.983s] copying /home/orangepi/scuderiaferrari/build/track_perception/build/lib/track_perception_python/object_detection_node.py -> /home/orangepi/scuderiaferrari/install/track_perception/lib/python3.10/site-packages/track_perception_python
[2.983s] copying /home/orangepi/scuderiaferrari/build/track_perception/build/lib/track_perception_python/object_detection_infer.py -> /home/orangepi/scuderiaferrari/install/track_perception/lib/python3.10/site-packages/track_perception_python
[2.987s] byte-compiling /home/orangepi/scuderiaferrari/install/track_perception/lib/python3.10/site-packages/track_perception_python/object_detection_node.py to object_detection_node.cpython-310.pyc
[3.001s] byte-compiling /home/orangepi/scuderiaferrari/install/track_perception/lib/python3.10/site-packages/track_perception_python/object_detection_infer.py to object_detection_infer.cpython-310.pyc
[3.027s] running install_data
[3.028s] copying track_perception_python/config/intersection_params.yaml -> /home/orangepi/scuderiaferrari/install/track_perception/share/track_perception/config
[3.035s] running install_egg_info
[3.039s] removing '/home/orangepi/scuderiaferrari/install/track_perception/lib/python3.10/site-packages/track_perception-2.0.0-py3.10.egg-info' (and everything under it)
[3.073s] Copying ../../build/track_perception/track_perception.egg-info to /home/orangepi/scuderiaferrari/install/track_perception/lib/python3.10/site-packages/track_perception-2.0.0-py3.10.egg-info
[3.074s] running install_scripts
[3.205s] Installing object_detection_node script to /home/orangepi/scuderiaferrari/install/track_perception/bin
[3.214s] Installing perception_decision_node script to /home/orangepi/scuderiaferrari/install/track_perception/bin
[3.226s] writing list of installed files to '/home/orangepi/scuderiaferrari/build/track_perception/install.log'
[3.343s] Invoked command in '/home/orangepi/scuderiaferrari/src/track_perception' returned '0': PYTHONPATH=/home/orangepi/scuderiaferrari/build/track_perception/prefix_override:/usr/lib/python3/dist-packages/colcon_core/task/python/colcon_distutils_commands:/home/orangepi/scuderiaferrari/install/track_perception/lib/python3.10/site-packages:${PYTHONPATH} /usr/bin/python3 -W ignore:setup.py install is deprecated -W ignore:easy_install command is deprecated setup.py egg_info --egg-base ../../build/track_perception build --build-base /home/orangepi/scuderiaferrari/build/track_perception/build install --record /home/orangepi/scuderiaferrari/build/track_perception/install.log --single-version-externally-managed install_data
