[5.038s] Invoking command in '/home/orangepi/scuderiaferrari/src/track_perception': PYTHONPATH=/home/orangepi/scuderiaferrari/build/track_perception/prefix_override:/usr/lib/python3/dist-packages/colcon_core/task/python/colcon_distutils_commands:/home/orangepi/scuderiaferrari/install/track_perception/lib/python3.10/site-packages:${PYTHONPATH} /usr/bin/python3 -W ignore:setup.py install is deprecated -W ignore:easy_install command is deprecated setup.py egg_info --egg-base ../../build/track_perception build --build-base /home/orangepi/scuderiaferrari/build/track_perception/build install --record /home/orangepi/scuderiaferrari/build/track_perception/install.log --single-version-externally-managed install_data
[5.382s] running egg_info
[5.383s] writing ../../build/track_perception/track_perception.egg-info/PKG-INFO
[5.391s] writing dependency_links to ../../build/track_perception/track_perception.egg-info/dependency_links.txt
[5.393s] writing entry points to ../../build/track_perception/track_perception.egg-info/entry_points.txt
[5.399s] writing requirements to ../../build/track_perception/track_perception.egg-info/requires.txt
[5.402s] writing top-level names to ../../build/track_perception/track_perception.egg-info/top_level.txt
[5.410s] reading manifest file '../../build/track_perception/track_perception.egg-info/SOURCES.txt'
[5.412s] writing manifest file '../../build/track_perception/track_perception.egg-info/SOURCES.txt'
[5.414s] running build
[5.415s] running build_py
[5.416s] running install
[5.416s] running install_lib
[5.419s] running install_data
[5.420s] running install_egg_info
[5.423s] removing '/home/orangepi/scuderiaferrari/install/track_perception/lib/python3.10/site-packages/track_perception-2.0.0-py3.10.egg-info' (and everything under it)
[5.446s] Copying ../../build/track_perception/track_perception.egg-info to /home/orangepi/scuderiaferrari/install/track_perception/lib/python3.10/site-packages/track_perception-2.0.0-py3.10.egg-info
[5.447s] running install_scripts
[5.481s] Installing object_detection_node script to /home/orangepi/scuderiaferrari/install/track_perception/bin
[5.483s] Installing perception_decision_node script to /home/orangepi/scuderiaferrari/install/track_perception/bin
[5.488s] writing list of installed files to '/home/orangepi/scuderiaferrari/build/track_perception/install.log'
[5.569s] Invoked command in '/home/orangepi/scuderiaferrari/src/track_perception' returned '0': PYTHONPATH=/home/orangepi/scuderiaferrari/build/track_perception/prefix_override:/usr/lib/python3/dist-packages/colcon_core/task/python/colcon_distutils_commands:/home/orangepi/scuderiaferrari/install/track_perception/lib/python3.10/site-packages:${PYTHONPATH} /usr/bin/python3 -W ignore:setup.py install is deprecated -W ignore:easy_install command is deprecated setup.py egg_info --egg-base ../../build/track_perception build --build-base /home/orangepi/scuderiaferrari/build/track_perception/build install --record /home/orangepi/scuderiaferrari/build/track_perception/install.log --single-version-externally-managed install_data
