[3.200s] Invoking command in '/home/orangepi/scuderiaferrari/src/chassis_controller': PYTHONPATH=/home/orangepi/scuderiaferrari/build/chassis_controller/prefix_override:/usr/lib/python3/dist-packages/colcon_core/task/python/colcon_distutils_commands:/home/orangepi/scuderiaferrari/install/chassis_controller/lib/python3.10/site-packages:${PYTHONPATH} /usr/bin/python3 -W ignore:setup.py install is deprecated -W ignore:easy_install command is deprecated setup.py egg_info --egg-base ../../build/chassis_controller build --build-base /home/orangepi/scuderiaferrari/build/chassis_controller/build install --record /home/orangepi/scuderiaferrari/build/chassis_controller/install.log --single-version-externally-managed install_data
[3.654s] running egg_info
[3.656s] writing ../../build/chassis_controller/chassis_controller.egg-info/PKG-INFO
[3.659s] writing dependency_links to ../../build/chassis_controller/chassis_controller.egg-info/dependency_links.txt
[3.664s] writing entry points to ../../build/chassis_controller/chassis_controller.egg-info/entry_points.txt
[3.676s] writing requirements to ../../build/chassis_controller/chassis_controller.egg-info/requires.txt
[3.678s] writing top-level names to ../../build/chassis_controller/chassis_controller.egg-info/top_level.txt
[3.687s] reading manifest file '../../build/chassis_controller/chassis_controller.egg-info/SOURCES.txt'
[3.688s] writing manifest file '../../build/chassis_controller/chassis_controller.egg-info/SOURCES.txt'
[3.695s] running build
[3.696s] running build_py
[3.696s] running install
[3.697s] running install_lib
[3.698s] running install_data
[3.699s] running install_egg_info
[3.703s] removing '/home/orangepi/scuderiaferrari/install/chassis_controller/lib/python3.10/site-packages/chassis_controller-0.0.0-py3.10.egg-info' (and everything under it)
[3.733s] Copying ../../build/chassis_controller/chassis_controller.egg-info to /home/orangepi/scuderiaferrari/install/chassis_controller/lib/python3.10/site-packages/chassis_controller-0.0.0-py3.10.egg-info
[3.741s] running install_scripts
[3.861s] Installing chassis_controller_node script to /home/orangepi/scuderiaferrari/install/chassis_controller/lib/chassis_controller
[3.865s] writing list of installed files to '/home/orangepi/scuderiaferrari/build/chassis_controller/install.log'
[3.998s] Invoked command in '/home/orangepi/scuderiaferrari/src/chassis_controller' returned '0': PYTHONPATH=/home/orangepi/scuderiaferrari/build/chassis_controller/prefix_override:/usr/lib/python3/dist-packages/colcon_core/task/python/colcon_distutils_commands:/home/orangepi/scuderiaferrari/install/chassis_controller/lib/python3.10/site-packages:${PYTHONPATH} /usr/bin/python3 -W ignore:setup.py install is deprecated -W ignore:easy_install command is deprecated setup.py egg_info --egg-base ../../build/chassis_controller build --build-base /home/orangepi/scuderiaferrari/build/chassis_controller/build install --record /home/orangepi/scuderiaferrari/build/chassis_controller/install.log --single-version-externally-managed install_data
