[3.288s] Invoking command in '/home/orangepi/scuderiaferrari/src/keyboard_controller': PYTHONPATH=/home/orangepi/scuderiaferrari/build/keyboard_controller/prefix_override:/usr/lib/python3/dist-packages/colcon_core/task/python/colcon_distutils_commands:/home/orangepi/scuderiaferrari/install/keyboard_controller/lib/python3.10/site-packages:${PYTHONPATH} /usr/bin/python3 -W ignore:setup.py install is deprecated -W ignore:easy_install command is deprecated setup.py egg_info --egg-base ../../build/keyboard_controller build --build-base /home/orangepi/scuderiaferrari/build/keyboard_controller/build install --record /home/orangepi/scuderiaferrari/build/keyboard_controller/install.log --single-version-externally-managed install_data
[3.805s] running egg_info
[3.806s] writing ../../build/keyboard_controller/keyboard_controller.egg-info/PKG-INFO
[3.867s] writing dependency_links to ../../build/keyboard_controller/keyboard_controller.egg-info/dependency_links.txt
[3.919s] writing entry points to ../../build/keyboard_controller/keyboard_controller.egg-info/entry_points.txt
[3.977s] writing requirements to ../../build/keyboard_controller/keyboard_controller.egg-info/requires.txt
[4.000s] writing top-level names to ../../build/keyboard_controller/keyboard_controller.egg-info/top_level.txt
[4.031s] reading manifest file '../../build/keyboard_controller/keyboard_controller.egg-info/SOURCES.txt'
[4.075s] writing manifest file '../../build/keyboard_controller/keyboard_controller.egg-info/SOURCES.txt'
[4.153s] running build
[4.153s] running build_py
[4.154s] running install
[4.154s] running install_lib
[4.155s] running install_data
[4.156s] running install_egg_info
[4.160s] removing '/home/orangepi/scuderiaferrari/install/keyboard_controller/lib/python3.10/site-packages/keyboard_controller-0.0.0-py3.10.egg-info' (and everything under it)
[4.268s] Copying ../../build/keyboard_controller/keyboard_controller.egg-info to /home/orangepi/scuderiaferrari/install/keyboard_controller/lib/python3.10/site-packages/keyboard_controller-0.0.0-py3.10.egg-info
[4.273s] running install_scripts
[4.303s] Installing keyboard_control_node script to /home/orangepi/scuderiaferrari/install/keyboard_controller/lib/keyboard_controller
[4.309s] Installing terminal_keyboard_node script to /home/orangepi/scuderiaferrari/install/keyboard_controller/lib/keyboard_controller
[4.322s] writing list of installed files to '/home/orangepi/scuderiaferrari/build/keyboard_controller/install.log'
[4.419s] Invoked command in '/home/orangepi/scuderiaferrari/src/keyboard_controller' returned '0': PYTHONPATH=/home/orangepi/scuderiaferrari/build/keyboard_controller/prefix_override:/usr/lib/python3/dist-packages/colcon_core/task/python/colcon_distutils_commands:/home/orangepi/scuderiaferrari/install/keyboard_controller/lib/python3.10/site-packages:${PYTHONPATH} /usr/bin/python3 -W ignore:setup.py install is deprecated -W ignore:easy_install command is deprecated setup.py egg_info --egg-base ../../build/keyboard_controller build --build-base /home/orangepi/scuderiaferrari/build/keyboard_controller/build install --record /home/orangepi/scuderiaferrari/build/keyboard_controller/install.log --single-version-externally-managed install_data
