[4.828s] Invoking command in '/home/orangepi/scuderiaferrari/src/line_follower_control': PYTHONPATH=/home/orangepi/scuderiaferrari/build/line_follower_control/prefix_override:/usr/lib/python3/dist-packages/colcon_core/task/python/colcon_distutils_commands:/home/orangepi/scuderiaferrari/install/line_follower_control/lib/python3.10/site-packages:${PYTHONPATH} /usr/bin/python3 -W ignore:setup.py install is deprecated -W ignore:easy_install command is deprecated setup.py egg_info --egg-base ../../build/line_follower_control build --build-base /home/orangepi/scuderiaferrari/build/line_follower_control/build install --record /home/orangepi/scuderiaferrari/build/line_follower_control/install.log --single-version-externally-managed install_data
[6.202s] running egg_info
[6.210s] writing ../../build/line_follower_control/line_follower_control.egg-info/PKG-INFO
[6.240s] writing dependency_links to ../../build/line_follower_control/line_follower_control.egg-info/dependency_links.txt
[6.267s] writing entry points to ../../build/line_follower_control/line_follower_control.egg-info/entry_points.txt
[6.317s] writing requirements to ../../build/line_follower_control/line_follower_control.egg-info/requires.txt
[6.363s] writing top-level names to ../../build/line_follower_control/line_follower_control.egg-info/top_level.txt
[6.423s] reading manifest file '../../build/line_follower_control/line_follower_control.egg-info/SOURCES.txt'
[6.430s] writing manifest file '../../build/line_follower_control/line_follower_control.egg-info/SOURCES.txt'
[6.442s] running build
[6.442s] running build_py
[6.442s] running install
[6.465s] running install_lib
[6.466s] running install_data
[6.466s] running install_egg_info
[6.467s] removing '/home/orangepi/scuderiaferrari/install/line_follower_control/lib/python3.10/site-packages/line_follower_control-1.0.0-py3.10.egg-info' (and everything under it)
[6.483s] Copying ../../build/line_follower_control/line_follower_control.egg-info to /home/orangepi/scuderiaferrari/install/line_follower_control/lib/python3.10/site-packages/line_follower_control-1.0.0-py3.10.egg-info
[6.484s] running install_scripts
[6.609s] Installing controller_node script to /home/orangepi/scuderiaferrari/install/line_follower_control/lib/line_follower_control
[6.616s] writing list of installed files to '/home/orangepi/scuderiaferrari/build/line_follower_control/install.log'
[6.854s] Invoked command in '/home/orangepi/scuderiaferrari/src/line_follower_control' returned '0': PYTHONPATH=/home/orangepi/scuderiaferrari/build/line_follower_control/prefix_override:/usr/lib/python3/dist-packages/colcon_core/task/python/colcon_distutils_commands:/home/orangepi/scuderiaferrari/install/line_follower_control/lib/python3.10/site-packages:${PYTHONPATH} /usr/bin/python3 -W ignore:setup.py install is deprecated -W ignore:easy_install command is deprecated setup.py egg_info --egg-base ../../build/line_follower_control build --build-base /home/orangepi/scuderiaferrari/build/line_follower_control/build install --record /home/orangepi/scuderiaferrari/build/line_follower_control/install.log --single-version-externally-managed install_data
