[5.678s] Invoking command in '/home/orangepi/scuderiaferrari/src/chassis_controller': PYTHONPATH=/home/orangepi/scuderiaferrari/build/chassis_controller/prefix_override:/usr/lib/python3/dist-packages/colcon_core/task/python/colcon_distutils_commands:/home/orangepi/scuderiaferrari/install/chassis_controller/lib/python3.10/site-packages:${PYTHONPATH} /usr/bin/python3 -W ignore:setup.py install is deprecated -W ignore:easy_install command is deprecated setup.py egg_info --egg-base ../../build/chassis_controller build --build-base /home/orangepi/scuderiaferrari/build/chassis_controller/build install --record /home/orangepi/scuderiaferrari/build/chassis_controller/install.log --single-version-externally-managed install_data
[6.204s] running egg_info
[6.207s] writing ../../build/chassis_controller/chassis_controller.egg-info/PKG-INFO
[6.215s] writing dependency_links to ../../build/chassis_controller/chassis_controller.egg-info/dependency_links.txt
[6.228s] writing entry points to ../../build/chassis_controller/chassis_controller.egg-info/entry_points.txt
[6.239s] writing requirements to ../../build/chassis_controller/chassis_controller.egg-info/requires.txt
[6.245s] writing top-level names to ../../build/chassis_controller/chassis_controller.egg-info/top_level.txt
[6.282s] reading manifest file '../../build/chassis_controller/chassis_controller.egg-info/SOURCES.txt'
[6.283s] writing manifest file '../../build/chassis_controller/chassis_controller.egg-info/SOURCES.txt'
[6.284s] running build
[6.285s] running build_py
[6.285s] running install
[6.286s] running install_lib
[6.286s] running install_data
[6.287s] running install_egg_info
[6.289s] removing '/home/orangepi/scuderiaferrari/install/chassis_controller/lib/python3.10/site-packages/chassis_controller-0.0.0-py3.10.egg-info' (and everything under it)
[6.319s] Copying ../../build/chassis_controller/chassis_controller.egg-info to /home/orangepi/scuderiaferrari/install/chassis_controller/lib/python3.10/site-packages/chassis_controller-0.0.0-py3.10.egg-info
[6.320s] running install_scripts
[6.367s] Installing chassis_controller_node script to /home/orangepi/scuderiaferrari/install/chassis_controller/lib/chassis_controller
[6.374s] writing list of installed files to '/home/orangepi/scuderiaferrari/build/chassis_controller/install.log'
[6.966s] Invoked command in '/home/orangepi/scuderiaferrari/src/chassis_controller' returned '0': PYTHONPATH=/home/orangepi/scuderiaferrari/build/chassis_controller/prefix_override:/usr/lib/python3/dist-packages/colcon_core/task/python/colcon_distutils_commands:/home/orangepi/scuderiaferrari/install/chassis_controller/lib/python3.10/site-packages:${PYTHONPATH} /usr/bin/python3 -W ignore:setup.py install is deprecated -W ignore:easy_install command is deprecated setup.py egg_info --egg-base ../../build/chassis_controller build --build-base /home/orangepi/scuderiaferrari/build/chassis_controller/build install --record /home/orangepi/scuderiaferrari/build/chassis_controller/install.log --single-version-externally-managed install_data
