[3.497s] Invoking command in '/home/orangepi/scuderiaferrari/src/chassis_controller': PYTHONPATH=/home/orangepi/scuderiaferrari/build/chassis_controller/prefix_override:/usr/lib/python3/dist-packages/colcon_core/task/python/colcon_distutils_commands:/home/orangepi/scuderiaferrari/install/chassis_controller/lib/python3.10/site-packages:${PYTHONPATH} /usr/bin/python3 -W ignore:setup.py install is deprecated -W ignore:easy_install command is deprecated setup.py egg_info --egg-base ../../build/chassis_controller build --build-base /home/orangepi/scuderiaferrari/build/chassis_controller/build install --record /home/orangepi/scuderiaferrari/build/chassis_controller/install.log --single-version-externally-managed install_data
[4.101s] running egg_info
[4.105s] writing ../../build/chassis_controller/chassis_controller.egg-info/PKG-INFO
[4.120s] writing dependency_links to ../../build/chassis_controller/chassis_controller.egg-info/dependency_links.txt
[4.124s] writing entry points to ../../build/chassis_controller/chassis_controller.egg-info/entry_points.txt
[4.128s] writing requirements to ../../build/chassis_controller/chassis_controller.egg-info/requires.txt
[4.136s] writing top-level names to ../../build/chassis_controller/chassis_controller.egg-info/top_level.txt
[4.156s] reading manifest file '../../build/chassis_controller/chassis_controller.egg-info/SOURCES.txt'
[4.156s] writing manifest file '../../build/chassis_controller/chassis_controller.egg-info/SOURCES.txt'
[4.168s] running build
[4.168s] running build_py
[4.168s] running install
[4.169s] running install_lib
[4.171s] running install_data
[4.171s] running install_egg_info
[4.175s] removing '/home/orangepi/scuderiaferrari/install/chassis_controller/lib/python3.10/site-packages/chassis_controller-0.0.0-py3.10.egg-info' (and everything under it)
[4.245s] Copying ../../build/chassis_controller/chassis_controller.egg-info to /home/orangepi/scuderiaferrari/install/chassis_controller/lib/python3.10/site-packages/chassis_controller-0.0.0-py3.10.egg-info
[4.245s] running install_scripts
[4.278s] Installing chassis_controller_node script to /home/orangepi/scuderiaferrari/install/chassis_controller/lib/chassis_controller
[4.282s] writing list of installed files to '/home/orangepi/scuderiaferrari/build/chassis_controller/install.log'
[4.412s] Invoked command in '/home/orangepi/scuderiaferrari/src/chassis_controller' returned '0': PYTHONPATH=/home/orangepi/scuderiaferrari/build/chassis_controller/prefix_override:/usr/lib/python3/dist-packages/colcon_core/task/python/colcon_distutils_commands:/home/orangepi/scuderiaferrari/install/chassis_controller/lib/python3.10/site-packages:${PYTHONPATH} /usr/bin/python3 -W ignore:setup.py install is deprecated -W ignore:easy_install command is deprecated setup.py egg_info --egg-base ../../build/chassis_controller build --build-base /home/orangepi/scuderiaferrari/build/chassis_controller/build install --record /home/orangepi/scuderiaferrari/build/chassis_controller/install.log --single-version-externally-managed install_data
