[3.114s] Invoking command in '/home/orangepi/scuderiaferrari/src/uwb_locator': PYTHONPATH=/home/orangepi/scuderiaferrari/build/uwb_locator/prefix_override:/usr/lib/python3/dist-packages/colcon_core/task/python/colcon_distutils_commands:/home/orangepi/scuderiaferrari/install/uwb_locator/lib/python3.10/site-packages:${PYTHONPATH} /usr/bin/python3 -W ignore:setup.py install is deprecated -W ignore:easy_install command is deprecated setup.py egg_info --egg-base ../../build/uwb_locator build --build-base /home/orangepi/scuderiaferrari/build/uwb_locator/build install --record /home/orangepi/scuderiaferrari/build/uwb_locator/install.log --single-version-externally-managed install_data
[3.444s] running egg_info
[3.445s] creating ../../build/uwb_locator/uwb_locator.egg-info
[3.447s] writing ../../build/uwb_locator/uwb_locator.egg-info/PKG-INFO
[3.449s] writing dependency_links to ../../build/uwb_locator/uwb_locator.egg-info/dependency_links.txt
[3.452s] writing entry points to ../../build/uwb_locator/uwb_locator.egg-info/entry_points.txt
[3.454s] writing requirements to ../../build/uwb_locator/uwb_locator.egg-info/requires.txt
[3.454s] writing top-level names to ../../build/uwb_locator/uwb_locator.egg-info/top_level.txt
[3.454s] writing manifest file '../../build/uwb_locator/uwb_locator.egg-info/SOURCES.txt'
[3.461s] reading manifest file '../../build/uwb_locator/uwb_locator.egg-info/SOURCES.txt'
[3.461s] writing manifest file '../../build/uwb_locator/uwb_locator.egg-info/SOURCES.txt'
[3.461s] running build
[3.461s] running build_py
[3.461s] creating /home/orangepi/scuderiaferrari/build/uwb_locator/build
[3.461s] creating /home/orangepi/scuderiaferrari/build/uwb_locator/build/lib
[3.461s] creating /home/orangepi/scuderiaferrari/build/uwb_locator/build/lib/uwb_locator
[3.461s] copying uwb_locator/serial_reader.py -> /home/orangepi/scuderiaferrari/build/uwb_locator/build/lib/uwb_locator
[3.461s] copying uwb_locator/frame_parser.py -> /home/orangepi/scuderiaferrari/build/uwb_locator/build/lib/uwb_locator
[3.462s] copying uwb_locator/__init__.py -> /home/orangepi/scuderiaferrari/build/uwb_locator/build/lib/uwb_locator
[3.462s] copying uwb_locator/uwb_tag_node.py -> /home/orangepi/scuderiaferrari/build/uwb_locator/build/lib/uwb_locator
[3.462s] running install
[3.462s] running install_lib
[3.462s] creating /home/orangepi/scuderiaferrari/install/uwb_locator/lib/python3.10/site-packages/uwb_locator
[3.462s] copying /home/orangepi/scuderiaferrari/build/uwb_locator/build/lib/uwb_locator/serial_reader.py -> /home/orangepi/scuderiaferrari/install/uwb_locator/lib/python3.10/site-packages/uwb_locator
[3.462s] copying /home/orangepi/scuderiaferrari/build/uwb_locator/build/lib/uwb_locator/frame_parser.py -> /home/orangepi/scuderiaferrari/install/uwb_locator/lib/python3.10/site-packages/uwb_locator
[3.462s] copying /home/orangepi/scuderiaferrari/build/uwb_locator/build/lib/uwb_locator/__init__.py -> /home/orangepi/scuderiaferrari/install/uwb_locator/lib/python3.10/site-packages/uwb_locator
[3.465s] copying /home/orangepi/scuderiaferrari/build/uwb_locator/build/lib/uwb_locator/uwb_tag_node.py -> /home/orangepi/scuderiaferrari/install/uwb_locator/lib/python3.10/site-packages/uwb_locator
[3.465s] byte-compiling /home/orangepi/scuderiaferrari/install/uwb_locator/lib/python3.10/site-packages/uwb_locator/serial_reader.py to serial_reader.cpython-310.pyc
[3.465s] byte-compiling /home/orangepi/scuderiaferrari/install/uwb_locator/lib/python3.10/site-packages/uwb_locator/frame_parser.py to frame_parser.cpython-310.pyc
[3.466s] byte-compiling /home/orangepi/scuderiaferrari/install/uwb_locator/lib/python3.10/site-packages/uwb_locator/__init__.py to __init__.cpython-310.pyc
[3.466s] byte-compiling /home/orangepi/scuderiaferrari/install/uwb_locator/lib/python3.10/site-packages/uwb_locator/uwb_tag_node.py to uwb_tag_node.cpython-310.pyc
[3.470s] running install_data
[3.470s] creating /home/orangepi/scuderiaferrari/install/uwb_locator/share/ament_index
[3.471s] creating /home/orangepi/scuderiaferrari/install/uwb_locator/share/ament_index/resource_index
[3.471s] creating /home/orangepi/scuderiaferrari/install/uwb_locator/share/ament_index/resource_index/packages
[3.472s] copying resource/uwb_locator -> /home/orangepi/scuderiaferrari/install/uwb_locator/share/ament_index/resource_index/packages
[3.472s] copying package.xml -> /home/orangepi/scuderiaferrari/install/uwb_locator/share/uwb_locator
[3.472s] creating /home/orangepi/scuderiaferrari/install/uwb_locator/share/uwb_locator/launch
[3.473s] copying launch/uwb_tag.launch.py -> /home/orangepi/scuderiaferrari/install/uwb_locator/share/uwb_locator/launch
[3.473s] creating /home/orangepi/scuderiaferrari/install/uwb_locator/share/uwb_locator/config
[3.474s] copying config/uwb_config.yaml -> /home/orangepi/scuderiaferrari/install/uwb_locator/share/uwb_locator/config
[3.474s] running install_egg_info
[3.474s] Copying ../../build/uwb_locator/uwb_locator.egg-info to /home/orangepi/scuderiaferrari/install/uwb_locator/lib/python3.10/site-packages/uwb_locator-1.0.0-py3.10.egg-info
[3.475s] running install_scripts
[3.497s] Installing uwb_tag_node script to /home/orangepi/scuderiaferrari/install/uwb_locator/bin
[3.498s] writing list of installed files to '/home/orangepi/scuderiaferrari/build/uwb_locator/install.log'
[3.565s] Invoked command in '/home/orangepi/scuderiaferrari/src/uwb_locator' returned '0': PYTHONPATH=/home/orangepi/scuderiaferrari/build/uwb_locator/prefix_override:/usr/lib/python3/dist-packages/colcon_core/task/python/colcon_distutils_commands:/home/orangepi/scuderiaferrari/install/uwb_locator/lib/python3.10/site-packages:${PYTHONPATH} /usr/bin/python3 -W ignore:setup.py install is deprecated -W ignore:easy_install command is deprecated setup.py egg_info --egg-base ../../build/uwb_locator build --build-base /home/orangepi/scuderiaferrari/build/uwb_locator/build install --record /home/orangepi/scuderiaferrari/build/uwb_locator/install.log --single-version-externally-managed install_data
