[4.753s] Invoking command in '/home/orangepi/scuderiaferrari/src/track_perception': PYTHONPATH=/home/orangepi/scuderiaferrari/build/track_perception/prefix_override:/usr/lib/python3/dist-packages/colcon_core/task/python/colcon_distutils_commands:/home/orangepi/scuderiaferrari/install/track_perception/lib/python3.10/site-packages:${PYTHONPATH} /usr/bin/python3 -W ignore:setup.py install is deprecated -W ignore:easy_install command is deprecated setup.py egg_info --egg-base ../../build/track_perception build --build-base /home/orangepi/scuderiaferrari/build/track_perception/build install --record /home/orangepi/scuderiaferrari/build/track_perception/install.log --single-version-externally-managed install_data
[5.599s] running egg_info
[5.600s] writing ../../build/track_perception/track_perception.egg-info/PKG-INFO
[5.609s] writing dependency_links to ../../build/track_perception/track_perception.egg-info/dependency_links.txt
[5.633s] writing entry points to ../../build/track_perception/track_perception.egg-info/entry_points.txt
[5.638s] writing requirements to ../../build/track_perception/track_perception.egg-info/requires.txt
[5.648s] writing top-level names to ../../build/track_perception/track_perception.egg-info/top_level.txt
[5.667s] reading manifest file '../../build/track_perception/track_perception.egg-info/SOURCES.txt'
[5.690s] writing manifest file '../../build/track_perception/track_perception.egg-info/SOURCES.txt'
[5.697s] running build
[5.697s] running build_py
[5.697s] copying track_perception_python/perception_decision_node.py -> /home/orangepi/scuderiaferrari/build/track_perception/build/lib/track_perception_python
[5.709s] running install
[5.710s] running install_lib
[5.712s] copying /home/orangepi/scuderiaferrari/build/track_perception/build/lib/track_perception_python/perception_decision_node.py -> /home/orangepi/scuderiaferrari/install/track_perception/lib/python3.10/site-packages/track_perception_python
[5.728s] byte-compiling /home/orangepi/scuderiaferrari/install/track_perception/lib/python3.10/site-packages/track_perception_python/perception_decision_node.py to perception_decision_node.cpython-310.pyc
[5.743s] running install_data
[5.744s] running install_egg_info
[5.779s] removing '/home/orangepi/scuderiaferrari/install/track_perception/lib/python3.10/site-packages/track_perception-2.0.0-py3.10.egg-info' (and everything under it)
[5.818s] Copying ../../build/track_perception/track_perception.egg-info to /home/orangepi/scuderiaferrari/install/track_perception/lib/python3.10/site-packages/track_perception-2.0.0-py3.10.egg-info
[5.820s] running install_scripts
[5.869s] Installing object_detection_node script to /home/orangepi/scuderiaferrari/install/track_perception/bin
[5.874s] Installing perception_decision_node script to /home/orangepi/scuderiaferrari/install/track_perception/bin
[5.880s] writing list of installed files to '/home/orangepi/scuderiaferrari/build/track_perception/install.log'
[6.330s] Invoked command in '/home/orangepi/scuderiaferrari/src/track_perception' returned '0': PYTHONPATH=/home/orangepi/scuderiaferrari/build/track_perception/prefix_override:/usr/lib/python3/dist-packages/colcon_core/task/python/colcon_distutils_commands:/home/orangepi/scuderiaferrari/install/track_perception/lib/python3.10/site-packages:${PYTHONPATH} /usr/bin/python3 -W ignore:setup.py install is deprecated -W ignore:easy_install command is deprecated setup.py egg_info --egg-base ../../build/track_perception build --build-base /home/orangepi/scuderiaferrari/build/track_perception/build install --record /home/orangepi/scuderiaferrari/build/track_perception/install.log --single-version-externally-managed install_data
