[2.045s] Invoking command in '/home/orangepi/scuderiaferrari/src/line_follower_control': PYTHONPATH=/home/orangepi/scuderiaferrari/build/line_follower_control/prefix_override:/usr/lib/python3/dist-packages/colcon_core/task/python/colcon_distutils_commands:/home/orangepi/scuderiaferrari/install/line_follower_control/lib/python3.10/site-packages:${PYTHONPATH} /usr/bin/python3 -W ignore:setup.py install is deprecated -W ignore:easy_install command is deprecated setup.py egg_info --egg-base ../../build/line_follower_control build --build-base /home/orangepi/scuderiaferrari/build/line_follower_control/build install --record /home/orangepi/scuderiaferrari/build/line_follower_control/install.log --single-version-externally-managed install_data
[2.523s] running egg_info
[2.526s] writing ../../build/line_follower_control/line_follower_control.egg-info/PKG-INFO
[2.531s] writing dependency_links to ../../build/line_follower_control/line_follower_control.egg-info/dependency_links.txt
[2.536s] writing entry points to ../../build/line_follower_control/line_follower_control.egg-info/entry_points.txt
[2.542s] writing requirements to ../../build/line_follower_control/line_follower_control.egg-info/requires.txt
[2.547s] writing top-level names to ../../build/line_follower_control/line_follower_control.egg-info/top_level.txt
[2.563s] reading manifest file '../../build/line_follower_control/line_follower_control.egg-info/SOURCES.txt'
[2.566s] writing manifest file '../../build/line_follower_control/line_follower_control.egg-info/SOURCES.txt'
[2.577s] running build
[2.579s] running build_py
[2.580s] running install
[2.581s] running install_lib
[2.583s] running install_data
[2.583s] copying launch/controller.launch.py -> /home/orangepi/scuderiaferrari/install/line_follower_control/share/line_follower_control/launch
[2.601s] running install_egg_info
[2.610s] removing '/home/orangepi/scuderiaferrari/install/line_follower_control/lib/python3.10/site-packages/line_follower_control-1.0.0-py3.10.egg-info' (and everything under it)
[2.633s] Copying ../../build/line_follower_control/line_follower_control.egg-info to /home/orangepi/scuderiaferrari/install/line_follower_control/lib/python3.10/site-packages/line_follower_control-1.0.0-py3.10.egg-info
[2.634s] running install_scripts
[2.699s] Installing controller_node script to /home/orangepi/scuderiaferrari/install/line_follower_control/lib/line_follower_control
[2.714s] writing list of installed files to '/home/orangepi/scuderiaferrari/build/line_follower_control/install.log'
[2.818s] Invoked command in '/home/orangepi/scuderiaferrari/src/line_follower_control' returned '0': PYTHONPATH=/home/orangepi/scuderiaferrari/build/line_follower_control/prefix_override:/usr/lib/python3/dist-packages/colcon_core/task/python/colcon_distutils_commands:/home/orangepi/scuderiaferrari/install/line_follower_control/lib/python3.10/site-packages:${PYTHONPATH} /usr/bin/python3 -W ignore:setup.py install is deprecated -W ignore:easy_install command is deprecated setup.py egg_info --egg-base ../../build/line_follower_control build --build-base /home/orangepi/scuderiaferrari/build/line_follower_control/build install --record /home/orangepi/scuderiaferrari/build/line_follower_control/install.log --single-version-externally-managed install_data
