[1.665s] Invoking command in '/home/orangepi/scuderiaferrari/src/track_perception': PYTHONPATH=/home/orangepi/scuderiaferrari/build/track_perception/prefix_override:/usr/lib/python3/dist-packages/colcon_core/task/python/colcon_distutils_commands:/home/orangepi/scuderiaferrari/install/track_perception/lib/python3.10/site-packages:${PYTHONPATH} /usr/bin/python3 -W ignore:setup.py install is deprecated -W ignore:easy_install command is deprecated setup.py egg_info --egg-base ../../build/track_perception build --build-base /home/orangepi/scuderiaferrari/build/track_perception/build install --record /home/orangepi/scuderiaferrari/build/track_perception/install.log --single-version-externally-managed install_data
[1.983s] running egg_info
[1.984s] writing ../../build/track_perception/track_perception.egg-info/PKG-INFO
[1.989s] writing dependency_links to ../../build/track_perception/track_perception.egg-info/dependency_links.txt
[1.997s] writing entry points to ../../build/track_perception/track_perception.egg-info/entry_points.txt
[2.002s] writing requirements to ../../build/track_perception/track_perception.egg-info/requires.txt
[2.007s] writing top-level names to ../../build/track_perception/track_perception.egg-info/top_level.txt
[2.013s] reading manifest file '../../build/track_perception/track_perception.egg-info/SOURCES.txt'
[2.014s] writing manifest file '../../build/track_perception/track_perception.egg-info/SOURCES.txt'
[2.023s] running build
[2.023s] running build_py
[2.024s] copying track_perception_python/perception_decision_node.py -> /home/orangepi/scuderiaferrari/build/track_perception/build/lib/track_perception_python
[2.027s] running install
[2.028s] running install_lib
[2.031s] copying /home/orangepi/scuderiaferrari/build/track_perception/build/lib/track_perception_python/perception_decision_node.py -> /home/orangepi/scuderiaferrari/install/track_perception/lib/python3.10/site-packages/track_perception_python
[2.037s] byte-compiling /home/orangepi/scuderiaferrari/install/track_perception/lib/python3.10/site-packages/track_perception_python/perception_decision_node.py to perception_decision_node.cpython-310.pyc
[2.053s] running install_data
[2.053s] copying package.xml -> /home/orangepi/scuderiaferrari/install/track_perception/share/track_perception
[2.057s] copying track_perception_python/launch/perception.launch.py -> /home/orangepi/scuderiaferrari/install/track_perception/share/track_perception/launch
[2.065s] copying track_perception_python/config/intersection_params.yaml -> /home/orangepi/scuderiaferrari/install/track_perception/share/track_perception/config
[2.073s] running install_egg_info
[2.075s] removing '/home/orangepi/scuderiaferrari/install/track_perception/lib/python3.10/site-packages/track_perception-2.0.0-py3.10.egg-info' (and everything under it)
[2.101s] Copying ../../build/track_perception/track_perception.egg-info to /home/orangepi/scuderiaferrari/install/track_perception/lib/python3.10/site-packages/track_perception-2.0.0-py3.10.egg-info
[2.103s] running install_scripts
[2.137s] Installing object_detection_node script to /home/orangepi/scuderiaferrari/install/track_perception/lib/track_perception
[2.142s] Installing perception_decision_node script to /home/orangepi/scuderiaferrari/install/track_perception/lib/track_perception
[2.146s] writing list of installed files to '/home/orangepi/scuderiaferrari/build/track_perception/install.log'
[2.210s] Invoked command in '/home/orangepi/scuderiaferrari/src/track_perception' returned '0': PYTHONPATH=/home/orangepi/scuderiaferrari/build/track_perception/prefix_override:/usr/lib/python3/dist-packages/colcon_core/task/python/colcon_distutils_commands:/home/orangepi/scuderiaferrari/install/track_perception/lib/python3.10/site-packages:${PYTHONPATH} /usr/bin/python3 -W ignore:setup.py install is deprecated -W ignore:easy_install command is deprecated setup.py egg_info --egg-base ../../build/track_perception build --build-base /home/orangepi/scuderiaferrari/build/track_perception/build install --record /home/orangepi/scuderiaferrari/build/track_perception/install.log --single-version-externally-managed install_data
