[3.662s] Invoking command in '/home/orangepi/scuderiaferrari/src/keyboard_controller': PYTHONPATH=/home/orangepi/scuderiaferrari/build/keyboard_controller/prefix_override:/usr/lib/python3/dist-packages/colcon_core/task/python/colcon_distutils_commands:/home/orangepi/scuderiaferrari/install/keyboard_controller/lib/python3.10/site-packages:${PYTHONPATH} /usr/bin/python3 -W ignore:setup.py install is deprecated -W ignore:easy_install command is deprecated setup.py egg_info --egg-base ../../build/keyboard_controller build --build-base /home/orangepi/scuderiaferrari/build/keyboard_controller/build install --record /home/orangepi/scuderiaferrari/build/keyboard_controller/install.log --single-version-externally-managed install_data
[4.022s] running egg_info
[4.026s] writing ../../build/keyboard_controller/keyboard_controller.egg-info/PKG-INFO
[13.831s] writing dependency_links to ../../build/keyboard_controller/keyboard_controller.egg-info/dependency_links.txt
[13.986s] writing entry points to ../../build/keyboard_controller/keyboard_controller.egg-info/entry_points.txt
[14.153s] writing requirements to ../../build/keyboard_controller/keyboard_controller.egg-info/requires.txt
[14.227s] writing top-level names to ../../build/keyboard_controller/keyboard_controller.egg-info/top_level.txt
[14.333s] reading manifest file '../../build/keyboard_controller/keyboard_controller.egg-info/SOURCES.txt'
[14.335s] writing manifest file '../../build/keyboard_controller/keyboard_controller.egg-info/SOURCES.txt'
[14.418s] running build
[14.419s] running build_py
[14.419s] running install
[14.420s] running install_lib
[14.422s] running install_data
[14.422s] running install_egg_info
[14.428s] removing '/home/orangepi/scuderiaferrari/install/keyboard_controller/lib/python3.10/site-packages/keyboard_controller-0.0.0-py3.10.egg-info' (and everything under it)
[15.758s] Copying ../../build/keyboard_controller/keyboard_controller.egg-info to /home/orangepi/scuderiaferrari/install/keyboard_controller/lib/python3.10/site-packages/keyboard_controller-0.0.0-py3.10.egg-info
[15.759s] running install_scripts
[15.803s] Installing keyboard_control_node script to /home/orangepi/scuderiaferrari/install/keyboard_controller/lib/keyboard_controller
[15.804s] Installing terminal_keyboard_node script to /home/orangepi/scuderiaferrari/install/keyboard_controller/lib/keyboard_controller
[15.814s] writing list of installed files to '/home/orangepi/scuderiaferrari/build/keyboard_controller/install.log'
[15.989s] Invoked command in '/home/orangepi/scuderiaferrari/src/keyboard_controller' returned '0': PYTHONPATH=/home/orangepi/scuderiaferrari/build/keyboard_controller/prefix_override:/usr/lib/python3/dist-packages/colcon_core/task/python/colcon_distutils_commands:/home/orangepi/scuderiaferrari/install/keyboard_controller/lib/python3.10/site-packages:${PYTHONPATH} /usr/bin/python3 -W ignore:setup.py install is deprecated -W ignore:easy_install command is deprecated setup.py egg_info --egg-base ../../build/keyboard_controller build --build-base /home/orangepi/scuderiaferrari/build/keyboard_controller/build install --record /home/orangepi/scuderiaferrari/build/keyboard_controller/install.log --single-version-externally-managed install_data
