[3.606s] Invoking command in '/home/orangepi/scuderiaferrari/src/line_follower_control': PYTHONPATH=/home/orangepi/scuderiaferrari/build/line_follower_control/prefix_override:/usr/lib/python3/dist-packages/colcon_core/task/python/colcon_distutils_commands:/home/orangepi/scuderiaferrari/install/line_follower_control/lib/python3.10/site-packages:${PYTHONPATH} /usr/bin/python3 -W ignore:setup.py install is deprecated -W ignore:easy_install command is deprecated setup.py egg_info --egg-base ../../build/line_follower_control build --build-base /home/orangepi/scuderiaferrari/build/line_follower_control/build install --record /home/orangepi/scuderiaferrari/build/line_follower_control/install.log --single-version-externally-managed install_data
[3.946s] running egg_info
[3.947s] writing ../../build/line_follower_control/line_follower_control.egg-info/PKG-INFO
[3.995s] writing dependency_links to ../../build/line_follower_control/line_follower_control.egg-info/dependency_links.txt
[4.050s] writing entry points to ../../build/line_follower_control/line_follower_control.egg-info/entry_points.txt
[4.063s] writing requirements to ../../build/line_follower_control/line_follower_control.egg-info/requires.txt
[4.088s] writing top-level names to ../../build/line_follower_control/line_follower_control.egg-info/top_level.txt
[4.117s] reading manifest file '../../build/line_follower_control/line_follower_control.egg-info/SOURCES.txt'
[4.118s] writing manifest file '../../build/line_follower_control/line_follower_control.egg-info/SOURCES.txt'
[4.128s] running build
[4.129s] running build_py
[4.131s] running install
[4.132s] running install_lib
[4.133s] running install_data
[4.133s] running install_egg_info
[4.135s] removing '/home/orangepi/scuderiaferrari/install/line_follower_control/lib/python3.10/site-packages/line_follower_control-1.0.0-py3.10.egg-info' (and everything under it)
[4.211s] Copying ../../build/line_follower_control/line_follower_control.egg-info to /home/orangepi/scuderiaferrari/install/line_follower_control/lib/python3.10/site-packages/line_follower_control-1.0.0-py3.10.egg-info
[4.212s] running install_scripts
[4.251s] Installing controller_node script to /home/orangepi/scuderiaferrari/install/line_follower_control/lib/line_follower_control
[4.262s] writing list of installed files to '/home/orangepi/scuderiaferrari/build/line_follower_control/install.log'
[4.481s] Invoked command in '/home/orangepi/scuderiaferrari/src/line_follower_control' returned '0': PYTHONPATH=/home/orangepi/scuderiaferrari/build/line_follower_control/prefix_override:/usr/lib/python3/dist-packages/colcon_core/task/python/colcon_distutils_commands:/home/orangepi/scuderiaferrari/install/line_follower_control/lib/python3.10/site-packages:${PYTHONPATH} /usr/bin/python3 -W ignore:setup.py install is deprecated -W ignore:easy_install command is deprecated setup.py egg_info --egg-base ../../build/line_follower_control build --build-base /home/orangepi/scuderiaferrari/build/line_follower_control/build install --record /home/orangepi/scuderiaferrari/build/line_follower_control/install.log --single-version-externally-managed install_data
