[4.465s] Invoking command in '/home/orangepi/scuderiaferrari/src/chassis_controller': PYTHONPATH=/home/orangepi/scuderiaferrari/build/chassis_controller/prefix_override:/usr/lib/python3/dist-packages/colcon_core/task/python/colcon_distutils_commands:/home/orangepi/scuderiaferrari/install/chassis_controller/lib/python3.10/site-packages:${PYTHONPATH} /usr/bin/python3 -W ignore:setup.py install is deprecated -W ignore:easy_install command is deprecated setup.py egg_info --egg-base ../../build/chassis_controller build --build-base /home/orangepi/scuderiaferrari/build/chassis_controller/build install --record /home/orangepi/scuderiaferrari/build/chassis_controller/install.log --single-version-externally-managed install_data
[5.528s] running egg_info
[5.535s] writing ../../build/chassis_controller/chassis_controller.egg-info/PKG-INFO
[5.546s] writing dependency_links to ../../build/chassis_controller/chassis_controller.egg-info/dependency_links.txt
[5.549s] writing entry points to ../../build/chassis_controller/chassis_controller.egg-info/entry_points.txt
[5.555s] writing requirements to ../../build/chassis_controller/chassis_controller.egg-info/requires.txt
[5.558s] writing top-level names to ../../build/chassis_controller/chassis_controller.egg-info/top_level.txt
[5.582s] reading manifest file '../../build/chassis_controller/chassis_controller.egg-info/SOURCES.txt'
[5.592s] writing manifest file '../../build/chassis_controller/chassis_controller.egg-info/SOURCES.txt'
[5.592s] running build
[5.592s] running build_py
[5.596s] running install
[5.596s] running install_lib
[5.605s] running install_data
[5.606s] running install_egg_info
[5.616s] removing '/home/orangepi/scuderiaferrari/install/chassis_controller/lib/python3.10/site-packages/chassis_controller-0.0.0-py3.10.egg-info' (and everything under it)
[5.635s] Copying ../../build/chassis_controller/chassis_controller.egg-info to /home/orangepi/scuderiaferrari/install/chassis_controller/lib/python3.10/site-packages/chassis_controller-0.0.0-py3.10.egg-info
[5.638s] running install_scripts
[5.698s] Installing chassis_controller_node script to /home/orangepi/scuderiaferrari/install/chassis_controller/lib/chassis_controller
[5.701s] writing list of installed files to '/home/orangepi/scuderiaferrari/build/chassis_controller/install.log'
[5.925s] Invoked command in '/home/orangepi/scuderiaferrari/src/chassis_controller' returned '0': PYTHONPATH=/home/orangepi/scuderiaferrari/build/chassis_controller/prefix_override:/usr/lib/python3/dist-packages/colcon_core/task/python/colcon_distutils_commands:/home/orangepi/scuderiaferrari/install/chassis_controller/lib/python3.10/site-packages:${PYTHONPATH} /usr/bin/python3 -W ignore:setup.py install is deprecated -W ignore:easy_install command is deprecated setup.py egg_info --egg-base ../../build/chassis_controller build --build-base /home/orangepi/scuderiaferrari/build/chassis_controller/build install --record /home/orangepi/scuderiaferrari/build/chassis_controller/install.log --single-version-externally-managed install_data
